
> @adobe/helix-rum-enhancer@2.40.2 test:ci
> npm run build-bundle && npm run setup-playwright && web-test-runner --node-resolve --coverage --playwright --browsers chromium firefox webkit


> @adobe/helix-rum-enhancer@2.40.2 build-bundle
> rollup --config

[36m
[1mmodules/index.js[22m → [1msrc/index.map.js[22m...[39m
[32mcreated [1msrc/index.map.js[22m in [1m545ms[22m[39m
[36m
[1mmodules/index.js[22m → [1msrc/index.js[22m...[39m
[32mcreated [1msrc/index.js[22m in [1m187ms[22m[39m
[36m
[1mplugins/a11y.js[22m → [1msrc/plugins/a11y.map.js, src/plugins/a11y.js[22m...[39m
[32mcreated [1msrc/plugins/a11y.map.js, src/plugins/a11y.js[22m in [1m78ms[22m[39m
[36m
[1mplugins/cwv.js[22m → [1msrc/plugins/cwv.map.js, src/plugins/cwv.js[22m...[39m
[32mcreated [1msrc/plugins/cwv.map.js, src/plugins/cwv.js[22m in [1m159ms[22m[39m
[36m
[1mplugins/form.js[22m → [1msrc/plugins/form.map.js, src/plugins/form.js[22m...[39m
[32mcreated [1msrc/plugins/form.map.js, src/plugins/form.js[22m in [1m25ms[22m[39m
[36m
[1mplugins/martech.js[22m → [1msrc/plugins/martech.map.js, src/plugins/martech.js[22m...[39m
[32mcreated [1msrc/plugins/martech.map.js, src/plugins/martech.js[22m in [1m28ms[22m[39m
[36m
[1mplugins/onetrust.js[22m → [1msrc/plugins/onetrust.map.js, src/plugins/onetrust.js[22m...[39m
[32mcreated [1msrc/plugins/onetrust.map.js, src/plugins/onetrust.js[22m in [1m17ms[22m[39m
[36m
[1mplugins/trustarc.js[22m → [1msrc/plugins/trustarc.map.js, src/plugins/trustarc.js[22m...[39m
[32mcreated [1msrc/plugins/trustarc.map.js, src/plugins/trustarc.js[22m in [1m16ms[22m[39m
[36m
[1mplugins/usercentrics.js[22m → [1msrc/plugins/usercentrics.map.js, src/plugins/usercentrics.js[22m...[39m
[32mcreated [1msrc/plugins/usercentrics.map.js, src/plugins/usercentrics.js[22m in [1m22ms[22m[39m
[36m
[1mplugins/video.js[22m → [1msrc/plugins/video.map.js, src/plugins/video.js[22m...[39m
[32mcreated [1msrc/plugins/video.map.js, src/plugins/video.js[22m in [1m10ms[22m[39m
[36m
[1mplugins/webcomponent.js[22m → [1msrc/plugins/webcomponent.map.js, src/plugins/webcomponent.js[22m...[39m
[32mcreated [1msrc/plugins/webcomponent.map.js, src/plugins/webcomponent.js[22m in [1m18ms[22m[39m

> @adobe/helix-rum-enhancer@2.40.2 setup-playwright
> npx playwright install --with-deps chromium firefox webkit

Installing dependencies...
Get:1 https://cli.github.com/packages stable InRelease [3917 B]
Get:2 https://download.docker.com/linux/ubuntu noble InRelease [48.8 kB]
Hit:3 https://deb.nodesource.com/node_22.x nodistro InRelease
Hit:4 http://archive.ubuntu.com/ubuntu noble InRelease
Get:5 http://archive.ubuntu.com/ubuntu noble-updates InRelease [126 kB]
Get:6 http://security.ubuntu.com/ubuntu noble-security InRelease [126 kB]
Get:7 http://archive.ubuntu.com/ubuntu noble-backports InRelease [126 kB]
Get:8 https://cli.github.com/packages stable/main amd64 Packages [347 B]
Get:9 https://download.docker.com/linux/ubuntu noble/stable amd64 Packages [38.1 kB]
Get:10 http://archive.ubuntu.com/ubuntu noble-updates/main amd64 Packages [1882 kB]
Get:11 http://security.ubuntu.com/ubuntu noble-security/main amd64 Packages [1519 kB]
Get:12 http://archive.ubuntu.com/ubuntu noble-updates/main amd64 Components [236 kB]
Get:13 http://archive.ubuntu.com/ubuntu noble-updates/universe amd64 Packages [1925 kB]
Get:14 http://archive.ubuntu.com/ubuntu noble-updates/universe amd64 Components [520 kB]
Get:15 http://archive.ubuntu.com/ubuntu noble-updates/restricted amd64 Packages [2612 kB]
Get:16 http://archive.ubuntu.com/ubuntu noble-updates/restricted amd64 Components [159 B]
Get:17 http://archive.ubuntu.com/ubuntu noble-updates/multiverse amd64 Components [888 B]
Get:18 http://archive.ubuntu.com/ubuntu noble-backports/main amd64 Components [7892 B]
Get:19 http://archive.ubuntu.com/ubuntu noble-backports/universe amd64 Components [11.9 kB]
Get:20 http://archive.ubuntu.com/ubuntu noble-backports/restricted amd64 Components [160 B]
Get:21 http://archive.ubuntu.com/ubuntu noble-backports/multiverse amd64 Components [163 B]
Get:22 http://security.ubuntu.com/ubuntu noble-security/main amd64 Components [25.0 kB]
Get:23 http://security.ubuntu.com/ubuntu noble-security/universe amd64 Packages [1138 kB]
Get:24 http://security.ubuntu.com/ubuntu noble-security/universe amd64 Components [65.6 kB]
Get:25 http://security.ubuntu.com/ubuntu noble-security/restricted amd64 Packages [2478 kB]
Get:26 http://security.ubuntu.com/ubuntu noble-security/restricted amd64 Components [156 B]
Get:27 http://security.ubuntu.com/ubuntu noble-security/multiverse amd64 Components [157 B]
Fetched 12.9 MB in 3s (5145 kB/s)
Reading package lists...
Reading package lists...
Building dependency tree...
Reading state information...
libdbus-1-3 is already the newest version (1.14.10-4ubuntu4.1).
libdbus-1-3 set to manually installed.
libglib2.0-0t64 is already the newest version (2.80.0-6ubuntu3.4).
libglib2.0-0t64 set to manually installed.
libx11-6 is already the newest version (2:1.8.7-1build1).
libx11-6 set to manually installed.
libxcb1 is already the newest version (1.15-1ubuntu2).
libxcb1 set to manually installed.
libfontconfig1 is already the newest version (2.15.0-1.1ubuntu2).
libfontconfig1 set to manually installed.
libfreetype6 is already the newest version (2.13.2+dfsg-1build3).
libfreetype6 set to manually installed.
libicu74 is already the newest version (74.2-1ubuntu3.1).
libicu74 set to manually installed.
libatomic1 is already the newest version (14.2.0-4ubuntu2~24.04).
libatomic1 set to manually installed.
libgstreamer1.0-0 is already the newest version (1.24.2-1ubuntu0.1).
libgstreamer1.0-0 set to manually installed.
libjpeg-turbo8 is already the newest version (2.1.5-2ubuntu2).
libjpeg-turbo8 set to manually installed.
libpng16-16t64 is already the newest version (1.6.43-5build1).
libpng16-16t64 set to manually installed.
libwebp7 is already the newest version (1.3.2-0.4build3).
libwebp7 set to manually installed.
libxml2 is already the newest version (2.9.14+dfsg-1.3ubuntu3.5).
libxml2 set to manually installed.
libxslt1.1 is already the newest version (1.1.39-0exp1ubuntu0.24.04.2).
libxslt1.1 set to manually installed.
The following additional packages will be installed:
  adwaita-icon-theme at-spi2-common dconf-gsettings-backend dconf-service
  dictionaries-common emacsen-common fontconfig glib-networking
  glib-networking-common glib-networking-services gsettings-desktop-schemas
  gtk-update-icon-cache hicolor-icon-theme humanity-icon-theme hunspell-en-us
  libaa1 libabsl20220623t64 libasound2-data libaspell15 libass9 libasyncns0
  libavahi-client3 libavahi-common-data libavahi-common3 libavc1394-0
  libavcodec60 libavfilter9 libavformat60 libavtp0 libavutil58 libblas3
  libbluray2 libbs2b0 libcaca0 libcairo-script-interpreter2 libcdparanoia0
  libchromaprint1 libcjson1 libcodec2-1.2 libcolord2 libdatrie1 libdav1d7
  libdc1394-25 libdca0 libdconf1 libdecor-0-0 libdirectfb-1.7-7t64
  libdrm-amdgpu1 libdrm-common libdrm-intel1 libdv4t64 libdvdnav4
  libdvdread8t64 libegl-mesa0 libegl1 libevdev2 libfaad2 libfftw3-double3
  libflac12t64 libfluidsynth3 libfontenc1 libfreeaptx0 libfribidi0 libgav1-1
  libgdk-pixbuf2.0-common libgfortran5 libgl1 libgl1-mesa-dri libglvnd0
  libglx-mesa0 libglx0 libgme0 libgpm2 libgraphene-1.0-0 libgraphite2-3
  libgsm1 libgssdp-1.6-0 libgstreamer-plugins-good1.0-0 libgtk-3-common
  libgtk-4-common libgudev-1.0-0 libgupnp-1.6-0 libgupnp-igd-1.6-0
  libhunspell-1.7-0 libhwy1t64 libice6 libiec61883-0 libimath-3-1-29t64
  libinstpatch-1.0-2 libjack-jackd2-0 libjson-glib-1.0-0
  libjson-glib-1.0-common libjxl0.7 liblapack3 liblc3-1 libldacbt-enc2
  liblilv-0-0 libllvm20 liblrdf0 libltc11 liblzo2-2 libmbedcrypto7t64 libmfx1
  libmjpegutils-2.1-0t64 libmodplug1 libmp3lame0 libmpcdec6
  libmpeg2encpp-2.1-0t64 libmpg123-0t64 libmplex2-2.1-0t64 libmysofa1
  libncurses6 libneon27t64 libnice10 libnorm1t64 libnuma1 libogg0
  libopenal-data libopenal1 libopenexr-3-1-30 libopenh264-7 libopenjp2-7
  libopenmpt0t64 libopenni2-0 liborc-0.4-0t64 libpangoft2-1.0-0 libpciaccess0
  libpgm-5.3-0t64 libpipewire-0.3-0t64 libpixman-1-0 libplacebo338
  libpocketsphinx3 libpostproc57 libproxy1v5 libpulse0 libqrencode4
  librabbitmq4 libraptor2-0 librav1e0 libraw1394-11 librist4 librsvg2-2
  librubberband2 libsamplerate0 libsbc1 libsdl2-2.0-0 libsecret-common
  libsensors-config libsensors5 libserd-0-0 libshine3 libshout3 libslang2
  libsm6 libsnappy1v5 libsndfile1 libsndio7.0 libsord-0-0 libsoundtouch1
  libsoup-3.0-0 libsoup-3.0-common libsoxr0 libspa-0.2-modules libspandsp2t64
  libspeex1 libsphinxbase3t64 libsratom-0-0 libsrt1.5-gnutls libsrtp2-1
  libssh-gcrypt-4 libsvtav1enc1d1 libswresample4 libswscale7 libtag1v5
  libtag1v5-vanilla libtext-iconv-perl libthai-data libthai0 libtheora0
  libtwolame0 libudfread0 libunibreak5 libusb-1.0-0 libv4l-0t64
  libv4lconvert0t64 libva-drm2 libva-x11-2 libva2 libvdpau1 libvidstab1.1
  libvisual-0.4-0 libvo-aacenc0 libvo-amrwbenc0 libvorbis0a libvorbisenc2
  libvorbisfile3 libvpl2 libvulkan1 libwavpack1 libwayland-cursor0 libwebpmux3
  libwebrtc-audio-processing1 libwildmidi2 libx265-199 libxaw7 libxcb-dri3-0
  libxcb-glx0 libxcb-present0 libxcb-randr0 libxcb-render0 libxcb-sync1
  libxcb-xfixes0 libxcb-xkb1 libxfont2 libxinerama1 libxkbcommon-x11-0
  libxkbfile1 libxmu6 libxmuu1 libxshmfence1 libxss1 libxt6t64 libxtst6
  libxvidcore4 libxxf86vm1 libyajl2 libyuv0 libzbar0t64 libzimg2 libzix-0-0
  libzmq5 libzvbi-common libzvbi0t64 libzxing3 mesa-libgallium
  ocl-icd-libopencl1 session-migration timgm6mb-soundfont ubuntu-mono
  x11-common x11-xkb-utils xauth xfonts-encodings xfonts-utils xkb-data
  xserver-common
Suggested packages:
  ispell | aspell | hunspell wordlist frei0r-plugins gvfs hunspell
  openoffice.org-hunspell | openoffice.org-core alsa-utils libasound2-plugins
  aspell libcuda1 libnvcuvid1 libnvidia-encode1 libbluray-bdj colord
  cups-common libdirectfb-extra libdv-bin oss-compat libdvdcss2
  libenchant-2-voikko libfftw3-bin libfftw3-dev gpm libvisual-0.4-plugins
  jackd2 liblcms2-utils liblrdf0-dev libportaudio2 opus-tools pciutils
  pipewire pulseaudio raptor2-utils libraw1394-doc librsvg2-bin xdg-utils
  lm-sensors serdi sndiod sordi speex libwildmidi-config opencl-icd
  fluid-soundfont-gm
Recommended packages:
  librsvg2-common fonts-ipafont-mincho fonts-liberation-sans-narrow
  fonts-tlwg-loma gstreamer1.0-x alsa-ucm-conf alsa-topology-conf aspell-en
  | aspell-dictionary | aspell6a-dictionary at-spi2-core libaacs0
  default-libdecor-0-plugin-1 | libdecor-0-plugin-1 enchant-2
  libgdk-pixbuf2.0-bin gstreamer1.0-gl libgtk-3-bin libgtk-4-bin
  libgtk-4-media-gstreamer libpipewire-0.3-common pocketsphinx-en-us
  va-driver-all | va-driver vdpau-driver-all | vdpau-driver
  mesa-vulkan-drivers | vulkan-icd libmagickcore-6.q16-7-extra xfonts-base
The following NEW packages will be installed:
  adwaita-icon-theme at-spi2-common dconf-gsettings-backend dconf-service
  dictionaries-common emacsen-common fontconfig fonts-freefont-ttf
  fonts-ipafont-gothic fonts-liberation fonts-noto-color-emoji
  fonts-tlwg-loma-otf fonts-unifont fonts-wqy-zenhei glib-networking
  glib-networking-common glib-networking-services gsettings-desktop-schemas
  gstreamer1.0-libav gstreamer1.0-plugins-bad gstreamer1.0-plugins-base
  gstreamer1.0-plugins-good gtk-update-icon-cache hicolor-icon-theme
  humanity-icon-theme hunspell-en-us libaa1 libabsl20220623t64 libasound2-data
  libasound2t64 libaspell15 libass9 libasyncns0 libatk-bridge2.0-0t64
  libatk1.0-0t64 libatspi2.0-0t64 libavahi-client3 libavahi-common-data
  libavahi-common3 libavc1394-0 libavcodec60 libavfilter9 libavformat60
  libavif16 libavtp0 libavutil58 libblas3 libbluray2 libbs2b0 libcaca0
  libcairo-gobject2 libcairo-script-interpreter2 libcairo2 libcdparanoia0
  libchromaprint1 libcjson1 libcodec2-1.2 libcolord2 libcups2t64 libdatrie1
  libdav1d7 libdc1394-25 libdca0 libdconf1 libdecor-0-0 libdirectfb-1.7-7t64
  libdrm-amdgpu1 libdrm-common libdrm-intel1 libdrm2 libdv4t64 libdvdnav4
  libdvdread8t64 libegl-mesa0 libegl1 libenchant-2-2 libepoxy0 libevdev2
  libevent-2.1-7t64 libfaad2 libfftw3-double3 libflac12t64 libflite1
  libfluidsynth3 libfontenc1 libfreeaptx0 libfribidi0 libgav1-1 libgbm1
  libgdk-pixbuf-2.0-0 libgdk-pixbuf2.0-common libgfortran5 libgl1
  libgl1-mesa-dri libgles2 libglvnd0 libglx-mesa0 libglx0 libgme0 libgpm2
  libgraphene-1.0-0 libgraphite2-3 libgsm1 libgssdp-1.6-0 libgstreamer-gl1.0-0
  libgstreamer-plugins-bad1.0-0 libgstreamer-plugins-base1.0-0
  libgstreamer-plugins-good1.0-0 libgtk-3-0t64 libgtk-3-common libgtk-4-1
  libgtk-4-common libgudev-1.0-0 libgupnp-1.6-0 libgupnp-igd-1.6-0
  libharfbuzz-icu0 libharfbuzz0b libhunspell-1.7-0 libhwy1t64 libhyphen0
  libice6 libiec61883-0 libimath-3-1-29t64 libinstpatch-1.0-2 libjack-jackd2-0
  libjson-glib-1.0-0 libjson-glib-1.0-common libjxl0.7 liblapack3 liblc3-1
  liblcms2-2 libldacbt-enc2 liblilv-0-0 libllvm20 liblrdf0 libltc11 liblzo2-2
  libmanette-0.2-0 libmbedcrypto7t64 libmfx1 libmjpegutils-2.1-0t64
  libmodplug1 libmp3lame0 libmpcdec6 libmpeg2encpp-2.1-0t64 libmpg123-0t64
  libmplex2-2.1-0t64 libmysofa1 libncurses6 libneon27t64 libnice10 libnorm1t64
  libnspr4 libnss3 libnuma1 libogg0 libopenal-data libopenal1
  libopenexr-3-1-30 libopenh264-7 libopenjp2-7 libopenmpt0t64 libopenni2-0
  libopus0 liborc-0.4-0t64 libpango-1.0-0 libpangocairo-1.0-0
  libpangoft2-1.0-0 libpciaccess0 libpgm-5.3-0t64 libpipewire-0.3-0t64
  libpixman-1-0 libplacebo338 libpocketsphinx3 libpostproc57 libproxy1v5
  libpulse0 libqrencode4 librabbitmq4 libraptor2-0 librav1e0 libraw1394-11
  librist4 librsvg2-2 librubberband2 libsamplerate0 libsbc1 libsdl2-2.0-0
  libsecret-1-0 libsecret-common libsensors-config libsensors5 libserd-0-0
  libshine3 libshout3 libslang2 libsm6 libsnappy1v5 libsndfile1 libsndio7.0
  libsord-0-0 libsoundtouch1 libsoup-3.0-0 libsoup-3.0-common libsoxr0
  libspa-0.2-modules libspandsp2t64 libspeex1 libsphinxbase3t64 libsratom-0-0
  libsrt1.5-gnutls libsrtp2-1 libssh-gcrypt-4 libsvtav1enc1d1 libswresample4
  libswscale7 libtag1v5 libtag1v5-vanilla libtext-iconv-perl libthai-data
  libthai0 libtheora0 libtwolame0 libudfread0 libunibreak5 libusb-1.0-0
  libv4l-0t64 libv4lconvert0t64 libva-drm2 libva-x11-2 libva2 libvdpau1
  libvidstab1.1 libvisual-0.4-0 libvo-aacenc0 libvo-amrwbenc0 libvorbis0a
  libvorbisenc2 libvorbisfile3 libvpl2 libvpx9 libvulkan1 libwavpack1
  libwayland-client0 libwayland-cursor0 libwayland-egl1 libwayland-server0
  libwebpdemux2 libwebpmux3 libwebrtc-audio-processing1 libwildmidi2 libwoff1
  libx11-xcb1 libx264-164 libx265-199 libxaw7 libxcb-dri3-0 libxcb-glx0
  libxcb-present0 libxcb-randr0 libxcb-render0 libxcb-shm0 libxcb-sync1
  libxcb-xfixes0 libxcb-xkb1 libxcomposite1 libxcursor1 libxdamage1 libxext6
  libxfixes3 libxfont2 libxi6 libxinerama1 libxkbcommon-x11-0 libxkbcommon0
  libxkbfile1 libxmu6 libxmuu1 libxrandr2 libxrender1 libxshmfence1 libxss1
  libxt6t64 libxtst6 libxvidcore4 libxxf86vm1 libyajl2 libyuv0 libzbar0t64
  libzimg2 libzix-0-0 libzmq5 libzvbi-common libzvbi0t64 libzxing3
  mesa-libgallium ocl-icd-libopencl1 session-migration timgm6mb-soundfont
  ubuntu-mono x11-common x11-xkb-utils xauth xfonts-cyrillic xfonts-encodings
  xfonts-scalable xfonts-utils xkb-data xserver-common xvfb
0 upgraded, 310 newly installed, 0 to remove and 13 not upgraded.
Need to get 187 MB of archives.
After this operation, 666 MB of additional disk space will be used.
Get:1 http://archive.ubuntu.com/ubuntu noble/universe amd64 fonts-ipafont-gothic all 00303-21ubuntu1 [3513 kB]
Get:2 http://archive.ubuntu.com/ubuntu noble/main amd64 libfribidi0 amd64 1.0.13-3build1 [26.1 kB]
Get:3 http://archive.ubuntu.com/ubuntu noble/main amd64 libslang2 amd64 2.3.3-3build2 [506 kB]
Get:4 http://archive.ubuntu.com/ubuntu noble/main amd64 libtext-iconv-perl amd64 1.7-8build3 [13.5 kB]
Get:5 http://archive.ubuntu.com/ubuntu noble-updates/main amd64 xkb-data all 2.41-2ubuntu1.1 [397 kB]
Get:6 http://archive.ubuntu.com/ubuntu noble-updates/main amd64 libdrm-common all 2.4.122-1~ubuntu0.24.04.1 [8406 B]
Get:7 http://archive.ubuntu.com/ubuntu noble-updates/main amd64 libdrm2 amd64 2.4.122-1~ubuntu0.24.04.1 [40.6 kB]
Get:8 http://archive.ubuntu.com/ubuntu noble/main amd64 libevdev2 amd64 1.13.1+dfsg-1build1 [37.8 kB]
Get:9 http://archive.ubuntu.com/ubuntu noble/main amd64 libgpm2 amd64 1.20.7-11 [14.1 kB]
Get:10 http://archive.ubuntu.com/ubuntu noble/main amd64 libncurses6 amd64 6.4+20240113-1ubuntu2 [112 kB]
Get:11 http://archive.ubuntu.com/ubuntu noble/main amd64 libnuma1 amd64 2.0.18-1build1 [23.3 kB]
Get:12 http://archive.ubuntu.com/ubuntu noble/main amd64 libsensors-config all 1:3.6.0-9build1 [5546 B]
Get:13 http://archive.ubuntu.com/ubuntu noble/main amd64 libsensors5 amd64 1:3.6.0-9build1 [26.6 kB]
Get:14 http://archive.ubuntu.com/ubuntu noble/main amd64 libusb-1.0-0 amd64 2:1.0.27-1 [54.0 kB]
Get:15 http://archive.ubuntu.com/ubuntu noble/main amd64 libxext6 amd64 2:1.3.4-1build2 [30.4 kB]
Get:16 http://archive.ubuntu.com/ubuntu noble/main amd64 libxkbcommon0 amd64 1.6.0-1build1 [122 kB]
Get:17 http://archive.ubuntu.com/ubuntu noble/main amd64 libxmuu1 amd64 2:1.1.3-3build2 [8958 B]
Get:18 http://archive.ubuntu.com/ubuntu noble/main amd64 xauth amd64 1:1.1.2-1build1 [25.6 kB]
Get:19 http://archive.ubuntu.com/ubuntu noble-updates/main amd64 libgdk-pixbuf2.0-common all 2.42.10+dfsg-3ubuntu3.2 [8192 B]
Get:20 http://archive.ubuntu.com/ubuntu noble-updates/main amd64 libgdk-pixbuf-2.0-0 amd64 2.42.10+dfsg-3ubuntu3.2 [147 kB]
Get:21 http://archive.ubuntu.com/ubuntu noble-updates/main amd64 gtk-update-icon-cache amd64 3.24.41-4ubuntu1.3 [51.9 kB]
Get:22 http://archive.ubuntu.com/ubuntu noble/main amd64 hicolor-icon-theme all 0.17-2 [9976 B]
Get:23 http://archive.ubuntu.com/ubuntu noble/main amd64 humanity-icon-theme all 0.6.16 [1282 kB]
Get:24 http://archive.ubuntu.com/ubuntu noble/main amd64 ubuntu-mono all 24.04-0ubuntu1 [151 kB]
Get:25 http://archive.ubuntu.com/ubuntu noble/main amd64 adwaita-icon-theme all 46.0-1 [723 kB]
Get:26 http://archive.ubuntu.com/ubuntu noble/main amd64 at-spi2-common all 2.52.0-1build1 [8674 B]
Get:27 http://archive.ubuntu.com/ubuntu noble-updates/main amd64 libdconf1 amd64 0.40.0-4ubuntu0.1 [39.6 kB]
Get:28 http://archive.ubuntu.com/ubuntu noble-updates/main amd64 dconf-service amd64 0.40.0-4ubuntu0.1 [27.6 kB]
Get:29 http://archive.ubuntu.com/ubuntu noble-updates/main amd64 dconf-gsettings-backend amd64 0.40.0-4ubuntu0.1 [22.1 kB]
Get:30 http://archive.ubuntu.com/ubuntu noble/main amd64 emacsen-common all 3.0.5 [12.1 kB]
Get:31 http://archive.ubuntu.com/ubuntu noble/main amd64 dictionaries-common all 1.29.7 [188 kB]
Get:32 http://archive.ubuntu.com/ubuntu noble/main amd64 fontconfig amd64 2.15.0-1.1ubuntu2 [180 kB]
Get:33 http://archive.ubuntu.com/ubuntu noble/main amd64 fonts-freefont-ttf all 20211204+svn4273-2 [5641 kB]
Get:34 http://archive.ubuntu.com/ubuntu noble/main amd64 fonts-liberation all 1:2.1.5-3 [1603 kB]
Get:35 http://archive.ubuntu.com/ubuntu noble-updates/main amd64 fonts-noto-color-emoji all 2.047-0ubuntu0.24.04.1 [9764 kB]
Get:36 http://archive.ubuntu.com/ubuntu noble/universe amd64 fonts-tlwg-loma-otf all 1:0.7.3-1 [107 kB]
Get:37 http://archive.ubuntu.com/ubuntu noble/universe amd64 fonts-unifont all 1:15.1.01-1build1 [2993 kB]
Get:38 http://archive.ubuntu.com/ubuntu noble/universe amd64 fonts-wqy-zenhei all 0.9.45-8 [7472 kB]
Get:39 http://archive.ubuntu.com/ubuntu noble/main amd64 libproxy1v5 amd64 0.5.4-4build1 [26.5 kB]
Get:40 http://archive.ubuntu.com/ubuntu noble/main amd64 glib-networking-common all 2.80.0-1build1 [6702 B]
Get:41 http://archive.ubuntu.com/ubuntu noble/main amd64 glib-networking-services amd64 2.80.0-1build1 [12.8 kB]
Get:42 http://archive.ubuntu.com/ubuntu noble/main amd64 session-migration amd64 0.3.9build1 [9034 B]
Get:43 http://archive.ubuntu.com/ubuntu noble-updates/main amd64 gsettings-desktop-schemas all 46.1-0ubuntu1 [35.6 kB]
Get:44 http://archive.ubuntu.com/ubuntu noble/main amd64 glib-networking amd64 2.80.0-1build1 [64.1 kB]
Get:45 http://archive.ubuntu.com/ubuntu noble/universe amd64 libva2 amd64 2.20.0-2build1 [66.2 kB]
Get:46 http://archive.ubuntu.com/ubuntu noble/universe amd64 libva-drm2 amd64 2.20.0-2build1 [7124 B]
Get:47 http://archive.ubuntu.com/ubuntu noble/main amd64 libx11-xcb1 amd64 2:1.8.7-1build1 [7800 B]
Get:48 http://archive.ubuntu.com/ubuntu noble/main amd64 libxcb-dri3-0 amd64 1.15-1ubuntu2 [7142 B]
Get:49 http://archive.ubuntu.com/ubuntu noble/main amd64 libxfixes3 amd64 1:6.0.0-2build1 [10.8 kB]
Get:50 http://archive.ubuntu.com/ubuntu noble/universe amd64 libva-x11-2 amd64 2.20.0-2build1 [12.0 kB]
Get:51 http://archive.ubuntu.com/ubuntu noble/main amd64 libvdpau1 amd64 1.5-2build1 [27.8 kB]
Get:52 http://archive.ubuntu.com/ubuntu noble-updates/main amd64 libpciaccess0 amd64 0.17-3ubuntu0.24.04.2 [18.9 kB]
Get:53 http://archive.ubuntu.com/ubuntu noble-updates/main amd64 libdrm-intel1 amd64 2.4.122-1~ubuntu0.24.04.1 [63.8 kB]
Get:54 http://archive.ubuntu.com/ubuntu noble/main amd64 libwayland-client0 amd64 1.22.0-2.1build1 [26.4 kB]
Get:55 http://archive.ubuntu.com/ubuntu noble/universe amd64 libvpl2 amd64 2023.3.0-1build1 [99.8 kB]
Get:56 http://archive.ubuntu.com/ubuntu noble/universe amd64 ocl-icd-libopencl1 amd64 2.3.2-1build1 [38.5 kB]
Get:57 http://archive.ubuntu.com/ubuntu noble/universe amd64 libavutil58 amd64 7:6.1.1-3ubuntu5 [401 kB]
Get:58 http://archive.ubuntu.com/ubuntu noble/main amd64 libpixman-1-0 amd64 0.42.2-1build1 [279 kB]
Get:59 http://archive.ubuntu.com/ubuntu noble/main amd64 libxcb-render0 amd64 1.15-1ubuntu2 [16.2 kB]
Get:60 http://archive.ubuntu.com/ubuntu noble/main amd64 libxcb-shm0 amd64 1.15-1ubuntu2 [5756 B]
Get:61 http://archive.ubuntu.com/ubuntu noble/main amd64 libxrender1 amd64 1:0.9.10-1.1build1 [19.0 kB]
Get:62 http://archive.ubuntu.com/ubuntu noble/main amd64 libcairo2 amd64 1.18.0-3build1 [566 kB]
Get:63 http://archive.ubuntu.com/ubuntu noble/universe amd64 libcodec2-1.2 amd64 1.2.0-2build1 [8998 kB]
Get:64 http://archive.ubuntu.com/ubuntu noble/universe amd64 libdav1d7 amd64 1.4.1-1build1 [604 kB]
Get:65 http://archive.ubuntu.com/ubuntu noble/universe amd64 libgsm1 amd64 1.0.22-1build1 [27.8 kB]
Get:66 http://archive.ubuntu.com/ubuntu noble/universe amd64 libhwy1t64 amd64 1.0.7-8.1build1 [584 kB]
Get:67 http://archive.ubuntu.com/ubuntu noble/main amd64 liblcms2-2 amd64 2.14-2build1 [161 kB]
Get:68 http://archive.ubuntu.com/ubuntu noble-updates/universe amd64 libjxl0.7 amd64 0.7.0-10.2ubuntu6.1 [1001 kB]
Get:69 http://archive.ubuntu.com/ubuntu noble/main amd64 libmp3lame0 amd64 3.100-6build1 [142 kB]
Get:70 http://archive.ubuntu.com/ubuntu noble-updates/main amd64 libopenjp2-7 amd64 2.5.0-2ubuntu0.4 [173 kB]
Get:71 http://archive.ubuntu.com/ubuntu noble/main amd64 libopus0 amd64 1.4-1build1 [208 kB]
Get:72 http://archive.ubuntu.com/ubuntu noble/universe amd64 librav1e0 amd64 0.7.1-2 [1022 kB]
Get:73 http://archive.ubuntu.com/ubuntu noble/main amd64 libcairo-gobject2 amd64 1.18.0-3build1 [127 kB]
Get:74 http://archive.ubuntu.com/ubuntu noble/main amd64 libgraphite2-3 amd64 1.3.14-2build1 [73.0 kB]
Get:75 http://archive.ubuntu.com/ubuntu noble/main amd64 libharfbuzz0b amd64 8.3.0-2build2 [469 kB]
Get:76 http://archive.ubuntu.com/ubuntu noble/main amd64 libthai-data all 0.1.29-2build1 [158 kB]
Get:77 http://archive.ubuntu.com/ubuntu noble/main amd64 libdatrie1 amd64 0.2.13-3build1 [19.0 kB]
Get:78 http://archive.ubuntu.com/ubuntu noble/main amd64 libthai0 amd64 0.1.29-2build1 [18.9 kB]
Get:79 http://archive.ubuntu.com/ubuntu noble/main amd64 libpango-1.0-0 amd64 1.52.1+ds-1build1 [231 kB]
Get:80 http://archive.ubuntu.com/ubuntu noble/main amd64 libpangoft2-1.0-0 amd64 1.52.1+ds-1build1 [42.5 kB]
Get:81 http://archive.ubuntu.com/ubuntu noble/main amd64 libpangocairo-1.0-0 amd64 1.52.1+ds-1build1 [28.8 kB]
Get:82 http://archive.ubuntu.com/ubuntu noble/main amd64 librsvg2-2 amd64 2.58.0+dfsg-1build1 [2135 kB]
Get:83 http://archive.ubuntu.com/ubuntu noble/universe amd64 libshine3 amd64 3.1.1-2build1 [23.2 kB]
Get:84 http://archive.ubuntu.com/ubuntu noble/main amd64 libsnappy1v5 amd64 1.1.10-1build1 [28.6 kB]
Get:85 http://archive.ubuntu.com/ubuntu noble-updates/main amd64 libspeex1 amd64 1.2.1-2ubuntu2.24.04.1 [59.6 kB]
Get:86 http://archive.ubuntu.com/ubuntu noble/universe amd64 libsvtav1enc1d1 amd64 1.7.0+dfsg-2build1 [2425 kB]
Get:87 http://archive.ubuntu.com/ubuntu noble/universe amd64 libsoxr0 amd64 0.1.3-4build3 [80.0 kB]
Get:88 http://archive.ubuntu.com/ubuntu noble/universe amd64 libswresample4 amd64 7:6.1.1-3ubuntu5 [63.8 kB]
Get:89 http://archive.ubuntu.com/ubuntu noble/main amd64 libogg0 amd64 1.3.5-3build1 [22.7 kB]
Get:90 http://archive.ubuntu.com/ubuntu noble/main amd64 libtheora0 amd64 1.1.1+dfsg.1-16.1build3 [211 kB]
Get:91 http://archive.ubuntu.com/ubuntu noble/main amd64 libtwolame0 amd64 0.4.0-2build3 [52.3 kB]
Get:92 http://archive.ubuntu.com/ubuntu noble/main amd64 libvorbis0a amd64 1.3.7-1build3 [97.6 kB]
Get:93 http://archive.ubuntu.com/ubuntu noble/main amd64 libvorbisenc2 amd64 1.3.7-1build3 [80.8 kB]
Get:94 http://archive.ubuntu.com/ubuntu noble-updates/main amd64 libvpx9 amd64 1.14.0-1ubuntu2.2 [1143 kB]
Get:95 http://archive.ubuntu.com/ubuntu noble/main amd64 libwebpmux3 amd64 1.3.2-0.4build3 [25.7 kB]
Get:96 http://archive.ubuntu.com/ubuntu noble/universe amd64 libx264-164 amd64 2:0.164.3108+git31e19f9-1 [604 kB]
Get:97 http://archive.ubuntu.com/ubuntu noble/universe amd64 libx265-199 amd64 3.5-2build1 [1226 kB]
Get:98 http://archive.ubuntu.com/ubuntu noble/universe amd64 libxvidcore4 amd64 2:1.3.7-1build1 [219 kB]
Get:99 http://archive.ubuntu.com/ubuntu noble/universe amd64 libzvbi-common all 0.2.42-2 [42.4 kB]
Get:100 http://archive.ubuntu.com/ubuntu noble/universe amd64 libzvbi0t64 amd64 0.2.42-2 [261 kB]
Get:101 http://archive.ubuntu.com/ubuntu noble/universe amd64 libavcodec60 amd64 7:6.1.1-3ubuntu5 [5851 kB]
Get:102 http://archive.ubuntu.com/ubuntu noble/universe amd64 libunibreak5 amd64 5.1-2build1 [25.0 kB]
Get:103 http://archive.ubuntu.com/ubuntu noble/universe amd64 libass9 amd64 1:0.17.1-2build1 [104 kB]
Get:104 http://archive.ubuntu.com/ubuntu noble/universe amd64 libudfread0 amd64 1.1.2-1build1 [19.0 kB]
Get:105 http://archive.ubuntu.com/ubuntu noble/universe amd64 libbluray2 amd64 1:1.3.4-1build1 [159 kB]
Get:106 http://archive.ubuntu.com/ubuntu noble/universe amd64 libchromaprint1 amd64 1.5.1-5 [30.5 kB]
Get:107 http://archive.ubuntu.com/ubuntu noble/universe amd64 libgme0 amd64 0.6.3-7build1 [134 kB]
Get:108 http://archive.ubuntu.com/ubuntu noble-updates/main amd64 libmpg123-0t64 amd64 1.32.5-1ubuntu1.1 [169 kB]
Get:109 http://archive.ubuntu.com/ubuntu noble/main amd64 libvorbisfile3 amd64 1.3.7-1build3 [17.1 kB]
Get:110 http://archive.ubuntu.com/ubuntu noble/universe amd64 libopenmpt0t64 amd64 0.7.3-1.1build3 [647 kB]
Get:111 http://archive.ubuntu.com/ubuntu noble/main amd64 librabbitmq4 amd64 0.11.0-1build2 [37.4 kB]
Get:112 http://archive.ubuntu.com/ubuntu noble/universe amd64 libcjson1 amd64 1.7.17-1 [24.8 kB]
Get:113 http://archive.ubuntu.com/ubuntu noble/universe amd64 libmbedcrypto7t64 amd64 2.28.8-1 [209 kB]
Get:114 http://archive.ubuntu.com/ubuntu noble/universe amd64 librist4 amd64 0.2.10+dfsg-2 [74.9 kB]
Get:115 http://archive.ubuntu.com/ubuntu noble/universe amd64 libsrt1.5-gnutls amd64 1.5.3-1build2 [316 kB]
Get:116 http://archive.ubuntu.com/ubuntu noble-updates/main amd64 libssh-gcrypt-4 amd64 0.10.6-2ubuntu0.1 [224 kB]
Get:117 http://archive.ubuntu.com/ubuntu noble/universe amd64 libnorm1t64 amd64 1.5.9+dfsg-3.1build1 [154 kB]
Get:118 http://archive.ubuntu.com/ubuntu noble/universe amd64 libpgm-5.3-0t64 amd64 5.3.128~dfsg-2.1build1 [167 kB]
Get:119 http://archive.ubuntu.com/ubuntu noble/universe amd64 libzmq5 amd64 4.3.5-1build2 [260 kB]
Get:120 http://archive.ubuntu.com/ubuntu noble/universe amd64 libavformat60 amd64 7:6.1.1-3ubuntu5 [1153 kB]
Get:121 http://archive.ubuntu.com/ubuntu noble/universe amd64 libbs2b0 amd64 3.1.0+dfsg-7build1 [10.6 kB]
Get:122 http://archive.ubuntu.com/ubuntu noble-updates/main amd64 libasound2-data all 1.2.11-1ubuntu0.1 [21.1 kB]
Get:123 http://archive.ubuntu.com/ubuntu noble-updates/main amd64 libasound2t64 amd64 1.2.11-1ubuntu0.1 [399 kB]
Get:124 http://archive.ubuntu.com/ubuntu noble/universe amd64 libflite1 amd64 2.2-6build3 [13.6 MB]
Get:125 http://archive.ubuntu.com/ubuntu noble/universe amd64 libserd-0-0 amd64 0.32.2-1 [43.6 kB]
Get:126 http://archive.ubuntu.com/ubuntu noble/universe amd64 libzix-0-0 amd64 0.4.2-2build1 [23.6 kB]
Get:127 http://archive.ubuntu.com/ubuntu noble/universe amd64 libsord-0-0 amd64 0.16.16-2build1 [15.8 kB]
Get:128 http://archive.ubuntu.com/ubuntu noble/universe amd64 libsratom-0-0 amd64 0.6.16-1build1 [17.3 kB]
Get:129 http://archive.ubuntu.com/ubuntu noble/universe amd64 liblilv-0-0 amd64 0.24.22-1build1 [41.0 kB]
Get:130 http://archive.ubuntu.com/ubuntu noble/universe amd64 libmysofa1 amd64 1.3.2+dfsg-2ubuntu2 [1158 kB]
Get:131 http://archive.ubuntu.com/ubuntu noble/main amd64 libvulkan1 amd64 1.3.275.0-1build1 [142 kB]
Get:132 http://archive.ubuntu.com/ubuntu noble/universe amd64 libplacebo338 amd64 6.338.2-2build1 [2654 kB]
Get:133 http://archive.ubuntu.com/ubuntu noble-updates/main amd64 libblas3 amd64 3.12.0-3build1.1 [238 kB]
Get:134 http://archive.ubuntu.com/ubuntu noble-updates/main amd64 libgfortran5 amd64 14.2.0-4ubuntu2~24.04 [916 kB]
Get:135 http://archive.ubuntu.com/ubuntu noble-updates/main amd64 liblapack3 amd64 3.12.0-3build1.1 [2646 kB]
Get:136 http://archive.ubuntu.com/ubuntu noble/main amd64 libasyncns0 amd64 0.8-6build4 [11.3 kB]
Get:137 http://archive.ubuntu.com/ubuntu noble/main amd64 libflac12t64 amd64 1.4.3+ds-2.1ubuntu2 [197 kB]
Get:138 http://archive.ubuntu.com/ubuntu noble-updates/main amd64 libsndfile1 amd64 1.2.2-1ubuntu5.24.04.1 [209 kB]
Get:139 http://archive.ubuntu.com/ubuntu noble-updates/main amd64 libpulse0 amd64 1:16.1+dfsg1-2ubuntu10.1 [292 kB]
Get:140 http://archive.ubuntu.com/ubuntu noble/universe amd64 libsphinxbase3t64 amd64 0.8+5prealpha+1-17build2 [126 kB]
Get:141 http://archive.ubuntu.com/ubuntu noble/universe amd64 libpocketsphinx3 amd64 0.8.0+real5prealpha+1-15ubuntu5 [133 kB]
Get:142 http://archive.ubuntu.com/ubuntu noble/universe amd64 libpostproc57 amd64 7:6.1.1-3ubuntu5 [49.9 kB]
Get:143 http://archive.ubuntu.com/ubuntu noble/main amd64 libfftw3-double3 amd64 3.3.10-1ubuntu3 [838 kB]
Get:144 http://archive.ubuntu.com/ubuntu noble/main amd64 libsamplerate0 amd64 0.2.2-4build1 [1344 kB]
Get:145 http://archive.ubuntu.com/ubuntu noble/universe amd64 librubberband2 amd64 3.3.0+dfsg-2build1 [130 kB]
Get:146 http://archive.ubuntu.com/ubuntu noble/universe amd64 libswscale7 amd64 7:6.1.1-3ubuntu5 [193 kB]
Get:147 http://archive.ubuntu.com/ubuntu noble/universe amd64 libvidstab1.1 amd64 1.1.0-2build1 [38.5 kB]
Get:148 http://archive.ubuntu.com/ubuntu noble/universe amd64 libzimg2 amd64 3.0.5+ds1-1build1 [254 kB]
Get:149 http://archive.ubuntu.com/ubuntu noble/universe amd64 libavfilter9 amd64 7:6.1.1-3ubuntu5 [4235 kB]
Get:150 http://archive.ubuntu.com/ubuntu noble-updates/main amd64 liborc-0.4-0t64 amd64 1:0.4.38-1ubuntu0.1 [207 kB]
Get:151 http://archive.ubuntu.com/ubuntu noble-updates/main amd64 libgstreamer-plugins-base1.0-0 amd64 1.24.2-1ubuntu0.3 [862 kB]
Get:152 http://archive.ubuntu.com/ubuntu noble/universe amd64 gstreamer1.0-libav amd64 1.24.1-1build1 [103 kB]
Get:153 http://archive.ubuntu.com/ubuntu noble/main amd64 libcdparanoia0 amd64 3.10.2+debian-14build3 [48.5 kB]
Get:154 http://archive.ubuntu.com/ubuntu noble/main amd64 libvisual-0.4-0 amd64 0.4.2-2build1 [115 kB]
Get:155 http://archive.ubuntu.com/ubuntu noble-updates/main amd64 gstreamer1.0-plugins-base amd64 1.24.2-1ubuntu0.3 [721 kB]
Get:156 http://archive.ubuntu.com/ubuntu noble/main amd64 libaa1 amd64 1.4p5-51.1 [49.9 kB]
Get:157 http://archive.ubuntu.com/ubuntu noble/main amd64 libraw1394-11 amd64 2.1.2-2build3 [26.2 kB]
Get:158 http://archive.ubuntu.com/ubuntu noble/main amd64 libavc1394-0 amd64 0.5.4-5build3 [15.4 kB]
Get:159 http://archive.ubuntu.com/ubuntu noble/main amd64 libcaca0 amd64 0.99.beta20-4build2 [208 kB]
Get:160 http://archive.ubuntu.com/ubuntu noble/main amd64 libdv4t64 amd64 1.0.0-17.1build1 [63.2 kB]
Get:161 http://archive.ubuntu.com/ubuntu noble-updates/main amd64 libgstreamer-plugins-good1.0-0 amd64 1.24.2-1ubuntu1.2 [33.0 kB]
Get:162 http://archive.ubuntu.com/ubuntu noble/main amd64 libgudev-1.0-0 amd64 1:238-5ubuntu1 [15.9 kB]
Get:163 http://archive.ubuntu.com/ubuntu noble/main amd64 libiec61883-0 amd64 1.2.0-6build1 [24.5 kB]
Get:164 http://archive.ubuntu.com/ubuntu noble/main amd64 libshout3 amd64 2.4.6-1build2 [50.3 kB]
Get:165 http://archive.ubuntu.com/ubuntu noble/main amd64 libtag1v5-vanilla amd64 1.13.1-1build1 [326 kB]
Get:166 http://archive.ubuntu.com/ubuntu noble/main amd64 libtag1v5 amd64 1.13.1-1build1 [11.7 kB]
Get:167 http://archive.ubuntu.com/ubuntu noble/main amd64 libv4lconvert0t64 amd64 1.26.1-4build3 [87.6 kB]
Get:168 http://archive.ubuntu.com/ubuntu noble/main amd64 libv4l-0t64 amd64 1.26.1-4build3 [46.9 kB]
Get:169 http://archive.ubuntu.com/ubuntu noble/main amd64 libwavpack1 amd64 5.6.0-1build1 [84.6 kB]
Get:170 http://archive.ubuntu.com/ubuntu noble/main amd64 libxdamage1 amd64 1:1.1.6-1build1 [6150 B]
Get:171 http://archive.ubuntu.com/ubuntu noble/main amd64 x11-common all 1:7.7+23ubuntu3 [21.7 kB]
Get:172 http://archive.ubuntu.com/ubuntu noble/main amd64 libxtst6 amd64 2:1.2.3-1.1build1 [12.6 kB]
Get:173 http://archive.ubuntu.com/ubuntu noble-updates/main amd64 libsoup-3.0-common all 3.4.4-5ubuntu0.5 [11.3 kB]
Get:174 http://archive.ubuntu.com/ubuntu noble-updates/main amd64 libsoup-3.0-0 amd64 3.4.4-5ubuntu0.5 [291 kB]
Get:175 http://archive.ubuntu.com/ubuntu noble-updates/main amd64 gstreamer1.0-plugins-good amd64 1.24.2-1ubuntu1.2 [2238 kB]
Get:176 http://archive.ubuntu.com/ubuntu noble/main amd64 hunspell-en-us all 1:2020.12.07-2 [280 kB]
Get:177 http://archive.ubuntu.com/ubuntu noble-updates/main amd64 libabsl20220623t64 amd64 20220623.1-3.1ubuntu3.2 [423 kB]
Get:178 http://archive.ubuntu.com/ubuntu noble/main amd64 libaspell15 amd64 0.60.8.1-1build1 [323 kB]
Get:179 http://archive.ubuntu.com/ubuntu noble/main amd64 libatk1.0-0t64 amd64 2.52.0-1build1 [55.3 kB]
Get:180 http://archive.ubuntu.com/ubuntu noble/main amd64 libxi6 amd64 2:1.8.1-1build1 [32.4 kB]
Get:181 http://archive.ubuntu.com/ubuntu noble/main amd64 libatspi2.0-0t64 amd64 2.52.0-1build1 [80.5 kB]
Get:182 http://archive.ubuntu.com/ubuntu noble/main amd64 libatk-bridge2.0-0t64 amd64 2.52.0-1build1 [66.0 kB]
Get:183 http://archive.ubuntu.com/ubuntu noble/main amd64 libavahi-common-data amd64 0.8-13ubuntu6 [29.7 kB]
Get:184 http://archive.ubuntu.com/ubuntu noble/main amd64 libavahi-common3 amd64 0.8-13ubuntu6 [23.3 kB]
Get:185 http://archive.ubuntu.com/ubuntu noble/main amd64 libavahi-client3 amd64 0.8-13ubuntu6 [26.8 kB]
Get:186 http://archive.ubuntu.com/ubuntu noble/universe amd64 libgav1-1 amd64 0.18.0-1build3 [357 kB]
Get:187 http://archive.ubuntu.com/ubuntu noble/universe amd64 libyuv0 amd64 0.0~git202401110.af6ac82-1 [178 kB]
Get:188 http://archive.ubuntu.com/ubuntu noble/universe amd64 libavif16 amd64 1.0.4-1ubuntu3 [91.2 kB]
Get:189 http://archive.ubuntu.com/ubuntu noble/universe amd64 libavtp0 amd64 0.2.0-1build1 [6414 B]
Get:190 http://archive.ubuntu.com/ubuntu noble/main amd64 liblzo2-2 amd64 2.10-2build4 [54.1 kB]
Get:191 http://archive.ubuntu.com/ubuntu noble/main amd64 libcairo-script-interpreter2 amd64 1.18.0-3build1 [60.3 kB]
Get:192 http://archive.ubuntu.com/ubuntu noble/main amd64 libcolord2 amd64 1.4.7-1build2 [149 kB]
Get:193 http://archive.ubuntu.com/ubuntu noble-updates/main amd64 libcups2t64 amd64 2.4.7-1.2ubuntu7.4 [272 kB]
Get:194 http://archive.ubuntu.com/ubuntu noble/universe amd64 libdc1394-25 amd64 2.2.6-4build1 [90.1 kB]
Get:195 http://archive.ubuntu.com/ubuntu noble/main amd64 libdecor-0-0 amd64 0.2.2-1build2 [16.5 kB]
Get:196 http://archive.ubuntu.com/ubuntu noble/main amd64 libglvnd0 amd64 1.7.0-1build1 [69.6 kB]
Get:197 http://archive.ubuntu.com/ubuntu noble/main amd64 libxcb-glx0 amd64 1.15-1ubuntu2 [24.8 kB]
Get:198 http://archive.ubuntu.com/ubuntu noble/main amd64 libxcb-present0 amd64 1.15-1ubuntu2 [5676 B]
Get:199 http://archive.ubuntu.com/ubuntu noble/main amd64 libxcb-xfixes0 amd64 1.15-1ubuntu2 [10.2 kB]
Get:200 http://archive.ubuntu.com/ubuntu noble/main amd64 libxxf86vm1 amd64 1:1.1.4-1build4 [9282 B]
Get:201 http://archive.ubuntu.com/ubuntu noble-updates/main amd64 libdrm-amdgpu1 amd64 2.4.122-1~ubuntu0.24.04.1 [20.7 kB]
Get:202 http://archive.ubuntu.com/ubuntu noble-updates/main amd64 libllvm20 amd64 1:20.1.2-0ubuntu1~24.04.2 [30.6 MB]
Get:203 http://archive.ubuntu.com/ubuntu noble/main amd64 libxcb-randr0 amd64 1.15-1ubuntu2 [17.9 kB]
Get:204 http://archive.ubuntu.com/ubuntu noble/main amd64 libxcb-sync1 amd64 1.15-1ubuntu2 [9312 B]
Get:205 http://archive.ubuntu.com/ubuntu noble/main amd64 libxshmfence1 amd64 1.3-1build5 [4764 B]
Get:206 http://archive.ubuntu.com/ubuntu noble-updates/main amd64 mesa-libgallium amd64 25.0.7-0ubuntu0.24.04.2 [10.3 MB]
Get:207 http://archive.ubuntu.com/ubuntu noble/main amd64 libwayland-server0 amd64 1.22.0-2.1build1 [33.9 kB]
Get:208 http://archive.ubuntu.com/ubuntu noble-updates/main amd64 libgbm1 amd64 25.0.7-0ubuntu0.24.04.2 [32.7 kB]
Get:209 http://archive.ubuntu.com/ubuntu noble-updates/main amd64 libgl1-mesa-dri amd64 25.0.7-0ubuntu0.24.04.2 [35.8 kB]
Get:210 http://archive.ubuntu.com/ubuntu noble-updates/main amd64 libglx-mesa0 amd64 25.0.7-0ubuntu0.24.04.2 [141 kB]
Get:211 http://archive.ubuntu.com/ubuntu noble/main amd64 libglx0 amd64 1.7.0-1build1 [38.6 kB]
Get:212 http://archive.ubuntu.com/ubuntu noble/main amd64 libgl1 amd64 1.7.0-1build1 [102 kB]
Get:213 http://archive.ubuntu.com/ubuntu noble/main amd64 libgles2 amd64 1.7.0-1build1 [17.1 kB]
Get:214 http://archive.ubuntu.com/ubuntu noble/universe amd64 libdirectfb-1.7-7t64 amd64 1.7.7-11.1ubuntu2 [1035 kB]
Get:215 http://archive.ubuntu.com/ubuntu noble/universe amd64 libdvdread8t64 amd64 6.1.3-1.1build1 [54.7 kB]
Get:216 http://archive.ubuntu.com/ubuntu noble/universe amd64 libdvdnav4 amd64 6.1.1-3build1 [39.5 kB]
Get:217 http://archive.ubuntu.com/ubuntu noble-updates/main amd64 libegl-mesa0 amd64 25.0.7-0ubuntu0.24.04.2 [124 kB]
Get:218 http://archive.ubuntu.com/ubuntu noble/main amd64 libhunspell-1.7-0 amd64 1.7.2+really1.7.2-10build3 [294 kB]
Get:219 http://archive.ubuntu.com/ubuntu noble/main amd64 libenchant-2-2 amd64 2.3.3-2build2 [51.4 kB]
Get:220 http://archive.ubuntu.com/ubuntu noble/main amd64 libepoxy0 amd64 1.5.10-1build1 [220 kB]
Get:221 http://archive.ubuntu.com/ubuntu noble/main amd64 libevent-2.1-7t64 amd64 2.1.12-stable-9ubuntu2 [145 kB]
Get:222 http://archive.ubuntu.com/ubuntu noble/universe amd64 libfaad2 amd64 2.11.1-1build1 [207 kB]
Get:223 http://archive.ubuntu.com/ubuntu noble/universe amd64 libinstpatch-1.0-2 amd64 1.1.6-1build2 [251 kB]
Get:224 http://archive.ubuntu.com/ubuntu noble/main amd64 libjack-jackd2-0 amd64 1.9.21~dfsg-3ubuntu3 [289 kB]
Get:225 http://archive.ubuntu.com/ubuntu noble/main amd64 libwebrtc-audio-processing1 amd64 0.3.1-0ubuntu6 [290 kB]
Get:226 http://archive.ubuntu.com/ubuntu noble-updates/main amd64 libspa-0.2-modules amd64 1.0.5-1ubuntu3.1 [626 kB]
Get:227 http://archive.ubuntu.com/ubuntu noble-updates/main amd64 libpipewire-0.3-0t64 amd64 1.0.5-1ubuntu3.1 [252 kB]
Get:228 http://archive.ubuntu.com/ubuntu noble/main amd64 libwayland-cursor0 amd64 1.22.0-2.1build1 [10.4 kB]
Get:229 http://archive.ubuntu.com/ubuntu noble/main amd64 libwayland-egl1 amd64 1.22.0-2.1build1 [5628 B]
Get:230 http://archive.ubuntu.com/ubuntu noble/main amd64 libxcursor1 amd64 1:1.2.1-1build1 [20.7 kB]
Get:231 http://archive.ubuntu.com/ubuntu noble/main amd64 libxrandr2 amd64 2:1.5.2-2build1 [19.7 kB]
Get:232 http://archive.ubuntu.com/ubuntu noble/main amd64 libxss1 amd64 1:1.2.3-1build3 [7204 B]
Get:233 http://archive.ubuntu.com/ubuntu noble-updates/main amd64 libsdl2-2.0-0 amd64 2.30.0+dfsg-1ubuntu3.1 [686 kB]
Get:234 http://archive.ubuntu.com/ubuntu noble/universe amd64 timgm6mb-soundfont all 1.3-5 [5427 kB]
Get:235 http://archive.ubuntu.com/ubuntu noble/universe amd64 libfluidsynth3 amd64 2.3.4-1build3 [249 kB]
Get:236 http://archive.ubuntu.com/ubuntu noble/main amd64 libfontenc1 amd64 1:1.1.8-1build1 [14.0 kB]
Get:237 http://archive.ubuntu.com/ubuntu noble/main amd64 libfreeaptx0 amd64 0.1.1-2build1 [13.5 kB]
Get:238 http://archive.ubuntu.com/ubuntu noble/main amd64 libgraphene-1.0-0 amd64 1.10.8-3build2 [46.2 kB]
Get:239 http://archive.ubuntu.com/ubuntu noble/main amd64 libgssdp-1.6-0 amd64 1.6.3-1build3 [40.4 kB]
Get:240 http://archive.ubuntu.com/ubuntu noble/main amd64 libegl1 amd64 1.7.0-1build1 [28.7 kB]
Get:241 http://archive.ubuntu.com/ubuntu noble-updates/main amd64 libgstreamer-gl1.0-0 amd64 1.24.2-1ubuntu0.3 [214 kB]
Get:242 http://archive.ubuntu.com/ubuntu noble/main amd64 libxcomposite1 amd64 1:0.4.5-1build3 [6320 B]
Get:243 http://archive.ubuntu.com/ubuntu noble/main amd64 libxinerama1 amd64 2:1.1.4-3build1 [6396 B]
Get:244 http://archive.ubuntu.com/ubuntu noble-updates/main amd64 libgtk-3-common all 3.24.41-4ubuntu1.3 [1426 kB]
Get:245 http://archive.ubuntu.com/ubuntu noble-updates/main amd64 libgtk-3-0t64 amd64 3.24.41-4ubuntu1.3 [2913 kB]
Get:246 http://archive.ubuntu.com/ubuntu noble-updates/main amd64 libgtk-4-common all 4.14.5+ds-0ubuntu0.5 [1497 kB]
Get:247 http://archive.ubuntu.com/ubuntu noble-updates/main amd64 libgtk-4-1 amd64 4.14.5+ds-0ubuntu0.5 [3293 kB]
Get:248 http://archive.ubuntu.com/ubuntu noble/main amd64 libgupnp-1.6-0 amd64 1.6.6-1build3 [92.7 kB]
Get:249 http://archive.ubuntu.com/ubuntu noble/universe amd64 libgupnp-igd-1.6-0 amd64 1.6.0-3build3 [16.5 kB]
Get:250 http://archive.ubuntu.com/ubuntu noble/main amd64 libharfbuzz-icu0 amd64 8.3.0-2build2 [13.3 kB]
Get:251 http://archive.ubuntu.com/ubuntu noble/main amd64 libhyphen0 amd64 2.8.8-7build3 [26.5 kB]
Get:252 http://archive.ubuntu.com/ubuntu noble/main amd64 libice6 amd64 2:1.0.10-1build3 [41.4 kB]
Get:253 http://archive.ubuntu.com/ubuntu noble/universe amd64 libimath-3-1-29t64 amd64 3.1.9-3.1ubuntu2 [72.2 kB]
Get:254 http://archive.ubuntu.com/ubuntu noble/main amd64 libjson-glib-1.0-common all 1.8.0-2build2 [4244 B]
Get:255 http://archive.ubuntu.com/ubuntu noble/main amd64 libjson-glib-1.0-0 amd64 1.8.0-2build2 [68.0 kB]
Get:256 http://archive.ubuntu.com/ubuntu noble/main amd64 liblc3-1 amd64 1.0.4-3build1 [69.7 kB]
Get:257 http://archive.ubuntu.com/ubuntu noble/main amd64 libldacbt-enc2 amd64 2.0.2.3+git20200429+ed310a0-4ubuntu2 [27.1 kB]
Get:258 http://archive.ubuntu.com/ubuntu noble/main amd64 libyajl2 amd64 2.1.0-5build1 [20.2 kB]
Get:259 http://archive.ubuntu.com/ubuntu noble-updates/main amd64 libraptor2-0 amd64 2.0.16-3ubuntu0.1 [165 kB]
Get:260 http://archive.ubuntu.com/ubuntu noble/universe amd64 liblrdf0 amd64 0.6.1-4build1 [18.5 kB]
Get:261 http://archive.ubuntu.com/ubuntu noble/universe amd64 libltc11 amd64 1.3.2-1build1 [13.0 kB]
Get:262 http://archive.ubuntu.com/ubuntu noble/main amd64 libmanette-0.2-0 amd64 0.2.7-1build2 [30.6 kB]
Get:263 http://archive.ubuntu.com/ubuntu noble/universe amd64 libmfx1 amd64 22.5.4-1 [3124 kB]
Get:264 http://archive.ubuntu.com/ubuntu noble/universe amd64 libmjpegutils-2.1-0t64 amd64 1:2.1.0+debian-8.1build1 [25.5 kB]
Get:265 http://archive.ubuntu.com/ubuntu noble/universe amd64 libmodplug1 amd64 1:0.8.9.0-3build1 [166 kB]
Get:266 http://archive.ubuntu.com/ubuntu noble/universe amd64 libmpcdec6 amd64 2:0.1~r495-2build1 [32.7 kB]
Get:267 http://archive.ubuntu.com/ubuntu noble/universe amd64 libmpeg2encpp-2.1-0t64 amd64 1:2.1.0+debian-8.1build1 [75.6 kB]
Get:268 http://archive.ubuntu.com/ubuntu noble/universe amd64 libmplex2-2.1-0t64 amd64 1:2.1.0+debian-8.1build1 [46.1 kB]
Get:269 http://archive.ubuntu.com/ubuntu noble/universe amd64 libneon27t64 amd64 0.33.0-1.1build3 [102 kB]
Get:270 http://archive.ubuntu.com/ubuntu noble/universe amd64 libnice10 amd64 0.1.21-2build3 [157 kB]
Get:271 http://archive.ubuntu.com/ubuntu noble/main amd64 libnspr4 amd64 2:4.35-1.1build1 [117 kB]
Get:272 http://archive.ubuntu.com/ubuntu noble/main amd64 libnss3 amd64 2:3.98-1build1 [1445 kB]
Get:273 http://archive.ubuntu.com/ubuntu noble/universe amd64 libopenal-data all 1:1.23.1-4build1 [161 kB]
Get:274 http://archive.ubuntu.com/ubuntu noble/universe amd64 libopenexr-3-1-30 amd64 3.1.5-5.1build3 [1004 kB]
Get:275 http://archive.ubuntu.com/ubuntu noble/universe amd64 libopenh264-7 amd64 2.4.1+dfsg-1 [409 kB]
Get:276 http://archive.ubuntu.com/ubuntu noble/universe amd64 libopenni2-0 amd64 2.2.0.33+dfsg-18 [370 kB]
Get:277 http://archive.ubuntu.com/ubuntu noble/universe amd64 libqrencode4 amd64 4.1.1-1build2 [25.0 kB]
Get:278 http://archive.ubuntu.com/ubuntu noble/main amd64 libsecret-common all 0.21.4-1build3 [4962 B]
Get:279 http://archive.ubuntu.com/ubuntu noble/main amd64 libsecret-1-0 amd64 0.21.4-1build3 [116 kB]
Get:280 http://archive.ubuntu.com/ubuntu noble/main amd64 libsm6 amd64 2:1.2.3-1build3 [15.7 kB]
Get:281 http://archive.ubuntu.com/ubuntu noble/universe amd64 libsndio7.0 amd64 1.9.0-0.3build3 [29.6 kB]
Get:282 http://archive.ubuntu.com/ubuntu noble/universe amd64 libsoundtouch1 amd64 2.3.2+ds1-1build1 [60.5 kB]
Get:283 http://archive.ubuntu.com/ubuntu noble/universe amd64 libspandsp2t64 amd64 0.0.6+dfsg-2.1build1 [311 kB]
Get:284 http://archive.ubuntu.com/ubuntu noble/universe amd64 libsrtp2-1 amd64 2.5.0-3build1 [41.9 kB]
Get:285 http://archive.ubuntu.com/ubuntu noble/main amd64 libwebpdemux2 amd64 1.3.2-0.4build3 [12.4 kB]
Get:286 http://archive.ubuntu.com/ubuntu noble/universe amd64 libwildmidi2 amd64 0.4.3-1build3 [68.5 kB]
Get:287 http://archive.ubuntu.com/ubuntu noble/main amd64 libwoff1 amd64 1.0.2-2build1 [45.3 kB]
Get:288 http://archive.ubuntu.com/ubuntu noble/main amd64 libxt6t64 amd64 1:1.2.1-1.2build1 [171 kB]
Get:289 http://archive.ubuntu.com/ubuntu noble/main amd64 libxmu6 amd64 2:1.1.3-3build2 [47.6 kB]
Get:290 http://archive.ubuntu.com/ubuntu noble/main amd64 libxaw7 amd64 2:1.0.14-1build2 [187 kB]
Get:291 http://archive.ubuntu.com/ubuntu noble/main amd64 libxcb-xkb1 amd64 1.15-1ubuntu2 [32.3 kB]
Get:292 http://archive.ubuntu.com/ubuntu noble/main amd64 libxfont2 amd64 1:2.0.6-1build1 [93.0 kB]
Get:293 http://archive.ubuntu.com/ubuntu noble/main amd64 libxkbcommon-x11-0 amd64 1.6.0-1build1 [14.5 kB]
Get:294 http://archive.ubuntu.com/ubuntu noble/main amd64 libxkbfile1 amd64 1:1.1.0-1build4 [70.0 kB]
Get:295 http://archive.ubuntu.com/ubuntu noble/universe amd64 libzbar0t64 amd64 0.23.93-4build3 [123 kB]
Get:296 http://archive.ubuntu.com/ubuntu noble/universe amd64 libzxing3 amd64 2.2.1-3 [583 kB]
Get:297 http://archive.ubuntu.com/ubuntu noble/main amd64 x11-xkb-utils amd64 7.7+8build2 [170 kB]
Get:298 http://archive.ubuntu.com/ubuntu noble/main amd64 xfonts-encodings all 1:1.0.5-0ubuntu2 [578 kB]
Get:299 http://archive.ubuntu.com/ubuntu noble/main amd64 xfonts-utils amd64 1:7.7+6build3 [94.4 kB]
Get:300 http://archive.ubuntu.com/ubuntu noble/universe amd64 xfonts-cyrillic all 1:1.0.5+nmu1 [384 kB]
Get:301 http://archive.ubuntu.com/ubuntu noble/main amd64 xfonts-scalable all 1:1.0.3-1.3 [304 kB]
Get:302 http://archive.ubuntu.com/ubuntu noble-updates/main amd64 xserver-common all 2:21.1.12-1ubuntu1.4 [34.4 kB]
Get:303 http://archive.ubuntu.com/ubuntu noble-updates/universe amd64 xvfb amd64 2:21.1.12-1ubuntu1.4 [877 kB]
Get:304 http://archive.ubuntu.com/ubuntu noble/universe amd64 libgstreamer-plugins-bad1.0-0 amd64 1.24.2-1ubuntu4 [797 kB]
Get:305 http://archive.ubuntu.com/ubuntu noble/universe amd64 libdca0 amd64 0.0.7-2build1 [93.8 kB]
Get:306 http://archive.ubuntu.com/ubuntu noble/universe amd64 libopenal1 amd64 1:1.23.1-4build1 [540 kB]
Get:307 http://archive.ubuntu.com/ubuntu noble/main amd64 libsbc1 amd64 2.0-1build1 [33.9 kB]
Get:308 http://archive.ubuntu.com/ubuntu noble/universe amd64 libvo-aacenc0 amd64 0.1.3-2build1 [67.8 kB]
Get:309 http://archive.ubuntu.com/ubuntu noble/universe amd64 libvo-amrwbenc0 amd64 0.1.3-2build1 [76.7 kB]
Get:310 http://archive.ubuntu.com/ubuntu noble/universe amd64 gstreamer1.0-plugins-bad amd64 1.24.2-1ubuntu4 [3081 kB]
debconf: delaying package configuration, since apt-utils is not installed
Fetched 187 MB in 9s (20.8 MB/s)
Selecting previously unselected package fonts-ipafont-gothic.
(Reading database ... (Reading database ... 5%(Reading database ... 10%(Reading database ... 15%(Reading database ... 20%(Reading database ... 25%(Reading database ... 30%(Reading database ... 35%(Reading database ... 40%(Reading database ... 45%(Reading database ... 50%(Reading database ... 55%(Reading database ... 60%(Reading database ... 65%(Reading database ... 70%(Reading database ... 75%(Reading database ... 80%(Reading database ... 85%(Reading database ... 90%(Reading database ... 95%(Reading database ... 100%(Reading database ... 31611 files and directories currently installed.)
Preparing to unpack .../000-fonts-ipafont-gothic_00303-21ubuntu1_all.deb ...
Unpacking fonts-ipafont-gothic (00303-21ubuntu1) ...
Selecting previously unselected package libfribidi0:amd64.
Preparing to unpack .../001-libfribidi0_1.0.13-3build1_amd64.deb ...
Unpacking libfribidi0:amd64 (1.0.13-3build1) ...
Selecting previously unselected package libslang2:amd64.
Preparing to unpack .../002-libslang2_2.3.3-3build2_amd64.deb ...
Unpacking libslang2:amd64 (2.3.3-3build2) ...
Selecting previously unselected package libtext-iconv-perl:amd64.
Preparing to unpack .../003-libtext-iconv-perl_1.7-8build3_amd64.deb ...
Unpacking libtext-iconv-perl:amd64 (1.7-8build3) ...
Selecting previously unselected package xkb-data.
Preparing to unpack .../004-xkb-data_2.41-2ubuntu1.1_all.deb ...
Unpacking xkb-data (2.41-2ubuntu1.1) ...
Selecting previously unselected package libdrm-common.
Preparing to unpack .../005-libdrm-common_2.4.122-1~ubuntu0.24.04.1_all.deb ...
Unpacking libdrm-common (2.4.122-1~ubuntu0.24.04.1) ...
Selecting previously unselected package libdrm2:amd64.
Preparing to unpack .../006-libdrm2_2.4.122-1~ubuntu0.24.04.1_amd64.deb ...
Unpacking libdrm2:amd64 (2.4.122-1~ubuntu0.24.04.1) ...
Selecting previously unselected package libevdev2:amd64.
Preparing to unpack .../007-libevdev2_1.13.1+dfsg-1build1_amd64.deb ...
Unpacking libevdev2:amd64 (1.13.1+dfsg-1build1) ...
Selecting previously unselected package libgpm2:amd64.
Preparing to unpack .../008-libgpm2_1.20.7-11_amd64.deb ...
Unpacking libgpm2:amd64 (1.20.7-11) ...
Selecting previously unselected package libncurses6:amd64.
Preparing to unpack .../009-libncurses6_6.4+20240113-1ubuntu2_amd64.deb ...
Unpacking libncurses6:amd64 (6.4+20240113-1ubuntu2) ...
Selecting previously unselected package libnuma1:amd64.
Preparing to unpack .../010-libnuma1_2.0.18-1build1_amd64.deb ...
Unpacking libnuma1:amd64 (2.0.18-1build1) ...
Selecting previously unselected package libsensors-config.
Preparing to unpack .../011-libsensors-config_1%3a3.6.0-9build1_all.deb ...
Unpacking libsensors-config (1:3.6.0-9build1) ...
Selecting previously unselected package libsensors5:amd64.
Preparing to unpack .../012-libsensors5_1%3a3.6.0-9build1_amd64.deb ...
Unpacking libsensors5:amd64 (1:3.6.0-9build1) ...
Selecting previously unselected package libusb-1.0-0:amd64.
Preparing to unpack .../013-libusb-1.0-0_2%3a1.0.27-1_amd64.deb ...
Unpacking libusb-1.0-0:amd64 (2:1.0.27-1) ...
Selecting previously unselected package libxext6:amd64.
Preparing to unpack .../014-libxext6_2%3a1.3.4-1build2_amd64.deb ...
Unpacking libxext6:amd64 (2:1.3.4-1build2) ...
Selecting previously unselected package libxkbcommon0:amd64.
Preparing to unpack .../015-libxkbcommon0_1.6.0-1build1_amd64.deb ...
Unpacking libxkbcommon0:amd64 (1.6.0-1build1) ...
Selecting previously unselected package libxmuu1:amd64.
Preparing to unpack .../016-libxmuu1_2%3a1.1.3-3build2_amd64.deb ...
Unpacking libxmuu1:amd64 (2:1.1.3-3build2) ...
Selecting previously unselected package xauth.
Preparing to unpack .../017-xauth_1%3a1.1.2-1build1_amd64.deb ...
Unpacking xauth (1:1.1.2-1build1) ...
Selecting previously unselected package libgdk-pixbuf2.0-common.
Preparing to unpack .../018-libgdk-pixbuf2.0-common_2.42.10+dfsg-3ubuntu3.2_all.deb ...
Unpacking libgdk-pixbuf2.0-common (2.42.10+dfsg-3ubuntu3.2) ...
Selecting previously unselected package libgdk-pixbuf-2.0-0:amd64.
Preparing to unpack .../019-libgdk-pixbuf-2.0-0_2.42.10+dfsg-3ubuntu3.2_amd64.deb ...
Unpacking libgdk-pixbuf-2.0-0:amd64 (2.42.10+dfsg-3ubuntu3.2) ...
Selecting previously unselected package gtk-update-icon-cache.
Preparing to unpack .../020-gtk-update-icon-cache_3.24.41-4ubuntu1.3_amd64.deb ...
Unpacking gtk-update-icon-cache (3.24.41-4ubuntu1.3) ...
Selecting previously unselected package hicolor-icon-theme.
Preparing to unpack .../021-hicolor-icon-theme_0.17-2_all.deb ...
Unpacking hicolor-icon-theme (0.17-2) ...
Selecting previously unselected package humanity-icon-theme.
Preparing to unpack .../022-humanity-icon-theme_0.6.16_all.deb ...
Unpacking humanity-icon-theme (0.6.16) ...
Selecting previously unselected package ubuntu-mono.
Preparing to unpack .../023-ubuntu-mono_24.04-0ubuntu1_all.deb ...
Unpacking ubuntu-mono (24.04-0ubuntu1) ...
Selecting previously unselected package adwaita-icon-theme.
Preparing to unpack .../024-adwaita-icon-theme_46.0-1_all.deb ...
Unpacking adwaita-icon-theme (46.0-1) ...
Selecting previously unselected package at-spi2-common.
Preparing to unpack .../025-at-spi2-common_2.52.0-1build1_all.deb ...
Unpacking at-spi2-common (2.52.0-1build1) ...
Selecting previously unselected package libdconf1:amd64.
Preparing to unpack .../026-libdconf1_0.40.0-4ubuntu0.1_amd64.deb ...
Unpacking libdconf1:amd64 (0.40.0-4ubuntu0.1) ...
Selecting previously unselected package dconf-service.
Preparing to unpack .../027-dconf-service_0.40.0-4ubuntu0.1_amd64.deb ...
Unpacking dconf-service (0.40.0-4ubuntu0.1) ...
Selecting previously unselected package dconf-gsettings-backend:amd64.
Preparing to unpack .../028-dconf-gsettings-backend_0.40.0-4ubuntu0.1_amd64.deb ...
Unpacking dconf-gsettings-backend:amd64 (0.40.0-4ubuntu0.1) ...
Selecting previously unselected package emacsen-common.
Preparing to unpack .../029-emacsen-common_3.0.5_all.deb ...
Unpacking emacsen-common (3.0.5) ...
Selecting previously unselected package dictionaries-common.
Preparing to unpack .../030-dictionaries-common_1.29.7_all.deb ...
Adding 'diversion of /usr/share/dict/words to /usr/share/dict/words.pre-dictionaries-common by dictionaries-common'
Unpacking dictionaries-common (1.29.7) ...
Selecting previously unselected package fontconfig.
Preparing to unpack .../031-fontconfig_2.15.0-1.1ubuntu2_amd64.deb ...
Unpacking fontconfig (2.15.0-1.1ubuntu2) ...
Selecting previously unselected package fonts-freefont-ttf.
Preparing to unpack .../032-fonts-freefont-ttf_20211204+svn4273-2_all.deb ...
Unpacking fonts-freefont-ttf (20211204+svn4273-2) ...
Selecting previously unselected package fonts-liberation.
Preparing to unpack .../033-fonts-liberation_1%3a2.1.5-3_all.deb ...
Unpacking fonts-liberation (1:2.1.5-3) ...
Selecting previously unselected package fonts-noto-color-emoji.
Preparing to unpack .../034-fonts-noto-color-emoji_2.047-0ubuntu0.24.04.1_all.deb ...
Unpacking fonts-noto-color-emoji (2.047-0ubuntu0.24.04.1) ...
Selecting previously unselected package fonts-tlwg-loma-otf.
Preparing to unpack .../035-fonts-tlwg-loma-otf_1%3a0.7.3-1_all.deb ...
Unpacking fonts-tlwg-loma-otf (1:0.7.3-1) ...
Selecting previously unselected package fonts-unifont.
Preparing to unpack .../036-fonts-unifont_1%3a15.1.01-1build1_all.deb ...
Unpacking fonts-unifont (1:15.1.01-1build1) ...
Selecting previously unselected package fonts-wqy-zenhei.
Preparing to unpack .../037-fonts-wqy-zenhei_0.9.45-8_all.deb ...
Unpacking fonts-wqy-zenhei (0.9.45-8) ...
Selecting previously unselected package libproxy1v5:amd64.
Preparing to unpack .../038-libproxy1v5_0.5.4-4build1_amd64.deb ...
Unpacking libproxy1v5:amd64 (0.5.4-4build1) ...
Selecting previously unselected package glib-networking-common.
Preparing to unpack .../039-glib-networking-common_2.80.0-1build1_all.deb ...
Unpacking glib-networking-common (2.80.0-1build1) ...
Selecting previously unselected package glib-networking-services.
Preparing to unpack .../040-glib-networking-services_2.80.0-1build1_amd64.deb ...
Unpacking glib-networking-services (2.80.0-1build1) ...
Selecting previously unselected package session-migration.
Preparing to unpack .../041-session-migration_0.3.9build1_amd64.deb ...
Unpacking session-migration (0.3.9build1) ...
Selecting previously unselected package gsettings-desktop-schemas.
Preparing to unpack .../042-gsettings-desktop-schemas_46.1-0ubuntu1_all.deb ...
Unpacking gsettings-desktop-schemas (46.1-0ubuntu1) ...
Selecting previously unselected package glib-networking:amd64.
Preparing to unpack .../043-glib-networking_2.80.0-1build1_amd64.deb ...
Unpacking glib-networking:amd64 (2.80.0-1build1) ...
Selecting previously unselected package libva2:amd64.
Preparing to unpack .../044-libva2_2.20.0-2build1_amd64.deb ...
Unpacking libva2:amd64 (2.20.0-2build1) ...
Selecting previously unselected package libva-drm2:amd64.
Preparing to unpack .../045-libva-drm2_2.20.0-2build1_amd64.deb ...
Unpacking libva-drm2:amd64 (2.20.0-2build1) ...
Selecting previously unselected package libx11-xcb1:amd64.
Preparing to unpack .../046-libx11-xcb1_2%3a1.8.7-1build1_amd64.deb ...
Unpacking libx11-xcb1:amd64 (2:1.8.7-1build1) ...
Selecting previously unselected package libxcb-dri3-0:amd64.
Preparing to unpack .../047-libxcb-dri3-0_1.15-1ubuntu2_amd64.deb ...
Unpacking libxcb-dri3-0:amd64 (1.15-1ubuntu2) ...
Selecting previously unselected package libxfixes3:amd64.
Preparing to unpack .../048-libxfixes3_1%3a6.0.0-2build1_amd64.deb ...
Unpacking libxfixes3:amd64 (1:6.0.0-2build1) ...
Selecting previously unselected package libva-x11-2:amd64.
Preparing to unpack .../049-libva-x11-2_2.20.0-2build1_amd64.deb ...
Unpacking libva-x11-2:amd64 (2.20.0-2build1) ...
Selecting previously unselected package libvdpau1:amd64.
Preparing to unpack .../050-libvdpau1_1.5-2build1_amd64.deb ...
Unpacking libvdpau1:amd64 (1.5-2build1) ...
Selecting previously unselected package libpciaccess0:amd64.
Preparing to unpack .../051-libpciaccess0_0.17-3ubuntu0.24.04.2_amd64.deb ...
Unpacking libpciaccess0:amd64 (0.17-3ubuntu0.24.04.2) ...
Selecting previously unselected package libdrm-intel1:amd64.
Preparing to unpack .../052-libdrm-intel1_2.4.122-1~ubuntu0.24.04.1_amd64.deb ...
Unpacking libdrm-intel1:amd64 (2.4.122-1~ubuntu0.24.04.1) ...
Selecting previously unselected package libwayland-client0:amd64.
Preparing to unpack .../053-libwayland-client0_1.22.0-2.1build1_amd64.deb ...
Unpacking libwayland-client0:amd64 (1.22.0-2.1build1) ...
Selecting previously unselected package libvpl2.
Preparing to unpack .../054-libvpl2_2023.3.0-1build1_amd64.deb ...
Unpacking libvpl2 (2023.3.0-1build1) ...
Selecting previously unselected package ocl-icd-libopencl1:amd64.
Preparing to unpack .../055-ocl-icd-libopencl1_2.3.2-1build1_amd64.deb ...
Unpacking ocl-icd-libopencl1:amd64 (2.3.2-1build1) ...
Selecting previously unselected package libavutil58:amd64.
Preparing to unpack .../056-libavutil58_7%3a6.1.1-3ubuntu5_amd64.deb ...
Unpacking libavutil58:amd64 (7:6.1.1-3ubuntu5) ...
Selecting previously unselected package libpixman-1-0:amd64.
Preparing to unpack .../057-libpixman-1-0_0.42.2-1build1_amd64.deb ...
Unpacking libpixman-1-0:amd64 (0.42.2-1build1) ...
Selecting previously unselected package libxcb-render0:amd64.
Preparing to unpack .../058-libxcb-render0_1.15-1ubuntu2_amd64.deb ...
Unpacking libxcb-render0:amd64 (1.15-1ubuntu2) ...
Selecting previously unselected package libxcb-shm0:amd64.
Preparing to unpack .../059-libxcb-shm0_1.15-1ubuntu2_amd64.deb ...
Unpacking libxcb-shm0:amd64 (1.15-1ubuntu2) ...
Selecting previously unselected package libxrender1:amd64.
Preparing to unpack .../060-libxrender1_1%3a0.9.10-1.1build1_amd64.deb ...
Unpacking libxrender1:amd64 (1:0.9.10-1.1build1) ...
Selecting previously unselected package libcairo2:amd64.
Preparing to unpack .../061-libcairo2_1.18.0-3build1_amd64.deb ...
Unpacking libcairo2:amd64 (1.18.0-3build1) ...
Selecting previously unselected package libcodec2-1.2:amd64.
Preparing to unpack .../062-libcodec2-1.2_1.2.0-2build1_amd64.deb ...
Unpacking libcodec2-1.2:amd64 (1.2.0-2build1) ...
Selecting previously unselected package libdav1d7:amd64.
Preparing to unpack .../063-libdav1d7_1.4.1-1build1_amd64.deb ...
Unpacking libdav1d7:amd64 (1.4.1-1build1) ...
Selecting previously unselected package libgsm1:amd64.
Preparing to unpack .../064-libgsm1_1.0.22-1build1_amd64.deb ...
Unpacking libgsm1:amd64 (1.0.22-1build1) ...
Selecting previously unselected package libhwy1t64:amd64.
Preparing to unpack .../065-libhwy1t64_1.0.7-8.1build1_amd64.deb ...
Unpacking libhwy1t64:amd64 (1.0.7-8.1build1) ...
Selecting previously unselected package liblcms2-2:amd64.
Preparing to unpack .../066-liblcms2-2_2.14-2build1_amd64.deb ...
Unpacking liblcms2-2:amd64 (2.14-2build1) ...
Selecting previously unselected package libjxl0.7:amd64.
Preparing to unpack .../067-libjxl0.7_0.7.0-10.2ubuntu6.1_amd64.deb ...
Unpacking libjxl0.7:amd64 (0.7.0-10.2ubuntu6.1) ...
Selecting previously unselected package libmp3lame0:amd64.
Preparing to unpack .../068-libmp3lame0_3.100-6build1_amd64.deb ...
Unpacking libmp3lame0:amd64 (3.100-6build1) ...
Selecting previously unselected package libopenjp2-7:amd64.
Preparing to unpack .../069-libopenjp2-7_2.5.0-2ubuntu0.4_amd64.deb ...
Unpacking libopenjp2-7:amd64 (2.5.0-2ubuntu0.4) ...
Selecting previously unselected package libopus0:amd64.
Preparing to unpack .../070-libopus0_1.4-1build1_amd64.deb ...
Unpacking libopus0:amd64 (1.4-1build1) ...
Selecting previously unselected package librav1e0:amd64.
Preparing to unpack .../071-librav1e0_0.7.1-2_amd64.deb ...
Unpacking librav1e0:amd64 (0.7.1-2) ...
Selecting previously unselected package libcairo-gobject2:amd64.
Preparing to unpack .../072-libcairo-gobject2_1.18.0-3build1_amd64.deb ...
Unpacking libcairo-gobject2:amd64 (1.18.0-3build1) ...
Selecting previously unselected package libgraphite2-3:amd64.
Preparing to unpack .../073-libgraphite2-3_1.3.14-2build1_amd64.deb ...
Unpacking libgraphite2-3:amd64 (1.3.14-2build1) ...
Selecting previously unselected package libharfbuzz0b:amd64.
Preparing to unpack .../074-libharfbuzz0b_8.3.0-2build2_amd64.deb ...
Unpacking libharfbuzz0b:amd64 (8.3.0-2build2) ...
Selecting previously unselected package libthai-data.
Preparing to unpack .../075-libthai-data_0.1.29-2build1_all.deb ...
Unpacking libthai-data (0.1.29-2build1) ...
Selecting previously unselected package libdatrie1:amd64.
Preparing to unpack .../076-libdatrie1_0.2.13-3build1_amd64.deb ...
Unpacking libdatrie1:amd64 (0.2.13-3build1) ...
Selecting previously unselected package libthai0:amd64.
Preparing to unpack .../077-libthai0_0.1.29-2build1_amd64.deb ...
Unpacking libthai0:amd64 (0.1.29-2build1) ...
Selecting previously unselected package libpango-1.0-0:amd64.
Preparing to unpack .../078-libpango-1.0-0_1.52.1+ds-1build1_amd64.deb ...
Unpacking libpango-1.0-0:amd64 (1.52.1+ds-1build1) ...
Selecting previously unselected package libpangoft2-1.0-0:amd64.
Preparing to unpack .../079-libpangoft2-1.0-0_1.52.1+ds-1build1_amd64.deb ...
Unpacking libpangoft2-1.0-0:amd64 (1.52.1+ds-1build1) ...
Selecting previously unselected package libpangocairo-1.0-0:amd64.
Preparing to unpack .../080-libpangocairo-1.0-0_1.52.1+ds-1build1_amd64.deb ...
Unpacking libpangocairo-1.0-0:amd64 (1.52.1+ds-1build1) ...
Selecting previously unselected package librsvg2-2:amd64.
Preparing to unpack .../081-librsvg2-2_2.58.0+dfsg-1build1_amd64.deb ...
Unpacking librsvg2-2:amd64 (2.58.0+dfsg-1build1) ...
Selecting previously unselected package libshine3:amd64.
Preparing to unpack .../082-libshine3_3.1.1-2build1_amd64.deb ...
Unpacking libshine3:amd64 (3.1.1-2build1) ...
Selecting previously unselected package libsnappy1v5:amd64.
Preparing to unpack .../083-libsnappy1v5_1.1.10-1build1_amd64.deb ...
Unpacking libsnappy1v5:amd64 (1.1.10-1build1) ...
Selecting previously unselected package libspeex1:amd64.
Preparing to unpack .../084-libspeex1_1.2.1-2ubuntu2.24.04.1_amd64.deb ...
Unpacking libspeex1:amd64 (1.2.1-2ubuntu2.24.04.1) ...
Selecting previously unselected package libsvtav1enc1d1:amd64.
Preparing to unpack .../085-libsvtav1enc1d1_1.7.0+dfsg-2build1_amd64.deb ...
Unpacking libsvtav1enc1d1:amd64 (1.7.0+dfsg-2build1) ...
Selecting previously unselected package libsoxr0:amd64.
Preparing to unpack .../086-libsoxr0_0.1.3-4build3_amd64.deb ...
Unpacking libsoxr0:amd64 (0.1.3-4build3) ...
Selecting previously unselected package libswresample4:amd64.
Preparing to unpack .../087-libswresample4_7%3a6.1.1-3ubuntu5_amd64.deb ...
Unpacking libswresample4:amd64 (7:6.1.1-3ubuntu5) ...
Selecting previously unselected package libogg0:amd64.
Preparing to unpack .../088-libogg0_1.3.5-3build1_amd64.deb ...
Unpacking libogg0:amd64 (1.3.5-3build1) ...
Selecting previously unselected package libtheora0:amd64.
Preparing to unpack .../089-libtheora0_1.1.1+dfsg.1-16.1build3_amd64.deb ...
Unpacking libtheora0:amd64 (1.1.1+dfsg.1-16.1build3) ...
Selecting previously unselected package libtwolame0:amd64.
Preparing to unpack .../090-libtwolame0_0.4.0-2build3_amd64.deb ...
Unpacking libtwolame0:amd64 (0.4.0-2build3) ...
Selecting previously unselected package libvorbis0a:amd64.
Preparing to unpack .../091-libvorbis0a_1.3.7-1build3_amd64.deb ...
Unpacking libvorbis0a:amd64 (1.3.7-1build3) ...
Selecting previously unselected package libvorbisenc2:amd64.
Preparing to unpack .../092-libvorbisenc2_1.3.7-1build3_amd64.deb ...
Unpacking libvorbisenc2:amd64 (1.3.7-1build3) ...
Selecting previously unselected package libvpx9:amd64.
Preparing to unpack .../093-libvpx9_1.14.0-1ubuntu2.2_amd64.deb ...
Unpacking libvpx9:amd64 (1.14.0-1ubuntu2.2) ...
Selecting previously unselected package libwebpmux3:amd64.
Preparing to unpack .../094-libwebpmux3_1.3.2-0.4build3_amd64.deb ...
Unpacking libwebpmux3:amd64 (1.3.2-0.4build3) ...
Selecting previously unselected package libx264-164:amd64.
Preparing to unpack .../095-libx264-164_2%3a0.164.3108+git31e19f9-1_amd64.deb ...
Unpacking libx264-164:amd64 (2:0.164.3108+git31e19f9-1) ...
Selecting previously unselected package libx265-199:amd64.
Preparing to unpack .../096-libx265-199_3.5-2build1_amd64.deb ...
Unpacking libx265-199:amd64 (3.5-2build1) ...
Selecting previously unselected package libxvidcore4:amd64.
Preparing to unpack .../097-libxvidcore4_2%3a1.3.7-1build1_amd64.deb ...
Unpacking libxvidcore4:amd64 (2:1.3.7-1build1) ...
Selecting previously unselected package libzvbi-common.
Preparing to unpack .../098-libzvbi-common_0.2.42-2_all.deb ...
Unpacking libzvbi-common (0.2.42-2) ...
Selecting previously unselected package libzvbi0t64:amd64.
Preparing to unpack .../099-libzvbi0t64_0.2.42-2_amd64.deb ...
Unpacking libzvbi0t64:amd64 (0.2.42-2) ...
Selecting previously unselected package libavcodec60:amd64.
Preparing to unpack .../100-libavcodec60_7%3a6.1.1-3ubuntu5_amd64.deb ...
Unpacking libavcodec60:amd64 (7:6.1.1-3ubuntu5) ...
Selecting previously unselected package libunibreak5:amd64.
Preparing to unpack .../101-libunibreak5_5.1-2build1_amd64.deb ...
Unpacking libunibreak5:amd64 (5.1-2build1) ...
Selecting previously unselected package libass9:amd64.
Preparing to unpack .../102-libass9_1%3a0.17.1-2build1_amd64.deb ...
Unpacking libass9:amd64 (1:0.17.1-2build1) ...
Selecting previously unselected package libudfread0:amd64.
Preparing to unpack .../103-libudfread0_1.1.2-1build1_amd64.deb ...
Unpacking libudfread0:amd64 (1.1.2-1build1) ...
Selecting previously unselected package libbluray2:amd64.
Preparing to unpack .../104-libbluray2_1%3a1.3.4-1build1_amd64.deb ...
Unpacking libbluray2:amd64 (1:1.3.4-1build1) ...
Selecting previously unselected package libchromaprint1:amd64.
Preparing to unpack .../105-libchromaprint1_1.5.1-5_amd64.deb ...
Unpacking libchromaprint1:amd64 (1.5.1-5) ...
Selecting previously unselected package libgme0:amd64.
Preparing to unpack .../106-libgme0_0.6.3-7build1_amd64.deb ...
Unpacking libgme0:amd64 (0.6.3-7build1) ...
Selecting previously unselected package libmpg123-0t64:amd64.
Preparing to unpack .../107-libmpg123-0t64_1.32.5-1ubuntu1.1_amd64.deb ...
Unpacking libmpg123-0t64:amd64 (1.32.5-1ubuntu1.1) ...
Selecting previously unselected package libvorbisfile3:amd64.
Preparing to unpack .../108-libvorbisfile3_1.3.7-1build3_amd64.deb ...
Unpacking libvorbisfile3:amd64 (1.3.7-1build3) ...
Selecting previously unselected package libopenmpt0t64:amd64.
Preparing to unpack .../109-libopenmpt0t64_0.7.3-1.1build3_amd64.deb ...
Unpacking libopenmpt0t64:amd64 (0.7.3-1.1build3) ...
Selecting previously unselected package librabbitmq4:amd64.
Preparing to unpack .../110-librabbitmq4_0.11.0-1build2_amd64.deb ...
Unpacking librabbitmq4:amd64 (0.11.0-1build2) ...
Selecting previously unselected package libcjson1:amd64.
Preparing to unpack .../111-libcjson1_1.7.17-1_amd64.deb ...
Unpacking libcjson1:amd64 (1.7.17-1) ...
Selecting previously unselected package libmbedcrypto7t64:amd64.
Preparing to unpack .../112-libmbedcrypto7t64_2.28.8-1_amd64.deb ...
Unpacking libmbedcrypto7t64:amd64 (2.28.8-1) ...
Selecting previously unselected package librist4:amd64.
Preparing to unpack .../113-librist4_0.2.10+dfsg-2_amd64.deb ...
Unpacking librist4:amd64 (0.2.10+dfsg-2) ...
Selecting previously unselected package libsrt1.5-gnutls:amd64.
Preparing to unpack .../114-libsrt1.5-gnutls_1.5.3-1build2_amd64.deb ...
Unpacking libsrt1.5-gnutls:amd64 (1.5.3-1build2) ...
Selecting previously unselected package libssh-gcrypt-4:amd64.
Preparing to unpack .../115-libssh-gcrypt-4_0.10.6-2ubuntu0.1_amd64.deb ...
Unpacking libssh-gcrypt-4:amd64 (0.10.6-2ubuntu0.1) ...
Selecting previously unselected package libnorm1t64:amd64.
Preparing to unpack .../116-libnorm1t64_1.5.9+dfsg-3.1build1_amd64.deb ...
Unpacking libnorm1t64:amd64 (1.5.9+dfsg-3.1build1) ...
Selecting previously unselected package libpgm-5.3-0t64:amd64.
Preparing to unpack .../117-libpgm-5.3-0t64_5.3.128~dfsg-2.1build1_amd64.deb ...
Unpacking libpgm-5.3-0t64:amd64 (5.3.128~dfsg-2.1build1) ...
Selecting previously unselected package libzmq5:amd64.
Preparing to unpack .../118-libzmq5_4.3.5-1build2_amd64.deb ...
Unpacking libzmq5:amd64 (4.3.5-1build2) ...
Selecting previously unselected package libavformat60:amd64.
Preparing to unpack .../119-libavformat60_7%3a6.1.1-3ubuntu5_amd64.deb ...
Unpacking libavformat60:amd64 (7:6.1.1-3ubuntu5) ...
Selecting previously unselected package libbs2b0:amd64.
Preparing to unpack .../120-libbs2b0_3.1.0+dfsg-7build1_amd64.deb ...
Unpacking libbs2b0:amd64 (3.1.0+dfsg-7build1) ...
Selecting previously unselected package libasound2-data.
Preparing to unpack .../121-libasound2-data_1.2.11-1ubuntu0.1_all.deb ...
Unpacking libasound2-data (1.2.11-1ubuntu0.1) ...
Selecting previously unselected package libasound2t64:amd64.
Preparing to unpack .../122-libasound2t64_1.2.11-1ubuntu0.1_amd64.deb ...
Unpacking libasound2t64:amd64 (1.2.11-1ubuntu0.1) ...
Selecting previously unselected package libflite1:amd64.
Preparing to unpack .../123-libflite1_2.2-6build3_amd64.deb ...
Unpacking libflite1:amd64 (2.2-6build3) ...
Selecting previously unselected package libserd-0-0:amd64.
Preparing to unpack .../124-libserd-0-0_0.32.2-1_amd64.deb ...
Unpacking libserd-0-0:amd64 (0.32.2-1) ...
Selecting previously unselected package libzix-0-0:amd64.
Preparing to unpack .../125-libzix-0-0_0.4.2-2build1_amd64.deb ...
Unpacking libzix-0-0:amd64 (0.4.2-2build1) ...
Selecting previously unselected package libsord-0-0:amd64.
Preparing to unpack .../126-libsord-0-0_0.16.16-2build1_amd64.deb ...
Unpacking libsord-0-0:amd64 (0.16.16-2build1) ...
Selecting previously unselected package libsratom-0-0:amd64.
Preparing to unpack .../127-libsratom-0-0_0.6.16-1build1_amd64.deb ...
Unpacking libsratom-0-0:amd64 (0.6.16-1build1) ...
Selecting previously unselected package liblilv-0-0:amd64.
Preparing to unpack .../128-liblilv-0-0_0.24.22-1build1_amd64.deb ...
Unpacking liblilv-0-0:amd64 (0.24.22-1build1) ...
Selecting previously unselected package libmysofa1:amd64.
Preparing to unpack .../129-libmysofa1_1.3.2+dfsg-2ubuntu2_amd64.deb ...
Unpacking libmysofa1:amd64 (1.3.2+dfsg-2ubuntu2) ...
Selecting previously unselected package libvulkan1:amd64.
Preparing to unpack .../130-libvulkan1_1.3.275.0-1build1_amd64.deb ...
Unpacking libvulkan1:amd64 (1.3.275.0-1build1) ...
Selecting previously unselected package libplacebo338:amd64.
Preparing to unpack .../131-libplacebo338_6.338.2-2build1_amd64.deb ...
Unpacking libplacebo338:amd64 (6.338.2-2build1) ...
Selecting previously unselected package libblas3:amd64.
Preparing to unpack .../132-libblas3_3.12.0-3build1.1_amd64.deb ...
Unpacking libblas3:amd64 (3.12.0-3build1.1) ...
Selecting previously unselected package libgfortran5:amd64.
Preparing to unpack .../133-libgfortran5_14.2.0-4ubuntu2~24.04_amd64.deb ...
Unpacking libgfortran5:amd64 (14.2.0-4ubuntu2~24.04) ...
Selecting previously unselected package liblapack3:amd64.
Preparing to unpack .../134-liblapack3_3.12.0-3build1.1_amd64.deb ...
Unpacking liblapack3:amd64 (3.12.0-3build1.1) ...
Selecting previously unselected package libasyncns0:amd64.
Preparing to unpack .../135-libasyncns0_0.8-6build4_amd64.deb ...
Unpacking libasyncns0:amd64 (0.8-6build4) ...
Selecting previously unselected package libflac12t64:amd64.
Preparing to unpack .../136-libflac12t64_1.4.3+ds-2.1ubuntu2_amd64.deb ...
Unpacking libflac12t64:amd64 (1.4.3+ds-2.1ubuntu2) ...
Selecting previously unselected package libsndfile1:amd64.
Preparing to unpack .../137-libsndfile1_1.2.2-1ubuntu5.24.04.1_amd64.deb ...
Unpacking libsndfile1:amd64 (1.2.2-1ubuntu5.24.04.1) ...
Selecting previously unselected package libpulse0:amd64.
Preparing to unpack .../138-libpulse0_1%3a16.1+dfsg1-2ubuntu10.1_amd64.deb ...
Unpacking libpulse0:amd64 (1:16.1+dfsg1-2ubuntu10.1) ...
Selecting previously unselected package libsphinxbase3t64:amd64.
Preparing to unpack .../139-libsphinxbase3t64_0.8+5prealpha+1-17build2_amd64.deb ...
Unpacking libsphinxbase3t64:amd64 (0.8+5prealpha+1-17build2) ...
Selecting previously unselected package libpocketsphinx3:amd64.
Preparing to unpack .../140-libpocketsphinx3_0.8.0+real5prealpha+1-15ubuntu5_amd64.deb ...
Unpacking libpocketsphinx3:amd64 (0.8.0+real5prealpha+1-15ubuntu5) ...
Selecting previously unselected package libpostproc57:amd64.
Preparing to unpack .../141-libpostproc57_7%3a6.1.1-3ubuntu5_amd64.deb ...
Unpacking libpostproc57:amd64 (7:6.1.1-3ubuntu5) ...
Selecting previously unselected package libfftw3-double3:amd64.
Preparing to unpack .../142-libfftw3-double3_3.3.10-1ubuntu3_amd64.deb ...
Unpacking libfftw3-double3:amd64 (3.3.10-1ubuntu3) ...
Selecting previously unselected package libsamplerate0:amd64.
Preparing to unpack .../143-libsamplerate0_0.2.2-4build1_amd64.deb ...
Unpacking libsamplerate0:amd64 (0.2.2-4build1) ...
Selecting previously unselected package librubberband2:amd64.
Preparing to unpack .../144-librubberband2_3.3.0+dfsg-2build1_amd64.deb ...
Unpacking librubberband2:amd64 (3.3.0+dfsg-2build1) ...
Selecting previously unselected package libswscale7:amd64.
Preparing to unpack .../145-libswscale7_7%3a6.1.1-3ubuntu5_amd64.deb ...
Unpacking libswscale7:amd64 (7:6.1.1-3ubuntu5) ...
Selecting previously unselected package libvidstab1.1:amd64.
Preparing to unpack .../146-libvidstab1.1_1.1.0-2build1_amd64.deb ...
Unpacking libvidstab1.1:amd64 (1.1.0-2build1) ...
Selecting previously unselected package libzimg2:amd64.
Preparing to unpack .../147-libzimg2_3.0.5+ds1-1build1_amd64.deb ...
Unpacking libzimg2:amd64 (3.0.5+ds1-1build1) ...
Selecting previously unselected package libavfilter9:amd64.
Preparing to unpack .../148-libavfilter9_7%3a6.1.1-3ubuntu5_amd64.deb ...
Unpacking libavfilter9:amd64 (7:6.1.1-3ubuntu5) ...
Selecting previously unselected package liborc-0.4-0t64:amd64.
Preparing to unpack .../149-liborc-0.4-0t64_1%3a0.4.38-1ubuntu0.1_amd64.deb ...
Unpacking liborc-0.4-0t64:amd64 (1:0.4.38-1ubuntu0.1) ...
Selecting previously unselected package libgstreamer-plugins-base1.0-0:amd64.
Preparing to unpack .../150-libgstreamer-plugins-base1.0-0_1.24.2-1ubuntu0.3_amd64.deb ...
Unpacking libgstreamer-plugins-base1.0-0:amd64 (1.24.2-1ubuntu0.3) ...
Selecting previously unselected package gstreamer1.0-libav:amd64.
Preparing to unpack .../151-gstreamer1.0-libav_1.24.1-1build1_amd64.deb ...
Unpacking gstreamer1.0-libav:amd64 (1.24.1-1build1) ...
Selecting previously unselected package libcdparanoia0:amd64.
Preparing to unpack .../152-libcdparanoia0_3.10.2+debian-14build3_amd64.deb ...
Unpacking libcdparanoia0:amd64 (3.10.2+debian-14build3) ...
Selecting previously unselected package libvisual-0.4-0:amd64.
Preparing to unpack .../153-libvisual-0.4-0_0.4.2-2build1_amd64.deb ...
Unpacking libvisual-0.4-0:amd64 (0.4.2-2build1) ...
Selecting previously unselected package gstreamer1.0-plugins-base:amd64.
Preparing to unpack .../154-gstreamer1.0-plugins-base_1.24.2-1ubuntu0.3_amd64.deb ...
Unpacking gstreamer1.0-plugins-base:amd64 (1.24.2-1ubuntu0.3) ...
Selecting previously unselected package libaa1:amd64.
Preparing to unpack .../155-libaa1_1.4p5-51.1_amd64.deb ...
Unpacking libaa1:amd64 (1.4p5-51.1) ...
Selecting previously unselected package libraw1394-11:amd64.
Preparing to unpack .../156-libraw1394-11_2.1.2-2build3_amd64.deb ...
Unpacking libraw1394-11:amd64 (2.1.2-2build3) ...
Selecting previously unselected package libavc1394-0:amd64.
Preparing to unpack .../157-libavc1394-0_0.5.4-5build3_amd64.deb ...
Unpacking libavc1394-0:amd64 (0.5.4-5build3) ...
Selecting previously unselected package libcaca0:amd64.
Preparing to unpack .../158-libcaca0_0.99.beta20-4build2_amd64.deb ...
Unpacking libcaca0:amd64 (0.99.beta20-4build2) ...
Selecting previously unselected package libdv4t64:amd64.
Preparing to unpack .../159-libdv4t64_1.0.0-17.1build1_amd64.deb ...
Unpacking libdv4t64:amd64 (1.0.0-17.1build1) ...
Selecting previously unselected package libgstreamer-plugins-good1.0-0:amd64.
Preparing to unpack .../160-libgstreamer-plugins-good1.0-0_1.24.2-1ubuntu1.2_amd64.deb ...
Unpacking libgstreamer-plugins-good1.0-0:amd64 (1.24.2-1ubuntu1.2) ...
Selecting previously unselected package libgudev-1.0-0:amd64.
Preparing to unpack .../161-libgudev-1.0-0_1%3a238-5ubuntu1_amd64.deb ...
Unpacking libgudev-1.0-0:amd64 (1:238-5ubuntu1) ...
Selecting previously unselected package libiec61883-0:amd64.
Preparing to unpack .../162-libiec61883-0_1.2.0-6build1_amd64.deb ...
Unpacking libiec61883-0:amd64 (1.2.0-6build1) ...
Selecting previously unselected package libshout3:amd64.
Preparing to unpack .../163-libshout3_2.4.6-1build2_amd64.deb ...
Unpacking libshout3:amd64 (2.4.6-1build2) ...
Selecting previously unselected package libtag1v5-vanilla:amd64.
Preparing to unpack .../164-libtag1v5-vanilla_1.13.1-1build1_amd64.deb ...
Unpacking libtag1v5-vanilla:amd64 (1.13.1-1build1) ...
Selecting previously unselected package libtag1v5:amd64.
Preparing to unpack .../165-libtag1v5_1.13.1-1build1_amd64.deb ...
Unpacking libtag1v5:amd64 (1.13.1-1build1) ...
Selecting previously unselected package libv4lconvert0t64:amd64.
Preparing to unpack .../166-libv4lconvert0t64_1.26.1-4build3_amd64.deb ...
Unpacking libv4lconvert0t64:amd64 (1.26.1-4build3) ...
Selecting previously unselected package libv4l-0t64:amd64.
Preparing to unpack .../167-libv4l-0t64_1.26.1-4build3_amd64.deb ...
Unpacking libv4l-0t64:amd64 (1.26.1-4build3) ...
Selecting previously unselected package libwavpack1:amd64.
Preparing to unpack .../168-libwavpack1_5.6.0-1build1_amd64.deb ...
Unpacking libwavpack1:amd64 (5.6.0-1build1) ...
Selecting previously unselected package libxdamage1:amd64.
Preparing to unpack .../169-libxdamage1_1%3a1.1.6-1build1_amd64.deb ...
Unpacking libxdamage1:amd64 (1:1.1.6-1build1) ...
Selecting previously unselected package x11-common.
Preparing to unpack .../170-x11-common_1%3a7.7+23ubuntu3_all.deb ...
Unpacking x11-common (1:7.7+23ubuntu3) ...
Selecting previously unselected package libxtst6:amd64.
Preparing to unpack .../171-libxtst6_2%3a1.2.3-1.1build1_amd64.deb ...
Unpacking libxtst6:amd64 (2:1.2.3-1.1build1) ...
Selecting previously unselected package libsoup-3.0-common.
Preparing to unpack .../172-libsoup-3.0-common_3.4.4-5ubuntu0.5_all.deb ...
Unpacking libsoup-3.0-common (3.4.4-5ubuntu0.5) ...
Selecting previously unselected package libsoup-3.0-0:amd64.
Preparing to unpack .../173-libsoup-3.0-0_3.4.4-5ubuntu0.5_amd64.deb ...
Unpacking libsoup-3.0-0:amd64 (3.4.4-5ubuntu0.5) ...
Selecting previously unselected package gstreamer1.0-plugins-good:amd64.
Preparing to unpack .../174-gstreamer1.0-plugins-good_1.24.2-1ubuntu1.2_amd64.deb ...
Unpacking gstreamer1.0-plugins-good:amd64 (1.24.2-1ubuntu1.2) ...
Selecting previously unselected package hunspell-en-us.
Preparing to unpack .../175-hunspell-en-us_1%3a2020.12.07-2_all.deb ...
Unpacking hunspell-en-us (1:2020.12.07-2) ...
Selecting previously unselected package libabsl20220623t64:amd64.
Preparing to unpack .../176-libabsl20220623t64_20220623.1-3.1ubuntu3.2_amd64.deb ...
Unpacking libabsl20220623t64:amd64 (20220623.1-3.1ubuntu3.2) ...
Selecting previously unselected package libaspell15:amd64.
Preparing to unpack .../177-libaspell15_0.60.8.1-1build1_amd64.deb ...
Unpacking libaspell15:amd64 (0.60.8.1-1build1) ...
Selecting previously unselected package libatk1.0-0t64:amd64.
Preparing to unpack .../178-libatk1.0-0t64_2.52.0-1build1_amd64.deb ...
Unpacking libatk1.0-0t64:amd64 (2.52.0-1build1) ...
Selecting previously unselected package libxi6:amd64.
Preparing to unpack .../179-libxi6_2%3a1.8.1-1build1_amd64.deb ...
Unpacking libxi6:amd64 (2:1.8.1-1build1) ...
Selecting previously unselected package libatspi2.0-0t64:amd64.
Preparing to unpack .../180-libatspi2.0-0t64_2.52.0-1build1_amd64.deb ...
Unpacking libatspi2.0-0t64:amd64 (2.52.0-1build1) ...
Selecting previously unselected package libatk-bridge2.0-0t64:amd64.
Preparing to unpack .../181-libatk-bridge2.0-0t64_2.52.0-1build1_amd64.deb ...
Unpacking libatk-bridge2.0-0t64:amd64 (2.52.0-1build1) ...
Selecting previously unselected package libavahi-common-data:amd64.
Preparing to unpack .../182-libavahi-common-data_0.8-13ubuntu6_amd64.deb ...
Unpacking libavahi-common-data:amd64 (0.8-13ubuntu6) ...
Selecting previously unselected package libavahi-common3:amd64.
Preparing to unpack .../183-libavahi-common3_0.8-13ubuntu6_amd64.deb ...
Unpacking libavahi-common3:amd64 (0.8-13ubuntu6) ...
Selecting previously unselected package libavahi-client3:amd64.
Preparing to unpack .../184-libavahi-client3_0.8-13ubuntu6_amd64.deb ...
Unpacking libavahi-client3:amd64 (0.8-13ubuntu6) ...
Selecting previously unselected package libgav1-1:amd64.
Preparing to unpack .../185-libgav1-1_0.18.0-1build3_amd64.deb ...
Unpacking libgav1-1:amd64 (0.18.0-1build3) ...
Selecting previously unselected package libyuv0:amd64.
Preparing to unpack .../186-libyuv0_0.0~git202401110.af6ac82-1_amd64.deb ...
Unpacking libyuv0:amd64 (0.0~git202401110.af6ac82-1) ...
Selecting previously unselected package libavif16:amd64.
Preparing to unpack .../187-libavif16_1.0.4-1ubuntu3_amd64.deb ...
Unpacking libavif16:amd64 (1.0.4-1ubuntu3) ...
Selecting previously unselected package libavtp0:amd64.
Preparing to unpack .../188-libavtp0_0.2.0-1build1_amd64.deb ...
Unpacking libavtp0:amd64 (0.2.0-1build1) ...
Selecting previously unselected package liblzo2-2:amd64.
Preparing to unpack .../189-liblzo2-2_2.10-2build4_amd64.deb ...
Unpacking liblzo2-2:amd64 (2.10-2build4) ...
Selecting previously unselected package libcairo-script-interpreter2:amd64.
Preparing to unpack .../190-libcairo-script-interpreter2_1.18.0-3build1_amd64.deb ...
Unpacking libcairo-script-interpreter2:amd64 (1.18.0-3build1) ...
Selecting previously unselected package libcolord2:amd64.
Preparing to unpack .../191-libcolord2_1.4.7-1build2_amd64.deb ...
Unpacking libcolord2:amd64 (1.4.7-1build2) ...
Selecting previously unselected package libcups2t64:amd64.
Preparing to unpack .../192-libcups2t64_2.4.7-1.2ubuntu7.4_amd64.deb ...
Unpacking libcups2t64:amd64 (2.4.7-1.2ubuntu7.4) ...
Selecting previously unselected package libdc1394-25:amd64.
Preparing to unpack .../193-libdc1394-25_2.2.6-4build1_amd64.deb ...
Unpacking libdc1394-25:amd64 (2.2.6-4build1) ...
Selecting previously unselected package libdecor-0-0:amd64.
Preparing to unpack .../194-libdecor-0-0_0.2.2-1build2_amd64.deb ...
Unpacking libdecor-0-0:amd64 (0.2.2-1build2) ...
Selecting previously unselected package libglvnd0:amd64.
Preparing to unpack .../195-libglvnd0_1.7.0-1build1_amd64.deb ...
Unpacking libglvnd0:amd64 (1.7.0-1build1) ...
Selecting previously unselected package libxcb-glx0:amd64.
Preparing to unpack .../196-libxcb-glx0_1.15-1ubuntu2_amd64.deb ...
Unpacking libxcb-glx0:amd64 (1.15-1ubuntu2) ...
Selecting previously unselected package libxcb-present0:amd64.
Preparing to unpack .../197-libxcb-present0_1.15-1ubuntu2_amd64.deb ...
Unpacking libxcb-present0:amd64 (1.15-1ubuntu2) ...
Selecting previously unselected package libxcb-xfixes0:amd64.
Preparing to unpack .../198-libxcb-xfixes0_1.15-1ubuntu2_amd64.deb ...
Unpacking libxcb-xfixes0:amd64 (1.15-1ubuntu2) ...
Selecting previously unselected package libxxf86vm1:amd64.
Preparing to unpack .../199-libxxf86vm1_1%3a1.1.4-1build4_amd64.deb ...
Unpacking libxxf86vm1:amd64 (1:1.1.4-1build4) ...
Selecting previously unselected package libdrm-amdgpu1:amd64.
Preparing to unpack .../200-libdrm-amdgpu1_2.4.122-1~ubuntu0.24.04.1_amd64.deb ...
Unpacking libdrm-amdgpu1:amd64 (2.4.122-1~ubuntu0.24.04.1) ...
Selecting previously unselected package libllvm20:amd64.
Preparing to unpack .../201-libllvm20_1%3a20.1.2-0ubuntu1~24.04.2_amd64.deb ...
Unpacking libllvm20:amd64 (1:20.1.2-0ubuntu1~24.04.2) ...
Selecting previously unselected package libxcb-randr0:amd64.
Preparing to unpack .../202-libxcb-randr0_1.15-1ubuntu2_amd64.deb ...
Unpacking libxcb-randr0:amd64 (1.15-1ubuntu2) ...
Selecting previously unselected package libxcb-sync1:amd64.
Preparing to unpack .../203-libxcb-sync1_1.15-1ubuntu2_amd64.deb ...
Unpacking libxcb-sync1:amd64 (1.15-1ubuntu2) ...
Selecting previously unselected package libxshmfence1:amd64.
Preparing to unpack .../204-libxshmfence1_1.3-1build5_amd64.deb ...
Unpacking libxshmfence1:amd64 (1.3-1build5) ...
Selecting previously unselected package mesa-libgallium:amd64.
Preparing to unpack .../205-mesa-libgallium_25.0.7-0ubuntu0.24.04.2_amd64.deb ...
Unpacking mesa-libgallium:amd64 (25.0.7-0ubuntu0.24.04.2) ...
Selecting previously unselected package libwayland-server0:amd64.
Preparing to unpack .../206-libwayland-server0_1.22.0-2.1build1_amd64.deb ...
Unpacking libwayland-server0:amd64 (1.22.0-2.1build1) ...
Selecting previously unselected package libgbm1:amd64.
Preparing to unpack .../207-libgbm1_25.0.7-0ubuntu0.24.04.2_amd64.deb ...
Unpacking libgbm1:amd64 (25.0.7-0ubuntu0.24.04.2) ...
Selecting previously unselected package libgl1-mesa-dri:amd64.
Preparing to unpack .../208-libgl1-mesa-dri_25.0.7-0ubuntu0.24.04.2_amd64.deb ...
Unpacking libgl1-mesa-dri:amd64 (25.0.7-0ubuntu0.24.04.2) ...
Selecting previously unselected package libglx-mesa0:amd64.
Preparing to unpack .../209-libglx-mesa0_25.0.7-0ubuntu0.24.04.2_amd64.deb ...
Unpacking libglx-mesa0:amd64 (25.0.7-0ubuntu0.24.04.2) ...
Selecting previously unselected package libglx0:amd64.
Preparing to unpack .../210-libglx0_1.7.0-1build1_amd64.deb ...
Unpacking libglx0:amd64 (1.7.0-1build1) ...
Selecting previously unselected package libgl1:amd64.
Preparing to unpack .../211-libgl1_1.7.0-1build1_amd64.deb ...
Unpacking libgl1:amd64 (1.7.0-1build1) ...
Selecting previously unselected package libgles2:amd64.
Preparing to unpack .../212-libgles2_1.7.0-1build1_amd64.deb ...
Unpacking libgles2:amd64 (1.7.0-1build1) ...
Selecting previously unselected package libdirectfb-1.7-7t64:amd64.
Preparing to unpack .../213-libdirectfb-1.7-7t64_1.7.7-11.1ubuntu2_amd64.deb ...
Unpacking libdirectfb-1.7-7t64:amd64 (1.7.7-11.1ubuntu2) ...
Selecting previously unselected package libdvdread8t64:amd64.
Preparing to unpack .../214-libdvdread8t64_6.1.3-1.1build1_amd64.deb ...
Unpacking libdvdread8t64:amd64 (6.1.3-1.1build1) ...
Selecting previously unselected package libdvdnav4:amd64.
Preparing to unpack .../215-libdvdnav4_6.1.1-3build1_amd64.deb ...
Unpacking libdvdnav4:amd64 (6.1.1-3build1) ...
Selecting previously unselected package libegl-mesa0:amd64.
Preparing to unpack .../216-libegl-mesa0_25.0.7-0ubuntu0.24.04.2_amd64.deb ...
Unpacking libegl-mesa0:amd64 (25.0.7-0ubuntu0.24.04.2) ...
Selecting previously unselected package libhunspell-1.7-0:amd64.
Preparing to unpack .../217-libhunspell-1.7-0_1.7.2+really1.7.2-10build3_amd64.deb ...
Unpacking libhunspell-1.7-0:amd64 (1.7.2+really1.7.2-10build3) ...
Selecting previously unselected package libenchant-2-2:amd64.
Preparing to unpack .../218-libenchant-2-2_2.3.3-2build2_amd64.deb ...
Unpacking libenchant-2-2:amd64 (2.3.3-2build2) ...
Selecting previously unselected package libepoxy0:amd64.
Preparing to unpack .../219-libepoxy0_1.5.10-1build1_amd64.deb ...
Unpacking libepoxy0:amd64 (1.5.10-1build1) ...
Selecting previously unselected package libevent-2.1-7t64:amd64.
Preparing to unpack .../220-libevent-2.1-7t64_2.1.12-stable-9ubuntu2_amd64.deb ...
Unpacking libevent-2.1-7t64:amd64 (2.1.12-stable-9ubuntu2) ...
Selecting previously unselected package libfaad2:amd64.
Preparing to unpack .../221-libfaad2_2.11.1-1build1_amd64.deb ...
Unpacking libfaad2:amd64 (2.11.1-1build1) ...
Selecting previously unselected package libinstpatch-1.0-2:amd64.
Preparing to unpack .../222-libinstpatch-1.0-2_1.1.6-1build2_amd64.deb ...
Unpacking libinstpatch-1.0-2:amd64 (1.1.6-1build2) ...
Selecting previously unselected package libjack-jackd2-0:amd64.
Preparing to unpack .../223-libjack-jackd2-0_1.9.21~dfsg-3ubuntu3_amd64.deb ...
Unpacking libjack-jackd2-0:amd64 (1.9.21~dfsg-3ubuntu3) ...
Selecting previously unselected package libwebrtc-audio-processing1:amd64.
Preparing to unpack .../224-libwebrtc-audio-processing1_0.3.1-0ubuntu6_amd64.deb ...
Unpacking libwebrtc-audio-processing1:amd64 (0.3.1-0ubuntu6) ...
Selecting previously unselected package libspa-0.2-modules:amd64.
Preparing to unpack .../225-libspa-0.2-modules_1.0.5-1ubuntu3.1_amd64.deb ...
Unpacking libspa-0.2-modules:amd64 (1.0.5-1ubuntu3.1) ...
Selecting previously unselected package libpipewire-0.3-0t64:amd64.
Preparing to unpack .../226-libpipewire-0.3-0t64_1.0.5-1ubuntu3.1_amd64.deb ...
Unpacking libpipewire-0.3-0t64:amd64 (1.0.5-1ubuntu3.1) ...
Selecting previously unselected package libwayland-cursor0:amd64.
Preparing to unpack .../227-libwayland-cursor0_1.22.0-2.1build1_amd64.deb ...
Unpacking libwayland-cursor0:amd64 (1.22.0-2.1build1) ...
Selecting previously unselected package libwayland-egl1:amd64.
Preparing to unpack .../228-libwayland-egl1_1.22.0-2.1build1_amd64.deb ...
Unpacking libwayland-egl1:amd64 (1.22.0-2.1build1) ...
Selecting previously unselected package libxcursor1:amd64.
Preparing to unpack .../229-libxcursor1_1%3a1.2.1-1build1_amd64.deb ...
Unpacking libxcursor1:amd64 (1:1.2.1-1build1) ...
Selecting previously unselected package libxrandr2:amd64.
Preparing to unpack .../230-libxrandr2_2%3a1.5.2-2build1_amd64.deb ...
Unpacking libxrandr2:amd64 (2:1.5.2-2build1) ...
Selecting previously unselected package libxss1:amd64.
Preparing to unpack .../231-libxss1_1%3a1.2.3-1build3_amd64.deb ...
Unpacking libxss1:amd64 (1:1.2.3-1build3) ...
Selecting previously unselected package libsdl2-2.0-0:amd64.
Preparing to unpack .../232-libsdl2-2.0-0_2.30.0+dfsg-1ubuntu3.1_amd64.deb ...
Unpacking libsdl2-2.0-0:amd64 (2.30.0+dfsg-1ubuntu3.1) ...
Selecting previously unselected package timgm6mb-soundfont.
Preparing to unpack .../233-timgm6mb-soundfont_1.3-5_all.deb ...
Unpacking timgm6mb-soundfont (1.3-5) ...
Selecting previously unselected package libfluidsynth3:amd64.
Preparing to unpack .../234-libfluidsynth3_2.3.4-1build3_amd64.deb ...
Unpacking libfluidsynth3:amd64 (2.3.4-1build3) ...
Selecting previously unselected package libfontenc1:amd64.
Preparing to unpack .../235-libfontenc1_1%3a1.1.8-1build1_amd64.deb ...
Unpacking libfontenc1:amd64 (1:1.1.8-1build1) ...
Selecting previously unselected package libfreeaptx0:amd64.
Preparing to unpack .../236-libfreeaptx0_0.1.1-2build1_amd64.deb ...
Unpacking libfreeaptx0:amd64 (0.1.1-2build1) ...
Selecting previously unselected package libgraphene-1.0-0:amd64.
Preparing to unpack .../237-libgraphene-1.0-0_1.10.8-3build2_amd64.deb ...
Unpacking libgraphene-1.0-0:amd64 (1.10.8-3build2) ...
Selecting previously unselected package libgssdp-1.6-0:amd64.
Preparing to unpack .../238-libgssdp-1.6-0_1.6.3-1build3_amd64.deb ...
Unpacking libgssdp-1.6-0:amd64 (1.6.3-1build3) ...
Selecting previously unselected package libegl1:amd64.
Preparing to unpack .../239-libegl1_1.7.0-1build1_amd64.deb ...
Unpacking libegl1:amd64 (1.7.0-1build1) ...
Selecting previously unselected package libgstreamer-gl1.0-0:amd64.
Preparing to unpack .../240-libgstreamer-gl1.0-0_1.24.2-1ubuntu0.3_amd64.deb ...
Unpacking libgstreamer-gl1.0-0:amd64 (1.24.2-1ubuntu0.3) ...
Selecting previously unselected package libxcomposite1:amd64.
Preparing to unpack .../241-libxcomposite1_1%3a0.4.5-1build3_amd64.deb ...
Unpacking libxcomposite1:amd64 (1:0.4.5-1build3) ...
Selecting previously unselected package libxinerama1:amd64.
Preparing to unpack .../242-libxinerama1_2%3a1.1.4-3build1_amd64.deb ...
Unpacking libxinerama1:amd64 (2:1.1.4-3build1) ...
Selecting previously unselected package libgtk-3-common.
Preparing to unpack .../243-libgtk-3-common_3.24.41-4ubuntu1.3_all.deb ...
Unpacking libgtk-3-common (3.24.41-4ubuntu1.3) ...
Selecting previously unselected package libgtk-3-0t64:amd64.
Preparing to unpack .../244-libgtk-3-0t64_3.24.41-4ubuntu1.3_amd64.deb ...
Unpacking libgtk-3-0t64:amd64 (3.24.41-4ubuntu1.3) ...
Selecting previously unselected package libgtk-4-common.
Preparing to unpack .../245-libgtk-4-common_4.14.5+ds-0ubuntu0.5_all.deb ...
Unpacking libgtk-4-common (4.14.5+ds-0ubuntu0.5) ...
Selecting previously unselected package libgtk-4-1:amd64.
Preparing to unpack .../246-libgtk-4-1_4.14.5+ds-0ubuntu0.5_amd64.deb ...
Unpacking libgtk-4-1:amd64 (4.14.5+ds-0ubuntu0.5) ...
Selecting previously unselected package libgupnp-1.6-0:amd64.
Preparing to unpack .../247-libgupnp-1.6-0_1.6.6-1build3_amd64.deb ...
Unpacking libgupnp-1.6-0:amd64 (1.6.6-1build3) ...
Selecting previously unselected package libgupnp-igd-1.6-0:amd64.
Preparing to unpack .../248-libgupnp-igd-1.6-0_1.6.0-3build3_amd64.deb ...
Unpacking libgupnp-igd-1.6-0:amd64 (1.6.0-3build3) ...
Selecting previously unselected package libharfbuzz-icu0:amd64.
Preparing to unpack .../249-libharfbuzz-icu0_8.3.0-2build2_amd64.deb ...
Unpacking libharfbuzz-icu0:amd64 (8.3.0-2build2) ...
Selecting previously unselected package libhyphen0:amd64.
Preparing to unpack .../250-libhyphen0_2.8.8-7build3_amd64.deb ...
Unpacking libhyphen0:amd64 (2.8.8-7build3) ...
Selecting previously unselected package libice6:amd64.
Preparing to unpack .../251-libice6_2%3a1.0.10-1build3_amd64.deb ...
Unpacking libice6:amd64 (2:1.0.10-1build3) ...
Selecting previously unselected package libimath-3-1-29t64:amd64.
Preparing to unpack .../252-libimath-3-1-29t64_3.1.9-3.1ubuntu2_amd64.deb ...
Unpacking libimath-3-1-29t64:amd64 (3.1.9-3.1ubuntu2) ...
Selecting previously unselected package libjson-glib-1.0-common.
Preparing to unpack .../253-libjson-glib-1.0-common_1.8.0-2build2_all.deb ...
Unpacking libjson-glib-1.0-common (1.8.0-2build2) ...
Selecting previously unselected package libjson-glib-1.0-0:amd64.
Preparing to unpack .../254-libjson-glib-1.0-0_1.8.0-2build2_amd64.deb ...
Unpacking libjson-glib-1.0-0:amd64 (1.8.0-2build2) ...
Selecting previously unselected package liblc3-1:amd64.
Preparing to unpack .../255-liblc3-1_1.0.4-3build1_amd64.deb ...
Unpacking liblc3-1:amd64 (1.0.4-3build1) ...
Selecting previously unselected package libldacbt-enc2:amd64.
Preparing to unpack .../256-libldacbt-enc2_2.0.2.3+git20200429+ed310a0-4ubuntu2_amd64.deb ...
Unpacking libldacbt-enc2:amd64 (2.0.2.3+git20200429+ed310a0-4ubuntu2) ...
Selecting previously unselected package libyajl2:amd64.
Preparing to unpack .../257-libyajl2_2.1.0-5build1_amd64.deb ...
Unpacking libyajl2:amd64 (2.1.0-5build1) ...
Selecting previously unselected package libraptor2-0:amd64.
Preparing to unpack .../258-libraptor2-0_2.0.16-3ubuntu0.1_amd64.deb ...
Unpacking libraptor2-0:amd64 (2.0.16-3ubuntu0.1) ...
Selecting previously unselected package liblrdf0:amd64.
Preparing to unpack .../259-liblrdf0_0.6.1-4build1_amd64.deb ...
Unpacking liblrdf0:amd64 (0.6.1-4build1) ...
Selecting previously unselected package libltc11:amd64.
Preparing to unpack .../260-libltc11_1.3.2-1build1_amd64.deb ...
Unpacking libltc11:amd64 (1.3.2-1build1) ...
Selecting previously unselected package libmanette-0.2-0:amd64.
Preparing to unpack .../261-libmanette-0.2-0_0.2.7-1build2_amd64.deb ...
Unpacking libmanette-0.2-0:amd64 (0.2.7-1build2) ...
Selecting previously unselected package libmfx1:amd64.
Preparing to unpack .../262-libmfx1_22.5.4-1_amd64.deb ...
Unpacking libmfx1:amd64 (22.5.4-1) ...
Selecting previously unselected package libmjpegutils-2.1-0t64:amd64.
Preparing to unpack .../263-libmjpegutils-2.1-0t64_1%3a2.1.0+debian-8.1build1_amd64.deb ...
Unpacking libmjpegutils-2.1-0t64:amd64 (1:2.1.0+debian-8.1build1) ...
Selecting previously unselected package libmodplug1:amd64.
Preparing to unpack .../264-libmodplug1_1%3a0.8.9.0-3build1_amd64.deb ...
Unpacking libmodplug1:amd64 (1:0.8.9.0-3build1) ...
Selecting previously unselected package libmpcdec6:amd64.
Preparing to unpack .../265-libmpcdec6_2%3a0.1~r495-2build1_amd64.deb ...
Unpacking libmpcdec6:amd64 (2:0.1~r495-2build1) ...
Selecting previously unselected package libmpeg2encpp-2.1-0t64:amd64.
Preparing to unpack .../266-libmpeg2encpp-2.1-0t64_1%3a2.1.0+debian-8.1build1_amd64.deb ...
Unpacking libmpeg2encpp-2.1-0t64:amd64 (1:2.1.0+debian-8.1build1) ...
Selecting previously unselected package libmplex2-2.1-0t64:amd64.
Preparing to unpack .../267-libmplex2-2.1-0t64_1%3a2.1.0+debian-8.1build1_amd64.deb ...
Unpacking libmplex2-2.1-0t64:amd64 (1:2.1.0+debian-8.1build1) ...
Selecting previously unselected package libneon27t64:amd64.
Preparing to unpack .../268-libneon27t64_0.33.0-1.1build3_amd64.deb ...
Unpacking libneon27t64:amd64 (0.33.0-1.1build3) ...
Selecting previously unselected package libnice10:amd64.
Preparing to unpack .../269-libnice10_0.1.21-2build3_amd64.deb ...
Unpacking libnice10:amd64 (0.1.21-2build3) ...
Selecting previously unselected package libnspr4:amd64.
Preparing to unpack .../270-libnspr4_2%3a4.35-1.1build1_amd64.deb ...
Unpacking libnspr4:amd64 (2:4.35-1.1build1) ...
Selecting previously unselected package libnss3:amd64.
Preparing to unpack .../271-libnss3_2%3a3.98-1build1_amd64.deb ...
Unpacking libnss3:amd64 (2:3.98-1build1) ...
Selecting previously unselected package libopenal-data.
Preparing to unpack .../272-libopenal-data_1%3a1.23.1-4build1_all.deb ...
Unpacking libopenal-data (1:1.23.1-4build1) ...
Selecting previously unselected package libopenexr-3-1-30:amd64.
Preparing to unpack .../273-libopenexr-3-1-30_3.1.5-5.1build3_amd64.deb ...
Unpacking libopenexr-3-1-30:amd64 (3.1.5-5.1build3) ...
Selecting previously unselected package libopenh264-7:amd64.
Preparing to unpack .../274-libopenh264-7_2.4.1+dfsg-1_amd64.deb ...
Unpacking libopenh264-7:amd64 (2.4.1+dfsg-1) ...
Selecting previously unselected package libopenni2-0:amd64.
Preparing to unpack .../275-libopenni2-0_2.2.0.33+dfsg-18_amd64.deb ...
Unpacking libopenni2-0:amd64 (2.2.0.33+dfsg-18) ...
Selecting previously unselected package libqrencode4:amd64.
Preparing to unpack .../276-libqrencode4_4.1.1-1build2_amd64.deb ...
Unpacking libqrencode4:amd64 (4.1.1-1build2) ...
Selecting previously unselected package libsecret-common.
Preparing to unpack .../277-libsecret-common_0.21.4-1build3_all.deb ...
Unpacking libsecret-common (0.21.4-1build3) ...
Selecting previously unselected package libsecret-1-0:amd64.
Preparing to unpack .../278-libsecret-1-0_0.21.4-1build3_amd64.deb ...
Unpacking libsecret-1-0:amd64 (0.21.4-1build3) ...
Selecting previously unselected package libsm6:amd64.
Preparing to unpack .../279-libsm6_2%3a1.2.3-1build3_amd64.deb ...
Unpacking libsm6:amd64 (2:1.2.3-1build3) ...
Selecting previously unselected package libsndio7.0:amd64.
Preparing to unpack .../280-libsndio7.0_1.9.0-0.3build3_amd64.deb ...
Unpacking libsndio7.0:amd64 (1.9.0-0.3build3) ...
Selecting previously unselected package libsoundtouch1:amd64.
Preparing to unpack .../281-libsoundtouch1_2.3.2+ds1-1build1_amd64.deb ...
Unpacking libsoundtouch1:amd64 (2.3.2+ds1-1build1) ...
Selecting previously unselected package libspandsp2t64:amd64.
Preparing to unpack .../282-libspandsp2t64_0.0.6+dfsg-2.1build1_amd64.deb ...
Unpacking libspandsp2t64:amd64 (0.0.6+dfsg-2.1build1) ...
Selecting previously unselected package libsrtp2-1:amd64.
Preparing to unpack .../283-libsrtp2-1_2.5.0-3build1_amd64.deb ...
Unpacking libsrtp2-1:amd64 (2.5.0-3build1) ...
Selecting previously unselected package libwebpdemux2:amd64.
Preparing to unpack .../284-libwebpdemux2_1.3.2-0.4build3_amd64.deb ...
Unpacking libwebpdemux2:amd64 (1.3.2-0.4build3) ...
Selecting previously unselected package libwildmidi2:amd64.
Preparing to unpack .../285-libwildmidi2_0.4.3-1build3_amd64.deb ...
Unpacking libwildmidi2:amd64 (0.4.3-1build3) ...
Selecting previously unselected package libwoff1:amd64.
Preparing to unpack .../286-libwoff1_1.0.2-2build1_amd64.deb ...
Unpacking libwoff1:amd64 (1.0.2-2build1) ...
Selecting previously unselected package libxt6t64:amd64.
Preparing to unpack .../287-libxt6t64_1%3a1.2.1-1.2build1_amd64.deb ...
Unpacking libxt6t64:amd64 (1:1.2.1-1.2build1) ...
Selecting previously unselected package libxmu6:amd64.
Preparing to unpack .../288-libxmu6_2%3a1.1.3-3build2_amd64.deb ...
Unpacking libxmu6:amd64 (2:1.1.3-3build2) ...
Selecting previously unselected package libxaw7:amd64.
Preparing to unpack .../289-libxaw7_2%3a1.0.14-1build2_amd64.deb ...
Unpacking libxaw7:amd64 (2:1.0.14-1build2) ...
Selecting previously unselected package libxcb-xkb1:amd64.
Preparing to unpack .../290-libxcb-xkb1_1.15-1ubuntu2_amd64.deb ...
Unpacking libxcb-xkb1:amd64 (1.15-1ubuntu2) ...
Selecting previously unselected package libxfont2:amd64.
Preparing to unpack .../291-libxfont2_1%3a2.0.6-1build1_amd64.deb ...
Unpacking libxfont2:amd64 (1:2.0.6-1build1) ...
Selecting previously unselected package libxkbcommon-x11-0:amd64.
Preparing to unpack .../292-libxkbcommon-x11-0_1.6.0-1build1_amd64.deb ...
Unpacking libxkbcommon-x11-0:amd64 (1.6.0-1build1) ...
Selecting previously unselected package libxkbfile1:amd64.
Preparing to unpack .../293-libxkbfile1_1%3a1.1.0-1build4_amd64.deb ...
Unpacking libxkbfile1:amd64 (1:1.1.0-1build4) ...
Selecting previously unselected package libzbar0t64:amd64.
Preparing to unpack .../294-libzbar0t64_0.23.93-4build3_amd64.deb ...
Unpacking libzbar0t64:amd64 (0.23.93-4build3) ...
Selecting previously unselected package libzxing3:amd64.
Preparing to unpack .../295-libzxing3_2.2.1-3_amd64.deb ...
Unpacking libzxing3:amd64 (2.2.1-3) ...
Selecting previously unselected package x11-xkb-utils.
Preparing to unpack .../296-x11-xkb-utils_7.7+8build2_amd64.deb ...
Unpacking x11-xkb-utils (7.7+8build2) ...
Selecting previously unselected package xfonts-encodings.
Preparing to unpack .../297-xfonts-encodings_1%3a1.0.5-0ubuntu2_all.deb ...
Unpacking xfonts-encodings (1:1.0.5-0ubuntu2) ...
Selecting previously unselected package xfonts-utils.
Preparing to unpack .../298-xfonts-utils_1%3a7.7+6build3_amd64.deb ...
Unpacking xfonts-utils (1:7.7+6build3) ...
Selecting previously unselected package xfonts-cyrillic.
Preparing to unpack .../299-xfonts-cyrillic_1%3a1.0.5+nmu1_all.deb ...
Unpacking xfonts-cyrillic (1:1.0.5+nmu1) ...
Selecting previously unselected package xfonts-scalable.
Preparing to unpack .../300-xfonts-scalable_1%3a1.0.3-1.3_all.deb ...
Unpacking xfonts-scalable (1:1.0.3-1.3) ...
Selecting previously unselected package xserver-common.
Preparing to unpack .../301-xserver-common_2%3a21.1.12-1ubuntu1.4_all.deb ...
Unpacking xserver-common (2:21.1.12-1ubuntu1.4) ...
Selecting previously unselected package xvfb.
Preparing to unpack .../302-xvfb_2%3a21.1.12-1ubuntu1.4_amd64.deb ...
Unpacking xvfb (2:21.1.12-1ubuntu1.4) ...
Selecting previously unselected package libgstreamer-plugins-bad1.0-0:amd64.
Preparing to unpack .../303-libgstreamer-plugins-bad1.0-0_1.24.2-1ubuntu4_amd64.deb ...
Unpacking libgstreamer-plugins-bad1.0-0:amd64 (1.24.2-1ubuntu4) ...
Selecting previously unselected package libdca0:amd64.
Preparing to unpack .../304-libdca0_0.0.7-2build1_amd64.deb ...
Unpacking libdca0:amd64 (0.0.7-2build1) ...
Selecting previously unselected package libopenal1:amd64.
Preparing to unpack .../305-libopenal1_1%3a1.23.1-4build1_amd64.deb ...
Unpacking libopenal1:amd64 (1:1.23.1-4build1) ...
Selecting previously unselected package libsbc1:amd64.
Preparing to unpack .../306-libsbc1_2.0-1build1_amd64.deb ...
Unpacking libsbc1:amd64 (2.0-1build1) ...
Selecting previously unselected package libvo-aacenc0:amd64.
Preparing to unpack .../307-libvo-aacenc0_0.1.3-2build1_amd64.deb ...
Unpacking libvo-aacenc0:amd64 (0.1.3-2build1) ...
Selecting previously unselected package libvo-amrwbenc0:amd64.
Preparing to unpack .../308-libvo-amrwbenc0_0.1.3-2build1_amd64.deb ...
Unpacking libvo-amrwbenc0:amd64 (0.1.3-2build1) ...
Selecting previously unselected package gstreamer1.0-plugins-bad:amd64.
Preparing to unpack .../309-gstreamer1.0-plugins-bad_1.24.2-1ubuntu4_amd64.deb ...
Unpacking gstreamer1.0-plugins-bad:amd64 (1.24.2-1ubuntu4) ...
Setting up libgme0:amd64 (0.6.3-7build1) ...
Setting up libchromaprint1:amd64 (1.5.1-5) ...
Setting up libssh-gcrypt-4:amd64 (0.10.6-2ubuntu0.1) ...
Setting up libhwy1t64:amd64 (1.0.7-8.1build1) ...
Setting up libtext-iconv-perl:amd64 (1.7-8build3) ...
Setting up libgraphite2-3:amd64 (1.3.14-2build1) ...
Setting up libxcb-dri3-0:amd64 (1.15-1ubuntu2) ...
Setting up liblcms2-2:amd64 (2.14-2build1) ...
Setting up libpixman-1-0:amd64 (0.42.2-1build1) ...
Setting up libfreeaptx0:amd64 (0.1.1-2build1) ...
Setting up libdvdread8t64:amd64 (6.1.3-1.1build1) ...
Setting up libudfread0:amd64 (1.1.2-1build1) ...
Setting up libmodplug1:amd64 (1:0.8.9.0-3build1) ...
Setting up libnorm1t64:amd64 (1.5.9+dfsg-3.1build1) ...
Setting up libcdparanoia0:amd64 (3.10.2+debian-14build3) ...
Setting up libwayland-server0:amd64 (1.22.0-2.1build1) ...
Setting up libx11-xcb1:amd64 (2:1.8.7-1build1) ...
Setting up libvo-amrwbenc0:amd64 (0.1.3-2build1) ...
Setting up libpciaccess0:amd64 (0.17-3ubuntu0.24.04.2) ...
Setting up session-migration (0.3.9build1) ...
Created symlink /etc/systemd/user/graphical-session-pre.target.wants/session-migration.service → /usr/lib/systemd/user/session-migration.service.
Setting up fontconfig (2.15.0-1.1ubuntu2) ...
Regenerating fonts cache... done.
Setting up librabbitmq4:amd64 (0.11.0-1build2) ...
Setting up libraw1394-11:amd64 (2.1.2-2build3) ...
Setting up libsbc1:amd64 (2.0-1build1) ...
Setting up libproxy1v5:amd64 (0.5.4-4build1) ...
Setting up libneon27t64:amd64 (0.33.0-1.1build3) ...
Setting up libtag1v5-vanilla:amd64 (1.13.1-1build1) ...
Setting up libgpm2:amd64 (1.20.7-11) ...
Setting up libxdamage1:amd64 (1:1.1.6-1build1) ...
Setting up libxcb-xfixes0:amd64 (1.15-1ubuntu2) ...
Setting up libogg0:amd64 (1.3.5-3build1) ...
Setting up libspeex1:amd64 (1.2.1-2ubuntu2.24.04.1) ...
Setting up libshine3:amd64 (3.1.1-2build1) ...
Setting up libv4lconvert0t64:amd64 (1.26.1-4build3) ...
Setting up hicolor-icon-theme (0.17-2) ...
Setting up libx264-164:amd64 (2:0.164.3108+git31e19f9-1) ...
Setting up libtwolame0:amd64 (0.4.0-2build3) ...
Setting up libmbedcrypto7t64:amd64 (2.28.8-1) ...
Setting up libwoff1:amd64 (1.0.2-2build1) ...
Setting up liblc3-1:amd64 (1.0.4-3build1) ...
Setting up libqrencode4:amd64 (4.1.1-1build2) ...
Setting up libxrender1:amd64 (1:0.9.10-1.1build1) ...
Setting up libhyphen0:amd64 (2.8.8-7build3) ...
Setting up libdatrie1:amd64 (0.2.13-3build1) ...
Setting up fonts-noto-color-emoji (2.047-0ubuntu0.24.04.1) ...
Setting up libgsm1:amd64 (1.0.22-1build1) ...
Setting up libvisual-0.4-0:amd64 (0.4.2-2build1) ...
Setting up libxcb-render0:amd64 (1.15-1ubuntu2) ...
Setting up libsoxr0:amd64 (0.1.3-4build3) ...
Setting up libzix-0-0:amd64 (0.4.2-2build1) ...
Setting up libaspell15:amd64 (0.60.8.1-1build1) ...
Setting up libglvnd0:amd64 (1.7.0-1build1) ...
Setting up libcodec2-1.2:amd64 (1.2.0-2build1) ...
Setting up libxcb-glx0:amd64 (1.15-1ubuntu2) ...
Setting up libwebpdemux2:amd64 (1.3.2-0.4build3) ...
Setting up libgdk-pixbuf2.0-common (2.42.10+dfsg-3ubuntu3.2) ...
Setting up libmysofa1:amd64 (1.3.2+dfsg-2ubuntu2) ...
Setting up libyajl2:amd64 (2.1.0-5build1) ...
Setting up x11-common (1:7.7+23ubuntu3) ...
debconf: unable to initialize frontend: Dialog
debconf: (TERM is not set, so the dialog frontend is not usable.)
debconf: falling back to frontend: Readline
debconf: unable to initialize frontend: Readline
debconf: (This frontend requires a controlling tty.)
debconf: falling back to frontend: Teletype
invoke-rc.d: policy-rc.d denied execution of start.
Setting up libsensors-config (1:3.6.0-9build1) ...
Setting up libldacbt-enc2:amd64 (2.0.2.3+git20200429+ed310a0-4ubuntu2) ...
Setting up fonts-wqy-zenhei (0.9.45-8) ...
Setting up libwebrtc-audio-processing1:amd64 (0.3.1-0ubuntu6) ...
Setting up libxext6:amd64 (2:1.3.4-1build2) ...
Setting up fonts-freefont-ttf (20211204+svn4273-2) ...
Setting up libevent-2.1-7t64:amd64 (2.1.12-stable-9ubuntu2) ...
Setting up xkb-data (2.41-2ubuntu1.1) ...
Setting up liblzo2-2:amd64 (2.10-2build4) ...
Setting up libsvtav1enc1d1:amd64 (1.7.0+dfsg-2build1) ...
Setting up libxcb-shm0:amd64 (1.15-1ubuntu2) ...
Setting up libsoup-3.0-common (3.4.4-5ubuntu0.5) ...
Setting up libmpg123-0t64:amd64 (1.32.5-1ubuntu1.1) ...
Setting up libcjson1:amd64 (1.7.17-1) ...
Setting up libxvidcore4:amd64 (2:1.3.7-1build1) ...
Setting up libmpcdec6:amd64 (2:0.1~r495-2build1) ...
Setting up libmjpegutils-2.1-0t64:amd64 (1:2.1.0+debian-8.1build1) ...
Setting up libcairo2:amd64 (1.18.0-3build1) ...
Setting up librav1e0:amd64 (0.7.1-2) ...
Setting up libcolord2:amd64 (1.4.7-1build2) ...
Setting up libxxf86vm1:amd64 (1:1.1.4-1build4) ...
Setting up libsnappy1v5:amd64 (1.1.10-1build1) ...
Setting up liborc-0.4-0t64:amd64 (1:0.4.38-1ubuntu0.1) ...
Setting up libxcb-xkb1:amd64 (1.15-1ubuntu2) ...
Setting up libvo-aacenc0:amd64 (0.1.3-2build1) ...
Setting up librist4:amd64 (0.2.10+dfsg-2) ...
Setting up libxcb-present0:amd64 (1.15-1ubuntu2) ...
Setting up libdconf1:amd64 (0.40.0-4ubuntu0.1) ...
Setting up libasound2-data (1.2.11-1ubuntu0.1) ...
Setting up libpgm-5.3-0t64:amd64 (5.3.128~dfsg-2.1build1) ...
Setting up libfontenc1:amd64 (1:1.1.8-1build1) ...
Setting up libblas3:amd64 (3.12.0-3build1.1) ...
update-alternatives: using /usr/lib/x86_64-linux-gnu/blas/libblas.so.3 to provide /usr/lib/x86_64-linux-gnu/libblas.so.3 (libblas.so.3-x86_64-linux-gnu) in auto mode
Setting up libsoundtouch1:amd64 (2.3.2+ds1-1build1) ...
Setting up libgles2:amd64 (1.7.0-1build1) ...
Setting up libasound2t64:amd64 (1.2.11-1ubuntu0.1) ...
Setting up fonts-tlwg-loma-otf (1:0.7.3-1) ...
Setting up emacsen-common (3.0.5) ...
Setting up libslang2:amd64 (2.3.3-3build2) ...
Setting up libva2:amd64 (2.20.0-2build1) ...
Setting up libepoxy0:amd64 (1.5.10-1build1) ...
Setting up libnspr4:amd64 (2:4.35-1.1build1) ...
Setting up libspa-0.2-modules:amd64 (1.0.5-1ubuntu3.1) ...
Setting up libxfixes3:amd64 (1:6.0.0-2build1) ...
Setting up libxcb-sync1:amd64 (1.15-1ubuntu2) ...
Setting up libzxing3:amd64 (2.2.1-3) ...
Setting up libavahi-common-data:amd64 (0.8-13ubuntu6) ...
Setting up libncurses6:amd64 (6.4+20240113-1ubuntu2) ...
Setting up xfonts-encodings (1:1.0.5-0ubuntu2) ...
Setting up libfribidi0:amd64 (1.0.13-3build1) ...
Setting up libopus0:amd64 (1.4-1build1) ...
Setting up libfaad2:amd64 (2.11.1-1build1) ...
Setting up libxinerama1:amd64 (2:1.1.4-3build1) ...
Setting up libimath-3-1-29t64:amd64 (3.1.9-3.1ubuntu2) ...
Setting up libvorbis0a:amd64 (1.3.7-1build3) ...
Setting up libxrandr2:amd64 (2:1.5.2-2build1) ...
Setting up libunibreak5:amd64 (5.1-2build1) ...
Setting up libllvm20:amd64 (1:20.1.2-0ubuntu1~24.04.2) ...
Setting up libdv4t64:amd64 (1.0.0-17.1build1) ...
Setting up libsensors5:amd64 (1:3.6.0-9build1) ...
Setting up libjxl0.7:amd64 (0.7.0-10.2ubuntu6.1) ...
Setting up libfftw3-double3:amd64 (3.3.10-1ubuntu3) ...
Setting up libgfortran5:amd64 (14.2.0-4ubuntu2~24.04) ...
Setting up libvulkan1:amd64 (1.3.275.0-1build1) ...
Setting up libopenh264-7:amd64 (2.4.1+dfsg-1) ...
Setting up libltc11:amd64 (1.3.2-1build1) ...
Setting up libv4l-0t64:amd64 (1.26.1-4build3) ...
Setting up libavtp0:amd64 (0.2.0-1build1) ...
Setting up libsndio7.0:amd64 (1.9.0-0.3build3) ...
Setting up libspandsp2t64:amd64 (0.0.6+dfsg-2.1build1) ...
Setting up libnuma1:amd64 (2.0.18-1build1) ...
Setting up libvidstab1.1:amd64 (1.1.0-2build1) ...
Setting up libvpx9:amd64 (1.14.0-1ubuntu2.2) ...
Setting up libsrt1.5-gnutls:amd64 (1.5.3-1build2) ...
Setting up libtag1v5:amd64 (1.13.1-1build1) ...
Setting up libflite1:amd64 (2.2-6build3) ...
Setting up libdav1d7:amd64 (1.4.1-1build1) ...
Setting up fonts-ipafont-gothic (00303-21ubuntu1) ...
update-alternatives: using /usr/share/fonts/opentype/ipafont-gothic/ipag.ttf to provide /usr/share/fonts/truetype/fonts-japanese-gothic.ttf (fonts-japanese-gothic.ttf) in auto mode
Setting up ocl-icd-libopencl1:amd64 (2.3.2-1build1) ...
Setting up libasyncns0:amd64 (0.8-6build4) ...
Setting up libwildmidi2:amd64 (0.4.3-1build3) ...
Setting up libxshmfence1:amd64 (1.3-1build5) ...
Setting up at-spi2-common (2.52.0-1build1) ...
Setting up libvdpau1:amd64 (1.5-2build1) ...
Setting up libwavpack1:amd64 (5.6.0-1build1) ...
Setting up libbs2b0:amd64 (3.1.0+dfsg-7build1) ...
Setting up libxcb-randr0:amd64 (1.15-1ubuntu2) ...
Setting up libtheora0:amd64 (1.1.1+dfsg.1-16.1build3) ...
Setting up fonts-liberation (1:2.1.5-3) ...
Setting up libdca0:amd64 (0.0.7-2build1) ...
Setting up libzimg2:amd64 (3.0.5+ds1-1build1) ...
Setting up libopenjp2-7:amd64 (2.5.0-2ubuntu0.4) ...
Setting up libharfbuzz0b:amd64 (8.3.0-2build2) ...
Setting up libopenal-data (1:1.23.1-4build1) ...
Setting up libthai-data (0.1.29-2build1) ...
Setting up libgdk-pixbuf-2.0-0:amd64 (2.42.10+dfsg-3ubuntu3.2) ...
Setting up libjson-glib-1.0-common (1.8.0-2build2) ...
Setting up libcairo-gobject2:amd64 (1.18.0-3build1) ...
Setting up libabsl20220623t64:amd64 (20220623.1-3.1ubuntu3.2) ...
Setting up libflac12t64:amd64 (1.4.3+ds-2.1ubuntu2) ...
Setting up libwayland-egl1:amd64 (1.22.0-2.1build1) ...
Setting up libxss1:amd64 (1:1.2.3-1build3) ...
Setting up libusb-1.0-0:amd64 (2:1.0.27-1) ...
Setting up libxkbfile1:amd64 (1:1.1.0-1build4) ...
Setting up libmpeg2encpp-2.1-0t64:amd64 (1:2.1.0+debian-8.1build1) ...
Setting up libhunspell-1.7-0:amd64 (1.7.2+really1.7.2-10build3) ...
Setting up glib-networking-common (2.80.0-1build1) ...
Setting up libmfx1:amd64 (22.5.4-1) ...
Setting up libbluray2:amd64 (1:1.3.4-1build1) ...
Setting up libsamplerate0:amd64 (0.2.2-4build1) ...
Setting up timgm6mb-soundfont (1.3-5) ...
update-alternatives: using /usr/share/sounds/sf2/TimGM6mb.sf2 to provide /usr/share/sounds/sf2/default-GM.sf2 (default-GM.sf2) in auto mode
update-alternatives: using /usr/share/sounds/sf2/TimGM6mb.sf2 to provide /usr/share/sounds/sf3/default-GM.sf3 (default-GM.sf3) in auto mode
Setting up libwebpmux3:amd64 (1.3.2-0.4build3) ...
Setting up libdrm-common (2.4.122-1~ubuntu0.24.04.1) ...
Setting up libyuv0:amd64 (0.0~git202401110.af6ac82-1) ...
Setting up libmplex2-2.1-0t64:amd64 (1:2.1.0+debian-8.1build1) ...
Setting up libxcomposite1:amd64 (1:0.4.5-1build3) ...
Setting up libxfont2:amd64 (1:2.0.6-1build1) ...
Setting up libevdev2:amd64 (1.13.1+dfsg-1build1) ...
Setting up libpipewire-0.3-0t64:amd64 (1.0.5-1ubuntu3.1) ...
Setting up libxmuu1:amd64 (2:1.1.3-3build2) ...
Setting up libgudev-1.0-0:amd64 (1:238-5ubuntu1) ...
Setting up libzvbi-common (0.2.42-2) ...
Setting up libsecret-common (0.21.4-1build3) ...
Setting up libmp3lame0:amd64 (3.100-6build1) ...
Setting up libgraphene-1.0-0:amd64 (1.10.8-3build2) ...
Setting up libvorbisenc2:amd64 (1.3.7-1build3) ...
Setting up libdvdnav4:amd64 (6.1.1-3build1) ...
Setting up fonts-unifont (1:15.1.01-1build1) ...
Setting up libaa1:amd64 (1.4p5-51.1) ...
Setting up libiec61883-0:amd64 (1.2.0-6build1) ...
Setting up libserd-0-0:amd64 (0.32.2-1) ...
Setting up libxkbcommon0:amd64 (1.6.0-1build1) ...
Setting up libwayland-client0:amd64 (1.22.0-2.1build1) ...
Setting up libavc1394-0:amd64 (0.5.4-5build3) ...
Setting up libcairo-script-interpreter2:amd64 (1.18.0-3build1) ...
Setting up glib-networking-services (2.80.0-1build1) ...
Setting up gtk-update-icon-cache (3.24.41-4ubuntu1.3) ...
Setting up libice6:amd64 (2:1.0.10-1build3) ...
Setting up liblapack3:amd64 (3.12.0-3build1.1) ...
update-alternatives: using /usr/lib/x86_64-linux-gnu/lapack/liblapack.so.3 to provide /usr/lib/x86_64-linux-gnu/liblapack.so.3 (liblapack.so.3-x86_64-linux-gnu) in auto mode
Setting up libharfbuzz-icu0:amd64 (8.3.0-2build2) ...
Setting up libopenni2-0:amd64 (2.2.0.33+dfsg-18) ...
Setting up libatk1.0-0t64:amd64 (2.52.0-1build1) ...
Setting up libzmq5:amd64 (4.3.5-1build2) ...
Setting up libcaca0:amd64 (0.99.beta20-4build2) ...
Setting up libzvbi0t64:amd64 (0.2.42-2) ...
Setting up libxi6:amd64 (2:1.8.1-1build1) ...
Setting up dictionaries-common (1.29.7) ...
debconf: unable to initialize frontend: Dialog
debconf: (TERM is not set, so the dialog frontend is not usable.)
debconf: falling back to frontend: Readline
debconf: unable to initialize frontend: Readline
debconf: (This frontend requires a controlling tty.)
debconf: falling back to frontend: Teletype
Setting up libxtst6:amd64 (2:1.2.3-1.1build1) ...
Setting up libmanette-0.2-0:amd64 (0.2.7-1build2) ...
Setting up libxcursor1:amd64 (1:1.2.1-1build1) ...
Setting up libraptor2-0:amd64 (2.0.16-3ubuntu0.1) ...
Setting up libavahi-common3:amd64 (0.8-13ubuntu6) ...
Setting up libzbar0t64:amd64 (0.23.93-4build3) ...
Setting up dconf-service (0.40.0-4ubuntu0.1) ...
Setting up libnss3:amd64 (2:3.98-1build1) ...
Setting up libopenal1:amd64 (1:1.23.1-4build1) ...
Setting up xfonts-utils (1:7.7+6build3) ...
Setting up libjson-glib-1.0-0:amd64 (1.8.0-2build2) ...
Setting up libthai0:amd64 (0.1.29-2build1) ...
Setting up libvorbisfile3:amd64 (1.3.7-1build3) ...
Setting up libsecret-1-0:amd64 (0.21.4-1build3) ...
Setting up libplacebo338:amd64 (6.338.2-2build1) ...
Setting up libass9:amd64 (1:0.17.1-2build1) ...
Setting up libatspi2.0-0t64:amd64 (2.52.0-1build1) ...
Setting up libopenexr-3-1-30:amd64 (3.1.5-5.1build3) ...
Setting up libxkbcommon-x11-0:amd64 (1.6.0-1build1) ...
Setting up libdc1394-25:amd64 (2.2.6-4build1) ...
Setting up libshout3:amd64 (2.4.6-1build2) ...
Setting up libgav1-1:amd64 (0.18.0-1build3) ...
Setting up libx265-199:amd64 (3.5-2build1) ...
Setting up librubberband2:amd64 (3.3.0+dfsg-2build1) ...
Setting up libjack-jackd2-0:amd64 (1.9.21~dfsg-3ubuntu3) ...
Setting up libdrm2:amd64 (2.4.122-1~ubuntu0.24.04.1) ...
Setting up libva-drm2:amd64 (2.20.0-2build1) ...
Setting up xauth (1:1.1.2-1build1) ...
Setting up libsord-0-0:amd64 (0.16.16-2build1) ...
Setting up libwayland-cursor0:amd64 (1.22.0-2.1build1) ...
Setting up xfonts-cyrillic (1:1.0.5+nmu1) ...
Setting up libsratom-0-0:amd64 (0.6.16-1build1) ...
Setting up hunspell-en-us (1:2020.12.07-2) ...
Setting up libdecor-0-0:amd64 (0.2.2-1build2) ...
Setting up libsndfile1:amd64 (1.2.2-1ubuntu5.24.04.1) ...
Setting up libva-x11-2:amd64 (2.20.0-2build1) ...
Setting up libsm6:amd64 (2:1.2.3-1build3) ...
Setting up liblilv-0-0:amd64 (0.24.22-1build1) ...
Setting up libinstpatch-1.0-2:amd64 (1.1.6-1build2) ...
Setting up libopenmpt0t64:amd64 (0.7.3-1.1build3) ...
Setting up libavahi-client3:amd64 (0.8-13ubuntu6) ...
Setting up xfonts-scalable (1:1.0.3-1.3) ...
Setting up libdrm-amdgpu1:amd64 (2.4.122-1~ubuntu0.24.04.1) ...
Setting up libatk-bridge2.0-0t64:amd64 (2.52.0-1build1) ...
Setting up libavif16:amd64 (1.0.4-1ubuntu3) ...
Setting up dconf-gsettings-backend:amd64 (0.40.0-4ubuntu0.1) ...
Setting up libpulse0:amd64 (1:16.1+dfsg1-2ubuntu10.1) ...
Setting up libenchant-2-2:amd64 (2.3.3-2build2) ...
Setting up liblrdf0:amd64 (0.6.1-4build1) ...
Setting up libpango-1.0-0:amd64 (1.52.1+ds-1build1) ...
Setting up libsrtp2-1:amd64 (2.5.0-3build1) ...
Setting up libdrm-intel1:amd64 (2.4.122-1~ubuntu0.24.04.1) ...
Setting up libgstreamer-plugins-base1.0-0:amd64 (1.24.2-1ubuntu0.3) ...
Setting up libsphinxbase3t64:amd64 (0.8+5prealpha+1-17build2) ...
Setting up libgstreamer-plugins-good1.0-0:amd64 (1.24.2-1ubuntu1.2) ...
Setting up gstreamer1.0-plugins-base:amd64 (1.24.2-1ubuntu0.3) ...
Setting up libxt6t64:amd64 (1:1.2.1-1.2build1) ...
Setting up libgtk-4-common (4.14.5+ds-0ubuntu0.5) ...
Setting up libpangoft2-1.0-0:amd64 (1.52.1+ds-1build1) ...
Setting up libcups2t64:amd64 (2.4.7-1.2ubuntu7.4) ...
Setting up libgtk-3-common (3.24.41-4ubuntu1.3) ...
Setting up libpangocairo-1.0-0:amd64 (1.52.1+ds-1build1) ...
Setting up gsettings-desktop-schemas (46.1-0ubuntu1) ...
Setting up mesa-libgallium:amd64 (25.0.7-0ubuntu0.24.04.2) ...
Setting up libxmu6:amd64 (2:1.1.3-3build2) ...
Setting up libvpl2 (2023.3.0-1build1) ...
Setting up libgbm1:amd64 (25.0.7-0ubuntu0.24.04.2) ...
Setting up libgl1-mesa-dri:amd64 (25.0.7-0ubuntu0.24.04.2) ...
Setting up libavutil58:amd64 (7:6.1.1-3ubuntu5) ...
Setting up libxaw7:amd64 (2:1.0.14-1build2) ...
Setting up librsvg2-2:amd64 (2.58.0+dfsg-1build1) ...
Setting up libpocketsphinx3:amd64 (0.8.0+real5prealpha+1-15ubuntu5) ...
Setting up libegl-mesa0:amd64 (25.0.7-0ubuntu0.24.04.2) ...
Setting up libswresample4:amd64 (7:6.1.1-3ubuntu5) ...
Setting up libavcodec60:amd64 (7:6.1.1-3ubuntu5) ...
Setting up libpostproc57:amd64 (7:6.1.1-3ubuntu5) ...
Setting up libegl1:amd64 (1.7.0-1build1) ...
Setting up libsdl2-2.0-0:amd64 (2.30.0+dfsg-1ubuntu3.1) ...
Setting up libswscale7:amd64 (7:6.1.1-3ubuntu5) ...
Setting up libfluidsynth3:amd64 (2.3.4-1build3) ...
Setting up libglx-mesa0:amd64 (25.0.7-0ubuntu0.24.04.2) ...
Setting up libglx0:amd64 (1.7.0-1build1) ...
Setting up x11-xkb-utils (7.7+8build2) ...
Setting up libavformat60:amd64 (7:6.1.1-3ubuntu5) ...
Setting up libavfilter9:amd64 (7:6.1.1-3ubuntu5) ...
Setting up libgl1:amd64 (1.7.0-1build1) ...
Setting up libdirectfb-1.7-7t64:amd64 (1.7.7-11.1ubuntu2) ...
Setting up xserver-common (2:21.1.12-1ubuntu1.4) ...
Setting up gstreamer1.0-libav:amd64 (1.24.1-1build1) ...
Setting up xvfb (2:21.1.12-1ubuntu1.4) ...
Setting up libgstreamer-gl1.0-0:amd64 (1.24.2-1ubuntu0.3) ...
Setting up adwaita-icon-theme (46.0-1) ...
update-alternatives: using /usr/share/icons/Adwaita/cursor.theme to provide /usr/share/icons/default/index.theme (x-cursor-theme) in auto mode
Setting up humanity-icon-theme (0.6.16) ...
Setting up ubuntu-mono (24.04-0ubuntu1) ...
Processing triggers for libglib2.0-0t64:amd64 (2.80.0-6ubuntu3.4) ...
Setting up libgtk-3-0t64:amd64 (3.24.41-4ubuntu1.3) ...
Setting up libgtk-4-1:amd64 (4.14.5+ds-0ubuntu0.5) ...
Setting up glib-networking:amd64 (2.80.0-1build1) ...
Processing triggers for libc-bin (2.39-0ubuntu8.6) ...
Setting up libsoup-3.0-0:amd64 (3.4.4-5ubuntu0.5) ...
Setting up libgssdp-1.6-0:amd64 (1.6.3-1build3) ...
Setting up gstreamer1.0-plugins-good:amd64 (1.24.2-1ubuntu1.2) ...
Setting up libgupnp-1.6-0:amd64 (1.6.6-1build3) ...
Setting up libgupnp-igd-1.6-0:amd64 (1.6.0-3build3) ...
Setting up libnice10:amd64 (0.1.21-2build3) ...
Setting up libgstreamer-plugins-bad1.0-0:amd64 (1.24.2-1ubuntu4) ...
Setting up gstreamer1.0-plugins-bad:amd64 (1.24.2-1ubuntu4) ...
Processing triggers for dictionaries-common (1.29.7) ...
debconf: unable to initialize frontend: Dialog
debconf: (TERM is not set, so the dialog frontend is not usable.)
debconf: falling back to frontend: Readline
debconf: unable to initialize frontend: Readline
debconf: (This frontend requires a controlling tty.)
debconf: falling back to frontend: Teletype
Processing triggers for libc-bin (2.39-0ubuntu8.6) ...
Downloading Chromium 138.0.7204.23 (playwright build v1179) from https://cdn.playwright.dev/dbazure/download/playwright/builds/chromium/1179/chromium-linux.zip
|                                                                                |   0% of 171.6 MiB
|■■■■■■■■                                                                        |  10% of 171.6 MiB
|■■■■■■■■■■■■■■■■                                                                |  20% of 171.6 MiB
|■■■■■■■■■■■■■■■■■■■■■■■■                                                        |  30% of 171.6 MiB
|■■■■■■■■■■■■■■■■■■■■■■■■■■■■■■■■                                                |  40% of 171.6 MiB
|■■■■■■■■■■■■■■■■■■■■■■■■■■■■■■■■■■■■■■■■                                        |  50% of 171.6 MiB
|■■■■■■■■■■■■■■■■■■■■■■■■■■■■■■■■■■■■■■■■■■■■■■■■                                |  60% of 171.6 MiB
|■■■■■■■■■■■■■■■■■■■■■■■■■■■■■■■■■■■■■■■■■■■■■■■■■■■■■■■■                        |  70% of 171.6 MiB
|■■■■■■■■■■■■■■■■■■■■■■■■■■■■■■■■■■■■■■■■■■■■■■■■■■■■■■■■■■■■■■■■                |  80% of 171.6 MiB
|■■■■■■■■■■■■■■■■■■■■■■■■■■■■■■■■■■■■■■■■■■■■■■■■■■■■■■■■■■■■■■■■■■■■■■■■        |  90% of 171.6 MiB
|■■■■■■■■■■■■■■■■■■■■■■■■■■■■■■■■■■■■■■■■■■■■■■■■■■■■■■■■■■■■■■■■■■■■■■■■■■■■■■■■| 100% of 171.6 MiB
Chromium 138.0.7204.23 (playwright build v1179) downloaded to /root/.cache/ms-playwright/chromium-1179
Downloading FFMPEG playwright build v1011 from https://cdn.playwright.dev/dbazure/download/playwright/builds/ffmpeg/1011/ffmpeg-linux.zip
|                                                                                |   0% of 2.3 MiB
|■■■■■■■■                                                                        |  10% of 2.3 MiB
|■■■■■■■■■■■■■■■■                                                                |  20% of 2.3 MiB
|■■■■■■■■■■■■■■■■■■■■■■■■                                                        |  30% of 2.3 MiB
|■■■■■■■■■■■■■■■■■■■■■■■■■■■■■■■■                                                |  40% of 2.3 MiB
|■■■■■■■■■■■■■■■■■■■■■■■■■■■■■■■■■■■■■■■■                                        |  50% of 2.3 MiB
|■■■■■■■■■■■■■■■■■■■■■■■■■■■■■■■■■■■■■■■■■■■■■■■■                                |  60% of 2.3 MiB
|■■■■■■■■■■■■■■■■■■■■■■■■■■■■■■■■■■■■■■■■■■■■■■■■■■■■■■■■                        |  70% of 2.3 MiB
|■■■■■■■■■■■■■■■■■■■■■■■■■■■■■■■■■■■■■■■■■■■■■■■■■■■■■■■■■■■■■■■■                |  80% of 2.3 MiB
|■■■■■■■■■■■■■■■■■■■■■■■■■■■■■■■■■■■■■■■■■■■■■■■■■■■■■■■■■■■■■■■■■■■■■■■■        |  90% of 2.3 MiB
|■■■■■■■■■■■■■■■■■■■■■■■■■■■■■■■■■■■■■■■■■■■■■■■■■■■■■■■■■■■■■■■■■■■■■■■■■■■■■■■■| 100% of 2.3 MiB
FFMPEG playwright build v1011 downloaded to /root/.cache/ms-playwright/ffmpeg-1011
Downloading Chromium Headless Shell 138.0.7204.23 (playwright build v1179) from https://cdn.playwright.dev/dbazure/download/playwright/builds/chromium/1179/chromium-headless-shell-linux.zip
|                                                                                |   0% of 104.5 MiB
|■■■■■■■■                                                                        |  10% of 104.5 MiB
|■■■■■■■■■■■■■■■■                                                                |  20% of 104.5 MiB
|■■■■■■■■■■■■■■■■■■■■■■■■                                                        |  30% of 104.5 MiB
|■■■■■■■■■■■■■■■■■■■■■■■■■■■■■■■■                                                |  40% of 104.5 MiB
|■■■■■■■■■■■■■■■■■■■■■■■■■■■■■■■■■■■■■■■■                                        |  50% of 104.5 MiB
|■■■■■■■■■■■■■■■■■■■■■■■■■■■■■■■■■■■■■■■■■■■■■■■■                                |  60% of 104.5 MiB
|■■■■■■■■■■■■■■■■■■■■■■■■■■■■■■■■■■■■■■■■■■■■■■■■■■■■■■■■                        |  70% of 104.5 MiB
|■■■■■■■■■■■■■■■■■■■■■■■■■■■■■■■■■■■■■■■■■■■■■■■■■■■■■■■■■■■■■■■■                |  80% of 104.5 MiB
|■■■■■■■■■■■■■■■■■■■■■■■■■■■■■■■■■■■■■■■■■■■■■■■■■■■■■■■■■■■■■■■■■■■■■■■■        |  90% of 104.5 MiB
|■■■■■■■■■■■■■■■■■■■■■■■■■■■■■■■■■■■■■■■■■■■■■■■■■■■■■■■■■■■■■■■■■■■■■■■■■■■■■■■■| 100% of 104.5 MiB
Chromium Headless Shell 138.0.7204.23 (playwright build v1179) downloaded to /root/.cache/ms-playwright/chromium_headless_shell-1179
Downloading Firefox 139.0 (playwright build v1488) from https://cdn.playwright.dev/dbazure/download/playwright/builds/firefox/1488/firefox-ubuntu-24.04.zip
|                                                                                |   0% of 92.3 MiB
|■■■■■■■■                                                                        |  10% of 92.3 MiB
|■■■■■■■■■■■■■■■■                                                                |  20% of 92.3 MiB
|■■■■■■■■■■■■■■■■■■■■■■■■                                                        |  30% of 92.3 MiB
|■■■■■■■■■■■■■■■■■■■■■■■■■■■■■■■■                                                |  40% of 92.3 MiB
|■■■■■■■■■■■■■■■■■■■■■■■■■■■■■■■■■■■■■■■■                                        |  50% of 92.3 MiB
|■■■■■■■■■■■■■■■■■■■■■■■■■■■■■■■■■■■■■■■■■■■■■■■■                                |  60% of 92.3 MiB
|■■■■■■■■■■■■■■■■■■■■■■■■■■■■■■■■■■■■■■■■■■■■■■■■■■■■■■■■                        |  70% of 92.3 MiB
|■■■■■■■■■■■■■■■■■■■■■■■■■■■■■■■■■■■■■■■■■■■■■■■■■■■■■■■■■■■■■■■■                |  80% of 92.3 MiB
|■■■■■■■■■■■■■■■■■■■■■■■■■■■■■■■■■■■■■■■■■■■■■■■■■■■■■■■■■■■■■■■■■■■■■■■■        |  90% of 92.3 MiB
|■■■■■■■■■■■■■■■■■■■■■■■■■■■■■■■■■■■■■■■■■■■■■■■■■■■■■■■■■■■■■■■■■■■■■■■■■■■■■■■■| 100% of 92.3 MiB
Firefox 139.0 (playwright build v1488) downloaded to /root/.cache/ms-playwright/firefox-1488
Downloading Webkit 18.5 (playwright build v2182) from https://cdn.playwright.dev/dbazure/download/playwright/builds/webkit/2182/webkit-ubuntu-24.04.zip
|                                                                                |   0% of 93.3 MiB
|■■■■■■■■                                                                        |  10% of 93.3 MiB
|■■■■■■■■■■■■■■■■                                                                |  20% of 93.3 MiB
|■■■■■■■■■■■■■■■■■■■■■■■■                                                        |  30% of 93.3 MiB
|■■■■■■■■■■■■■■■■■■■■■■■■■■■■■■■■                                                |  40% of 93.3 MiB
|■■■■■■■■■■■■■■■■■■■■■■■■■■■■■■■■■■■■■■■■                                        |  50% of 93.3 MiB
|■■■■■■■■■■■■■■■■■■■■■■■■■■■■■■■■■■■■■■■■■■■■■■■■                                |  60% of 93.3 MiB
|■■■■■■■■■■■■■■■■■■■■■■■■■■■■■■■■■■■■■■■■■■■■■■■■■■■■■■■■                        |  70% of 93.3 MiB
|■■■■■■■■■■■■■■■■■■■■■■■■■■■■■■■■■■■■■■■■■■■■■■■■■■■■■■■■■■■■■■■■                |  80% of 93.3 MiB
|■■■■■■■■■■■■■■■■■■■■■■■■■■■■■■■■■■■■■■■■■■■■■■■■■■■■■■■■■■■■■■■■■■■■■■■■        |  90% of 93.3 MiB
|■■■■■■■■■■■■■■■■■■■■■■■■■■■■■■■■■■■■■■■■■■■■■■■■■■■■■■■■■■■■■■■■■■■■■■■■■■■■■■■■| 100% of 93.3 MiB
Webkit 18.5 (playwright build v2182) downloaded to /root/.cache/ms-playwright/webkit-2182

Chromium: |▌                             | 0/52 test files | 0 passed, 0 failed
Firefox:  |▌                             | 0/52 test files | 0 passed, 0 failed
Webkit:   |                              | 0/52 test files | 0 passed, 0 failed

Running tests...

Running 52 test files...


[2K[1A[2K[GChromium: |████                          | 7/52 test files | 7 passed, 0 failed
Firefox:  |███▍                          | 5/52 test files | 5 passed, 0 failed
Webkit:   |                              | 0/52 test files | 0 passed, 0 failed

Running tests...


[2K[1A[2K[GError while generating code coverage for http://localhost:8000/modules/index-broken.js.
Error: ENOENT: no such file or directory, open '/root/repo/modules/index-broken.js'
[90m    at async open (node:internal/fs/promises:641:25)[39m
[90m    at async readFile (node:internal/fs/promises:1245:14)[39m
    at async v8ToIstanbul [90m(/root/repo/[39mnode_modules/[4m@web/test-runner-coverage-v8[24m/dist/index.js:79:46[90m)[39m
    at async PlaywrightLauncherPage.stopSession [90m(/root/repo/[39mnode_modules/[4m@web/test-runner-playwright[24m/dist/PlaywrightLauncherPage.js:30:15[90m)[39m
    at async PlaywrightLauncher.stopSession [90m(/root/repo/[39mnode_modules/[4m@web/test-runner-playwright[24m/dist/PlaywrightLauncher.js:83:24[90m)[39m {
  errno: [33m-2[39m,
  code: [32m'ENOENT'[39m,
  syscall: [32m'open'[39m,
  path: [32m'/root/repo/modules/index-broken.js'[39m
}

[2K[1A[2K[GChromium: |██████▉                       | 12/52 test files | 12 passed, 0 failed
Firefox:  |██████▎                       | 10/52 test files | 10 passed, 0 failed
Webkit:   |                              | 0/52 test files | 0 passed, 0 failed

Running tests...


[2K[1A[2K[GChromium: |████████▋                     | 15/52 test files | 23 passed, 0 failed
Firefox:  |███████▌                      | 12/52 test files | 12 passed, 0 failed
Webkit:   |                              | 0/52 test files | 0 passed, 0 failed

Running tests...


[2K[1A[2K[GChromium: |██████████▍                   | 18/52 test files | 26 passed, 0 failed
Firefox:  |█████████▏                    | 15/52 test files | 23 passed, 0 failed
Webkit:   |                              | 0/52 test files | 0 passed, 0 failed

Running tests...


[2K[1A[2K[GChromium: |█████████████▊                | 24/52 test files | 32 passed, 0 failed
Firefox:  |██████████▍                   | 17/52 test files | 25 passed, 0 failed
Webkit:   |                              | 0/52 test files | 0 passed, 0 failed

Running tests...


[2K[1A[2K[GChromium: |████████████████▏             | 27/52 test files | 35 passed, 0 failed
Firefox:  |█████████████▎                | 23/52 test files | 30 passed, 0 failed, 1 skipped
Webkit:   |                              | 0/52 test files | 0 passed, 0 failed

Running tests...


[2K[1A[2K[GChromium: |████████████████▋             | 29/52 test files | 39 passed, 0 failed
Firefox:  |███████████████▌              | 26/52 test files | 33 passed, 0 failed, 1 skipped
Webkit:   |                              | 0/52 test files | 0 passed, 0 failed

Running tests...


[2K[1A[2K[GChromium: |██████████████████▍           | 32/52 test files | 49 passed, 0 failed
Firefox:  |████████████████▋             | 28/52 test files | 36 passed, 0 failed, 1 skipped
Webkit:   |                              | 0/52 test files | 0 passed, 0 failed

Running tests...


[2K[1A[2K[GChromium: |████████████████████▏         | 34/52 test files | 52 passed, 0 failed
Firefox:  |██████████████████▍           | 32/52 test files | 48 passed, 0 failed, 1 skipped
Webkit:   |                              | 0/52 test files | 0 passed, 0 failed

Running tests...


[2K[1A[2K[GChromium: |█████████████████████▎        | 36/52 test files | 56 passed, 0 failed
Firefox:  |███████████████████▌          | 34/52 test files | 51 passed, 0 failed, 1 skipped
Webkit:   |                              | 0/52 test files | 0 passed, 0 failed

Running tests...


[2K[1A[2K[GChromium: |████████████████████████▏     | 42/52 test files | 65 passed, 0 failed
Firefox:  |████████████████████▊         | 35/52 test files | 54 passed, 0 failed, 1 skipped
Webkit:   |                              | 0/52 test files | 0 passed, 0 failed

Running tests...


[2K[1A[2K[Gtest/it/a11y.audience.high.test.html:

 🚧 Browser logs:
      ping:top {}
      ping:enter { source: [32m''[39m, target: [32m'visible'[39m }
      ping:a11y { source: [32m'high'[39m, target: [32m'off:low:medium:high'[39m }
 🚧 Browser logs on Chromium:
      ping:language { source: [32m''[39m, target: [32m'en-US@posix'[39m }
 🚧 Browser logs on Firefox:
      ping:language { source: [32m''[39m, target: [32m'en-US'[39m }
 🚧 Browser logs on Webkit:
      ping:language { source: [32m''[39m, target: [32m'en-US'[39m }


[2K[1A[2K[Gtest/it/a11y.audience.hover.test.html:

 🚧 Browser logs:
      ping:top {}
      ping:enter { source: [32m''[39m, target: [32m'visible'[39m }
      ping:a11y { source: [32m'low'[39m, target: [32m'off:low:medium:high'[39m }
 🚧 Browser logs on Chromium:
      ping:language { source: [32m''[39m, target: [32m'en-US@posix'[39m }
 🚧 Browser logs on Firefox:
      ping:language { source: [32m''[39m, target: [32m'en-US'[39m }
      ping:missingresource { source: [32m'http://localhost:8000/favicon.ico'[39m, target: [33m404[39m }
 🚧 Browser logs on Webkit:
      ping:language { source: [32m''[39m, target: [32m'en-US'[39m }


[2K[1A[2K[Gtest/it/a11y.audience.keyboard.test.html:

 🚧 Browser logs:
      ping:top {}
      ping:enter { source: [32m''[39m, target: [32m'visible'[39m }
      ping:a11y { source: [32m'medium'[39m, target: [32m'off:low:medium:high'[39m }
 🚧 Browser logs on Chromium:
      ping:language { source: [32m''[39m, target: [32m'en-US@posix'[39m }
 🚧 Browser logs on Firefox:
      ping:language { source: [32m''[39m, target: [32m'en-US'[39m }
      ping:missingresource { source: [32m'http://localhost:8000/favicon.ico'[39m, target: [33m404[39m }
 🚧 Browser logs on Webkit:
      ping:language { source: [32m''[39m, target: [32m'en-US'[39m }


[2K[1A[2K[Gtest/it/a11y.audience.medium-zoom.test.html:

 🚧 Browser logs:
      ping:top {}
      ping:enter { source: [32m''[39m, target: [32m'visible'[39m }
      ping:a11y { source: [32m'low'[39m, target: [32m'off:low:medium:high'[39m }
 🚧 Browser logs on Chromium:
      ping:language { source: [32m''[39m, target: [32m'en-US@posix'[39m }
 🚧 Browser logs on Firefox:
      ping:language { source: [32m''[39m, target: [32m'en-US'[39m }
      ping:missingresource { source: [32m'http://localhost:8000/favicon.ico'[39m, target: [33m404[39m }
 🚧 Browser logs on Webkit:
      ping:language { source: [32m''[39m, target: [32m'en-US'[39m }

Chromium: |██████████████████████████████| 52/52 test files | 114 passed, 0 failed
Firefox:  |█████████████████████▎        | 36/52 test files | 55 passed, 0 failed, 1 skipped
Webkit:   |██▎                           | 4/52 test files | 4 passed, 0 failed

Running tests...


[2K[1A[2K[Gtest/it/a11y.audience.off.test.html:

 🚧 Browser logs:
      ping:top {}
      ping:enter { source: [32m''[39m, target: [32m'visible'[39m }
      ping:a11y { source: [32m'off'[39m, target: [32m'off:low:medium:high'[39m }
 🚧 Browser logs on Chromium:
      ping:language { source: [32m''[39m, target: [32m'en-US@posix'[39m }
 🚧 Browser logs on Firefox:
      ping:language { source: [32m''[39m, target: [32m'en-US'[39m }
      ping:missingresource { source: [32m'http://localhost:8000/favicon.ico'[39m, target: [33m404[39m }
 🚧 Browser logs on Webkit:
      ping:language { source: [32m''[39m, target: [32m'en-US'[39m }


[2K[1A[2K[Gtest/it/a11y.audience.preference.test.html:

 🚧 Browser logs:
      ping:top {}
      ping:enter { source: [32m''[39m, target: [32m'visible'[39m }
      ping:a11y { source: [32m'low'[39m, target: [32m'off:low:medium:high'[39m }
 🚧 Browser logs on Chromium:
      ping:language { source: [32m''[39m, target: [32m'en-US@posix'[39m }
 🚧 Browser logs on Firefox:
      ping:language { source: [32m''[39m, target: [32m'en-US'[39m }
      ping:missingresource { source: [32m'http://localhost:8000/favicon.ico'[39m, target: [33m404[39m }
 🚧 Browser logs on Webkit:
      ping:language { source: [32m''[39m, target: [32m'en-US'[39m }


[2K[1A[2K[Gtest/it/a11y.audience.zoom.test.html:

 🚧 Browser logs:
      ping:top {}
      ping:enter { source: [32m''[39m, target: [32m'visible'[39m }
      ping:a11y { source: [32m'low'[39m, target: [32m'off:low:medium:high'[39m }
 🚧 Browser logs on Chromium:
      ping:language { source: [32m''[39m, target: [32m'en-US@posix'[39m }
      ping:cwv { cwv: { LCP: [33m76[39m }, source: [32m'"Some conte"'[39m, target: [90mundefined[39m }
      ping:cwv { cwv: { TTFB: [33m26.299999952316284[39m } }
      ping:cwv { cwv: { CLS: [33m0[39m } }
 🚧 Browser logs on Firefox:
      ping:language { source: [32m''[39m, target: [32m'en-US'[39m }
      ping:missingresource { source: [32m'http://localhost:8000/favicon.ico'[39m, target: [33m404[39m }
      ping:cwv { cwv: { TTFB: [33m27[39m } }
      ping:cwv { cwv: { LCP: [33m64[39m }, source: [32m'"Some conte"'[39m, target: [90mundefined[39m }
 🚧 Browser logs on Webkit:
      ping:language { source: [32m''[39m, target: [32m'en-US'[39m }
      ping:cwv { cwv: { TTFB: [33m17[39m } }


[2K[1A[2K[Gtest/it/a11y.focustrap.pingpong.test.html:

 🚧 Browser logs:
      ping:top {}
      ping:enter { source: [32m''[39m, target: [32m'visible'[39m }
      ping:error {
        source: [32m'focus-trap:ping-pong'[39m,
        target: [32m'button#btn-1, button#btn-0'[39m
      }
 🚧 Browser logs on Chromium:
      ping:language { source: [32m''[39m, target: [32m'en-US@posix'[39m }
 🚧 Browser logs on Firefox:
      ping:language { source: [32m''[39m, target: [32m'en-US'[39m }
      ping:missingresource { source: [32m'http://localhost:8000/favicon.ico'[39m, target: [33m404[39m }
 🚧 Browser logs on Webkit:
      ping:language { source: [32m''[39m, target: [32m'en-US'[39m }


[2K[1A[2K[Gtest/it/a11y.focustrap.sequence.test.html:

 🚧 Browser logs:
      ping:top {}
      ping:enter { source: [32m''[39m, target: [32m'visible'[39m }
      ping:error {
        source: [32m'focus-trap:sequence'[39m,
        target: [32m'button#btn-1, button#btn-2, button#btn-0'[39m
      }
 🚧 Browser logs on Chromium:
      ping:language { source: [32m''[39m, target: [32m'en-US@posix'[39m }
 🚧 Browser logs on Firefox:
      ping:language { source: [32m''[39m, target: [32m'en-US'[39m }
      ping:missingresource { source: [32m'http://localhost:8000/favicon.ico'[39m, target: [33m404[39m }
 🚧 Browser logs on Webkit:
      ping:language { source: [32m''[39m, target: [32m'en-US'[39m }


[2K[1A[2K[Gtest/it/a11y.focustrap.single.test.html:

 🚧 Browser logs:
      ping:top {}
      ping:enter { source: [32m''[39m, target: [32m'visible'[39m }
      ping:error { source: [32m'focus-trap:single'[39m, target: [32m'button#btn-0'[39m }
 🚧 Browser logs on Chromium:
      ping:language { source: [32m''[39m, target: [32m'en-US@posix'[39m }
 🚧 Browser logs on Firefox:
      ping:language { source: [32m''[39m, target: [32m'en-US'[39m }
      ping:missingresource { source: [32m'http://localhost:8000/favicon.ico'[39m, target: [33m404[39m }
 🚧 Browser logs on Webkit:
      ping:language { source: [32m''[39m, target: [32m'en-US'[39m }

Chromium: |██████████████████████████████| 52/52 test files | 114 passed, 0 failed
Firefox:  |███████████████████████▋      | 40/52 test files | 62 passed, 0 failed, 1 skipped
Webkit:   |█████▊                        | 10/52 test files | 10 passed, 0 failed

Running tests...


[2K[1A[2K[Gtest/it/click.test.html:

 🚧 Browser logs:
      ping:top {}
      ping:enter { source: [32m''[39m, target: [32m'visible'[39m }
      ping:viewmedia {
        target: [32m'http://localhost:8000/test/fixtures/fire.jpg'[39m,
        source: [32m'img'[39m
      }
      ping:viewblock { source: [32m'.block'[39m, target: [90mundefined[39m }
      ping:click { source: [32m'.block'[39m, target: [90mundefined[39m }
      ping:click {
        target: [32m'http://localhost:8000/test/fixtures/fire.jpg'[39m,
        source: [32m'img'[39m
      }
      ping:click { source: [32m'a#alatelink'[39m, target: [90mundefined[39m }
 🚧 Browser logs on Chromium:
      ping:language { source: [32m''[39m, target: [32m'en-US@posix'[39m }
      ping:click {
        target: [32m'http://localhost:8000/test/it/click.test.html?wtr-session-id=ppuR5UMfbq0E5p3Cxcla2#'[39m,
        source: [32m'a#alink'[39m
      }
      ping:click {
        target: [32m'http://localhost:8000/test/it/click.test.html?wtr-session-id=ppuR5UMfbq0E5p3Cxcla2#'[39m,
        source: [32m'a#alink'[39m
      }
      ping:click {
        target: [32m'http://localhost:8000/test/it/click.test.html?wtr-session-id=ppuR5UMfbq0E5p3Cxcla2#'[39m,
        source: [32m'a#alink'[39m
      }
      ping:click {
        target: [32m'http://localhost:8000/test/it/click.test.html?wtr-session-id=ppuR5UMfbq0E5p3Cxcla2#'[39m,
        source: [32m'a#alink'[39m
      }
      ping:click {
        target: [32m'http://localhost:8000/test/it/click.test.html?wtr-session-id=ppuR5UMfbq0E5p3Cxcla2#'[39m,
        source: [32m'a#alink'[39m
      }
      ping:click {
        target: [32m'http://localhost:8000/test/it/click.test.html?wtr-session-id=ppuR5UMfbq0E5p3Cxcla2#'[39m,
        source: [32m'a#alink'[39m
      }
      ping:click {
        target: [32m'http://localhost:8000/test/it/click.test.html?wtr-session-id=ppuR5UMfbq0E5p3Cxcla2#'[39m,
        source: [32m'a#alink'[39m
      }
      ping:a11y { source: [32m'off'[39m, target: [32m'off:low:medium:high'[39m }
      ping:click {
        target: [32m'http://localhost:8000/test/it/click.test.html?wtr-session-id=ppuR5UMfbq0E5p3Cxcla2#'[39m,
        source: [32m'a#alink'[39m
      }
      ping:click {
        target: [32m'http://localhost:8000/test/it/click.test.html?wtr-session-id=ppuR5UMfbq0E5p3Cxcla2#'[39m,
        source: [32m'a#alink'[39m
      }
      ping:click {
        target: [32m'http://localhost:8000/test/it/click.test.html?wtr-session-id=ppuR5UMfbq0E5p3Cxcla2#'[39m,
        source: [32m'a#alink'[39m
      }
      ping:click {
        target: [32m'http://localhost:8000/test/it/click.test.html?wtr-session-id=ppuR5UMfbq0E5p3Cxcla2#'[39m,
        source: [32m'a#alink'[39m
      }
      ping:click {
        target: [32m'http://localhost:8000/test/it/click.test.html?wtr-session-id=ppuR5UMfbq0E5p3Cxcla2#'[39m,
        source: [32m'a#alink'[39m
      }
      ping:click {
        target: [32m'http://localhost:8000/test/it/click.test.html?wtr-session-id=ppuR5UMfbq0E5p3Cxcla2#'[39m,
        source: [32m'a#alink'[39m
      }
      ping:click {
        target: [32m'http://localhost:8000/test/it/click.test.html?wtr-session-id=ppuR5UMfbq0E5p3Cxcla2#'[39m,
        source: [32m'a#alink'[39m
      }
      ping:click {
        target: [32m'http://localhost:8000/test/it/click.test.html?wtr-session-id=ppuR5UMfbq0E5p3Cxcla2#'[39m,
        source: [32m'a#alink'[39m
      }
      ping:click {
        target: [32m'http://localhost:8000/test/it/click.test.html?wtr-session-id=ppuR5UMfbq0E5p3Cxcla2#'[39m,
        source: [32m'a#alink'[39m
      }
      ping:click {
        target: [32m'http://localhost:8000/test/it/click.test.html?wtr-session-id=ppuR5UMfbq0E5p3Cxcla2#'[39m,
        source: [32m'a#alink'[39m
      }
      ping:click {
        target: [32m'http://localhost:8000/test/it/click.test.html?wtr-session-id=ppuR5UMfbq0E5p3Cxcla2#'[39m,
        source: [32m'a#alink'[39m
      }
      ping:click {
        target: [32m'http://localhost:8000/test/it/click.test.html?wtr-session-id=ppuR5UMfbq0E5p3Cxcla2#'[39m,
        source: [32m'a#alink'[39m
      }
      ping:click {
        target: [32m'http://localhost:8000/test/it/click.test.html?wtr-session-id=ppuR5UMfbq0E5p3Cxcla2#'[39m,
        source: [32m'a#alink'[39m
      }
      ping:click {
        target: [32m'http://localhost:8000/test/it/click.test.html?wtr-session-id=ppuR5UMfbq0E5p3Cxcla2#'[39m,
        source: [32m'a#alink'[39m
      }
      ping:click {
        target: [32m'http://localhost:8000/test/it/click.test.html?wtr-session-id=ppuR5UMfbq0E5p3Cxcla2#'[39m,
        source: [32m'a#alink'[39m
      }
      ping:click {
        target: [32m'http://localhost:8000/test/it/click.test.html?wtr-session-id=ppuR5UMfbq0E5p3Cxcla2#'[39m,
        source: [32m'a#alink'[39m
      }
      ping:click {
        target: [32m'http://localhost:8000/test/it/click.test.html?wtr-session-id=ppuR5UMfbq0E5p3Cxcla2#'[39m,
        source: [32m'a#alink'[39m
      }
      ping:click {
        target: [32m'http://localhost:8000/test/it/click.test.html?wtr-session-id=ppuR5UMfbq0E5p3Cxcla2#'[39m,
        source: [32m'a#alink'[39m
      }
      ping:click {
        target: [32m'http://localhost:8000/test/it/click.test.html?wtr-session-id=ppuR5UMfbq0E5p3Cxcla2#'[39m,
        source: [32m'a#alink'[39m
      }
      ping:click {
        target: [32m'http://localhost:8000/test/it/click.test.html?wtr-session-id=ppuR5UMfbq0E5p3Cxcla2#'[39m,
        source: [32m'a#alink'[39m
      }
      ping:click {
        target: [32m'http://localhost:8000/test/it/click.test.html?wtr-session-id=ppuR5UMfbq0E5p3Cxcla2#'[39m,
        source: [32m'a#alink'[39m
      }
      ping:click {
        target: [32m'http://localhost:8000/test/it/click.test.html?wtr-session-id=ppuR5UMfbq0E5p3Cxcla2#'[39m,
        source: [32m'a#alink'[39m
      }
      ping:click {
        target: [32m'http://localhost:8000/test/it/click.test.html?wtr-session-id=ppuR5UMfbq0E5p3Cxcla2#'[39m,
        source: [32m'a#alink'[39m
      }
      ping:click {
        target: [32m'http://localhost:8000/test/it/click.test.html?wtr-session-id=ppuR5UMfbq0E5p3Cxcla2#'[39m,
        source: [32m'a#alink'[39m
      }
      ping:click {
        target: [32m'http://localhost:8000/test/it/click.test.html?wtr-session-id=ppuR5UMfbq0E5p3Cxcla2#'[39m,
        source: [32m'a#alink'[39m
      }
      ping:click {
        target: [32m'http://localhost:8000/test/it/click.test.html?wtr-session-id=ppuR5UMfbq0E5p3Cxcla2#'[39m,
        source: [32m'a#alink'[39m
      }
      ping:click {
        target: [32m'http://localhost:8000/test/it/click.test.html?wtr-session-id=ppuR5UMfbq0E5p3Cxcla2#'[39m,
        source: [32m'a#alink'[39m
      }
      ping:click {
        target: [32m'http://localhost:8000/test/it/click.test.html?wtr-session-id=ppuR5UMfbq0E5p3Cxcla2#'[39m,
        source: [32m'a#alink'[39m
      }
      ping:click {
        target: [32m'http://localhost:8000/test/it/click.test.html?wtr-session-id=ppuR5UMfbq0E5p3Cxcla2#'[39m,
        source: [32m'a#alink'[39m
      }
      ping:click {
        target: [32m'http://localhost:8000/test/it/click.test.html?wtr-session-id=ppuR5UMfbq0E5p3Cxcla2#'[39m,
        source: [32m'a#alink'[39m
      }
      ping:click {
        target: [32m'http://localhost:8000/test/it/click.test.html?wtr-session-id=ppuR5UMfbq0E5p3Cxcla2#'[39m,
        source: [32m'a#alink'[39m
      }
      ping:click {
        target: [32m'http://localhost:8000/test/it/click.test.html?wtr-session-id=ppuR5UMfbq0E5p3Cxcla2#'[39m,
        source: [32m'a#alink'[39m
      }
      ping:click {
        target: [32m'http://localhost:8000/test/it/click.test.html?wtr-session-id=ppuR5UMfbq0E5p3Cxcla2#'[39m,
        source: [32m'a#alink'[39m
      }
      ping:click {
        target: [32m'http://localhost:8000/test/it/click.test.html?wtr-session-id=ppuR5UMfbq0E5p3Cxcla2#'[39m,
        source: [32m'a#alink'[39m
      }
      ping:click {
        target: [32m'http://localhost:8000/test/it/click.test.html?wtr-session-id=ppuR5UMfbq0E5p3Cxcla2#'[39m,
        source: [32m'a#alink'[39m
      }
      ping:click {
        target: [32m'http://localhost:8000/test/it/click.test.html?wtr-session-id=ppuR5UMfbq0E5p3Cxcla2#'[39m,
        source: [32m'a#alink'[39m
      }
      ping:click {
        target: [32m'http://localhost:8000/test/it/click.test.html?wtr-session-id=ppuR5UMfbq0E5p3Cxcla2#'[39m,
        source: [32m'a#alink'[39m
      }
      ping:click {
        target: [32m'http://localhost:8000/test/it/click.test.html?wtr-session-id=ppuR5UMfbq0E5p3Cxcla2#'[39m,
        source: [32m'a#alink'[39m
      }
      ping:click {
        target: [32m'http://localhost:8000/test/it/click.test.html?wtr-session-id=ppuR5UMfbq0E5p3Cxcla2#'[39m,
        source: [32m'a#alink'[39m
      }
      ping:click {
        target: [32m'http://localhost:8000/test/it/click.test.html?wtr-session-id=ppuR5UMfbq0E5p3Cxcla2#'[39m,
        source: [32m'a#alink'[39m
      }
      ping:click {
        target: [32m'http://localhost:8000/test/it/click.test.html?wtr-session-id=ppuR5UMfbq0E5p3Cxcla2#'[39m,
        source: [32m'a#alink'[39m
      }
      ping:click {
        target: [32m'http://localhost:8000/test/it/click.test.html?wtr-session-id=ppuR5UMfbq0E5p3Cxcla2#'[39m,
        source: [32m'a#alink'[39m
      }
      ping:click {
        target: [32m'http://localhost:8000/test/it/click.test.html?wtr-session-id=ppuR5UMfbq0E5p3Cxcla2#'[39m,
        source: [32m'a#alink'[39m
      }
      ping:click {
        target: [32m'http://localhost:8000/test/it/click.test.html?wtr-session-id=ppuR5UMfbq0E5p3Cxcla2#'[39m,
        source: [32m'a#alink'[39m
      }
      ping:click {
        target: [32m'http://localhost:8000/test/it/click.test.html?wtr-session-id=ppuR5UMfbq0E5p3Cxcla2#'[39m,
        source: [32m'a#alink'[39m
      }
      ping:click {
        target: [32m'http://localhost:8000/test/it/click.test.html?wtr-session-id=ppuR5UMfbq0E5p3Cxcla2#'[39m,
        source: [32m'a#alink'[39m
      }
      ping:click {
        target: [32m'http://localhost:8000/test/it/click.test.html?wtr-session-id=ppuR5UMfbq0E5p3Cxcla2#'[39m,
        source: [32m'a#alink'[39m
      }
      ping:click {
        target: [32m'http://localhost:8000/test/it/click.test.html?wtr-session-id=ppuR5UMfbq0E5p3Cxcla2#'[39m,
        source: [32m'a#alink'[39m
      }
      ping:click {
        target: [32m'http://localhost:8000/test/it/click.test.html?wtr-session-id=ppuR5UMfbq0E5p3Cxcla2#'[39m,
        source: [32m'a#alink'[39m
      }
      ping:click {
        target: [32m'http://localhost:8000/test/it/click.test.html?wtr-session-id=ppuR5UMfbq0E5p3Cxcla2#'[39m,
        source: [32m'a#alink'[39m
      }
      ping:click {
        target: [32m'http://localhost:8000/test/it/click.test.html?wtr-session-id=ppuR5UMfbq0E5p3Cxcla2#'[39m,
        source: [32m'a#alink'[39m
      }
      ping:click {
        target: [32m'http://localhost:8000/test/it/click.test.html?wtr-session-id=ppuR5UMfbq0E5p3Cxcla2#'[39m,
        source: [32m'a#alink'[39m
      }
      ping:click {
        target: [32m'http://localhost:8000/test/it/click.test.html?wtr-session-id=ppuR5UMfbq0E5p3Cxcla2#'[39m,
        source: [32m'a#alink'[39m
      }
      ping:click {
        target: [32m'http://localhost:8000/test/it/click.test.html?wtr-session-id=ppuR5UMfbq0E5p3Cxcla2#'[39m,
        source: [32m'a#alink'[39m
      }
      ping:click {
        target: [32m'http://localhost:8000/test/it/click.test.html?wtr-session-id=ppuR5UMfbq0E5p3Cxcla2#'[39m,
        source: [32m'a#alink'[39m
      }
      ping:click {
        target: [32m'http://localhost:8000/test/it/click.test.html?wtr-session-id=ppuR5UMfbq0E5p3Cxcla2#'[39m,
        source: [32m'a#alink'[39m
      }
      ping:click {
        target: [32m'http://localhost:8000/test/it/click.test.html?wtr-session-id=ppuR5UMfbq0E5p3Cxcla2#'[39m,
        source: [32m'a#alink'[39m
      }
      ping:click {
        target: [32m'http://localhost:8000/test/it/click.test.html?wtr-session-id=ppuR5UMfbq0E5p3Cxcla2#'[39m,
        source: [32m'a#alink'[39m
      }
      ping:click {
        target: [32m'http://localhost:8000/test/it/click.test.html?wtr-session-id=ppuR5UMfbq0E5p3Cxcla2#'[39m,
        source: [32m'a#alink'[39m
      }
      ping:click {
        target: [32m'http://localhost:8000/test/it/click.test.html?wtr-session-id=ppuR5UMfbq0E5p3Cxcla2#'[39m,
        source: [32m'a#alink'[39m
      }
      ping:click {
        target: [32m'http://localhost:8000/test/it/click.test.html?wtr-session-id=ppuR5UMfbq0E5p3Cxcla2#'[39m,
        source: [32m'a#alink'[39m
      }
      ping:click {
        target: [32m'http://localhost:8000/test/it/click.test.html?wtr-session-id=ppuR5UMfbq0E5p3Cxcla2#'[39m,
        source: [32m'a#alink'[39m
      }
      ping:click {
        target: [32m'http://localhost:8000/test/it/click.test.html?wtr-session-id=ppuR5UMfbq0E5p3Cxcla2#'[39m,
        source: [32m'a#alink'[39m
      }
      ping:click {
        target: [32m'http://localhost:8000/test/it/click.test.html?wtr-session-id=ppuR5UMfbq0E5p3Cxcla2#'[39m,
        source: [32m'a#alink'[39m
      }
      ping:click {
        target: [32m'http://localhost:8000/test/it/click.test.html?wtr-session-id=ppuR5UMfbq0E5p3Cxcla2#'[39m,
        source: [32m'a#alink'[39m
      }
      ping:click {
        target: [32m'http://localhost:8000/test/it/click.test.html?wtr-session-id=ppuR5UMfbq0E5p3Cxcla2#'[39m,
        source: [32m'a#alink'[39m
      }
      ping:click {
        target: [32m'http://localhost:8000/test/it/click.test.html?wtr-session-id=ppuR5UMfbq0E5p3Cxcla2#'[39m,
        source: [32m'a#alink'[39m
      }
      ping:click {
        target: [32m'http://localhost:8000/test/it/click.test.html?wtr-session-id=ppuR5UMfbq0E5p3Cxcla2#'[39m,
        source: [32m'a#alink'[39m
      }
      ping:click {
        target: [32m'http://localhost:8000/test/it/click.test.html?wtr-session-id=ppuR5UMfbq0E5p3Cxcla2#'[39m,
        source: [32m'a#alink'[39m
      }
      ping:click {
        target: [32m'http://localhost:8000/test/it/click.test.html?wtr-session-id=ppuR5UMfbq0E5p3Cxcla2#'[39m,
        source: [32m'a#alink'[39m
      }
      ping:click {
        target: [32m'http://localhost:8000/test/it/click.test.html?wtr-session-id=ppuR5UMfbq0E5p3Cxcla2#'[39m,
        source: [32m'a#alink'[39m
      }
      ping:click {
        target: [32m'http://localhost:8000/test/it/click.test.html?wtr-session-id=ppuR5UMfbq0E5p3Cxcla2#'[39m,
        source: [32m'a#alink'[39m
      }
      ping:click {
        target: [32m'http://localhost:8000/test/it/click.test.html?wtr-session-id=ppuR5UMfbq0E5p3Cxcla2#'[39m,
        source: [32m'a#alink'[39m
      }
      ping:click {
        target: [32m'http://localhost:8000/test/it/click.test.html?wtr-session-id=ppuR5UMfbq0E5p3Cxcla2#'[39m,
        source: [32m'a#alink'[39m
      }
      ping:click {
        target: [32m'http://localhost:8000/test/it/click.test.html?wtr-session-id=ppuR5UMfbq0E5p3Cxcla2#'[39m,
        source: [32m'a#alink'[39m
      }
      ping:click {
        target: [32m'http://localhost:8000/test/it/click.test.html?wtr-session-id=ppuR5UMfbq0E5p3Cxcla2#'[39m,
        source: [32m'a#alink'[39m
      }
      ping:click {
        target: [32m'http://localhost:8000/test/it/click.test.html?wtr-session-id=ppuR5UMfbq0E5p3Cxcla2#'[39m,
        source: [32m'a#alink'[39m
      }
      ping:click {
        target: [32m'http://localhost:8000/test/it/click.test.html?wtr-session-id=ppuR5UMfbq0E5p3Cxcla2#'[39m,
        source: [32m'a#alink'[39m
      }
      ping:click {
        target: [32m'http://localhost:8000/test/it/click.test.html?wtr-session-id=ppuR5UMfbq0E5p3Cxcla2#'[39m,
        source: [32m'a#alink'[39m
      }
      ping:click {
        target: [32m'http://localhost:8000/test/it/click.test.html?wtr-session-id=ppuR5UMfbq0E5p3Cxcla2#'[39m,
        source: [32m'a#alink'[39m
      }
      ping:click {
        target: [32m'http://localhost:8000/test/it/click.test.html?wtr-session-id=ppuR5UMfbq0E5p3Cxcla2#'[39m,
        source: [32m'a#alink'[39m
      }
      ping:click {
        target: [32m'http://localhost:8000/test/it/click.test.html?wtr-session-id=ppuR5UMfbq0E5p3Cxcla2#'[39m,
        source: [32m'a#alink'[39m
      }
      ping:click {
        target: [32m'http://localhost:8000/test/it/click.test.html?wtr-session-id=ppuR5UMfbq0E5p3Cxcla2#'[39m,
        source: [32m'a#alink'[39m
      }
      ping:click {
        target: [32m'http://localhost:8000/test/it/click.test.html?wtr-session-id=ppuR5UMfbq0E5p3Cxcla2#'[39m,
        source: [32m'a#alink'[39m
      }
      ping:click {
        target: [32m'http://localhost:8000/test/it/click.test.html?wtr-session-id=ppuR5UMfbq0E5p3Cxcla2#'[39m,
        source: [32m'a#alink'[39m
      }
      ping:click {
        target: [32m'http://localhost:8000/test/it/click.test.html?wtr-session-id=ppuR5UMfbq0E5p3Cxcla2#'[39m,
        source: [32m'a#alink'[39m
      }
      ping:click {
        target: [32m'http://localhost:8000/test/it/click.test.html?wtr-session-id=ppuR5UMfbq0E5p3Cxcla2#'[39m,
        source: [32m'a#alink'[39m
      }
      ping:click {
        target: [32m'http://localhost:8000/test/it/click.test.html?wtr-session-id=ppuR5UMfbq0E5p3Cxcla2#'[39m,
        source: [32m'a#alink'[39m
      }
      ping:click {
        target: [32m'http://localhost:8000/test/it/click.test.html?wtr-session-id=ppuR5UMfbq0E5p3Cxcla2#'[39m,
        source: [32m'a#alink'[39m
      }
      ping:click {
        target: [32m'http://localhost:8000/test/it/click.test.html?wtr-session-id=ppuR5UMfbq0E5p3Cxcla2#'[39m,
        source: [32m'a#alink'[39m
      }
      ping:click {
        target: [32m'http://localhost:8000/test/it/click.test.html?wtr-session-id=ppuR5UMfbq0E5p3Cxcla2#'[39m,
        source: [32m'a#alink'[39m
      }
      ping:click {
        target: [32m'http://localhost:8000/test/it/click.test.html?wtr-session-id=ppuR5UMfbq0E5p3Cxcla2#'[39m,
        source: [32m'a#alink'[39m
      }
      ping:click {
        target: [32m'http://localhost:8000/test/it/click.test.html?wtr-session-id=ppuR5UMfbq0E5p3Cxcla2#'[39m,
        source: [32m'a#alink'[39m
      }
      ping:click {
        target: [32m'http://localhost:8000/test/it/click.test.html?wtr-session-id=ppuR5UMfbq0E5p3Cxcla2#'[39m,
        source: [32m'a#alink'[39m
      }
      ping:click {
        target: [32m'http://localhost:8000/test/it/click.test.html?wtr-session-id=ppuR5UMfbq0E5p3Cxcla2#'[39m,
        source: [32m'a#alink'[39m
      }
      ping:click {
        target: [32m'http://localhost:8000/test/it/click.test.html?wtr-session-id=ppuR5UMfbq0E5p3Cxcla2#'[39m,
        source: [32m'a#alink'[39m
      }
      ping:click {
        target: [32m'http://localhost:8000/test/it/click.test.html?wtr-session-id=ppuR5UMfbq0E5p3Cxcla2#'[39m,
        source: [32m'a#alink'[39m
      }
      ping:click {
        target: [32m'http://localhost:8000/test/it/click.test.html?wtr-session-id=ppuR5UMfbq0E5p3Cxcla2#'[39m,
        source: [32m'a#alink'[39m
      }
      ping:click {
        target: [32m'http://localhost:8000/test/it/click.test.html?wtr-session-id=ppuR5UMfbq0E5p3Cxcla2#'[39m,
        source: [32m'a#alink'[39m
      }
      ping:click {
        target: [32m'http://localhost:8000/test/it/click.test.html?wtr-session-id=ppuR5UMfbq0E5p3Cxcla2#'[39m,
        source: [32m'a#alink'[39m
      }
      ping:click {
        target: [32m'http://localhost:8000/test/it/click.test.html?wtr-session-id=ppuR5UMfbq0E5p3Cxcla2#'[39m,
        source: [32m'a#alink'[39m
      }
      ping:click {
        target: [32m'http://localhost:8000/test/it/click.test.html?wtr-session-id=ppuR5UMfbq0E5p3Cxcla2#'[39m,
        source: [32m'a#alink'[39m
      }
      ping:click {
        target: [32m'http://localhost:8000/test/it/click.test.html?wtr-session-id=ppuR5UMfbq0E5p3Cxcla2#'[39m,
        source: [32m'a#alink'[39m
      }
      ping:click {
        target: [32m'http://localhost:8000/test/it/click.test.html?wtr-session-id=ppuR5UMfbq0E5p3Cxcla2#'[39m,
        source: [32m'a#alink'[39m
      }
      ping:click {
        target: [32m'http://localhost:8000/test/it/click.test.html?wtr-session-id=ppuR5UMfbq0E5p3Cxcla2#'[39m,
        source: [32m'a#alink'[39m
      }
      ping:click {
        target: [32m'http://localhost:8000/test/it/click.test.html?wtr-session-id=ppuR5UMfbq0E5p3Cxcla2#'[39m,
        source: [32m'a#alink'[39m
      }
      ping:click {
        target: [32m'http://localhost:8000/test/it/click.test.html?wtr-session-id=ppuR5UMfbq0E5p3Cxcla2#'[39m,
        source: [32m'a#alink'[39m
      }
      ping:click {
        target: [32m'http://localhost:8000/test/it/click.test.html?wtr-session-id=ppuR5UMfbq0E5p3Cxcla2#'[39m,
        source: [32m'a#alink'[39m
      }
      ping:click {
        target: [32m'http://localhost:8000/test/it/click.test.html?wtr-session-id=ppuR5UMfbq0E5p3Cxcla2#'[39m,
        source: [32m'a#alink'[39m
      }
      ping:click {
        target: [32m'http://localhost:8000/test/it/click.test.html?wtr-session-id=ppuR5UMfbq0E5p3Cxcla2#'[39m,
        source: [32m'a#alink'[39m
      }
      ping:click {
        target: [32m'http://localhost:8000/test/it/click.test.html?wtr-session-id=ppuR5UMfbq0E5p3Cxcla2#'[39m,
        source: [32m'a#alink'[39m
      }
      ping:click {
        target: [32m'http://localhost:8000/test/it/click.test.html?wtr-session-id=ppuR5UMfbq0E5p3Cxcla2#'[39m,
        source: [32m'a#alink'[39m
      }
      ping:click {
        target: [32m'http://localhost:8000/test/it/click.test.html?wtr-session-id=ppuR5UMfbq0E5p3Cxcla2#'[39m,
        source: [32m'a#alink'[39m
      }
      ping:click {
        target: [32m'http://localhost:8000/test/it/click.test.html?wtr-session-id=ppuR5UMfbq0E5p3Cxcla2#'[39m,
        source: [32m'a#alink'[39m
      }
      ping:click {
        target: [32m'http://localhost:8000/test/it/click.test.html?wtr-session-id=ppuR5UMfbq0E5p3Cxcla2#'[39m,
        source: [32m'a#alink'[39m
      }
      ping:click {
        target: [32m'http://localhost:8000/test/it/click.test.html?wtr-session-id=ppuR5UMfbq0E5p3Cxcla2#'[39m,
        source: [32m'a#alink'[39m
      }
      ping:click {
        target: [32m'http://localhost:8000/test/it/click.test.html?wtr-session-id=ppuR5UMfbq0E5p3Cxcla2#'[39m,
        source: [32m'a#alink'[39m
      }
      ping:click {
        target: [32m'http://localhost:8000/test/it/click.test.html?wtr-session-id=ppuR5UMfbq0E5p3Cxcla2#'[39m,
        source: [32m'a#alink'[39m
      }
      ping:click {
        target: [32m'http://localhost:8000/test/it/click.test.html?wtr-session-id=ppuR5UMfbq0E5p3Cxcla2#'[39m,
        source: [32m'a#alink'[39m
      }
      ping:click {
        target: [32m'http://localhost:8000/test/it/click.test.html?wtr-session-id=ppuR5UMfbq0E5p3Cxcla2#'[39m,
        source: [32m'a#alink'[39m
      }
      ping:click {
        target: [32m'http://localhost:8000/test/it/click.test.html?wtr-session-id=ppuR5UMfbq0E5p3Cxcla2#'[39m,
        source: [32m'a#alink'[39m
      }
      ping:click {
        target: [32m'http://localhost:8000/test/it/click.test.html?wtr-session-id=ppuR5UMfbq0E5p3Cxcla2#'[39m,
        source: [32m'a#alink'[39m
      }
      ping:click {
        target: [32m'http://localhost:8000/test/it/click.test.html?wtr-session-id=ppuR5UMfbq0E5p3Cxcla2#'[39m,
        source: [32m'a#alink'[39m
      }
      ping:click {
        target: [32m'http://localhost:8000/test/it/click.test.html?wtr-session-id=ppuR5UMfbq0E5p3Cxcla2#'[39m,
        source: [32m'a#alink'[39m
      }
      ping:click {
        target: [32m'http://localhost:8000/test/it/click.test.html?wtr-session-id=ppuR5UMfbq0E5p3Cxcla2#'[39m,
        source: [32m'a#alink'[39m
      }
      ping:click {
        target: [32m'http://localhost:8000/test/it/click.test.html?wtr-session-id=ppuR5UMfbq0E5p3Cxcla2#'[39m,
        source: [32m'a#alink'[39m
      }
      ping:click {
        target: [32m'http://localhost:8000/test/it/click.test.html?wtr-session-id=ppuR5UMfbq0E5p3Cxcla2#'[39m,
        source: [32m'a#alink'[39m
      }
      ping:click {
        target: [32m'http://localhost:8000/test/it/click.test.html?wtr-session-id=ppuR5UMfbq0E5p3Cxcla2#'[39m,
        source: [32m'a#alink'[39m
      }
      ping:click {
        target: [32m'http://localhost:8000/test/it/click.test.html?wtr-session-id=ppuR5UMfbq0E5p3Cxcla2#'[39m,
        source: [32m'a#alink'[39m
      }
      ping:click {
        target: [32m'http://localhost:8000/test/it/click.test.html?wtr-session-id=ppuR5UMfbq0E5p3Cxcla2#'[39m,
        source: [32m'a#alink'[39m
      }
      ping:click {
        target: [32m'http://localhost:8000/test/it/click.test.html?wtr-session-id=ppuR5UMfbq0E5p3Cxcla2#'[39m,
        source: [32m'a#alink'[39m
      }
      ping:click {
        target: [32m'http://localhost:8000/test/it/click.test.html?wtr-session-id=ppuR5UMfbq0E5p3Cxcla2#'[39m,
        source: [32m'a#alink'[39m
      }
      ping:click {
        target: [32m'http://localhost:8000/test/it/click.test.html?wtr-session-id=ppuR5UMfbq0E5p3Cxcla2#'[39m,
        source: [32m'a#alink'[39m
      }
      ping:click {
        target: [32m'http://localhost:8000/test/it/click.test.html?wtr-session-id=ppuR5UMfbq0E5p3Cxcla2#'[39m,
        source: [32m'a#alink'[39m
      }
      ping:click {
        target: [32m'http://localhost:8000/test/it/click.test.html?wtr-session-id=ppuR5UMfbq0E5p3Cxcla2#'[39m,
        source: [32m'a#alink'[39m
      }
      ping:click {
        target: [32m'http://localhost:8000/test/it/click.test.html?wtr-session-id=ppuR5UMfbq0E5p3Cxcla2#'[39m,
        source: [32m'a#alink'[39m
      }
      ping:click {
        target: [32m'http://localhost:8000/test/it/click.test.html?wtr-session-id=ppuR5UMfbq0E5p3Cxcla2#'[39m,
        source: [32m'a#alink'[39m
      }
      ping:click {
        target: [32m'http://localhost:8000/test/it/click.test.html?wtr-session-id=ppuR5UMfbq0E5p3Cxcla2#'[39m,
        source: [32m'a#alink'[39m
      }
      ping:click {
        target: [32m'http://localhost:8000/test/it/click.test.html?wtr-session-id=ppuR5UMfbq0E5p3Cxcla2#'[39m,
        source: [32m'a#alink'[39m
      }
      ping:click {
        target: [32m'http://localhost:8000/test/it/click.test.html?wtr-session-id=ppuR5UMfbq0E5p3Cxcla2#'[39m,
        source: [32m'a#alink'[39m
      }
      ping:click {
        target: [32m'http://localhost:8000/test/it/click.test.html?wtr-session-id=ppuR5UMfbq0E5p3Cxcla2#'[39m,
        source: [32m'a#alink'[39m
      }
      ping:click {
        target: [32m'http://localhost:8000/test/it/click.test.html?wtr-session-id=ppuR5UMfbq0E5p3Cxcla2#'[39m,
        source: [32m'a#alink'[39m
      }
      ping:click {
        target: [32m'http://localhost:8000/test/it/click.test.html?wtr-session-id=ppuR5UMfbq0E5p3Cxcla2#'[39m,
        source: [32m'a#alink'[39m
      }
      ping:click {
        target: [32m'http://localhost:8000/test/it/click.test.html?wtr-session-id=ppuR5UMfbq0E5p3Cxcla2#'[39m,
        source: [32m'a#alink'[39m
      }
      ping:click {
        target: [32m'http://localhost:8000/test/it/click.test.html?wtr-session-id=ppuR5UMfbq0E5p3Cxcla2#'[39m,
        source: [32m'a#alink'[39m
      }
      ping:click {
        target: [32m'http://localhost:8000/test/it/click.test.html?wtr-session-id=ppuR5UMfbq0E5p3Cxcla2#'[39m,
        source: [32m'a#alink'[39m
      }
      ping:click {
        target: [32m'http://localhost:8000/test/it/click.test.html?wtr-session-id=ppuR5UMfbq0E5p3Cxcla2#'[39m,
        source: [32m'a#alink'[39m
      }
      ping:click {
        target: [32m'http://localhost:8000/test/it/click.test.html?wtr-session-id=ppuR5UMfbq0E5p3Cxcla2#'[39m,
        source: [32m'a#alink'[39m
      }
      ping:click {
        target: [32m'http://localhost:8000/test/it/click.test.html?wtr-session-id=ppuR5UMfbq0E5p3Cxcla2#'[39m,
        source: [32m'a#alink'[39m
      }
      ping:click {
        target: [32m'http://localhost:8000/test/it/click.test.html?wtr-session-id=ppuR5UMfbq0E5p3Cxcla2#'[39m,
        source: [32m'a#alink'[39m
      }
      ping:click {
        target: [32m'http://localhost:8000/test/it/click.test.html?wtr-session-id=ppuR5UMfbq0E5p3Cxcla2#'[39m,
        source: [32m'a#alink'[39m
      }
      ping:click {
        target: [32m'http://localhost:8000/test/it/click.test.html?wtr-session-id=ppuR5UMfbq0E5p3Cxcla2#'[39m,
        source: [32m'a#alink'[39m
      }
      ping:click {
        target: [32m'http://localhost:8000/test/it/click.test.html?wtr-session-id=ppuR5UMfbq0E5p3Cxcla2#'[39m,
        source: [32m'a#alink'[39m
      }
      ping:click {
        target: [32m'http://localhost:8000/test/it/click.test.html?wtr-session-id=ppuR5UMfbq0E5p3Cxcla2#'[39m,
        source: [32m'a#alink'[39m
      }
      ping:click {
        target: [32m'http://localhost:8000/test/it/click.test.html?wtr-session-id=ppuR5UMfbq0E5p3Cxcla2#'[39m,
        source: [32m'a#alink'[39m
      }
      ping:click {
        target: [32m'http://localhost:8000/test/it/click.test.html?wtr-session-id=ppuR5UMfbq0E5p3Cxcla2#'[39m,
        source: [32m'a#alink'[39m
      }
      ping:click {
        target: [32m'http://localhost:8000/test/it/click.test.html?wtr-session-id=ppuR5UMfbq0E5p3Cxcla2#'[39m,
        source: [32m'a#alink'[39m
      }
      ping:click {
        target: [32m'http://localhost:8000/test/it/click.test.html?wtr-session-id=ppuR5UMfbq0E5p3Cxcla2#'[39m,
        source: [32m'a#alink'[39m
      }
      ping:click {
        target: [32m'http://localhost:8000/test/it/click.test.html?wtr-session-id=ppuR5UMfbq0E5p3Cxcla2#'[39m,
        source: [32m'a#alink'[39m
      }
      ping:click {
        target: [32m'http://localhost:8000/test/it/click.test.html?wtr-session-id=ppuR5UMfbq0E5p3Cxcla2#'[39m,
        source: [32m'a#alink'[39m
      }
      ping:click {
        target: [32m'http://localhost:8000/test/it/click.test.html?wtr-session-id=ppuR5UMfbq0E5p3Cxcla2#'[39m,
        source: [32m'a#alink'[39m
      }
      ping:click {
        target: [32m'http://localhost:8000/test/it/click.test.html?wtr-session-id=ppuR5UMfbq0E5p3Cxcla2#'[39m,
        source: [32m'a#alink'[39m
      }
      ping:click {
        target: [32m'http://localhost:8000/test/it/click.test.html?wtr-session-id=ppuR5UMfbq0E5p3Cxcla2#'[39m,
        source: [32m'a#alink'[39m
      }
      ping:click {
        target: [32m'http://localhost:8000/test/it/click.test.html?wtr-session-id=ppuR5UMfbq0E5p3Cxcla2#'[39m,
        source: [32m'a#alink'[39m
      }
      ping:click {
        target: [32m'http://localhost:8000/test/it/click.test.html?wtr-session-id=ppuR5UMfbq0E5p3Cxcla2#'[39m,
        source: [32m'a#alink'[39m
      }
      ping:click {
        target: [32m'http://localhost:8000/test/it/click.test.html?wtr-session-id=ppuR5UMfbq0E5p3Cxcla2#'[39m,
        source: [32m'a#alink'[39m
      }
      ping:click {
        target: [32m'http://localhost:8000/test/it/click.test.html?wtr-session-id=ppuR5UMfbq0E5p3Cxcla2#'[39m,
        source: [32m'a#alink'[39m
      }
      ping:click {
        target: [32m'http://localhost:8000/test/it/click.test.html?wtr-session-id=ppuR5UMfbq0E5p3Cxcla2#'[39m,
        source: [32m'a#alink'[39m
      }
      ping:click {
        target: [32m'http://localhost:8000/test/it/click.test.html?wtr-session-id=ppuR5UMfbq0E5p3Cxcla2#'[39m,
        source: [32m'a#alink'[39m
      }
      ping:click {
        target: [32m'http://localhost:8000/test/it/click.test.html?wtr-session-id=ppuR5UMfbq0E5p3Cxcla2#'[39m,
        source: [32m'a#alink'[39m
      }
      ping:click {
        target: [32m'http://localhost:8000/test/it/click.test.html?wtr-session-id=ppuR5UMfbq0E5p3Cxcla2#'[39m,
        source: [32m'a#alink'[39m
      }
      ping:click {
        target: [32m'http://localhost:8000/test/it/click.test.html?wtr-session-id=ppuR5UMfbq0E5p3Cxcla2#'[39m,
        source: [32m'a#alink'[39m
      }
      ping:click {
        target: [32m'http://localhost:8000/test/it/click.test.html?wtr-session-id=ppuR5UMfbq0E5p3Cxcla2#'[39m,
        source: [32m'a#alink'[39m
      }
      ping:click {
        target: [32m'http://localhost:8000/test/it/click.test.html?wtr-session-id=ppuR5UMfbq0E5p3Cxcla2#'[39m,
        source: [32m'a#alink'[39m
      }
      ping:click {
        target: [32m'http://localhost:8000/test/it/click.test.html?wtr-session-id=ppuR5UMfbq0E5p3Cxcla2#'[39m,
        source: [32m'a#alink'[39m
      }
      ping:click {
        target: [32m'http://localhost:8000/test/it/click.test.html?wtr-session-id=ppuR5UMfbq0E5p3Cxcla2#'[39m,
        source: [32m'a#alink'[39m
      }
      ping:click {
        target: [32m'http://localhost:8000/test/it/click.test.html?wtr-session-id=ppuR5UMfbq0E5p3Cxcla2#'[39m,
        source: [32m'a#alink'[39m
      }
      ping:click {
        target: [32m'http://localhost:8000/test/it/click.test.html?wtr-session-id=ppuR5UMfbq0E5p3Cxcla2#'[39m,
        source: [32m'a#alink'[39m
      }
      ping:click {
        target: [32m'http://localhost:8000/test/it/click.test.html?wtr-session-id=ppuR5UMfbq0E5p3Cxcla2#'[39m,
        source: [32m'a#alink'[39m
      }
      ping:click {
        target: [32m'http://localhost:8000/test/it/click.test.html?wtr-session-id=ppuR5UMfbq0E5p3Cxcla2#'[39m,
        source: [32m'a#alink'[39m
      }
      ping:click {
        target: [32m'http://localhost:8000/test/it/click.test.html?wtr-session-id=ppuR5UMfbq0E5p3Cxcla2#'[39m,
        source: [32m'a#alink'[39m
      }
      ping:click {
        target: [32m'http://localhost:8000/test/it/click.test.html?wtr-session-id=ppuR5UMfbq0E5p3Cxcla2#'[39m,
        source: [32m'a#alink'[39m
      }
      ping:click {
        target: [32m'http://localhost:8000/test/it/click.test.html?wtr-session-id=ppuR5UMfbq0E5p3Cxcla2#'[39m,
        source: [32m'a#alink'[39m
      }
      ping:click {
        target: [32m'http://localhost:8000/test/it/click.test.html?wtr-session-id=ppuR5UMfbq0E5p3Cxcla2#'[39m,
        source: [32m'a#alink'[39m
      }
      ping:click {
        target: [32m'http://localhost:8000/test/it/click.test.html?wtr-session-id=ppuR5UMfbq0E5p3Cxcla2#'[39m,
        source: [32m'a#alink'[39m
      }
      ping:click {
        target: [32m'http://localhost:8000/test/it/click.test.html?wtr-session-id=ppuR5UMfbq0E5p3Cxcla2#'[39m,
        source: [32m'a#alink'[39m
      }
      ping:click {
        target: [32m'http://localhost:8000/test/it/click.test.html?wtr-session-id=ppuR5UMfbq0E5p3Cxcla2#'[39m,
        source: [32m'a#alink'[39m
      }
      ping:click {
        target: [32m'http://localhost:8000/test/it/click.test.html?wtr-session-id=ppuR5UMfbq0E5p3Cxcla2#'[39m,
        source: [32m'a#alink'[39m
      }
      ping:click {
        target: [32m'http://localhost:8000/test/it/click.test.html?wtr-session-id=ppuR5UMfbq0E5p3Cxcla2#'[39m,
        source: [32m'a#alink'[39m
      }
      ping:click {
        target: [32m'http://localhost:8000/test/it/click.test.html?wtr-session-id=ppuR5UMfbq0E5p3Cxcla2#'[39m,
        source: [32m'a#alink'[39m
      }
      ping:click {
        target: [32m'http://localhost:8000/test/it/click.test.html?wtr-session-id=ppuR5UMfbq0E5p3Cxcla2#'[39m,
        source: [32m'a#alink'[39m
      }
      ping:click {
        target: [32m'http://localhost:8000/test/it/click.test.html?wtr-session-id=ppuR5UMfbq0E5p3Cxcla2#'[39m,
        source: [32m'a#alink'[39m
      }
      ping:click {
        target: [32m'http://localhost:8000/test/it/click.test.html?wtr-session-id=ppuR5UMfbq0E5p3Cxcla2#'[39m,
        source: [32m'a#alink'[39m
      }
      ping:click {
        target: [32m'http://localhost:8000/test/it/click.test.html?wtr-session-id=ppuR5UMfbq0E5p3Cxcla2#'[39m,
        source: [32m'a#alink'[39m
      }
      ping:click {
        target: [32m'http://localhost:8000/test/it/click.test.html?wtr-session-id=ppuR5UMfbq0E5p3Cxcla2#'[39m,
        source: [32m'a#alink'[39m
      }
      ping:click {
        target: [32m'http://localhost:8000/test/it/click.test.html?wtr-session-id=ppuR5UMfbq0E5p3Cxcla2#'[39m,
        source: [32m'a#alink'[39m
      }
      ping:click {
        target: [32m'http://localhost:8000/test/it/click.test.html?wtr-session-id=ppuR5UMfbq0E5p3Cxcla2#'[39m,
        source: [32m'a#alink'[39m
      }
      ping:click {
        target: [32m'http://localhost:8000/test/it/click.test.html?wtr-session-id=ppuR5UMfbq0E5p3Cxcla2#'[39m,
        source: [32m'a#alink'[39m
      }
      ping:click {
        target: [32m'http://localhost:8000/test/it/click.test.html?wtr-session-id=ppuR5UMfbq0E5p3Cxcla2#'[39m,
        source: [32m'a#alink'[39m
      }
      ping:click {
        target: [32m'http://localhost:8000/test/it/click.test.html?wtr-session-id=ppuR5UMfbq0E5p3Cxcla2#'[39m,
        source: [32m'a#alink'[39m
      }
      ping:click {
        target: [32m'http://localhost:8000/test/it/click.test.html?wtr-session-id=ppuR5UMfbq0E5p3Cxcla2#'[39m,
        source: [32m'a#alink'[39m
      }
      ping:click {
        target: [32m'http://localhost:8000/test/it/click.test.html?wtr-session-id=ppuR5UMfbq0E5p3Cxcla2#'[39m,
        source: [32m'a#alink'[39m
      }
      ping:click {
        target: [32m'http://localhost:8000/test/it/click.test.html?wtr-session-id=ppuR5UMfbq0E5p3Cxcla2#'[39m,
        source: [32m'a#alink'[39m
      }
      ping:click {
        target: [32m'http://localhost:8000/test/it/click.test.html?wtr-session-id=ppuR5UMfbq0E5p3Cxcla2#'[39m,
        source: [32m'a#alink'[39m
      }
      ping:click {
        target: [32m'http://localhost:8000/test/it/click.test.html?wtr-session-id=ppuR5UMfbq0E5p3Cxcla2#'[39m,
        source: [32m'a#alink'[39m
      }
      ping:click {
        target: [32m'http://localhost:8000/test/it/click.test.html?wtr-session-id=ppuR5UMfbq0E5p3Cxcla2#'[39m,
        source: [32m'a#alink'[39m
      }
      ping:click {
        target: [32m'http://localhost:8000/test/it/click.test.html?wtr-session-id=ppuR5UMfbq0E5p3Cxcla2#'[39m,
        source: [32m'a#alink'[39m
      }
      ping:click {
        target: [32m'http://localhost:8000/test/it/click.test.html?wtr-session-id=ppuR5UMfbq0E5p3Cxcla2#'[39m,
        source: [32m'a#alink'[39m
      }
      ping:click {
        target: [32m'http://localhost:8000/test/it/click.test.html?wtr-session-id=ppuR5UMfbq0E5p3Cxcla2#'[39m,
        source: [32m'a#alink'[39m
      }
      ping:click {
        target: [32m'http://localhost:8000/test/it/click.test.html?wtr-session-id=ppuR5UMfbq0E5p3Cxcla2#'[39m,
        source: [32m'a#alink'[39m
      }
      ping:click {
        target: [32m'http://localhost:8000/test/it/click.test.html?wtr-session-id=ppuR5UMfbq0E5p3Cxcla2#'[39m,
        source: [32m'a#alink'[39m
      }
      ping:click {
        target: [32m'http://localhost:8000/test/it/click.test.html?wtr-session-id=ppuR5UMfbq0E5p3Cxcla2#'[39m,
        source: [32m'a#alink'[39m
      }
      ping:click {
        target: [32m'http://localhost:8000/test/it/click.test.html?wtr-session-id=ppuR5UMfbq0E5p3Cxcla2#'[39m,
        source: [32m'a#alink'[39m
      }
      ping:click {
        target: [32m'http://localhost:8000/test/it/click.test.html?wtr-session-id=ppuR5UMfbq0E5p3Cxcla2#'[39m,
        source: [32m'a#alink'[39m
      }
      ping:click {
        target: [32m'http://localhost:8000/test/it/click.test.html?wtr-session-id=ppuR5UMfbq0E5p3Cxcla2#'[39m,
        source: [32m'a#alink'[39m
      }
      ping:click {
        target: [32m'http://localhost:8000/test/it/click.test.html?wtr-session-id=ppuR5UMfbq0E5p3Cxcla2#'[39m,
        source: [32m'a#alink'[39m
      }
      ping:click {
        target: [32m'http://localhost:8000/test/it/click.test.html?wtr-session-id=ppuR5UMfbq0E5p3Cxcla2#'[39m,
        source: [32m'a#alink'[39m
      }
      ping:click {
        target: [32m'http://localhost:8000/test/it/click.test.html?wtr-session-id=ppuR5UMfbq0E5p3Cxcla2#'[39m,
        source: [32m'a#alink'[39m
      }
      ping:click {
        target: [32m'http://localhost:8000/test/it/click.test.html?wtr-session-id=ppuR5UMfbq0E5p3Cxcla2#'[39m,
        source: [32m'a#alink'[39m
      }
      ping:click {
        target: [32m'http://localhost:8000/test/it/click.test.html?wtr-session-id=ppuR5UMfbq0E5p3Cxcla2#'[39m,
        source: [32m'a#alink'[39m
      }
      ping:click {
        target: [32m'http://localhost:8000/test/it/click.test.html?wtr-session-id=ppuR5UMfbq0E5p3Cxcla2#'[39m,
        source: [32m'a#alink'[39m
      }
      ping:click {
        target: [32m'http://localhost:8000/test/it/click.test.html?wtr-session-id=ppuR5UMfbq0E5p3Cxcla2#'[39m,
        source: [32m'a#alink'[39m
      }
      ping:click {
        target: [32m'http://localhost:8000/test/it/click.test.html?wtr-session-id=ppuR5UMfbq0E5p3Cxcla2#'[39m,
        source: [32m'a#alink'[39m
      }
      ping:click {
        target: [32m'http://localhost:8000/test/it/click.test.html?wtr-session-id=ppuR5UMfbq0E5p3Cxcla2#'[39m,
        source: [32m'a#alink'[39m
      }
      ping:click {
        target: [32m'http://localhost:8000/test/it/click.test.html?wtr-session-id=ppuR5UMfbq0E5p3Cxcla2#'[39m,
        source: [32m'a#alink'[39m
      }
      ping:click {
        target: [32m'http://localhost:8000/test/it/click.test.html?wtr-session-id=ppuR5UMfbq0E5p3Cxcla2#'[39m,
        source: [32m'a#alink'[39m
      }
      ping:click {
        target: [32m'http://localhost:8000/test/it/click.test.html?wtr-session-id=ppuR5UMfbq0E5p3Cxcla2#'[39m,
        source: [32m'a#alink'[39m
      }
      ping:click {
        target: [32m'http://localhost:8000/test/it/click.test.html?wtr-session-id=ppuR5UMfbq0E5p3Cxcla2#'[39m,
        source: [32m'a#alink'[39m
      }
      ping:cwv { cwv: { LCP: [33m52[39m }, source: [32m'.block'[39m, target: [90mundefined[39m }
      ping:cwv {
        cwv: { LCP: [33m188[39m },
        target: [32m'http://localhost:8000/test/fixtures/fire.jpg'[39m,
        source: [32m'img'[39m
      }
      ping:cwv { cwv: { TTFB: [33m23.90000009536743[39m } }
      ping:click {
        target: [32m'http://localhost:8000/test/it/click.test.html?wtr-session-id=ppuR5UMfbq0E5p3Cxcla2#'[39m,
        source: [32m'a#alink'[39m
      }
      ping:cwv { cwv: { CLS: [33m0[39m } }
      ping:click {
        target: [32m'http://localhost:8000/test/it/click.test.html?wtr-session-id=ppuR5UMfbq0E5p3Cxcla2#'[39m,
        source: [32m'a#alink'[39m
      }
      ping:click {
        target: [32m'http://localhost:8000/test/it/click.test.html?wtr-session-id=ppuR5UMfbq0E5p3Cxcla2#'[39m,
        source: [32m'a#alink'[39m
      }
      ping:click {
        target: [32m'http://localhost:8000/test/it/click.test.html?wtr-session-id=ppuR5UMfbq0E5p3Cxcla2#'[39m,
        source: [32m'a#alink'[39m
      }
      ping:click {
        target: [32m'http://localhost:8000/test/it/click.test.html?wtr-session-id=ppuR5UMfbq0E5p3Cxcla2#'[39m,
        source: [32m'a#alink'[39m
      }
      ping:click {
        target: [32m'http://localhost:8000/test/it/click.test.html?wtr-session-id=ppuR5UMfbq0E5p3Cxcla2#'[39m,
        source: [32m'a#alink'[39m
      }
      ping:click {
        target: [32m'http://localhost:8000/test/it/click.test.html?wtr-session-id=ppuR5UMfbq0E5p3Cxcla2#'[39m,
        source: [32m'a#alink'[39m
      }
      ping:click {
        target: [32m'http://localhost:8000/test/it/click.test.html?wtr-session-id=ppuR5UMfbq0E5p3Cxcla2#'[39m,
        source: [32m'a#alink'[39m
      }
      ping:click {
        target: [32m'http://localhost:8000/test/it/click.test.html?wtr-session-id=ppuR5UMfbq0E5p3Cxcla2#'[39m,
        source: [32m'a#alink'[39m
      }
      ping:click {
        target: [32m'http://localhost:8000/test/it/click.test.html?wtr-session-id=ppuR5UMfbq0E5p3Cxcla2#'[39m,
        source: [32m'a#alink'[39m
      }
      ping:click {
        target: [32m'http://localhost:8000/test/it/click.test.html?wtr-session-id=ppuR5UMfbq0E5p3Cxcla2#'[39m,
        source: [32m'a#alink'[39m
      }
      ping:click {
        target: [32m'http://localhost:8000/test/it/click.test.html?wtr-session-id=ppuR5UMfbq0E5p3Cxcla2#'[39m,
        source: [32m'a#alink'[39m
      }
      ping:click {
        target: [32m'http://localhost:8000/test/it/click.test.html?wtr-session-id=ppuR5UMfbq0E5p3Cxcla2#'[39m,
        source: [32m'a#alink'[39m
      }
      ping:click {
        target: [32m'http://localhost:8000/test/it/click.test.html?wtr-session-id=ppuR5UMfbq0E5p3Cxcla2#'[39m,
        source: [32m'a#alink'[39m
      }
      ping:click {
        target: [32m'http://localhost:8000/test/it/click.test.html?wtr-session-id=ppuR5UMfbq0E5p3Cxcla2#'[39m,
        source: [32m'a#alink'[39m
      }
      ping:click {
        target: [32m'http://localhost:8000/test/it/click.test.html?wtr-session-id=ppuR5UMfbq0E5p3Cxcla2#'[39m,
        source: [32m'a#alink'[39m
      }
      ping:click {
        target: [32m'http://localhost:8000/test/it/click.test.html?wtr-session-id=ppuR5UMfbq0E5p3Cxcla2#'[39m,
        source: [32m'a#alink'[39m
      }
      ping:click {
        target: [32m'http://localhost:8000/test/it/click.test.html?wtr-session-id=ppuR5UMfbq0E5p3Cxcla2#'[39m,
        source: [32m'a#alink'[39m
      }
      ping:click {
        target: [32m'http://localhost:8000/test/it/click.test.html?wtr-session-id=ppuR5UMfbq0E5p3Cxcla2#'[39m,
        source: [32m'a#alink'[39m
      }
      ping:click {
        target: [32m'http://localhost:8000/test/it/click.test.html?wtr-session-id=ppuR5UMfbq0E5p3Cxcla2#'[39m,
        source: [32m'a#alink'[39m
      }
      ping:click {
        target: [32m'http://localhost:8000/test/it/click.test.html?wtr-session-id=ppuR5UMfbq0E5p3Cxcla2#'[39m,
        source: [32m'a#alink'[39m
      }
      ping:click {
        target: [32m'http://localhost:8000/test/it/click.test.html?wtr-session-id=ppuR5UMfbq0E5p3Cxcla2#'[39m,
        source: [32m'a#alink'[39m
      }
      ping:click {
        target: [32m'http://localhost:8000/test/it/click.test.html?wtr-session-id=ppuR5UMfbq0E5p3Cxcla2#'[39m,
        source: [32m'a#alink'[39m
      }
      ping:click {
        target: [32m'http://localhost:8000/test/it/click.test.html?wtr-session-id=ppuR5UMfbq0E5p3Cxcla2#'[39m,
        source: [32m'a#alink'[39m
      }
      ping:click {
        target: [32m'http://localhost:8000/test/it/click.test.html?wtr-session-id=ppuR5UMfbq0E5p3Cxcla2#'[39m,
        source: [32m'a#alink'[39m
      }
      ping:click {
        target: [32m'http://localhost:8000/test/it/click.test.html?wtr-session-id=ppuR5UMfbq0E5p3Cxcla2#'[39m,
        source: [32m'a#alink'[39m
      }
      ping:click {
        target: [32m'http://localhost:8000/test/it/click.test.html?wtr-session-id=ppuR5UMfbq0E5p3Cxcla2#'[39m,
        source: [32m'a#alink'[39m
      }
      ping:click {
        target: [32m'http://localhost:8000/test/it/click.test.html?wtr-session-id=ppuR5UMfbq0E5p3Cxcla2#'[39m,
        source: [32m'a#alink'[39m
      }
      ping:click {
        target: [32m'http://localhost:8000/test/it/click.test.html?wtr-session-id=ppuR5UMfbq0E5p3Cxcla2#'[39m,
        source: [32m'a#alink'[39m
      }
      ping:click {
        target: [32m'http://localhost:8000/test/it/click.test.html?wtr-session-id=ppuR5UMfbq0E5p3Cxcla2#'[39m,
        source: [32m'a#alink'[39m
      }
      ping:click {
        target: [32m'http://localhost:8000/test/it/click.test.html?wtr-session-id=ppuR5UMfbq0E5p3Cxcla2#'[39m,
        source: [32m'a#alink'[39m
      }
      ping:click {
        target: [32m'http://localhost:8000/test/it/click.test.html?wtr-session-id=ppuR5UMfbq0E5p3Cxcla2#'[39m,
        source: [32m'a#alink'[39m
      }
      ping:click {
        target: [32m'http://localhost:8000/test/it/click.test.html?wtr-session-id=ppuR5UMfbq0E5p3Cxcla2#'[39m,
        source: [32m'a#alink'[39m
      }
      ping:click {
        target: [32m'http://localhost:8000/test/it/click.test.html?wtr-session-id=ppuR5UMfbq0E5p3Cxcla2#'[39m,
        source: [32m'a#alink'[39m
      }
      ping:click {
        target: [32m'http://localhost:8000/test/it/click.test.html?wtr-session-id=ppuR5UMfbq0E5p3Cxcla2#'[39m,
        source: [32m'a#alink'[39m
      }
      ping:click {
        target: [32m'http://localhost:8000/test/it/click.test.html?wtr-session-id=ppuR5UMfbq0E5p3Cxcla2#'[39m,
        source: [32m'a#alink'[39m
      }
      ping:click {
        target: [32m'http://localhost:8000/test/it/click.test.html?wtr-session-id=ppuR5UMfbq0E5p3Cxcla2#'[39m,
        source: [32m'a#alink'[39m
      }
      ping:click {
        target: [32m'http://localhost:8000/test/it/click.test.html?wtr-session-id=ppuR5UMfbq0E5p3Cxcla2#'[39m,
        source: [32m'a#alink'[39m
      }
      ping:click {
        target: [32m'http://localhost:8000/test/it/click.test.html?wtr-session-id=ppuR5UMfbq0E5p3Cxcla2#'[39m,
        source: [32m'a#alink'[39m
      }
      ping:click {
        target: [32m'http://localhost:8000/test/it/click.test.html?wtr-session-id=ppuR5UMfbq0E5p3Cxcla2#'[39m,
        source: [32m'a#alink'[39m
      }
      ping:click {
        target: [32m'http://localhost:8000/test/it/click.test.html?wtr-session-id=ppuR5UMfbq0E5p3Cxcla2#'[39m,
        source: [32m'a#alink'[39m
      }
      ping:click {
        target: [32m'http://localhost:8000/test/it/click.test.html?wtr-session-id=ppuR5UMfbq0E5p3Cxcla2#'[39m,
        source: [32m'a#alink'[39m
      }
      ping:click {
        target: [32m'http://localhost:8000/test/it/click.test.html?wtr-session-id=ppuR5UMfbq0E5p3Cxcla2#'[39m,
        source: [32m'a#alink'[39m
      }
      ping:click {
        target: [32m'http://localhost:8000/test/it/click.test.html?wtr-session-id=ppuR5UMfbq0E5p3Cxcla2#'[39m,
        source: [32m'a#alink'[39m
      }
      ping:click {
        target: [32m'http://localhost:8000/test/it/click.test.html?wtr-session-id=ppuR5UMfbq0E5p3Cxcla2#'[39m,
        source: [32m'a#alink'[39m
      }
      ping:click {
        target: [32m'http://localhost:8000/test/it/click.test.html?wtr-session-id=ppuR5UMfbq0E5p3Cxcla2#'[39m,
        source: [32m'a#alink'[39m
      }
      ping:click {
        target: [32m'http://localhost:8000/test/it/click.test.html?wtr-session-id=ppuR5UMfbq0E5p3Cxcla2#'[39m,
        source: [32m'a#alink'[39m
      }
      ping:click {
        target: [32m'http://localhost:8000/test/it/click.test.html?wtr-session-id=ppuR5UMfbq0E5p3Cxcla2#'[39m,
        source: [32m'a#alink'[39m
      }
      ping:click {
        target: [32m'http://localhost:8000/test/it/click.test.html?wtr-session-id=ppuR5UMfbq0E5p3Cxcla2#'[39m,
        source: [32m'a#alink'[39m
      }
      ping:click {
        target: [32m'http://localhost:8000/test/it/click.test.html?wtr-session-id=ppuR5UMfbq0E5p3Cxcla2#'[39m,
        source: [32m'a#alink'[39m
      }
      ping:click {
        target: [32m'http://localhost:8000/test/it/click.test.html?wtr-session-id=ppuR5UMfbq0E5p3Cxcla2#'[39m,
        source: [32m'a#alink'[39m
      }
      ping:click {
        target: [32m'http://localhost:8000/test/it/click.test.html?wtr-session-id=ppuR5UMfbq0E5p3Cxcla2#'[39m,
        source: [32m'a#alink'[39m
      }
      ping:click {
        target: [32m'http://localhost:8000/test/it/click.test.html?wtr-session-id=ppuR5UMfbq0E5p3Cxcla2#'[39m,
        source: [32m'a#alink'[39m
      }
      ping:click {
        target: [32m'http://localhost:8000/test/it/click.test.html?wtr-session-id=ppuR5UMfbq0E5p3Cxcla2#'[39m,
        source: [32m'a#alink'[39m
      }
      ping:click {
        target: [32m'http://localhost:8000/test/it/click.test.html?wtr-session-id=ppuR5UMfbq0E5p3Cxcla2#'[39m,
        source: [32m'a#alink'[39m
      }
      ping:click {
        target: [32m'http://localhost:8000/test/it/click.test.html?wtr-session-id=ppuR5UMfbq0E5p3Cxcla2#'[39m,
        source: [32m'a#alink'[39m
      }
      ping:click {
        target: [32m'http://localhost:8000/test/it/click.test.html?wtr-session-id=ppuR5UMfbq0E5p3Cxcla2#'[39m,
        source: [32m'a#alink'[39m
      }
      ping:click {
        target: [32m'http://localhost:8000/test/it/click.test.html?wtr-session-id=ppuR5UMfbq0E5p3Cxcla2#'[39m,
        source: [32m'a#alink'[39m
      }
      ping:click {
        target: [32m'http://localhost:8000/test/it/click.test.html?wtr-session-id=ppuR5UMfbq0E5p3Cxcla2#'[39m,
        source: [32m'a#alink'[39m
      }
      ping:click {
        target: [32m'http://localhost:8000/test/it/click.test.html?wtr-session-id=ppuR5UMfbq0E5p3Cxcla2#'[39m,
        source: [32m'a#alink'[39m
      }
      ping:click {
        target: [32m'http://localhost:8000/test/it/click.test.html?wtr-session-id=ppuR5UMfbq0E5p3Cxcla2#'[39m,
        source: [32m'a#alink'[39m
      }
      ping:click {
        target: [32m'http://localhost:8000/test/it/click.test.html?wtr-session-id=ppuR5UMfbq0E5p3Cxcla2#'[39m,
        source: [32m'a#alink'[39m
      }
      ping:click {
        target: [32m'http://localhost:8000/test/it/click.test.html?wtr-session-id=ppuR5UMfbq0E5p3Cxcla2#'[39m,
        source: [32m'a#alink'[39m
      }
      ping:click {
        target: [32m'http://localhost:8000/test/it/click.test.html?wtr-session-id=ppuR5UMfbq0E5p3Cxcla2#'[39m,
        source: [32m'a#alink'[39m
      }
      ping:click {
        target: [32m'http://localhost:8000/test/it/click.test.html?wtr-session-id=ppuR5UMfbq0E5p3Cxcla2#'[39m,
        source: [32m'a#alink'[39m
      }
      ping:click {
        target: [32m'http://localhost:8000/test/it/click.test.html?wtr-session-id=ppuR5UMfbq0E5p3Cxcla2#'[39m,
        source: [32m'a#alink'[39m
      }
      ping:click {
        target: [32m'http://localhost:8000/test/it/click.test.html?wtr-session-id=ppuR5UMfbq0E5p3Cxcla2#'[39m,
        source: [32m'a#alink'[39m
      }
      ping:click {
        target: [32m'http://localhost:8000/test/it/click.test.html?wtr-session-id=ppuR5UMfbq0E5p3Cxcla2#'[39m,
        source: [32m'a#alink'[39m
      }
      ping:click {
        target: [32m'http://localhost:8000/test/it/click.test.html?wtr-session-id=ppuR5UMfbq0E5p3Cxcla2#'[39m,
        source: [32m'a#alink'[39m
      }
      ping:click {
        target: [32m'http://localhost:8000/test/it/click.test.html?wtr-session-id=ppuR5UMfbq0E5p3Cxcla2#'[39m,
        source: [32m'a#alink'[39m
      }
      ping:click {
        target: [32m'http://localhost:8000/test/it/click.test.html?wtr-session-id=ppuR5UMfbq0E5p3Cxcla2#'[39m,
        source: [32m'a#alink'[39m
      }
      ping:click {
        target: [32m'http://localhost:8000/test/it/click.test.html?wtr-session-id=ppuR5UMfbq0E5p3Cxcla2#'[39m,
        source: [32m'a#alink'[39m
      }
      ping:click {
        target: [32m'http://localhost:8000/test/it/click.test.html?wtr-session-id=ppuR5UMfbq0E5p3Cxcla2#'[39m,
        source: [32m'a#alink'[39m
      }
      ping:click {
        target: [32m'http://localhost:8000/test/it/click.test.html?wtr-session-id=ppuR5UMfbq0E5p3Cxcla2#'[39m,
        source: [32m'a#alink'[39m
      }
      ping:click {
        target: [32m'http://localhost:8000/test/it/click.test.html?wtr-session-id=ppuR5UMfbq0E5p3Cxcla2#'[39m,
        source: [32m'a#alink'[39m
      }
      ping:click {
        target: [32m'http://localhost:8000/test/it/click.test.html?wtr-session-id=ppuR5UMfbq0E5p3Cxcla2#'[39m,
        source: [32m'a#alink'[39m
      }
      ping:click {
        target: [32m'http://localhost:8000/test/it/click.test.html?wtr-session-id=ppuR5UMfbq0E5p3Cxcla2#'[39m,
        source: [32m'a#alink'[39m
      }
      ping:click {
        target: [32m'http://localhost:8000/test/it/click.test.html?wtr-session-id=ppuR5UMfbq0E5p3Cxcla2#'[39m,
        source: [32m'a#alink'[39m
      }
      ping:click {
        target: [32m'http://localhost:8000/test/it/click.test.html?wtr-session-id=ppuR5UMfbq0E5p3Cxcla2#'[39m,
        source: [32m'a#alink'[39m
      }
      ping:click {
        target: [32m'http://localhost:8000/test/it/click.test.html?wtr-session-id=ppuR5UMfbq0E5p3Cxcla2#'[39m,
        source: [32m'a#alink'[39m
      }
      ping:click {
        target: [32m'http://localhost:8000/test/it/click.test.html?wtr-session-id=ppuR5UMfbq0E5p3Cxcla2#'[39m,
        source: [32m'a#alink'[39m
      }
      ping:click {
        target: [32m'http://localhost:8000/test/it/click.test.html?wtr-session-id=ppuR5UMfbq0E5p3Cxcla2#'[39m,
        source: [32m'a#alink'[39m
      }
      ping:click {
        target: [32m'http://localhost:8000/test/it/click.test.html?wtr-session-id=ppuR5UMfbq0E5p3Cxcla2#'[39m,
        source: [32m'a#alink'[39m
      }
      ping:click {
        target: [32m'http://localhost:8000/test/it/click.test.html?wtr-session-id=ppuR5UMfbq0E5p3Cxcla2#'[39m,
        source: [32m'a#alink'[39m
      }
      ping:click {
        target: [32m'http://localhost:8000/test/it/click.test.html?wtr-session-id=ppuR5UMfbq0E5p3Cxcla2#'[39m,
        source: [32m'a#alink'[39m
      }
      ping:click {
        target: [32m'http://localhost:8000/test/it/click.test.html?wtr-session-id=ppuR5UMfbq0E5p3Cxcla2#'[39m,
        source: [32m'a#alink'[39m
      }
      ping:click {
        target: [32m'http://localhost:8000/test/it/click.test.html?wtr-session-id=ppuR5UMfbq0E5p3Cxcla2#'[39m,
        source: [32m'a#alink'[39m
      }
      ping:click {
        target: [32m'http://localhost:8000/test/it/click.test.html?wtr-session-id=ppuR5UMfbq0E5p3Cxcla2#'[39m,
        source: [32m'a#alink'[39m
      }
      ping:click {
        target: [32m'http://localhost:8000/test/it/click.test.html?wtr-session-id=ppuR5UMfbq0E5p3Cxcla2#'[39m,
        source: [32m'a#alink'[39m
      }
      ping:click {
        target: [32m'http://localhost:8000/test/it/click.test.html?wtr-session-id=ppuR5UMfbq0E5p3Cxcla2#'[39m,
        source: [32m'a#alink'[39m
      }
      ping:click {
        target: [32m'http://localhost:8000/test/it/click.test.html?wtr-session-id=ppuR5UMfbq0E5p3Cxcla2#'[39m,
        source: [32m'a#alink'[39m
      }
      ping:click {
        target: [32m'http://localhost:8000/test/it/click.test.html?wtr-session-id=ppuR5UMfbq0E5p3Cxcla2#'[39m,
        source: [32m'a#alink'[39m
      }
      ping:click {
        target: [32m'http://localhost:8000/test/it/click.test.html?wtr-session-id=ppuR5UMfbq0E5p3Cxcla2#'[39m,
        source: [32m'a#alink'[39m
      }
      ping:click {
        target: [32m'http://localhost:8000/test/it/click.test.html?wtr-session-id=ppuR5UMfbq0E5p3Cxcla2#'[39m,
        source: [32m'a#alink'[39m
      }
      ping:click {
        target: [32m'http://localhost:8000/test/it/click.test.html?wtr-session-id=ppuR5UMfbq0E5p3Cxcla2#'[39m,
        source: [32m'a#alink'[39m
      }
      ping:click {
        target: [32m'http://localhost:8000/test/it/click.test.html?wtr-session-id=ppuR5UMfbq0E5p3Cxcla2#'[39m,
        source: [32m'a#alink'[39m
      }
      ping:click {
        target: [32m'http://localhost:8000/test/it/click.test.html?wtr-session-id=ppuR5UMfbq0E5p3Cxcla2#'[39m,
        source: [32m'a#alink'[39m
      }
      ping:click {
        target: [32m'http://localhost:8000/test/it/click.test.html?wtr-session-id=ppuR5UMfbq0E5p3Cxcla2#'[39m,
        source: [32m'a#alink'[39m
      }
      ping:click {
        target: [32m'http://localhost:8000/test/it/click.test.html?wtr-session-id=ppuR5UMfbq0E5p3Cxcla2#'[39m,
        source: [32m'a#alink'[39m
      }
      ping:click {
        target: [32m'http://localhost:8000/test/it/click.test.html?wtr-session-id=ppuR5UMfbq0E5p3Cxcla2#'[39m,
        source: [32m'a#alink'[39m
      }
      ping:click {
        target: [32m'http://localhost:8000/test/it/click.test.html?wtr-session-id=ppuR5UMfbq0E5p3Cxcla2#'[39m,
        source: [32m'a#alink'[39m
      }
      ping:click {
        target: [32m'http://localhost:8000/test/it/click.test.html?wtr-session-id=ppuR5UMfbq0E5p3Cxcla2#'[39m,
        source: [32m'a#alink'[39m
      }
      ping:click {
        target: [32m'http://localhost:8000/test/it/click.test.html?wtr-session-id=ppuR5UMfbq0E5p3Cxcla2#'[39m,
        source: [32m'a#alink'[39m
      }
      ping:click {
        target: [32m'http://localhost:8000/test/it/click.test.html?wtr-session-id=ppuR5UMfbq0E5p3Cxcla2#'[39m,
        source: [32m'a#alink'[39m
      }
      ping:click {
        target: [32m'http://localhost:8000/test/it/click.test.html?wtr-session-id=ppuR5UMfbq0E5p3Cxcla2#'[39m,
        source: [32m'a#alink'[39m
      }
      ping:click {
        target: [32m'http://localhost:8000/test/it/click.test.html?wtr-session-id=ppuR5UMfbq0E5p3Cxcla2#'[39m,
        source: [32m'a#alink'[39m
      }
      ping:click {
        target: [32m'http://localhost:8000/test/it/click.test.html?wtr-session-id=ppuR5UMfbq0E5p3Cxcla2#'[39m,
        source: [32m'a#alink'[39m
      }
      ping:click {
        target: [32m'http://localhost:8000/test/it/click.test.html?wtr-session-id=ppuR5UMfbq0E5p3Cxcla2#'[39m,
        source: [32m'a#alink'[39m
      }
      ping:click {
        target: [32m'http://localhost:8000/test/it/click.test.html?wtr-session-id=ppuR5UMfbq0E5p3Cxcla2#'[39m,
        source: [32m'a#alink'[39m
      }
      ping:click {
        target: [32m'http://localhost:8000/test/it/click.test.html?wtr-session-id=ppuR5UMfbq0E5p3Cxcla2#'[39m,
        source: [32m'a#alink'[39m
      }
      ping:click {
        target: [32m'http://localhost:8000/test/it/click.test.html?wtr-session-id=ppuR5UMfbq0E5p3Cxcla2#'[39m,
        source: [32m'a#alink'[39m
      }
      ping:click {
        target: [32m'http://localhost:8000/test/it/click.test.html?wtr-session-id=ppuR5UMfbq0E5p3Cxcla2#'[39m,
        source: [32m'a#alink'[39m
      }
      ping:click {
        target: [32m'http://localhost:8000/test/it/click.test.html?wtr-session-id=ppuR5UMfbq0E5p3Cxcla2#'[39m,
        source: [32m'a#alink'[39m
      }
      ping:click {
        target: [32m'http://localhost:8000/test/it/click.test.html?wtr-session-id=ppuR5UMfbq0E5p3Cxcla2#'[39m,
        source: [32m'a#alink'[39m
      }
      ping:click {
        target: [32m'http://localhost:8000/test/it/click.test.html?wtr-session-id=ppuR5UMfbq0E5p3Cxcla2#'[39m,
        source: [32m'a#alink'[39m
      }
      ping:click {
        target: [32m'http://localhost:8000/test/it/click.test.html?wtr-session-id=ppuR5UMfbq0E5p3Cxcla2#'[39m,
        source: [32m'a#alink'[39m
      }
      ping:click {
        target: [32m'http://localhost:8000/test/it/click.test.html?wtr-session-id=ppuR5UMfbq0E5p3Cxcla2#'[39m,
        source: [32m'a#alink'[39m
      }
      ping:click {
        target: [32m'http://localhost:8000/test/it/click.test.html?wtr-session-id=ppuR5UMfbq0E5p3Cxcla2#'[39m,
        source: [32m'a#alink'[39m
      }
      ping:click {
        target: [32m'http://localhost:8000/test/it/click.test.html?wtr-session-id=ppuR5UMfbq0E5p3Cxcla2#'[39m,
        source: [32m'a#alink'[39m
      }
      ping:click {
        target: [32m'http://localhost:8000/test/it/click.test.html?wtr-session-id=ppuR5UMfbq0E5p3Cxcla2#'[39m,
        source: [32m'a#alink'[39m
      }
      ping:click {
        target: [32m'http://localhost:8000/test/it/click.test.html?wtr-session-id=ppuR5UMfbq0E5p3Cxcla2#'[39m,
        source: [32m'a#alink'[39m
      }
      ping:click {
        target: [32m'http://localhost:8000/test/it/click.test.html?wtr-session-id=ppuR5UMfbq0E5p3Cxcla2#'[39m,
        source: [32m'a#alink'[39m
      }
      ping:click {
        target: [32m'http://localhost:8000/test/it/click.test.html?wtr-session-id=ppuR5UMfbq0E5p3Cxcla2#'[39m,
        source: [32m'a#alink'[39m
      }
      ping:click {
        target: [32m'http://localhost:8000/test/it/click.test.html?wtr-session-id=ppuR5UMfbq0E5p3Cxcla2#'[39m,
        source: [32m'a#alink'[39m
      }
      ping:click {
        target: [32m'http://localhost:8000/test/it/click.test.html?wtr-session-id=ppuR5UMfbq0E5p3Cxcla2#'[39m,
        source: [32m'a#alink'[39m
      }
      ping:click {
        target: [32m'http://localhost:8000/test/it/click.test.html?wtr-session-id=ppuR5UMfbq0E5p3Cxcla2#'[39m,
        source: [32m'a#alink'[39m
      }
      ping:click {
        target: [32m'http://localhost:8000/test/it/click.test.html?wtr-session-id=ppuR5UMfbq0E5p3Cxcla2#'[39m,
        source: [32m'a#alink'[39m
      }
      ping:click {
        target: [32m'http://localhost:8000/test/it/click.test.html?wtr-session-id=ppuR5UMfbq0E5p3Cxcla2#'[39m,
        source: [32m'a#alink'[39m
      }
      ping:click {
        target: [32m'http://localhost:8000/test/it/click.test.html?wtr-session-id=ppuR5UMfbq0E5p3Cxcla2#'[39m,
        source: [32m'a#alink'[39m
      }
      ping:click {
        target: [32m'http://localhost:8000/test/it/click.test.html?wtr-session-id=ppuR5UMfbq0E5p3Cxcla2#'[39m,
        source: [32m'a#alink'[39m
      }
      ping:click {
        target: [32m'http://localhost:8000/test/it/click.test.html?wtr-session-id=ppuR5UMfbq0E5p3Cxcla2#'[39m,
        source: [32m'a#alink'[39m
      }
      ping:click {
        target: [32m'http://localhost:8000/test/it/click.test.html?wtr-session-id=ppuR5UMfbq0E5p3Cxcla2#'[39m,
        source: [32m'a#alink'[39m
      }
      ping:click {
        target: [32m'http://localhost:8000/test/it/click.test.html?wtr-session-id=ppuR5UMfbq0E5p3Cxcla2#'[39m,
        source: [32m'a#alink'[39m
      }
      ping:click {
        target: [32m'http://localhost:8000/test/it/click.test.html?wtr-session-id=ppuR5UMfbq0E5p3Cxcla2#'[39m,
        source: [32m'a#alink'[39m
      }
      ping:click {
        target: [32m'http://localhost:8000/test/it/click.test.html?wtr-session-id=ppuR5UMfbq0E5p3Cxcla2#'[39m,
        source: [32m'a#alink'[39m
      }
      ping:click {
        target: [32m'http://localhost:8000/test/it/click.test.html?wtr-session-id=ppuR5UMfbq0E5p3Cxcla2#'[39m,
        source: [32m'a#alink'[39m
      }
      ping:click {
        target: [32m'http://localhost:8000/test/it/click.test.html?wtr-session-id=ppuR5UMfbq0E5p3Cxcla2#'[39m,
        source: [32m'a#alink'[39m
      }
      ping:click {
        target: [32m'http://localhost:8000/test/it/click.test.html?wtr-session-id=ppuR5UMfbq0E5p3Cxcla2#'[39m,
        source: [32m'a#alink'[39m
      }
      ping:click {
        target: [32m'http://localhost:8000/test/it/click.test.html?wtr-session-id=ppuR5UMfbq0E5p3Cxcla2#'[39m,
        source: [32m'a#alink'[39m
      }
      ping:click {
        target: [32m'http://localhost:8000/test/it/click.test.html?wtr-session-id=ppuR5UMfbq0E5p3Cxcla2#'[39m,
        source: [32m'a#alink'[39m
      }
      ping:click {
        target: [32m'http://localhost:8000/test/it/click.test.html?wtr-session-id=ppuR5UMfbq0E5p3Cxcla2#'[39m,
        source: [32m'a#alink'[39m
      }
      ping:click {
        target: [32m'http://localhost:8000/test/it/click.test.html?wtr-session-id=ppuR5UMfbq0E5p3Cxcla2#'[39m,
        source: [32m'a#alink'[39m
      }
      ping:click {
        target: [32m'http://localhost:8000/test/it/click.test.html?wtr-session-id=ppuR5UMfbq0E5p3Cxcla2#'[39m,
        source: [32m'a#alink'[39m
      }
      ping:click {
        target: [32m'http://localhost:8000/test/it/click.test.html?wtr-session-id=ppuR5UMfbq0E5p3Cxcla2#'[39m,
        source: [32m'a#alink'[39m
      }
      ping:click {
        target: [32m'http://localhost:8000/test/it/click.test.html?wtr-session-id=ppuR5UMfbq0E5p3Cxcla2#'[39m,
        source: [32m'a#alink'[39m
      }
      ping:click {
        target: [32m'http://localhost:8000/test/it/click.test.html?wtr-session-id=ppuR5UMfbq0E5p3Cxcla2#'[39m,
        source: [32m'a#alink'[39m
      }
      ping:click {
        target: [32m'http://localhost:8000/test/it/click.test.html?wtr-session-id=ppuR5UMfbq0E5p3Cxcla2#'[39m,
        source: [32m'a#alink'[39m
      }
      ping:click {
        target: [32m'http://localhost:8000/test/it/click.test.html?wtr-session-id=ppuR5UMfbq0E5p3Cxcla2#'[39m,
        source: [32m'a#alink'[39m
      }
      ping:click {
        target: [32m'http://localhost:8000/test/it/click.test.html?wtr-session-id=ppuR5UMfbq0E5p3Cxcla2#'[39m,
        source: [32m'a#alink'[39m
      }
      ping:click {
        target: [32m'http://localhost:8000/test/it/click.test.html?wtr-session-id=ppuR5UMfbq0E5p3Cxcla2#'[39m,
        source: [32m'a#alink'[39m
      }
      ping:click {
        target: [32m'http://localhost:8000/test/it/click.test.html?wtr-session-id=ppuR5UMfbq0E5p3Cxcla2#'[39m,
        source: [32m'a#alink'[39m
      }
      ping:click {
        target: [32m'http://localhost:8000/test/it/click.test.html?wtr-session-id=ppuR5UMfbq0E5p3Cxcla2#'[39m,
        source: [32m'a#alink'[39m
      }
      ping:click {
        target: [32m'http://localhost:8000/test/it/click.test.html?wtr-session-id=ppuR5UMfbq0E5p3Cxcla2#'[39m,
        source: [32m'a#alink'[39m
      }
      ping:click {
        target: [32m'http://localhost:8000/test/it/click.test.html?wtr-session-id=ppuR5UMfbq0E5p3Cxcla2#'[39m,
        source: [32m'a#alink'[39m
      }
      ping:click {
        target: [32m'http://localhost:8000/test/it/click.test.html?wtr-session-id=ppuR5UMfbq0E5p3Cxcla2#'[39m,
        source: [32m'a#alink'[39m
      }
      ping:click {
        target: [32m'http://localhost:8000/test/it/click.test.html?wtr-session-id=ppuR5UMfbq0E5p3Cxcla2#'[39m,
        source: [32m'a#alink'[39m
      }
      ping:click {
        target: [32m'http://localhost:8000/test/it/click.test.html?wtr-session-id=ppuR5UMfbq0E5p3Cxcla2#'[39m,
        source: [32m'a#alink'[39m
      }
      ping:click {
        target: [32m'http://localhost:8000/test/it/click.test.html?wtr-session-id=ppuR5UMfbq0E5p3Cxcla2#'[39m,
        source: [32m'a#alink'[39m
      }
      ping:click {
        target: [32m'http://localhost:8000/test/it/click.test.html?wtr-session-id=ppuR5UMfbq0E5p3Cxcla2#'[39m,
        source: [32m'a#alink'[39m
      }
      ping:click {
        target: [32m'http://localhost:8000/test/it/click.test.html?wtr-session-id=ppuR5UMfbq0E5p3Cxcla2#'[39m,
        source: [32m'a#alink'[39m
      }
      ping:click {
        target: [32m'http://localhost:8000/test/it/click.test.html?wtr-session-id=ppuR5UMfbq0E5p3Cxcla2#'[39m,
        source: [32m'a#alink'[39m
      }
      ping:click {
        target: [32m'http://localhost:8000/test/it/click.test.html?wtr-session-id=ppuR5UMfbq0E5p3Cxcla2#'[39m,
        source: [32m'a#alink'[39m
      }
      ping:click {
        target: [32m'http://localhost:8000/test/it/click.test.html?wtr-session-id=ppuR5UMfbq0E5p3Cxcla2#'[39m,
        source: [32m'a#alink'[39m
      }
      ping:click {
        target: [32m'http://localhost:8000/test/it/click.test.html?wtr-session-id=ppuR5UMfbq0E5p3Cxcla2#'[39m,
        source: [32m'a#alink'[39m
      }
      ping:click {
        target: [32m'http://localhost:8000/test/it/click.test.html?wtr-session-id=ppuR5UMfbq0E5p3Cxcla2#'[39m,
        source: [32m'a#alink'[39m
      }
      ping:click {
        target: [32m'http://localhost:8000/test/it/click.test.html?wtr-session-id=ppuR5UMfbq0E5p3Cxcla2#'[39m,
        source: [32m'a#alink'[39m
      }
      ping:click {
        target: [32m'http://localhost:8000/test/it/click.test.html?wtr-session-id=ppuR5UMfbq0E5p3Cxcla2#'[39m,
        source: [32m'a#alink'[39m
      }
      ping:click {
        target: [32m'http://localhost:8000/test/it/click.test.html?wtr-session-id=ppuR5UMfbq0E5p3Cxcla2#'[39m,
        source: [32m'a#alink'[39m
      }
      ping:click {
        target: [32m'http://localhost:8000/test/it/click.test.html?wtr-session-id=ppuR5UMfbq0E5p3Cxcla2#'[39m,
        source: [32m'a#alink'[39m
      }
      ping:click {
        target: [32m'http://localhost:8000/test/it/click.test.html?wtr-session-id=ppuR5UMfbq0E5p3Cxcla2#'[39m,
        source: [32m'a#alink'[39m
      }
      ping:click {
        target: [32m'http://localhost:8000/test/it/click.test.html?wtr-session-id=ppuR5UMfbq0E5p3Cxcla2#'[39m,
        source: [32m'a#alink'[39m
      }
      ping:click {
        target: [32m'http://localhost:8000/test/it/click.test.html?wtr-session-id=ppuR5UMfbq0E5p3Cxcla2#'[39m,
        source: [32m'a#alink'[39m
      }
      ping:click {
        target: [32m'http://localhost:8000/test/it/click.test.html?wtr-session-id=ppuR5UMfbq0E5p3Cxcla2#'[39m,
        source: [32m'a#alink'[39m
      }
      ping:click {
        target: [32m'http://localhost:8000/test/it/click.test.html?wtr-session-id=ppuR5UMfbq0E5p3Cxcla2#'[39m,
        source: [32m'a#alink'[39m
      }
      ping:click {
        target: [32m'http://localhost:8000/test/it/click.test.html?wtr-session-id=ppuR5UMfbq0E5p3Cxcla2#'[39m,
        source: [32m'a#alink'[39m
      }
      ping:click {
        target: [32m'http://localhost:8000/test/it/click.test.html?wtr-session-id=ppuR5UMfbq0E5p3Cxcla2#'[39m,
        source: [32m'a#alink'[39m
      }
      ping:click {
        target: [32m'http://localhost:8000/test/it/click.test.html?wtr-session-id=ppuR5UMfbq0E5p3Cxcla2#'[39m,
        source: [32m'a#alink'[39m
      }
      ping:click {
        target: [32m'http://localhost:8000/test/it/click.test.html?wtr-session-id=ppuR5UMfbq0E5p3Cxcla2#'[39m,
        source: [32m'a#alink'[39m
      }
      ping:click {
        target: [32m'http://localhost:8000/test/it/click.test.html?wtr-session-id=ppuR5UMfbq0E5p3Cxcla2#'[39m,
        source: [32m'a#alink'[39m
      }
      ping:click {
        target: [32m'http://localhost:8000/test/it/click.test.html?wtr-session-id=ppuR5UMfbq0E5p3Cxcla2#'[39m,
        source: [32m'a#alink'[39m
      }
      ping:click {
        target: [32m'http://localhost:8000/test/it/click.test.html?wtr-session-id=ppuR5UMfbq0E5p3Cxcla2#'[39m,
        source: [32m'a#alink'[39m
      }
      ping:click {
        target: [32m'http://localhost:8000/test/it/click.test.html?wtr-session-id=ppuR5UMfbq0E5p3Cxcla2#'[39m,
        source: [32m'a#alink'[39m
      }
      ping:click {
        target: [32m'http://localhost:8000/test/it/click.test.html?wtr-session-id=ppuR5UMfbq0E5p3Cxcla2#'[39m,
        source: [32m'a#alink'[39m
      }
      ping:click {
        target: [32m'http://localhost:8000/test/it/click.test.html?wtr-session-id=ppuR5UMfbq0E5p3Cxcla2#'[39m,
        source: [32m'a#alink'[39m
      }
      ping:click {
        target: [32m'http://localhost:8000/test/it/click.test.html?wtr-session-id=ppuR5UMfbq0E5p3Cxcla2#'[39m,
        source: [32m'a#alink'[39m
      }
      ping:click {
        target: [32m'http://localhost:8000/test/it/click.test.html?wtr-session-id=ppuR5UMfbq0E5p3Cxcla2#'[39m,
        source: [32m'a#alink'[39m
      }
      ping:click {
        target: [32m'http://localhost:8000/test/it/click.test.html?wtr-session-id=ppuR5UMfbq0E5p3Cxcla2#'[39m,
        source: [32m'a#alink'[39m
      }
      ping:click {
        target: [32m'http://localhost:8000/test/it/click.test.html?wtr-session-id=ppuR5UMfbq0E5p3Cxcla2#'[39m,
        source: [32m'a#alink'[39m
      }
      ping:click {
        target: [32m'http://localhost:8000/test/it/click.test.html?wtr-session-id=ppuR5UMfbq0E5p3Cxcla2#'[39m,
        source: [32m'a#alink'[39m
      }
      ping:click {
        target: [32m'http://localhost:8000/test/it/click.test.html?wtr-session-id=ppuR5UMfbq0E5p3Cxcla2#'[39m,
        source: [32m'a#alink'[39m
      }
      ping:click {
        target: [32m'http://localhost:8000/test/it/click.test.html?wtr-session-id=ppuR5UMfbq0E5p3Cxcla2#'[39m,
        source: [32m'a#alink'[39m
      }
      ping:click {
        target: [32m'http://localhost:8000/test/it/click.test.html?wtr-session-id=ppuR5UMfbq0E5p3Cxcla2#'[39m,
        source: [32m'a#alink'[39m
      }
      ping:click {
        target: [32m'http://localhost:8000/test/it/click.test.html?wtr-session-id=ppuR5UMfbq0E5p3Cxcla2#'[39m,
        source: [32m'a#alink'[39m
      }
      ping:click {
        target: [32m'http://localhost:8000/test/it/click.test.html?wtr-session-id=ppuR5UMfbq0E5p3Cxcla2#'[39m,
        source: [32m'a#alink'[39m
      }
      ping:click {
        target: [32m'http://localhost:8000/test/it/click.test.html?wtr-session-id=ppuR5UMfbq0E5p3Cxcla2#'[39m,
        source: [32m'a#alink'[39m
      }
      ping:click {
        target: [32m'http://localhost:8000/test/it/click.test.html?wtr-session-id=ppuR5UMfbq0E5p3Cxcla2#'[39m,
        source: [32m'a#alink'[39m
      }
      ping:click {
        target: [32m'http://localhost:8000/test/it/click.test.html?wtr-session-id=ppuR5UMfbq0E5p3Cxcla2#'[39m,
        source: [32m'a#alink'[39m
      }
      ping:click {
        target: [32m'http://localhost:8000/test/it/click.test.html?wtr-session-id=ppuR5UMfbq0E5p3Cxcla2#'[39m,
        source: [32m'a#alink'[39m
      }
      ping:click {
        target: [32m'http://localhost:8000/test/it/click.test.html?wtr-session-id=ppuR5UMfbq0E5p3Cxcla2#'[39m,
        source: [32m'a#alink'[39m
      }
      ping:click {
        target: [32m'http://localhost:8000/test/it/click.test.html?wtr-session-id=ppuR5UMfbq0E5p3Cxcla2#'[39m,
        source: [32m'a#alink'[39m
      }
      ping:click {
        target: [32m'http://localhost:8000/test/it/click.test.html?wtr-session-id=ppuR5UMfbq0E5p3Cxcla2#'[39m,
        source: [32m'a#alink'[39m
      }
      ping:click {
        target: [32m'http://localhost:8000/test/it/click.test.html?wtr-session-id=ppuR5UMfbq0E5p3Cxcla2#'[39m,
        source: [32m'a#alink'[39m
      }
      ping:click {
        target: [32m'http://localhost:8000/test/it/click.test.html?wtr-session-id=ppuR5UMfbq0E5p3Cxcla2#'[39m,
        source: [32m'a#alink'[39m
      }
      ping:click {
        target: [32m'http://localhost:8000/test/it/click.test.html?wtr-session-id=ppuR5UMfbq0E5p3Cxcla2#'[39m,
        source: [32m'a#alink'[39m
      }
      ping:click {
        target: [32m'http://localhost:8000/test/it/click.test.html?wtr-session-id=ppuR5UMfbq0E5p3Cxcla2#'[39m,
        source: [32m'a#alink'[39m
      }
      ping:click {
        target: [32m'http://localhost:8000/test/it/click.test.html?wtr-session-id=ppuR5UMfbq0E5p3Cxcla2#'[39m,
        source: [32m'a#alink'[39m
      }
      ping:click {
        target: [32m'http://localhost:8000/test/it/click.test.html?wtr-session-id=ppuR5UMfbq0E5p3Cxcla2#'[39m,
        source: [32m'a#alink'[39m
      }
      ping:click {
        target: [32m'http://localhost:8000/test/it/click.test.html?wtr-session-id=ppuR5UMfbq0E5p3Cxcla2#'[39m,
        source: [32m'a#alink'[39m
      }
      ping:click {
        target: [32m'http://localhost:8000/test/it/click.test.html?wtr-session-id=ppuR5UMfbq0E5p3Cxcla2#'[39m,
        source: [32m'a#alink'[39m
      }
      ping:click {
        target: [32m'http://localhost:8000/test/it/click.test.html?wtr-session-id=ppuR5UMfbq0E5p3Cxcla2#'[39m,
        source: [32m'a#alink'[39m
      }
      ping:click {
        target: [32m'http://localhost:8000/test/it/click.test.html?wtr-session-id=ppuR5UMfbq0E5p3Cxcla2#'[39m,
        source: [32m'a#alink'[39m
      }
      ping:click {
        target: [32m'http://localhost:8000/test/it/click.test.html?wtr-session-id=ppuR5UMfbq0E5p3Cxcla2#'[39m,
        source: [32m'a#alink'[39m
      }
      ping:click {
        target: [32m'http://localhost:8000/test/it/click.test.html?wtr-session-id=ppuR5UMfbq0E5p3Cxcla2#'[39m,
        source: [32m'a#alink'[39m
      }
      ping:click {
        target: [32m'http://localhost:8000/test/it/click.test.html?wtr-session-id=ppuR5UMfbq0E5p3Cxcla2#'[39m,
        source: [32m'a#alink'[39m
      }
      ping:click {
        target: [32m'http://localhost:8000/test/it/click.test.html?wtr-session-id=ppuR5UMfbq0E5p3Cxcla2#'[39m,
        source: [32m'a#alink'[39m
      }
      ping:click {
        target: [32m'http://localhost:8000/test/it/click.test.html?wtr-session-id=ppuR5UMfbq0E5p3Cxcla2#'[39m,
        source: [32m'a#alink'[39m
      }
      ping:click {
        target: [32m'http://localhost:8000/test/it/click.test.html?wtr-session-id=ppuR5UMfbq0E5p3Cxcla2#'[39m,
        source: [32m'a#alink'[39m
      }
      ping:click {
        target: [32m'http://localhost:8000/test/it/click.test.html?wtr-session-id=ppuR5UMfbq0E5p3Cxcla2#'[39m,
        source: [32m'a#alink'[39m
      }
      ping:click {
        target: [32m'http://localhost:8000/test/it/click.test.html?wtr-session-id=ppuR5UMfbq0E5p3Cxcla2#'[39m,
        source: [32m'a#alink'[39m
      }
      ping:click {
        target: [32m'http://localhost:8000/test/it/click.test.html?wtr-session-id=ppuR5UMfbq0E5p3Cxcla2#'[39m,
        source: [32m'a#alink'[39m
      }
      ping:click {
        target: [32m'http://localhost:8000/test/it/click.test.html?wtr-session-id=ppuR5UMfbq0E5p3Cxcla2#'[39m,
        source: [32m'a#alink'[39m
      }
      ping:click {
        target: [32m'http://localhost:8000/test/it/click.test.html?wtr-session-id=ppuR5UMfbq0E5p3Cxcla2#'[39m,
        source: [32m'a#alink'[39m
      }
      ping:click {
        target: [32m'http://localhost:8000/test/it/click.test.html?wtr-session-id=ppuR5UMfbq0E5p3Cxcla2#'[39m,
        source: [32m'a#alink'[39m
      }
      ping:click {
        target: [32m'http://localhost:8000/test/it/click.test.html?wtr-session-id=ppuR5UMfbq0E5p3Cxcla2#'[39m,
        source: [32m'a#alink'[39m
      }
      ping:click {
        target: [32m'http://localhost:8000/test/it/click.test.html?wtr-session-id=ppuR5UMfbq0E5p3Cxcla2#'[39m,
        source: [32m'a#alink'[39m
      }
      ping:click {
        target: [32m'http://localhost:8000/test/it/click.test.html?wtr-session-id=ppuR5UMfbq0E5p3Cxcla2#'[39m,
        source: [32m'a#alink'[39m
      }
      ping:click {
        target: [32m'http://localhost:8000/test/it/click.test.html?wtr-session-id=ppuR5UMfbq0E5p3Cxcla2#'[39m,
        source: [32m'a#alink'[39m
      }
      ping:click {
        target: [32m'http://localhost:8000/test/it/click.test.html?wtr-session-id=ppuR5UMfbq0E5p3Cxcla2#'[39m,
        source: [32m'a#alink'[39m
      }
      ping:click {
        target: [32m'http://localhost:8000/test/it/click.test.html?wtr-session-id=ppuR5UMfbq0E5p3Cxcla2#'[39m,
        source: [32m'a#alink'[39m
      }
      ping:click {
        target: [32m'http://localhost:8000/test/it/click.test.html?wtr-session-id=ppuR5UMfbq0E5p3Cxcla2#'[39m,
        source: [32m'a#alink'[39m
      }
      ping:click {
        target: [32m'http://localhost:8000/test/it/click.test.html?wtr-session-id=ppuR5UMfbq0E5p3Cxcla2#'[39m,
        source: [32m'a#alink'[39m
      }
      ping:click {
        target: [32m'http://localhost:8000/test/it/click.test.html?wtr-session-id=ppuR5UMfbq0E5p3Cxcla2#'[39m,
        source: [32m'a#alink'[39m
      }
      ping:click {
        target: [32m'http://localhost:8000/test/it/click.test.html?wtr-session-id=ppuR5UMfbq0E5p3Cxcla2#'[39m,
        source: [32m'a#alink'[39m
      }
      ping:click {
        target: [32m'http://localhost:8000/test/it/click.test.html?wtr-session-id=ppuR5UMfbq0E5p3Cxcla2#'[39m,
        source: [32m'a#alink'[39m
      }
      ping:click {
        target: [32m'http://localhost:8000/test/it/click.test.html?wtr-session-id=ppuR5UMfbq0E5p3Cxcla2#'[39m,
        source: [32m'a#alink'[39m
      }
      ping:click {
        target: [32m'http://localhost:8000/test/it/click.test.html?wtr-session-id=ppuR5UMfbq0E5p3Cxcla2#'[39m,
        source: [32m'a#alink'[39m
      }
      ping:click {
        target: [32m'http://localhost:8000/test/it/click.test.html?wtr-session-id=ppuR5UMfbq0E5p3Cxcla2#'[39m,
        source: [32m'a#alink'[39m
      }
      ping:click {
        target: [32m'http://localhost:8000/test/it/click.test.html?wtr-session-id=ppuR5UMfbq0E5p3Cxcla2#'[39m,
        source: [32m'a#alink'[39m
      }
      ping:click {
        target: [32m'http://localhost:8000/test/it/click.test.html?wtr-session-id=ppuR5UMfbq0E5p3Cxcla2#'[39m,
        source: [32m'a#alink'[39m
      }
      ping:click {
        target: [32m'http://localhost:8000/test/it/click.test.html?wtr-session-id=ppuR5UMfbq0E5p3Cxcla2#'[39m,
        source: [32m'a#alink'[39m
      }
      ping:click {
        target: [32m'http://localhost:8000/test/it/click.test.html?wtr-session-id=ppuR5UMfbq0E5p3Cxcla2#'[39m,
        source: [32m'a#alink'[39m
      }
      ping:click {
        target: [32m'http://localhost:8000/test/it/click.test.html?wtr-session-id=ppuR5UMfbq0E5p3Cxcla2#'[39m,
        source: [32m'a#alink'[39m
      }
      ping:click {
        target: [32m'http://localhost:8000/test/it/click.test.html?wtr-session-id=ppuR5UMfbq0E5p3Cxcla2#'[39m,
        source: [32m'a#alink'[39m
      }
      ping:click {
        target: [32m'http://localhost:8000/test/it/click.test.html?wtr-session-id=ppuR5UMfbq0E5p3Cxcla2#'[39m,
        source: [32m'a#alink'[39m
      }
      ping:click {
        target: [32m'http://localhost:8000/test/it/click.test.html?wtr-session-id=ppuR5UMfbq0E5p3Cxcla2#'[39m,
        source: [32m'a#alink'[39m
      }
      ping:click {
        target: [32m'http://localhost:8000/test/it/click.test.html?wtr-session-id=ppuR5UMfbq0E5p3Cxcla2#'[39m,
        source: [32m'a#alink'[39m
      }
      ping:click {
        target: [32m'http://localhost:8000/test/it/click.test.html?wtr-session-id=ppuR5UMfbq0E5p3Cxcla2#'[39m,
        source: [32m'a#alink'[39m
      }
      ping:click {
        target: [32m'http://localhost:8000/test/it/click.test.html?wtr-session-id=ppuR5UMfbq0E5p3Cxcla2#'[39m,
        source: [32m'a#alink'[39m
      }
      ping:click {
        target: [32m'http://localhost:8000/test/it/click.test.html?wtr-session-id=ppuR5UMfbq0E5p3Cxcla2#'[39m,
        source: [32m'a#alink'[39m
      }
      ping:click {
        target: [32m'http://localhost:8000/test/it/click.test.html?wtr-session-id=ppuR5UMfbq0E5p3Cxcla2#'[39m,
        source: [32m'a#alink'[39m
      }
      ping:click {
        target: [32m'http://localhost:8000/test/it/click.test.html?wtr-session-id=ppuR5UMfbq0E5p3Cxcla2#'[39m,
        source: [32m'a#alink'[39m
      }
      ping:click {
        target: [32m'http://localhost:8000/test/it/click.test.html?wtr-session-id=ppuR5UMfbq0E5p3Cxcla2#'[39m,
        source: [32m'a#alink'[39m
      }
      ping:click {
        target: [32m'http://localhost:8000/test/it/click.test.html?wtr-session-id=ppuR5UMfbq0E5p3Cxcla2#'[39m,
        source: [32m'a#alink'[39m
      }
      ping:click {
        target: [32m'http://localhost:8000/test/it/click.test.html?wtr-session-id=ppuR5UMfbq0E5p3Cxcla2#'[39m,
        source: [32m'a#alink'[39m
      }
      ping:click {
        target: [32m'http://localhost:8000/test/it/click.test.html?wtr-session-id=ppuR5UMfbq0E5p3Cxcla2#'[39m,
        source: [32m'a#alink'[39m
      }
      ping:click {
        target: [32m'http://localhost:8000/test/it/click.test.html?wtr-session-id=ppuR5UMfbq0E5p3Cxcla2#'[39m,
        source: [32m'a#alink'[39m
      }
      ping:click {
        target: [32m'http://localhost:8000/test/it/click.test.html?wtr-session-id=ppuR5UMfbq0E5p3Cxcla2#'[39m,
        source: [32m'a#alink'[39m
      }
      ping:click {
        target: [32m'http://localhost:8000/test/it/click.test.html?wtr-session-id=ppuR5UMfbq0E5p3Cxcla2#'[39m,
        source: [32m'a#alink'[39m
      }
      ping:click {
        target: [32m'http://localhost:8000/test/it/click.test.html?wtr-session-id=ppuR5UMfbq0E5p3Cxcla2#'[39m,
        source: [32m'a#alink'[39m
      }
      ping:click {
        target: [32m'http://localhost:8000/test/it/click.test.html?wtr-session-id=ppuR5UMfbq0E5p3Cxcla2#'[39m,
        source: [32m'a#alink'[39m
      }
      ping:click {
        target: [32m'http://localhost:8000/test/it/click.test.html?wtr-session-id=ppuR5UMfbq0E5p3Cxcla2#'[39m,
        source: [32m'a#alink'[39m
      }
      ping:click {
        target: [32m'http://localhost:8000/test/it/click.test.html?wtr-session-id=ppuR5UMfbq0E5p3Cxcla2#'[39m,
        source: [32m'a#alink'[39m
      }
      ping:click {
        target: [32m'http://localhost:8000/test/it/click.test.html?wtr-session-id=ppuR5UMfbq0E5p3Cxcla2#'[39m,
        source: [32m'a#alink'[39m
      }
      ping:click {
        target: [32m'http://localhost:8000/test/it/click.test.html?wtr-session-id=ppuR5UMfbq0E5p3Cxcla2#'[39m,
        source: [32m'a#alink'[39m
      }
      ping:click {
        target: [32m'http://localhost:8000/test/it/click.test.html?wtr-session-id=ppuR5UMfbq0E5p3Cxcla2#'[39m,
        source: [32m'a#alink'[39m
      }
      ping:click {
        target: [32m'http://localhost:8000/test/it/click.test.html?wtr-session-id=ppuR5UMfbq0E5p3Cxcla2#'[39m,
        source: [32m'a#alink'[39m
      }
      ping:click {
        target: [32m'http://localhost:8000/test/it/click.test.html?wtr-session-id=ppuR5UMfbq0E5p3Cxcla2#'[39m,
        source: [32m'a#alink'[39m
      }
      ping:click {
        target: [32m'http://localhost:8000/test/it/click.test.html?wtr-session-id=ppuR5UMfbq0E5p3Cxcla2#'[39m,
        source: [32m'a#alink'[39m
      }
      ping:click {
        target: [32m'http://localhost:8000/test/it/click.test.html?wtr-session-id=ppuR5UMfbq0E5p3Cxcla2#'[39m,
        source: [32m'a#alink'[39m
      }
      ping:click {
        target: [32m'http://localhost:8000/test/it/click.test.html?wtr-session-id=ppuR5UMfbq0E5p3Cxcla2#'[39m,
        source: [32m'a#alink'[39m
      }
      ping:click {
        target: [32m'http://localhost:8000/test/it/click.test.html?wtr-session-id=ppuR5UMfbq0E5p3Cxcla2#'[39m,
        source: [32m'a#alink'[39m
      }
      ping:click {
        target: [32m'http://localhost:8000/test/it/click.test.html?wtr-session-id=ppuR5UMfbq0E5p3Cxcla2#'[39m,
        source: [32m'a#alink'[39m
      }
      ping:click {
        target: [32m'http://localhost:8000/test/it/click.test.html?wtr-session-id=ppuR5UMfbq0E5p3Cxcla2#'[39m,
        source: [32m'a#alink'[39m
      }
      ping:click {
        target: [32m'http://localhost:8000/test/it/click.test.html?wtr-session-id=ppuR5UMfbq0E5p3Cxcla2#'[39m,
        source: [32m'a#alink'[39m
      }
      ping:click {
        target: [32m'http://localhost:8000/test/it/click.test.html?wtr-session-id=ppuR5UMfbq0E5p3Cxcla2#'[39m,
        source: [32m'a#alink'[39m
      }
      ping:click {
        target: [32m'http://localhost:8000/test/it/click.test.html?wtr-session-id=ppuR5UMfbq0E5p3Cxcla2#'[39m,
        source: [32m'a#alink'[39m
      }
      ping:click {
        target: [32m'http://localhost:8000/test/it/click.test.html?wtr-session-id=ppuR5UMfbq0E5p3Cxcla2#'[39m,
        source: [32m'a#alink'[39m
      }
      ping:click {
        target: [32m'http://localhost:8000/test/it/click.test.html?wtr-session-id=ppuR5UMfbq0E5p3Cxcla2#'[39m,
        source: [32m'a#alink'[39m
      }
      ping:click {
        target: [32m'http://localhost:8000/test/it/click.test.html?wtr-session-id=ppuR5UMfbq0E5p3Cxcla2#'[39m,
        source: [32m'a#alink'[39m
      }
      ping:click {
        target: [32m'http://localhost:8000/test/it/click.test.html?wtr-session-id=ppuR5UMfbq0E5p3Cxcla2#'[39m,
        source: [32m'a#alink'[39m
      }
      ping:click {
        target: [32m'http://localhost:8000/test/it/click.test.html?wtr-session-id=ppuR5UMfbq0E5p3Cxcla2#'[39m,
        source: [32m'a#alink'[39m
      }
      ping:click {
        target: [32m'http://localhost:8000/test/it/click.test.html?wtr-session-id=ppuR5UMfbq0E5p3Cxcla2#'[39m,
        source: [32m'a#alink'[39m
      }
      ping:click {
        target: [32m'http://localhost:8000/test/it/click.test.html?wtr-session-id=ppuR5UMfbq0E5p3Cxcla2#'[39m,
        source: [32m'a#alink'[39m
      }
      ping:click {
        target: [32m'http://localhost:8000/test/it/click.test.html?wtr-session-id=ppuR5UMfbq0E5p3Cxcla2#'[39m,
        source: [32m'a#alink'[39m
      }
      ping:click {
        target: [32m'http://localhost:8000/test/it/click.test.html?wtr-session-id=ppuR5UMfbq0E5p3Cxcla2#'[39m,
        source: [32m'a#alink'[39m
      }
      ping:click {
        target: [32m'http://localhost:8000/test/it/click.test.html?wtr-session-id=ppuR5UMfbq0E5p3Cxcla2#'[39m,
        source: [32m'a#alink'[39m
      }
      ping:click {
        target: [32m'http://localhost:8000/test/it/click.test.html?wtr-session-id=ppuR5UMfbq0E5p3Cxcla2#'[39m,
        source: [32m'a#alink'[39m
      }
      ping:click {
        target: [32m'http://localhost:8000/test/it/click.test.html?wtr-session-id=ppuR5UMfbq0E5p3Cxcla2#'[39m,
        source: [32m'a#alink'[39m
      }
      ping:click {
        target: [32m'http://localhost:8000/test/it/click.test.html?wtr-session-id=ppuR5UMfbq0E5p3Cxcla2#'[39m,
        source: [32m'a#alink'[39m
      }
      ping:click {
        target: [32m'http://localhost:8000/test/it/click.test.html?wtr-session-id=ppuR5UMfbq0E5p3Cxcla2#'[39m,
        source: [32m'a#alink'[39m
      }
      ping:click {
        target: [32m'http://localhost:8000/test/it/click.test.html?wtr-session-id=ppuR5UMfbq0E5p3Cxcla2#'[39m,
        source: [32m'a#alink'[39m
      }
      ping:click {
        target: [32m'http://localhost:8000/test/it/click.test.html?wtr-session-id=ppuR5UMfbq0E5p3Cxcla2#'[39m,
        source: [32m'a#alink'[39m
      }
      ping:click {
        target: [32m'http://localhost:8000/test/it/click.test.html?wtr-session-id=ppuR5UMfbq0E5p3Cxcla2#'[39m,
        source: [32m'a#alink'[39m
      }
      ping:click {
        target: [32m'http://localhost:8000/test/it/click.test.html?wtr-session-id=ppuR5UMfbq0E5p3Cxcla2#'[39m,
        source: [32m'a#alink'[39m
      }
      ping:click {
        target: [32m'http://localhost:8000/test/it/click.test.html?wtr-session-id=ppuR5UMfbq0E5p3Cxcla2#'[39m,
        source: [32m'a#alink'[39m
      }
      ping:click {
        target: [32m'http://localhost:8000/test/it/click.test.html?wtr-session-id=ppuR5UMfbq0E5p3Cxcla2#'[39m,
        source: [32m'a#alink'[39m
      }
      ping:click {
        target: [32m'http://localhost:8000/test/it/click.test.html?wtr-session-id=ppuR5UMfbq0E5p3Cxcla2#'[39m,
        source: [32m'a#alink'[39m
      }
      ping:click {
        target: [32m'http://localhost:8000/test/it/click.test.html?wtr-session-id=ppuR5UMfbq0E5p3Cxcla2#'[39m,
        source: [32m'a#alink'[39m
      }
      ping:click {
        target: [32m'http://localhost:8000/test/it/click.test.html?wtr-session-id=ppuR5UMfbq0E5p3Cxcla2#'[39m,
        source: [32m'a#alink'[39m
      }
      ping:click {
        target: [32m'http://localhost:8000/test/it/click.test.html?wtr-session-id=ppuR5UMfbq0E5p3Cxcla2#'[39m,
        source: [32m'a#alink'[39m
      }
      ping:click {
        target: [32m'http://localhost:8000/test/it/click.test.html?wtr-session-id=ppuR5UMfbq0E5p3Cxcla2#'[39m,
        source: [32m'a#alink'[39m
      }
      ping:click {
        target: [32m'http://localhost:8000/test/it/click.test.html?wtr-session-id=ppuR5UMfbq0E5p3Cxcla2#'[39m,
        source: [32m'a#alink'[39m
      }
      ping:click {
        target: [32m'http://localhost:8000/test/it/click.test.html?wtr-session-id=ppuR5UMfbq0E5p3Cxcla2#'[39m,
        source: [32m'a#alink'[39m
      }
      ping:click {
        target: [32m'http://localhost:8000/test/it/click.test.html?wtr-session-id=ppuR5UMfbq0E5p3Cxcla2#'[39m,
        source: [32m'a#alink'[39m
      }
      ping:click {
        target: [32m'http://localhost:8000/test/it/click.test.html?wtr-session-id=ppuR5UMfbq0E5p3Cxcla2#'[39m,
        source: [32m'a#alink'[39m
      }
      ping:click {
        target: [32m'http://localhost:8000/test/it/click.test.html?wtr-session-id=ppuR5UMfbq0E5p3Cxcla2#'[39m,
        source: [32m'a#alink'[39m
      }
      ping:click {
        target: [32m'http://localhost:8000/test/it/click.test.html?wtr-session-id=ppuR5UMfbq0E5p3Cxcla2#'[39m,
        source: [32m'a#alink'[39m
      }
      ping:click {
        target: [32m'http://localhost:8000/test/it/click.test.html?wtr-session-id=ppuR5UMfbq0E5p3Cxcla2#'[39m,
        source: [32m'a#alink'[39m
      }
      ping:click {
        target: [32m'http://localhost:8000/test/it/click.test.html?wtr-session-id=ppuR5UMfbq0E5p3Cxcla2#'[39m,
        source: [32m'a#alink'[39m
      }
      ping:click {
        target: [32m'http://localhost:8000/test/it/click.test.html?wtr-session-id=ppuR5UMfbq0E5p3Cxcla2#'[39m,
        source: [32m'a#alink'[39m
      }
      ping:click {
        target: [32m'http://localhost:8000/test/it/click.test.html?wtr-session-id=ppuR5UMfbq0E5p3Cxcla2#'[39m,
        source: [32m'a#alink'[39m
      }
      ping:click {
        target: [32m'http://localhost:8000/test/it/click.test.html?wtr-session-id=ppuR5UMfbq0E5p3Cxcla2#'[39m,
        source: [32m'a#alink'[39m
      }
      ping:click {
        target: [32m'http://localhost:8000/test/it/click.test.html?wtr-session-id=ppuR5UMfbq0E5p3Cxcla2#'[39m,
        source: [32m'a#alink'[39m
      }
      ping:click {
        target: [32m'http://localhost:8000/test/it/click.test.html?wtr-session-id=ppuR5UMfbq0E5p3Cxcla2#'[39m,
        source: [32m'a#alink'[39m
      }
      ping:click {
        target: [32m'http://localhost:8000/test/it/click.test.html?wtr-session-id=ppuR5UMfbq0E5p3Cxcla2#'[39m,
        source: [32m'a#alink'[39m
      }
      ping:click {
        target: [32m'http://localhost:8000/test/it/click.test.html?wtr-session-id=ppuR5UMfbq0E5p3Cxcla2#'[39m,
        source: [32m'a#alink'[39m
      }
      ping:click {
        target: [32m'http://localhost:8000/test/it/click.test.html?wtr-session-id=ppuR5UMfbq0E5p3Cxcla2#'[39m,
        source: [32m'a#alink'[39m
      }
      ping:click {
        target: [32m'http://localhost:8000/test/it/click.test.html?wtr-session-id=ppuR5UMfbq0E5p3Cxcla2#'[39m,
        source: [32m'a#alink'[39m
      }
      ping:click {
        target: [32m'http://localhost:8000/test/it/click.test.html?wtr-session-id=ppuR5UMfbq0E5p3Cxcla2#'[39m,
        source: [32m'a#alink'[39m
      }
      ping:click {
        target: [32m'http://localhost:8000/test/it/click.test.html?wtr-session-id=ppuR5UMfbq0E5p3Cxcla2#'[39m,
        source: [32m'a#alink'[39m
      }
      ping:click {
        target: [32m'http://localhost:8000/test/it/click.test.html?wtr-session-id=ppuR5UMfbq0E5p3Cxcla2#'[39m,
        source: [32m'a#alink'[39m
      }
      ping:click {
        target: [32m'http://localhost:8000/test/it/click.test.html?wtr-session-id=ppuR5UMfbq0E5p3Cxcla2#'[39m,
        source: [32m'a#alink'[39m
      }
      ping:click {
        target: [32m'http://localhost:8000/test/it/click.test.html?wtr-session-id=ppuR5UMfbq0E5p3Cxcla2#'[39m,
        source: [32m'a#alink'[39m
      }
      ping:click {
        target: [32m'http://localhost:8000/test/it/click.test.html?wtr-session-id=ppuR5UMfbq0E5p3Cxcla2#'[39m,
        source: [32m'a#alink'[39m
      }
      ping:click {
        target: [32m'http://localhost:8000/test/it/click.test.html?wtr-session-id=ppuR5UMfbq0E5p3Cxcla2#'[39m,
        source: [32m'a#alink'[39m
      }
      ping:click {
        target: [32m'http://localhost:8000/test/it/click.test.html?wtr-session-id=ppuR5UMfbq0E5p3Cxcla2#'[39m,
        source: [32m'a#alink'[39m
      }
      ping:click {
        target: [32m'http://localhost:8000/test/it/click.test.html?wtr-session-id=ppuR5UMfbq0E5p3Cxcla2#'[39m,
        source: [32m'a#alink'[39m
      }
      ping:click {
        target: [32m'http://localhost:8000/test/it/click.test.html?wtr-session-id=ppuR5UMfbq0E5p3Cxcla2#'[39m,
        source: [32m'a#alink'[39m
      }
      ping:click {
        target: [32m'http://localhost:8000/test/it/click.test.html?wtr-session-id=ppuR5UMfbq0E5p3Cxcla2#'[39m,
        source: [32m'a#alink'[39m
      }
      ping:click {
        target: [32m'http://localhost:8000/test/it/click.test.html?wtr-session-id=ppuR5UMfbq0E5p3Cxcla2#'[39m,
        source: [32m'a#alink'[39m
      }
      ping:click {
        target: [32m'http://localhost:8000/test/it/click.test.html?wtr-session-id=ppuR5UMfbq0E5p3Cxcla2#'[39m,
        source: [32m'a#alink'[39m
      }
      ping:click {
        target: [32m'http://localhost:8000/test/it/click.test.html?wtr-session-id=ppuR5UMfbq0E5p3Cxcla2#'[39m,
        source: [32m'a#alink'[39m
      }
      ping:click {
        target: [32m'http://localhost:8000/test/it/click.test.html?wtr-session-id=ppuR5UMfbq0E5p3Cxcla2#'[39m,
        source: [32m'a#alink'[39m
      }
      ping:click {
        target: [32m'http://localhost:8000/test/it/click.test.html?wtr-session-id=ppuR5UMfbq0E5p3Cxcla2#'[39m,
        source: [32m'a#alink'[39m
      }
      ping:click {
        target: [32m'http://localhost:8000/test/it/click.test.html?wtr-session-id=ppuR5UMfbq0E5p3Cxcla2#'[39m,
        source: [32m'a#alink'[39m
      }
      ping:click {
        target: [32m'http://localhost:8000/test/it/click.test.html?wtr-session-id=ppuR5UMfbq0E5p3Cxcla2#'[39m,
        source: [32m'a#alink'[39m
      }
      ping:click {
        target: [32m'http://localhost:8000/test/it/click.test.html?wtr-session-id=ppuR5UMfbq0E5p3Cxcla2#'[39m,
        source: [32m'a#alink'[39m
      }
      ping:click {
        target: [32m'http://localhost:8000/test/it/click.test.html?wtr-session-id=ppuR5UMfbq0E5p3Cxcla2#'[39m,
        source: [32m'a#alink'[39m
      }
      ping:click {
        target: [32m'http://localhost:8000/test/it/click.test.html?wtr-session-id=ppuR5UMfbq0E5p3Cxcla2#'[39m,
        source: [32m'a#alink'[39m
      }
      ping:click {
        target: [32m'http://localhost:8000/test/it/click.test.html?wtr-session-id=ppuR5UMfbq0E5p3Cxcla2#'[39m,
        source: [32m'a#alink'[39m
      }
      ping:click {
        target: [32m'http://localhost:8000/test/it/click.test.html?wtr-session-id=ppuR5UMfbq0E5p3Cxcla2#'[39m,
        source: [32m'a#alink'[39m
      }
      ping:click {
        target: [32m'http://localhost:8000/test/it/click.test.html?wtr-session-id=ppuR5UMfbq0E5p3Cxcla2#'[39m,
        source: [32m'a#alink'[39m
      }
      ping:click {
        target: [32m'http://localhost:8000/test/it/click.test.html?wtr-session-id=ppuR5UMfbq0E5p3Cxcla2#'[39m,
        source: [32m'a#alink'[39m
      }
      ping:click {
        target: [32m'http://localhost:8000/test/it/click.test.html?wtr-session-id=ppuR5UMfbq0E5p3Cxcla2#'[39m,
        source: [32m'a#alink'[39m
      }
      ping:click {
        target: [32m'http://localhost:8000/test/it/click.test.html?wtr-session-id=ppuR5UMfbq0E5p3Cxcla2#'[39m,
        source: [32m'a#alink'[39m
      }
      ping:click {
        target: [32m'http://localhost:8000/test/it/click.test.html?wtr-session-id=ppuR5UMfbq0E5p3Cxcla2#'[39m,
        source: [32m'a#alink'[39m
      }
      ping:click {
        target: [32m'http://localhost:8000/test/it/click.test.html?wtr-session-id=ppuR5UMfbq0E5p3Cxcla2#'[39m,
        source: [32m'a#alink'[39m
      }
      ping:click {
        target: [32m'http://localhost:8000/test/it/click.test.html?wtr-session-id=ppuR5UMfbq0E5p3Cxcla2#'[39m,
        source: [32m'a#alink'[39m
      }
      ping:click {
        target: [32m'http://localhost:8000/test/it/click.test.html?wtr-session-id=ppuR5UMfbq0E5p3Cxcla2#'[39m,
        source: [32m'a#alink'[39m
      }
      ping:click {
        target: [32m'http://localhost:8000/test/it/click.test.html?wtr-session-id=ppuR5UMfbq0E5p3Cxcla2#'[39m,
        source: [32m'a#alink'[39m
      }
      ping:click {
        target: [32m'http://localhost:8000/test/it/click.test.html?wtr-session-id=ppuR5UMfbq0E5p3Cxcla2#'[39m,
        source: [32m'a#alink'[39m
      }
      ping:click {
        target: [32m'http://localhost:8000/test/it/click.test.html?wtr-session-id=ppuR5UMfbq0E5p3Cxcla2#'[39m,
        source: [32m'a#alink'[39m
      }
      ping:click {
        target: [32m'http://localhost:8000/test/it/click.test.html?wtr-session-id=ppuR5UMfbq0E5p3Cxcla2#'[39m,
        source: [32m'a#alink'[39m
      }
      ping:click {
        target: [32m'http://localhost:8000/test/it/click.test.html?wtr-session-id=ppuR5UMfbq0E5p3Cxcla2#'[39m,
        source: [32m'a#alink'[39m
      }
      ping:click {
        target: [32m'http://localhost:8000/test/it/click.test.html?wtr-session-id=ppuR5UMfbq0E5p3Cxcla2#'[39m,
        source: [32m'a#alink'[39m
      }
      ping:click {
        target: [32m'http://localhost:8000/test/it/click.test.html?wtr-session-id=ppuR5UMfbq0E5p3Cxcla2#'[39m,
        source: [32m'a#alink'[39m
      }
      ping:click {
        target: [32m'http://localhost:8000/test/it/click.test.html?wtr-session-id=ppuR5UMfbq0E5p3Cxcla2#'[39m,
        source: [32m'a#alink'[39m
      }
      ping:click {
        target: [32m'http://localhost:8000/test/it/click.test.html?wtr-session-id=ppuR5UMfbq0E5p3Cxcla2#'[39m,
        source: [32m'a#alink'[39m
      }
      ping:click {
        target: [32m'http://localhost:8000/test/it/click.test.html?wtr-session-id=ppuR5UMfbq0E5p3Cxcla2#'[39m,
        source: [32m'a#alink'[39m
      }
      ping:click {
        target: [32m'http://localhost:8000/test/it/click.test.html?wtr-session-id=ppuR5UMfbq0E5p3Cxcla2#'[39m,
        source: [32m'a#alink'[39m
      }
      ping:click {
        target: [32m'http://localhost:8000/test/it/click.test.html?wtr-session-id=ppuR5UMfbq0E5p3Cxcla2#'[39m,
        source: [32m'a#alink'[39m
      }
      ping:click {
        target: [32m'http://localhost:8000/test/it/click.test.html?wtr-session-id=ppuR5UMfbq0E5p3Cxcla2#'[39m,
        source: [32m'a#alink'[39m
      }
      ping:click {
        target: [32m'http://localhost:8000/test/it/click.test.html?wtr-session-id=ppuR5UMfbq0E5p3Cxcla2#'[39m,
        source: [32m'a#alink'[39m
      }
      ping:click {
        target: [32m'http://localhost:8000/test/it/click.test.html?wtr-session-id=ppuR5UMfbq0E5p3Cxcla2#'[39m,
        source: [32m'a#alink'[39m
      }
      ping:click {
        target: [32m'http://localhost:8000/test/it/click.test.html?wtr-session-id=ppuR5UMfbq0E5p3Cxcla2#'[39m,
        source: [32m'a#alink'[39m
      }
      ping:click {
        target: [32m'http://localhost:8000/test/it/click.test.html?wtr-session-id=ppuR5UMfbq0E5p3Cxcla2#'[39m,
        source: [32m'a#alink'[39m
      }
      ping:click {
        target: [32m'http://localhost:8000/test/it/click.test.html?wtr-session-id=ppuR5UMfbq0E5p3Cxcla2#'[39m,
        source: [32m'a#alink'[39m
      }
      ping:click {
        target: [32m'http://localhost:8000/test/it/click.test.html?wtr-session-id=ppuR5UMfbq0E5p3Cxcla2#'[39m,
        source: [32m'a#alink'[39m
      }
      ping:click {
        target: [32m'http://localhost:8000/test/it/click.test.html?wtr-session-id=ppuR5UMfbq0E5p3Cxcla2#'[39m,
        source: [32m'a#alink'[39m
      }
      ping:click {
        target: [32m'http://localhost:8000/test/it/click.test.html?wtr-session-id=ppuR5UMfbq0E5p3Cxcla2#'[39m,
        source: [32m'a#alink'[39m
      }
      ping:click {
        target: [32m'http://localhost:8000/test/it/click.test.html?wtr-session-id=ppuR5UMfbq0E5p3Cxcla2#'[39m,
        source: [32m'a#alink'[39m
      }
      ping:click {
        target: [32m'http://localhost:8000/test/it/click.test.html?wtr-session-id=ppuR5UMfbq0E5p3Cxcla2#'[39m,
        source: [32m'a#alink'[39m
      }
      ping:click {
        target: [32m'http://localhost:8000/test/it/click.test.html?wtr-session-id=ppuR5UMfbq0E5p3Cxcla2#'[39m,
        source: [32m'a#alink'[39m
      }
      ping:click {
        target: [32m'http://localhost:8000/test/it/click.test.html?wtr-session-id=ppuR5UMfbq0E5p3Cxcla2#'[39m,
        source: [32m'a#alink'[39m
      }
      ping:click {
        target: [32m'http://localhost:8000/test/it/click.test.html?wtr-session-id=ppuR5UMfbq0E5p3Cxcla2#'[39m,
        source: [32m'a#alink'[39m
      }
      ping:click {
        target: [32m'http://localhost:8000/test/it/click.test.html?wtr-session-id=ppuR5UMfbq0E5p3Cxcla2#'[39m,
        source: [32m'a#alink'[39m
      }
      ping:click {
        target: [32m'http://localhost:8000/test/it/click.test.html?wtr-session-id=ppuR5UMfbq0E5p3Cxcla2#'[39m,
        source: [32m'a#alink'[39m
      }
      ping:click {
        target: [32m'http://localhost:8000/test/it/click.test.html?wtr-session-id=ppuR5UMfbq0E5p3Cxcla2#'[39m,
        source: [32m'a#alink'[39m
      }
      ping:click {
        target: [32m'http://localhost:8000/test/it/click.test.html?wtr-session-id=ppuR5UMfbq0E5p3Cxcla2#'[39m,
        source: [32m'a#alink'[39m
      }
      ping:click {
        target: [32m'http://localhost:8000/test/it/click.test.html?wtr-session-id=ppuR5UMfbq0E5p3Cxcla2#'[39m,
        source: [32m'a#alink'[39m
      }
      ping:click {
        target: [32m'http://localhost:8000/test/it/click.test.html?wtr-session-id=ppuR5UMfbq0E5p3Cxcla2#'[39m,
        source: [32m'a#alink'[39m
      }
      ping:click {
        target: [32m'http://localhost:8000/test/it/click.test.html?wtr-session-id=ppuR5UMfbq0E5p3Cxcla2#'[39m,
        source: [32m'a#alink'[39m
      }
      ping:click {
        target: [32m'http://localhost:8000/test/it/click.test.html?wtr-session-id=ppuR5UMfbq0E5p3Cxcla2#'[39m,
        source: [32m'a#alink'[39m
      }
      ping:click {
        target: [32m'http://localhost:8000/test/it/click.test.html?wtr-session-id=ppuR5UMfbq0E5p3Cxcla2#'[39m,
        source: [32m'a#alink'[39m
      }
      ping:click {
        target: [32m'http://localhost:8000/test/it/click.test.html?wtr-session-id=ppuR5UMfbq0E5p3Cxcla2#'[39m,
        source: [32m'a#alink'[39m
      }
      ping:click {
        target: [32m'http://localhost:8000/test/it/click.test.html?wtr-session-id=ppuR5UMfbq0E5p3Cxcla2#'[39m,
        source: [32m'a#alink'[39m
      }
      ping:click {
        target: [32m'http://localhost:8000/test/it/click.test.html?wtr-session-id=ppuR5UMfbq0E5p3Cxcla2#'[39m,
        source: [32m'a#alink'[39m
      }
      ping:click {
        target: [32m'http://localhost:8000/test/it/click.test.html?wtr-session-id=ppuR5UMfbq0E5p3Cxcla2#'[39m,
        source: [32m'a#alink'[39m
      }
      ping:click {
        target: [32m'http://localhost:8000/test/it/click.test.html?wtr-session-id=ppuR5UMfbq0E5p3Cxcla2#'[39m,
        source: [32m'a#alink'[39m
      }
      ping:click {
        target: [32m'http://localhost:8000/test/it/click.test.html?wtr-session-id=ppuR5UMfbq0E5p3Cxcla2#'[39m,
        source: [32m'a#alink'[39m
      }
      ping:click {
        target: [32m'http://localhost:8000/test/it/click.test.html?wtr-session-id=ppuR5UMfbq0E5p3Cxcla2#'[39m,
        source: [32m'a#alink'[39m
      }
      ping:click {
        target: [32m'http://localhost:8000/test/it/click.test.html?wtr-session-id=ppuR5UMfbq0E5p3Cxcla2#'[39m,
        source: [32m'a#alink'[39m
      }
      ping:click {
        target: [32m'http://localhost:8000/test/it/click.test.html?wtr-session-id=ppuR5UMfbq0E5p3Cxcla2#'[39m,
        source: [32m'a#alink'[39m
      }
      ping:click {
        target: [32m'http://localhost:8000/test/it/click.test.html?wtr-session-id=ppuR5UMfbq0E5p3Cxcla2#'[39m,
        source: [32m'a#alink'[39m
      }
      ping:click {
        target: [32m'http://localhost:8000/test/it/click.test.html?wtr-session-id=ppuR5UMfbq0E5p3Cxcla2#'[39m,
        source: [32m'a#alink'[39m
      }
      ping:click {
        target: [32m'http://localhost:8000/test/it/click.test.html?wtr-session-id=ppuR5UMfbq0E5p3Cxcla2#'[39m,
        source: [32m'a#alink'[39m
      }
      ping:click {
        target: [32m'http://localhost:8000/test/it/click.test.html?wtr-session-id=ppuR5UMfbq0E5p3Cxcla2#'[39m,
        source: [32m'a#alink'[39m
      }
      ping:click {
        target: [32m'http://localhost:8000/test/it/click.test.html?wtr-session-id=ppuR5UMfbq0E5p3Cxcla2#'[39m,
        source: [32m'a#alink'[39m
      }
      ping:click {
        target: [32m'http://localhost:8000/test/it/click.test.html?wtr-session-id=ppuR5UMfbq0E5p3Cxcla2#'[39m,
        source: [32m'a#alink'[39m
      }
      ping:click {
        target: [32m'http://localhost:8000/test/it/click.test.html?wtr-session-id=ppuR5UMfbq0E5p3Cxcla2#'[39m,
        source: [32m'a#alink'[39m
      }
      ping:click {
        target: [32m'http://localhost:8000/test/it/click.test.html?wtr-session-id=ppuR5UMfbq0E5p3Cxcla2#'[39m,
        source: [32m'a#alink'[39m
      }
      ping:click {
        target: [32m'http://localhost:8000/test/it/click.test.html?wtr-session-id=ppuR5UMfbq0E5p3Cxcla2#'[39m,
        source: [32m'a#alink'[39m
      }
      ping:click {
        target: [32m'http://localhost:8000/test/it/click.test.html?wtr-session-id=ppuR5UMfbq0E5p3Cxcla2#'[39m,
        source: [32m'a#alink'[39m
      }
      ping:click {
        target: [32m'http://localhost:8000/test/it/click.test.html?wtr-session-id=ppuR5UMfbq0E5p3Cxcla2#'[39m,
        source: [32m'a#alink'[39m
      }
      ping:click {
        target: [32m'http://localhost:8000/test/it/click.test.html?wtr-session-id=ppuR5UMfbq0E5p3Cxcla2#'[39m,
        source: [32m'a#alink'[39m
      }
      ping:click {
        target: [32m'http://localhost:8000/test/it/click.test.html?wtr-session-id=ppuR5UMfbq0E5p3Cxcla2#'[39m,
        source: [32m'a#alink'[39m
      }
      ping:click {
        target: [32m'http://localhost:8000/test/it/click.test.html?wtr-session-id=ppuR5UMfbq0E5p3Cxcla2#'[39m,
        source: [32m'a#alink'[39m
      }
      ping:click {
        target: [32m'http://localhost:8000/test/it/click.test.html?wtr-session-id=ppuR5UMfbq0E5p3Cxcla2#'[39m,
        source: [32m'a#alink'[39m
      }
      ping:click {
        target: [32m'http://localhost:8000/test/it/click.test.html?wtr-session-id=ppuR5UMfbq0E5p3Cxcla2#'[39m,
        source: [32m'a#alink'[39m
      }
      ping:click {
        target: [32m'http://localhost:8000/test/it/click.test.html?wtr-session-id=ppuR5UMfbq0E5p3Cxcla2#'[39m,
        source: [32m'a#alink'[39m
      }
      ping:click {
        target: [32m'http://localhost:8000/test/it/click.test.html?wtr-session-id=ppuR5UMfbq0E5p3Cxcla2#'[39m,
        source: [32m'a#alink'[39m
      }
      ping:click {
        target: [32m'http://localhost:8000/test/it/click.test.html?wtr-session-id=ppuR5UMfbq0E5p3Cxcla2#'[39m,
        source: [32m'a#alink'[39m
      }
      ping:click {
        target: [32m'http://localhost:8000/test/it/click.test.html?wtr-session-id=ppuR5UMfbq0E5p3Cxcla2#'[39m,
        source: [32m'a#alink'[39m
      }
      ping:click {
        target: [32m'http://localhost:8000/test/it/click.test.html?wtr-session-id=ppuR5UMfbq0E5p3Cxcla2#'[39m,
        source: [32m'a#alink'[39m
      }
      ping:click {
        target: [32m'http://localhost:8000/test/it/click.test.html?wtr-session-id=ppuR5UMfbq0E5p3Cxcla2#'[39m,
        source: [32m'a#alink'[39m
      }
      ping:click {
        target: [32m'http://localhost:8000/test/it/click.test.html?wtr-session-id=ppuR5UMfbq0E5p3Cxcla2#'[39m,
        source: [32m'a#alink'[39m
      }
      ping:click {
        target: [32m'http://localhost:8000/test/it/click.test.html?wtr-session-id=ppuR5UMfbq0E5p3Cxcla2#'[39m,
        source: [32m'a#alink'[39m
      }
      ping:click {
        target: [32m'http://localhost:8000/test/it/click.test.html?wtr-session-id=ppuR5UMfbq0E5p3Cxcla2#'[39m,
        source: [32m'a#alink'[39m
      }
      ping:click {
        target: [32m'http://localhost:8000/test/it/click.test.html?wtr-session-id=ppuR5UMfbq0E5p3Cxcla2#'[39m,
        source: [32m'a#alink'[39m
      }
      ping:click {
        target: [32m'http://localhost:8000/test/it/click.test.html?wtr-session-id=ppuR5UMfbq0E5p3Cxcla2#'[39m,
        source: [32m'a#alink'[39m
      }
      ping:click {
        target: [32m'http://localhost:8000/test/it/click.test.html?wtr-session-id=ppuR5UMfbq0E5p3Cxcla2#'[39m,
        source: [32m'a#alink'[39m
      }
      ping:click {
        target: [32m'http://localhost:8000/test/it/click.test.html?wtr-session-id=ppuR5UMfbq0E5p3Cxcla2#'[39m,
        source: [32m'a#alink'[39m
      }
      ping:click {
        target: [32m'http://localhost:8000/test/it/click.test.html?wtr-session-id=ppuR5UMfbq0E5p3Cxcla2#'[39m,
        source: [32m'a#alink'[39m
      }
      ping:click {
        target: [32m'http://localhost:8000/test/it/click.test.html?wtr-session-id=ppuR5UMfbq0E5p3Cxcla2#'[39m,
        source: [32m'a#alink'[39m
      }
      ping:click {
        target: [32m'http://localhost:8000/test/it/click.test.html?wtr-session-id=ppuR5UMfbq0E5p3Cxcla2#'[39m,
        source: [32m'a#alink'[39m
      }
      ping:click {
        target: [32m'http://localhost:8000/test/it/click.test.html?wtr-session-id=ppuR5UMfbq0E5p3Cxcla2#'[39m,
        source: [32m'a#alink'[39m
      }
      ping:click {
        target: [32m'http://localhost:8000/test/it/click.test.html?wtr-session-id=ppuR5UMfbq0E5p3Cxcla2#'[39m,
        source: [32m'a#alink'[39m
      }
      ping:click {
        target: [32m'http://localhost:8000/test/it/click.test.html?wtr-session-id=ppuR5UMfbq0E5p3Cxcla2#'[39m,
        source: [32m'a#alink'[39m
      }
      ping:click {
        target: [32m'http://localhost:8000/test/it/click.test.html?wtr-session-id=ppuR5UMfbq0E5p3Cxcla2#'[39m,
        source: [32m'a#alink'[39m
      }
      ping:click {
        target: [32m'http://localhost:8000/test/it/click.test.html?wtr-session-id=ppuR5UMfbq0E5p3Cxcla2#'[39m,
        source: [32m'a#alink'[39m
      }
      ping:click {
        target: [32m'http://localhost:8000/test/it/click.test.html?wtr-session-id=ppuR5UMfbq0E5p3Cxcla2#'[39m,
        source: [32m'a#alink'[39m
      }
      ping:click {
        target: [32m'http://localhost:8000/test/it/click.test.html?wtr-session-id=ppuR5UMfbq0E5p3Cxcla2#'[39m,
        source: [32m'a#alink'[39m
      }
      ping:click {
        target: [32m'http://localhost:8000/test/it/click.test.html?wtr-session-id=ppuR5UMfbq0E5p3Cxcla2#'[39m,
        source: [32m'a#alink'[39m
      }
      ping:click {
        target: [32m'http://localhost:8000/test/it/click.test.html?wtr-session-id=ppuR5UMfbq0E5p3Cxcla2#'[39m,
        source: [32m'a#alink'[39m
      }
      ping:click {
        target: [32m'http://localhost:8000/test/it/click.test.html?wtr-session-id=ppuR5UMfbq0E5p3Cxcla2#'[39m,
        source: [32m'a#alink'[39m
      }
      ping:click {
        target: [32m'http://localhost:8000/test/it/click.test.html?wtr-session-id=ppuR5UMfbq0E5p3Cxcla2#'[39m,
        source: [32m'a#alink'[39m
      }
      ping:click {
        target: [32m'http://localhost:8000/test/it/click.test.html?wtr-session-id=ppuR5UMfbq0E5p3Cxcla2#'[39m,
        source: [32m'a#alink'[39m
      }
      ping:click {
        target: [32m'http://localhost:8000/test/it/click.test.html?wtr-session-id=ppuR5UMfbq0E5p3Cxcla2#'[39m,
        source: [32m'a#alink'[39m
      }
      ping:click {
        target: [32m'http://localhost:8000/test/it/click.test.html?wtr-session-id=ppuR5UMfbq0E5p3Cxcla2#'[39m,
        source: [32m'a#alink'[39m
      }
      ping:click {
        target: [32m'http://localhost:8000/test/it/click.test.html?wtr-session-id=ppuR5UMfbq0E5p3Cxcla2#'[39m,
        source: [32m'a#alink'[39m
      }
      ping:click {
        target: [32m'http://localhost:8000/test/it/click.test.html?wtr-session-id=ppuR5UMfbq0E5p3Cxcla2#'[39m,
        source: [32m'a#alink'[39m
      }
      ping:click {
        target: [32m'http://localhost:8000/test/it/click.test.html?wtr-session-id=ppuR5UMfbq0E5p3Cxcla2#'[39m,
        source: [32m'a#alink'[39m
      }
      ping:click {
        target: [32m'http://localhost:8000/test/it/click.test.html?wtr-session-id=ppuR5UMfbq0E5p3Cxcla2#'[39m,
        source: [32m'a#alink'[39m
      }
      ping:click {
        target: [32m'http://localhost:8000/test/it/click.test.html?wtr-session-id=ppuR5UMfbq0E5p3Cxcla2#'[39m,
        source: [32m'a#alink'[39m
      }
      ping:click {
        target: [32m'http://localhost:8000/test/it/click.test.html?wtr-session-id=ppuR5UMfbq0E5p3Cxcla2#'[39m,
        source: [32m'a#alink'[39m
      }
      ping:click {
        target: [32m'http://localhost:8000/test/it/click.test.html?wtr-session-id=ppuR5UMfbq0E5p3Cxcla2#'[39m,
        source: [32m'a#alink'[39m
      }
      ping:click {
        target: [32m'http://localhost:8000/test/it/click.test.html?wtr-session-id=ppuR5UMfbq0E5p3Cxcla2#'[39m,
        source: [32m'a#alink'[39m
      }
      ping:click {
        target: [32m'http://localhost:8000/test/it/click.test.html?wtr-session-id=ppuR5UMfbq0E5p3Cxcla2#'[39m,
        source: [32m'a#alink'[39m
      }
      ping:click {
        target: [32m'http://localhost:8000/test/it/click.test.html?wtr-session-id=ppuR5UMfbq0E5p3Cxcla2#'[39m,
        source: [32m'a#alink'[39m
      }
      ping:click {
        target: [32m'http://localhost:8000/test/it/click.test.html?wtr-session-id=ppuR5UMfbq0E5p3Cxcla2#'[39m,
        source: [32m'a#alink'[39m
      }
      ping:click {
        target: [32m'http://localhost:8000/test/it/click.test.html?wtr-session-id=ppuR5UMfbq0E5p3Cxcla2#'[39m,
        source: [32m'a#alink'[39m
      }
      ping:click {
        target: [32m'http://localhost:8000/test/it/click.test.html?wtr-session-id=ppuR5UMfbq0E5p3Cxcla2#'[39m,
        source: [32m'a#alink'[39m
      }
      ping:click {
        target: [32m'http://localhost:8000/test/it/click.test.html?wtr-session-id=ppuR5UMfbq0E5p3Cxcla2#'[39m,
        source: [32m'a#alink'[39m
      }
      ping:click {
        target: [32m'http://localhost:8000/test/it/click.test.html?wtr-session-id=ppuR5UMfbq0E5p3Cxcla2#'[39m,
        source: [32m'a#alink'[39m
      }
      ping:click {
        target: [32m'http://localhost:8000/test/it/click.test.html?wtr-session-id=ppuR5UMfbq0E5p3Cxcla2#'[39m,
        source: [32m'a#alink'[39m
      }
      ping:click {
        target: [32m'http://localhost:8000/test/it/click.test.html?wtr-session-id=ppuR5UMfbq0E5p3Cxcla2#'[39m,
        source: [32m'a#alink'[39m
      }
      ping:click {
        target: [32m'http://localhost:8000/test/it/click.test.html?wtr-session-id=ppuR5UMfbq0E5p3Cxcla2#'[39m,
        source: [32m'a#alink'[39m
      }
      ping:click {
        target: [32m'http://localhost:8000/test/it/click.test.html?wtr-session-id=ppuR5UMfbq0E5p3Cxcla2#'[39m,
        source: [32m'a#alink'[39m
      }
      ping:click {
        target: [32m'http://localhost:8000/test/it/click.test.html?wtr-session-id=ppuR5UMfbq0E5p3Cxcla2#'[39m,
        source: [32m'a#alink'[39m
      }
      ping:click {
        target: [32m'http://localhost:8000/test/it/click.test.html?wtr-session-id=ppuR5UMfbq0E5p3Cxcla2#'[39m,
        source: [32m'a#alink'[39m
      }
      ping:click {
        target: [32m'http://localhost:8000/test/it/click.test.html?wtr-session-id=ppuR5UMfbq0E5p3Cxcla2#'[39m,
        source: [32m'a#alink'[39m
      }
      ping:click {
        target: [32m'http://localhost:8000/test/it/click.test.html?wtr-session-id=ppuR5UMfbq0E5p3Cxcla2#'[39m,
        source: [32m'a#alink'[39m
      }
      ping:click {
        target: [32m'http://localhost:8000/test/it/click.test.html?wtr-session-id=ppuR5UMfbq0E5p3Cxcla2#'[39m,
        source: [32m'a#alink'[39m
      }
      ping:click {
        target: [32m'http://localhost:8000/test/it/click.test.html?wtr-session-id=ppuR5UMfbq0E5p3Cxcla2#'[39m,
        source: [32m'a#alink'[39m
      }
      ping:click {
        target: [32m'http://localhost:8000/test/it/click.test.html?wtr-session-id=ppuR5UMfbq0E5p3Cxcla2#'[39m,
        source: [32m'a#alink'[39m
      }
      ping:click {
        target: [32m'http://localhost:8000/test/it/click.test.html?wtr-session-id=ppuR5UMfbq0E5p3Cxcla2#'[39m,
        source: [32m'a#alink'[39m
      }
      ping:click {
        target: [32m'http://localhost:8000/test/it/click.test.html?wtr-session-id=ppuR5UMfbq0E5p3Cxcla2#'[39m,
        source: [32m'a#alink'[39m
      }
      ping:click {
        target: [32m'http://localhost:8000/test/it/click.test.html?wtr-session-id=ppuR5UMfbq0E5p3Cxcla2#'[39m,
        source: [32m'a#alink'[39m
      }
      ping:click {
        target: [32m'http://localhost:8000/test/it/click.test.html?wtr-session-id=ppuR5UMfbq0E5p3Cxcla2#'[39m,
        source: [32m'a#alink'[39m
      }
      ping:click {
        target: [32m'http://localhost:8000/test/it/click.test.html?wtr-session-id=ppuR5UMfbq0E5p3Cxcla2#'[39m,
        source: [32m'a#alink'[39m
      }
      ping:click {
        target: [32m'http://localhost:8000/test/it/click.test.html?wtr-session-id=ppuR5UMfbq0E5p3Cxcla2#'[39m,
        source: [32m'a#alink'[39m
      }
      ping:click {
        target: [32m'http://localhost:8000/test/it/click.test.html?wtr-session-id=ppuR5UMfbq0E5p3Cxcla2#'[39m,
        source: [32m'a#alink'[39m
      }
      ping:click {
        target: [32m'http://localhost:8000/test/it/click.test.html?wtr-session-id=ppuR5UMfbq0E5p3Cxcla2#'[39m,
        source: [32m'a#alink'[39m
      }
      ping:click {
        target: [32m'http://localhost:8000/test/it/click.test.html?wtr-session-id=ppuR5UMfbq0E5p3Cxcla2#'[39m,
        source: [32m'a#alink'[39m
      }
      ping:click {
        target: [32m'http://localhost:8000/test/it/click.test.html?wtr-session-id=ppuR5UMfbq0E5p3Cxcla2#'[39m,
        source: [32m'a#alink'[39m
      }
      ping:click {
        target: [32m'http://localhost:8000/test/it/click.test.html?wtr-session-id=ppuR5UMfbq0E5p3Cxcla2#'[39m,
        source: [32m'a#alink'[39m
      }
      ping:click {
        target: [32m'http://localhost:8000/test/it/click.test.html?wtr-session-id=ppuR5UMfbq0E5p3Cxcla2#'[39m,
        source: [32m'a#alink'[39m
      }
      ping:click {
        target: [32m'http://localhost:8000/test/it/click.test.html?wtr-session-id=ppuR5UMfbq0E5p3Cxcla2#'[39m,
        source: [32m'a#alink'[39m
      }
      ping:click {
        target: [32m'http://localhost:8000/test/it/click.test.html?wtr-session-id=ppuR5UMfbq0E5p3Cxcla2#'[39m,
        source: [32m'a#alink'[39m
      }
      ping:click {
        target: [32m'http://localhost:8000/test/it/click.test.html?wtr-session-id=ppuR5UMfbq0E5p3Cxcla2#'[39m,
        source: [32m'a#alink'[39m
      }
      ping:click {
        target: [32m'http://localhost:8000/test/it/click.test.html?wtr-session-id=ppuR5UMfbq0E5p3Cxcla2#'[39m,
        source: [32m'a#alink'[39m
      }
      ping:click {
        target: [32m'http://localhost:8000/test/it/click.test.html?wtr-session-id=ppuR5UMfbq0E5p3Cxcla2#'[39m,
        source: [32m'a#alink'[39m
      }
      ping:click {
        target: [32m'http://localhost:8000/test/it/click.test.html?wtr-session-id=ppuR5UMfbq0E5p3Cxcla2#'[39m,
        source: [32m'a#alink'[39m
      }
      ping:click {
        target: [32m'http://localhost:8000/test/it/click.test.html?wtr-session-id=ppuR5UMfbq0E5p3Cxcla2#'[39m,
        source: [32m'a#alink'[39m
      }
      ping:click {
        target: [32m'http://localhost:8000/test/it/click.test.html?wtr-session-id=ppuR5UMfbq0E5p3Cxcla2#'[39m,
        source: [32m'a#alink'[39m
      }
      ping:click {
        target: [32m'http://localhost:8000/test/it/click.test.html?wtr-session-id=ppuR5UMfbq0E5p3Cxcla2#'[39m,
        source: [32m'a#alink'[39m
      }
      ping:click {
        target: [32m'http://localhost:8000/test/it/click.test.html?wtr-session-id=ppuR5UMfbq0E5p3Cxcla2#'[39m,
        source: [32m'a#alink'[39m
      }
      ping:click {
        target: [32m'http://localhost:8000/test/it/click.test.html?wtr-session-id=ppuR5UMfbq0E5p3Cxcla2#'[39m,
        source: [32m'a#alink'[39m
      }
      ping:click {
        target: [32m'http://localhost:8000/test/it/click.test.html?wtr-session-id=ppuR5UMfbq0E5p3Cxcla2#'[39m,
        source: [32m'a#alink'[39m
      }
      ping:click {
        target: [32m'http://localhost:8000/test/it/click.test.html?wtr-session-id=ppuR5UMfbq0E5p3Cxcla2#'[39m,
        source: [32m'a#alink'[39m
      }
      ping:click {
        target: [32m'http://localhost:8000/test/it/click.test.html?wtr-session-id=ppuR5UMfbq0E5p3Cxcla2#'[39m,
        source: [32m'a#alink'[39m
      }
      ping:click {
        target: [32m'http://localhost:8000/test/it/click.test.html?wtr-session-id=ppuR5UMfbq0E5p3Cxcla2#'[39m,
        source: [32m'a#alink'[39m
      }
      ping:click {
        target: [32m'http://localhost:8000/test/it/click.test.html?wtr-session-id=ppuR5UMfbq0E5p3Cxcla2#'[39m,
        source: [32m'a#alink'[39m
      }
      ping:click {
        target: [32m'http://localhost:8000/test/it/click.test.html?wtr-session-id=ppuR5UMfbq0E5p3Cxcla2#'[39m,
        source: [32m'a#alink'[39m
      }
      ping:click {
        target: [32m'http://localhost:8000/test/it/click.test.html?wtr-session-id=ppuR5UMfbq0E5p3Cxcla2#'[39m,
        source: [32m'a#alink'[39m
      }
      ping:click {
        target: [32m'http://localhost:8000/test/it/click.test.html?wtr-session-id=ppuR5UMfbq0E5p3Cxcla2#'[39m,
        source: [32m'a#alink'[39m
      }
      ping:click {
        target: [32m'http://localhost:8000/test/it/click.test.html?wtr-session-id=ppuR5UMfbq0E5p3Cxcla2#'[39m,
        source: [32m'a#alink'[39m
      }
      ping:click {
        target: [32m'http://localhost:8000/test/it/click.test.html?wtr-session-id=ppuR5UMfbq0E5p3Cxcla2#'[39m,
        source: [32m'a#alink'[39m
      }
      ping:click {
        target: [32m'http://localhost:8000/test/it/click.test.html?wtr-session-id=ppuR5UMfbq0E5p3Cxcla2#'[39m,
        source: [32m'a#alink'[39m
      }
      ping:click {
        target: [32m'http://localhost:8000/test/it/click.test.html?wtr-session-id=ppuR5UMfbq0E5p3Cxcla2#'[39m,
        source: [32m'a#alink'[39m
      }
      ping:click {
        target: [32m'http://localhost:8000/test/it/click.test.html?wtr-session-id=ppuR5UMfbq0E5p3Cxcla2#'[39m,
        source: [32m'a#alink'[39m
      }
      ping:click {
        target: [32m'http://localhost:8000/test/it/click.test.html?wtr-session-id=ppuR5UMfbq0E5p3Cxcla2#'[39m,
        source: [32m'a#alink'[39m
      }
      ping:click {
        target: [32m'http://localhost:8000/test/it/click.test.html?wtr-session-id=ppuR5UMfbq0E5p3Cxcla2#'[39m,
        source: [32m'a#alink'[39m
      }
      ping:click {
        target: [32m'http://localhost:8000/test/it/click.test.html?wtr-session-id=ppuR5UMfbq0E5p3Cxcla2#'[39m,
        source: [32m'a#alink'[39m
      }
      ping:click {
        target: [32m'http://localhost:8000/test/it/click.test.html?wtr-session-id=ppuR5UMfbq0E5p3Cxcla2#'[39m,
        source: [32m'a#alink'[39m
      }
      ping:click {
        target: [32m'http://localhost:8000/test/it/click.test.html?wtr-session-id=ppuR5UMfbq0E5p3Cxcla2#'[39m,
        source: [32m'a#alink'[39m
      }
      ping:click {
        target: [32m'http://localhost:8000/test/it/click.test.html?wtr-session-id=ppuR5UMfbq0E5p3Cxcla2#'[39m,
        source: [32m'a#alink'[39m
      }
      ping:click {
        target: [32m'http://localhost:8000/test/it/click.test.html?wtr-session-id=ppuR5UMfbq0E5p3Cxcla2#'[39m,
        source: [32m'a#alink'[39m
      }
      ping:click {
        target: [32m'http://localhost:8000/test/it/click.test.html?wtr-session-id=ppuR5UMfbq0E5p3Cxcla2#'[39m,
        source: [32m'a#alink'[39m
      }
      ping:click {
        target: [32m'http://localhost:8000/test/it/click.test.html?wtr-session-id=ppuR5UMfbq0E5p3Cxcla2#'[39m,
        source: [32m'a#alink'[39m
      }
      ping:click {
        target: [32m'http://localhost:8000/test/it/click.test.html?wtr-session-id=ppuR5UMfbq0E5p3Cxcla2#'[39m,
        source: [32m'a#alink'[39m
      }
      ping:click {
        target: [32m'http://localhost:8000/test/it/click.test.html?wtr-session-id=ppuR5UMfbq0E5p3Cxcla2#'[39m,
        source: [32m'a#alink'[39m
      }
      ping:click {
        target: [32m'http://localhost:8000/test/it/click.test.html?wtr-session-id=ppuR5UMfbq0E5p3Cxcla2#'[39m,
        source: [32m'a#alink'[39m
      }
      ping:click {
        target: [32m'http://localhost:8000/test/it/click.test.html?wtr-session-id=ppuR5UMfbq0E5p3Cxcla2#'[39m,
        source: [32m'a#alink'[39m
      }
      ping:click {
        target: [32m'http://localhost:8000/test/it/click.test.html?wtr-session-id=ppuR5UMfbq0E5p3Cxcla2#'[39m,
        source: [32m'a#alink'[39m
      }
      ping:click {
        target: [32m'http://localhost:8000/test/it/click.test.html?wtr-session-id=ppuR5UMfbq0E5p3Cxcla2#'[39m,
        source: [32m'a#alink'[39m
      }
      ping:click {
        target: [32m'http://localhost:8000/test/it/click.test.html?wtr-session-id=ppuR5UMfbq0E5p3Cxcla2#'[39m,
        source: [32m'a#alink'[39m
      }
      ping:click {
        target: [32m'http://localhost:8000/test/it/click.test.html?wtr-session-id=ppuR5UMfbq0E5p3Cxcla2#'[39m,
        source: [32m'a#alink'[39m
      }
      ping:click {
        target: [32m'http://localhost:8000/test/it/click.test.html?wtr-session-id=ppuR5UMfbq0E5p3Cxcla2#'[39m,
        source: [32m'a#alink'[39m
      }
      ping:click {
        target: [32m'http://localhost:8000/test/it/click.test.html?wtr-session-id=ppuR5UMfbq0E5p3Cxcla2#'[39m,
        source: [32m'a#alink'[39m
      }
      ping:click {
        target: [32m'http://localhost:8000/test/it/click.test.html?wtr-session-id=ppuR5UMfbq0E5p3Cxcla2#'[39m,
        source: [32m'a#alink'[39m
      }
      ping:click {
        target: [32m'http://localhost:8000/test/it/click.test.html?wtr-session-id=ppuR5UMfbq0E5p3Cxcla2#'[39m,
        source: [32m'a#alink'[39m
      }
      ping:click {
        target: [32m'http://localhost:8000/test/it/click.test.html?wtr-session-id=ppuR5UMfbq0E5p3Cxcla2#'[39m,
        source: [32m'a#alink'[39m
      }
      ping:click {
        target: [32m'http://localhost:8000/test/it/click.test.html?wtr-session-id=ppuR5UMfbq0E5p3Cxcla2#'[39m,
        source: [32m'a#alink'[39m
      }
      ping:click {
        target: [32m'http://localhost:8000/test/it/click.test.html?wtr-session-id=ppuR5UMfbq0E5p3Cxcla2#'[39m,
        source: [32m'a#alink'[39m
      }
      ping:click {
        target: [32m'http://localhost:8000/test/it/click.test.html?wtr-session-id=ppuR5UMfbq0E5p3Cxcla2#'[39m,
        source: [32m'a#alink'[39m
      }
      ping:click {
        target: [32m'http://localhost:8000/test/it/click.test.html?wtr-session-id=ppuR5UMfbq0E5p3Cxcla2#'[39m,
        source: [32m'a#alink'[39m
      }
      ping:click {
        target: [32m'http://localhost:8000/test/it/click.test.html?wtr-session-id=ppuR5UMfbq0E5p3Cxcla2#'[39m,
        source: [32m'a#alink'[39m
      }
      ping:click {
        target: [32m'http://localhost:8000/test/it/click.test.html?wtr-session-id=ppuR5UMfbq0E5p3Cxcla2#'[39m,
        source: [32m'a#alink'[39m
      }
      ping:click {
        target: [32m'http://localhost:8000/test/it/click.test.html?wtr-session-id=ppuR5UMfbq0E5p3Cxcla2#'[39m,
        source: [32m'a#alink'[39m
      }
      ping:click {
        target: [32m'http://localhost:8000/test/it/click.test.html?wtr-session-id=ppuR5UMfbq0E5p3Cxcla2#'[39m,
        source: [32m'a#alink'[39m
      }
      ping:click {
        target: [32m'http://localhost:8000/test/it/click.test.html?wtr-session-id=ppuR5UMfbq0E5p3Cxcla2#'[39m,
        source: [32m'a#alink'[39m
      }
      ping:click {
        target: [32m'http://localhost:8000/test/it/click.test.html?wtr-session-id=ppuR5UMfbq0E5p3Cxcla2#'[39m,
        source: [32m'a#alink'[39m
      }
      ping:click {
        target: [32m'http://localhost:8000/test/it/click.test.html?wtr-session-id=ppuR5UMfbq0E5p3Cxcla2#'[39m,
        source: [32m'a#alink'[39m
      }
      ping:click {
        target: [32m'http://localhost:8000/test/it/click.test.html?wtr-session-id=ppuR5UMfbq0E5p3Cxcla2#'[39m,
        source: [32m'a#alink'[39m
      }
      ping:click {
        target: [32m'http://localhost:8000/test/it/click.test.html?wtr-session-id=ppuR5UMfbq0E5p3Cxcla2#'[39m,
        source: [32m'a#alink'[39m
      }
      ping:click {
        target: [32m'http://localhost:8000/test/it/click.test.html?wtr-session-id=ppuR5UMfbq0E5p3Cxcla2#'[39m,
        source: [32m'a#alink'[39m
      }
      ping:click {
        target: [32m'http://localhost:8000/test/it/click.test.html?wtr-session-id=ppuR5UMfbq0E5p3Cxcla2#'[39m,
        source: [32m'a#alink'[39m
      }
      ping:click {
        target: [32m'http://localhost:8000/test/it/click.test.html?wtr-session-id=ppuR5UMfbq0E5p3Cxcla2#'[39m,
        source: [32m'a#alink'[39m
      }
      ping:click {
        target: [32m'http://localhost:8000/test/it/click.test.html?wtr-session-id=ppuR5UMfbq0E5p3Cxcla2#'[39m,
        source: [32m'a#alink'[39m
      }
      ping:click {
        target: [32m'http://localhost:8000/test/it/click.test.html?wtr-session-id=ppuR5UMfbq0E5p3Cxcla2#'[39m,
        source: [32m'a#alink'[39m
      }
      ping:click {
        target: [32m'http://localhost:8000/test/it/click.test.html?wtr-session-id=ppuR5UMfbq0E5p3Cxcla2#'[39m,
        source: [32m'a#alink'[39m
      }
      ping:click {
        target: [32m'http://localhost:8000/test/it/click.test.html?wtr-session-id=ppuR5UMfbq0E5p3Cxcla2#'[39m,
        source: [32m'a#alink'[39m
      }
      ping:click {
        target: [32m'http://localhost:8000/test/it/click.test.html?wtr-session-id=ppuR5UMfbq0E5p3Cxcla2#'[39m,
        source: [32m'a#alink'[39m
      }
      ping:click {
        target: [32m'http://localhost:8000/test/it/click.test.html?wtr-session-id=ppuR5UMfbq0E5p3Cxcla2#'[39m,
        source: [32m'a#alink'[39m
      }
      ping:click {
        target: [32m'http://localhost:8000/test/it/click.test.html?wtr-session-id=ppuR5UMfbq0E5p3Cxcla2#'[39m,
        source: [32m'a#alink'[39m
      }
      ping:click {
        target: [32m'http://localhost:8000/test/it/click.test.html?wtr-session-id=ppuR5UMfbq0E5p3Cxcla2#'[39m,
        source: [32m'a#alink'[39m
      }
      ping:click {
        target: [32m'http://localhost:8000/test/it/click.test.html?wtr-session-id=ppuR5UMfbq0E5p3Cxcla2#'[39m,
        source: [32m'a#alink'[39m
      }
      ping:click {
        target: [32m'http://localhost:8000/test/it/click.test.html?wtr-session-id=ppuR5UMfbq0E5p3Cxcla2#'[39m,
        source: [32m'a#alink'[39m
      }
      ping:click {
        target: [32m'http://localhost:8000/test/it/click.test.html?wtr-session-id=ppuR5UMfbq0E5p3Cxcla2#'[39m,
        source: [32m'a#alink'[39m
      }
      ping:click {
        target: [32m'http://localhost:8000/test/it/click.test.html?wtr-session-id=ppuR5UMfbq0E5p3Cxcla2#'[39m,
        source: [32m'a#alink'[39m
      }
      ping:click {
        target: [32m'http://localhost:8000/test/it/click.test.html?wtr-session-id=ppuR5UMfbq0E5p3Cxcla2#'[39m,
        source: [32m'a#alink'[39m
      }
      ping:click {
        target: [32m'http://localhost:8000/test/it/click.test.html?wtr-session-id=ppuR5UMfbq0E5p3Cxcla2#'[39m,
        source: [32m'a#alink'[39m
      }
      ping:click {
        target: [32m'http://localhost:8000/test/it/click.test.html?wtr-session-id=ppuR5UMfbq0E5p3Cxcla2#'[39m,
        source: [32m'a#alink'[39m
      }
      ping:click {
        target: [32m'http://localhost:8000/test/it/click.test.html?wtr-session-id=ppuR5UMfbq0E5p3Cxcla2#'[39m,
        source: [32m'a#alink'[39m
      }
      ping:click {
        target: [32m'http://localhost:8000/test/it/click.test.html?wtr-session-id=ppuR5UMfbq0E5p3Cxcla2#'[39m,
        source: [32m'a#alink'[39m
      }
      ping:click {
        target: [32m'http://localhost:8000/test/it/click.test.html?wtr-session-id=ppuR5UMfbq0E5p3Cxcla2#'[39m,
        source: [32m'a#alink'[39m
      }
      ping:click {
        target: [32m'http://localhost:8000/test/it/click.test.html?wtr-session-id=ppuR5UMfbq0E5p3Cxcla2#'[39m,
        source: [32m'a#alink'[39m
      }
      ping:click {
        target: [32m'http://localhost:8000/test/it/click.test.html?wtr-session-id=ppuR5UMfbq0E5p3Cxcla2#'[39m,
        source: [32m'a#alink'[39m
      }
      ping:click {
        target: [32m'http://localhost:8000/test/it/click.test.html?wtr-session-id=ppuR5UMfbq0E5p3Cxcla2#'[39m,
        source: [32m'a#alink'[39m
      }
      ping:click {
        target: [32m'http://localhost:8000/test/it/click.test.html?wtr-session-id=ppuR5UMfbq0E5p3Cxcla2#'[39m,
        source: [32m'a#alink'[39m
      }
      ping:click {
        target: [32m'http://localhost:8000/test/it/click.test.html?wtr-session-id=ppuR5UMfbq0E5p3Cxcla2#'[39m,
        source: [32m'a#alink'[39m
      }
      ping:click {
        target: [32m'http://localhost:8000/test/it/click.test.html?wtr-session-id=ppuR5UMfbq0E5p3Cxcla2#'[39m,
        source: [32m'a#alink'[39m
      }
      ping:click {
        target: [32m'http://localhost:8000/test/it/click.test.html?wtr-session-id=ppuR5UMfbq0E5p3Cxcla2#'[39m,
        source: [32m'a#alink'[39m
      }
      ping:click {
        target: [32m'http://localhost:8000/test/it/click.test.html?wtr-session-id=ppuR5UMfbq0E5p3Cxcla2#'[39m,
        source: [32m'a#alink'[39m
      }
      ping:click {
        target: [32m'http://localhost:8000/test/it/click.test.html?wtr-session-id=ppuR5UMfbq0E5p3Cxcla2#'[39m,
        source: [32m'a#alink'[39m
      }
      ping:click {
        target: [32m'http://localhost:8000/test/it/click.test.html?wtr-session-id=ppuR5UMfbq0E5p3Cxcla2#'[39m,
        source: [32m'a#alink'[39m
      }
      ping:click {
        target: [32m'http://localhost:8000/test/it/click.test.html?wtr-session-id=ppuR5UMfbq0E5p3Cxcla2#'[39m,
        source: [32m'a#alink'[39m
      }
      ping:click {
        target: [32m'http://localhost:8000/test/it/click.test.html?wtr-session-id=ppuR5UMfbq0E5p3Cxcla2#'[39m,
        source: [32m'a#alink'[39m
      }
      ping:click {
        target: [32m'http://localhost:8000/test/it/click.test.html?wtr-session-id=ppuR5UMfbq0E5p3Cxcla2#'[39m,
        source: [32m'a#alink'[39m
      }
      ping:click {
        target: [32m'http://localhost:8000/test/it/click.test.html?wtr-session-id=ppuR5UMfbq0E5p3Cxcla2#'[39m,
        source: [32m'a#alink'[39m
      }
      ping:click {
        target: [32m'http://localhost:8000/test/it/click.test.html?wtr-session-id=ppuR5UMfbq0E5p3Cxcla2#'[39m,
        source: [32m'a#alink'[39m
      }
      ping:click {
        target: [32m'http://localhost:8000/test/it/click.test.html?wtr-session-id=ppuR5UMfbq0E5p3Cxcla2#'[39m,
        source: [32m'a#alink'[39m
      }
      ping:click {
        target: [32m'http://localhost:8000/test/it/click.test.html?wtr-session-id=ppuR5UMfbq0E5p3Cxcla2#'[39m,
        source: [32m'a#alink'[39m
      }
      ping:click {
        target: [32m'http://localhost:8000/test/it/click.test.html?wtr-session-id=ppuR5UMfbq0E5p3Cxcla2#'[39m,
        source: [32m'a#alink'[39m
      }
      ping:click {
        target: [32m'http://localhost:8000/test/it/click.test.html?wtr-session-id=ppuR5UMfbq0E5p3Cxcla2#'[39m,
        source: [32m'a#alink'[39m
      }
      ping:click {
        target: [32m'http://localhost:8000/test/it/click.test.html?wtr-session-id=ppuR5UMfbq0E5p3Cxcla2#'[39m,
        source: [32m'a#alink'[39m
      }
      ping:click {
        target: [32m'http://localhost:8000/test/it/click.test.html?wtr-session-id=ppuR5UMfbq0E5p3Cxcla2#'[39m,
        source: [32m'a#alink'[39m
      }
      ping:click {
        target: [32m'http://localhost:8000/test/it/click.test.html?wtr-session-id=ppuR5UMfbq0E5p3Cxcla2#'[39m,
        source: [32m'a#alink'[39m
      }
      ping:click {
        target: [32m'http://localhost:8000/test/it/click.test.html?wtr-session-id=ppuR5UMfbq0E5p3Cxcla2#'[39m,
        source: [32m'a#alink'[39m
      }
      ping:click {
        target: [32m'http://localhost:8000/test/it/click.test.html?wtr-session-id=ppuR5UMfbq0E5p3Cxcla2#'[39m,
        source: [32m'a#alink'[39m
      }
      ping:click {
        target: [32m'http://localhost:8000/test/it/click.test.html?wtr-session-id=ppuR5UMfbq0E5p3Cxcla2#'[39m,
        source: [32m'a#alink'[39m
      }
      ping:click {
        target: [32m'http://localhost:8000/test/it/click.test.html?wtr-session-id=ppuR5UMfbq0E5p3Cxcla2#'[39m,
        source: [32m'a#alink'[39m
      }
      ping:click {
        target: [32m'http://localhost:8000/test/it/click.test.html?wtr-session-id=ppuR5UMfbq0E5p3Cxcla2#'[39m,
        source: [32m'a#alink'[39m
      }
      ping:click {
        target: [32m'http://localhost:8000/test/it/click.test.html?wtr-session-id=ppuR5UMfbq0E5p3Cxcla2#'[39m,
        source: [32m'a#alink'[39m
      }
      ping:click {
        target: [32m'http://localhost:8000/test/it/click.test.html?wtr-session-id=ppuR5UMfbq0E5p3Cxcla2#'[39m,
        source: [32m'a#alink'[39m
      }
      ping:click {
        target: [32m'http://localhost:8000/test/it/click.test.html?wtr-session-id=ppuR5UMfbq0E5p3Cxcla2#'[39m,
        source: [32m'a#alink'[39m
      }
      ping:click {
        target: [32m'http://localhost:8000/test/it/click.test.html?wtr-session-id=ppuR5UMfbq0E5p3Cxcla2#'[39m,
        source: [32m'a#alink'[39m
      }
      ping:click {
        target: [32m'http://localhost:8000/test/it/click.test.html?wtr-session-id=ppuR5UMfbq0E5p3Cxcla2#'[39m,
        source: [32m'a#alink'[39m
      }
      ping:click {
        target: [32m'http://localhost:8000/test/it/click.test.html?wtr-session-id=ppuR5UMfbq0E5p3Cxcla2#'[39m,
        source: [32m'a#alink'[39m
      }
      ping:click {
        target: [32m'http://localhost:8000/test/it/click.test.html?wtr-session-id=ppuR5UMfbq0E5p3Cxcla2#'[39m,
        source: [32m'a#alink'[39m
      }
      ping:click {
        target: [32m'http://localhost:8000/test/it/click.test.html?wtr-session-id=ppuR5UMfbq0E5p3Cxcla2#'[39m,
        source: [32m'a#alink'[39m
      }
      ping:click {
        target: [32m'http://localhost:8000/test/it/click.test.html?wtr-session-id=ppuR5UMfbq0E5p3Cxcla2#'[39m,
        source: [32m'a#alink'[39m
      }
      ping:click {
        target: [32m'http://localhost:8000/test/it/click.test.html?wtr-session-id=ppuR5UMfbq0E5p3Cxcla2#'[39m,
        source: [32m'a#alink'[39m
      }
      ping:click {
        target: [32m'http://localhost:8000/test/it/click.test.html?wtr-session-id=ppuR5UMfbq0E5p3Cxcla2#'[39m,
        source: [32m'a#alink'[39m
      }
      ping:click {
        target: [32m'http://localhost:8000/test/it/click.test.html?wtr-session-id=ppuR5UMfbq0E5p3Cxcla2#'[39m,
        source: [32m'a#alink'[39m
      }
      ping:click {
        target: [32m'http://localhost:8000/test/it/click.test.html?wtr-session-id=ppuR5UMfbq0E5p3Cxcla2#'[39m,
        source: [32m'a#alink'[39m
      }
      ping:click {
        target: [32m'http://localhost:8000/test/it/click.test.html?wtr-session-id=ppuR5UMfbq0E5p3Cxcla2#'[39m,
        source: [32m'a#alink'[39m
      }
      ping:click {
        target: [32m'http://localhost:8000/test/it/click.test.html?wtr-session-id=ppuR5UMfbq0E5p3Cxcla2#'[39m,
        source: [32m'a#alink'[39m
      }
      ping:click {
        target: [32m'http://localhost:8000/test/it/click.test.html?wtr-session-id=ppuR5UMfbq0E5p3Cxcla2#'[39m,
        source: [32m'a#alink'[39m
      }
      ping:click {
        target: [32m'http://localhost:8000/test/it/click.test.html?wtr-session-id=ppuR5UMfbq0E5p3Cxcla2#'[39m,
        source: [32m'a#alink'[39m
      }
      ping:click {
        target: [32m'http://localhost:8000/test/it/click.test.html?wtr-session-id=ppuR5UMfbq0E5p3Cxcla2#'[39m,
        source: [32m'a#alink'[39m
      }
      ping:click {
        target: [32m'http://localhost:8000/test/it/click.test.html?wtr-session-id=ppuR5UMfbq0E5p3Cxcla2#'[39m,
        source: [32m'a#alink'[39m
      }
      ping:click {
        target: [32m'http://localhost:8000/test/it/click.test.html?wtr-session-id=ppuR5UMfbq0E5p3Cxcla2#'[39m,
        source: [32m'a#alink'[39m
      }
      ping:click {
        target: [32m'http://localhost:8000/test/it/click.test.html?wtr-session-id=ppuR5UMfbq0E5p3Cxcla2#'[39m,
        source: [32m'a#alink'[39m
      }
      ping:click {
        target: [32m'http://localhost:8000/test/it/click.test.html?wtr-session-id=ppuR5UMfbq0E5p3Cxcla2#'[39m,
        source: [32m'a#alink'[39m
      }
      ping:click {
        target: [32m'http://localhost:8000/test/it/click.test.html?wtr-session-id=ppuR5UMfbq0E5p3Cxcla2#'[39m,
        source: [32m'a#alink'[39m
      }
      ping:click {
        target: [32m'http://localhost:8000/test/it/click.test.html?wtr-session-id=ppuR5UMfbq0E5p3Cxcla2#'[39m,
        source: [32m'a#alink'[39m
      }
      ping:click {
        target: [32m'http://localhost:8000/test/it/click.test.html?wtr-session-id=ppuR5UMfbq0E5p3Cxcla2#'[39m,
        source: [32m'a#alink'[39m
      }
      ping:click {
        target: [32m'http://localhost:8000/test/it/click.test.html?wtr-session-id=ppuR5UMfbq0E5p3Cxcla2#'[39m,
        source: [32m'a#alink'[39m
      }
      ping:click {
        target: [32m'http://localhost:8000/test/it/click.test.html?wtr-session-id=ppuR5UMfbq0E5p3Cxcla2#'[39m,
        source: [32m'a#alink'[39m
      }
      ping:click {
        target: [32m'http://localhost:8000/test/it/click.test.html?wtr-session-id=ppuR5UMfbq0E5p3Cxcla2#'[39m,
        source: [32m'a#alink'[39m
      }
      ping:click {
        target: [32m'http://localhost:8000/test/it/click.test.html?wtr-session-id=ppuR5UMfbq0E5p3Cxcla2#'[39m,
        source: [32m'a#alink'[39m
      }
      ping:click {
        target: [32m'http://localhost:8000/test/it/click.test.html?wtr-session-id=ppuR5UMfbq0E5p3Cxcla2#'[39m,
        source: [32m'a#alink'[39m
      }
      ping:click {
        target: [32m'http://localhost:8000/test/it/click.test.html?wtr-session-id=ppuR5UMfbq0E5p3Cxcla2#'[39m,
        source: [32m'a#alink'[39m
      }
      ping:click {
        target: [32m'http://localhost:8000/test/it/click.test.html?wtr-session-id=ppuR5UMfbq0E5p3Cxcla2#'[39m,
        source: [32m'a#alink'[39m
      }
      ping:click {
        target: [32m'http://localhost:8000/test/it/click.test.html?wtr-session-id=ppuR5UMfbq0E5p3Cxcla2#'[39m,
        source: [32m'a#alink'[39m
      }
      ping:click {
        target: [32m'http://localhost:8000/test/it/click.test.html?wtr-session-id=ppuR5UMfbq0E5p3Cxcla2#'[39m,
        source: [32m'a#alink'[39m
      }
      ping:click {
        target: [32m'http://localhost:8000/test/it/click.test.html?wtr-session-id=ppuR5UMfbq0E5p3Cxcla2#'[39m,
        source: [32m'a#alink'[39m
      }
      ping:click {
        target: [32m'http://localhost:8000/test/it/click.test.html?wtr-session-id=ppuR5UMfbq0E5p3Cxcla2#'[39m,
        source: [32m'a#alink'[39m
      }
      ping:click {
        target: [32m'http://localhost:8000/test/it/click.test.html?wtr-session-id=ppuR5UMfbq0E5p3Cxcla2#'[39m,
        source: [32m'a#alink'[39m
      }
      ping:click {
        target: [32m'http://localhost:8000/test/it/click.test.html?wtr-session-id=ppuR5UMfbq0E5p3Cxcla2#'[39m,
        source: [32m'a#alink'[39m
      }
      ping:click {
        target: [32m'http://localhost:8000/test/it/click.test.html?wtr-session-id=ppuR5UMfbq0E5p3Cxcla2#'[39m,
        source: [32m'a#alink'[39m
      }
      ping:click {
        target: [32m'http://localhost:8000/test/it/click.test.html?wtr-session-id=ppuR5UMfbq0E5p3Cxcla2#'[39m,
        source: [32m'a#alink'[39m
      }
      ping:click {
        target: [32m'http://localhost:8000/test/it/click.test.html?wtr-session-id=ppuR5UMfbq0E5p3Cxcla2#'[39m,
        source: [32m'a#alink'[39m
      }
      ping:click {
        target: [32m'http://localhost:8000/test/it/click.test.html?wtr-session-id=ppuR5UMfbq0E5p3Cxcla2#'[39m,
        source: [32m'a#alink'[39m
      }
      ping:click {
        target: [32m'http://localhost:8000/test/it/click.test.html?wtr-session-id=ppuR5UMfbq0E5p3Cxcla2#'[39m,
        source: [32m'a#alink'[39m
      }
      ping:click {
        target: [32m'http://localhost:8000/test/it/click.test.html?wtr-session-id=ppuR5UMfbq0E5p3Cxcla2#'[39m,
        source: [32m'a#alink'[39m
      }
      ping:click {
        target: [32m'http://localhost:8000/test/it/click.test.html?wtr-session-id=ppuR5UMfbq0E5p3Cxcla2#'[39m,
        source: [32m'a#alink'[39m
      }
      ping:click {
        target: [32m'http://localhost:8000/test/it/click.test.html?wtr-session-id=ppuR5UMfbq0E5p3Cxcla2#'[39m,
        source: [32m'a#alink'[39m
      }
      ping:click {
        target: [32m'http://localhost:8000/test/it/click.test.html?wtr-session-id=ppuR5UMfbq0E5p3Cxcla2#'[39m,
        source: [32m'a#alink'[39m
      }
      ping:click {
        target: [32m'http://localhost:8000/test/it/click.test.html?wtr-session-id=ppuR5UMfbq0E5p3Cxcla2#'[39m,
        source: [32m'a#alink'[39m
      }
      ping:click {
        target: [32m'http://localhost:8000/test/it/click.test.html?wtr-session-id=ppuR5UMfbq0E5p3Cxcla2#'[39m,
        source: [32m'a#alink'[39m
      }
      ping:click {
        target: [32m'http://localhost:8000/test/it/click.test.html?wtr-session-id=ppuR5UMfbq0E5p3Cxcla2#'[39m,
        source: [32m'a#alink'[39m
      }
      ping:click {
        target: [32m'http://localhost:8000/test/it/click.test.html?wtr-session-id=ppuR5UMfbq0E5p3Cxcla2#'[39m,
        source: [32m'a#alink'[39m
      }
      ping:click {
        target: [32m'http://localhost:8000/test/it/click.test.html?wtr-session-id=ppuR5UMfbq0E5p3Cxcla2#'[39m,
        source: [32m'a#alink'[39m
      }
      ping:click {
        target: [32m'http://localhost:8000/test/it/click.test.html?wtr-session-id=ppuR5UMfbq0E5p3Cxcla2#'[39m,
        source: [32m'a#alink'[39m
      }
      ping:click {
        target: [32m'http://localhost:8000/test/it/click.test.html?wtr-session-id=ppuR5UMfbq0E5p3Cxcla2#'[39m,
        source: [32m'a#alink'[39m
      }
      ping:click {
        target: [32m'http://localhost:8000/test/it/click.test.html?wtr-session-id=ppuR5UMfbq0E5p3Cxcla2#'[39m,
        source: [32m'a#alink'[39m
      }
      ping:click {
        target: [32m'http://localhost:8000/test/it/click.test.html?wtr-session-id=ppuR5UMfbq0E5p3Cxcla2#'[39m,
        source: [32m'a#alink'[39m
      }
      ping:click {
        target: [32m'http://localhost:8000/test/it/click.test.html?wtr-session-id=ppuR5UMfbq0E5p3Cxcla2#'[39m,
        source: [32m'a#alink'[39m
      }
      ping:click {
        target: [32m'http://localhost:8000/test/it/click.test.html?wtr-session-id=ppuR5UMfbq0E5p3Cxcla2#'[39m,
        source: [32m'a#alink'[39m
      }
      ping:click {
        target: [32m'http://localhost:8000/test/it/click.test.html?wtr-session-id=ppuR5UMfbq0E5p3Cxcla2#'[39m,
        source: [32m'a#alink'[39m
      }
      ping:click {
        target: [32m'http://localhost:8000/test/it/click.test.html?wtr-session-id=ppuR5UMfbq0E5p3Cxcla2#'[39m,
        source: [32m'a#alink'[39m
      }
      ping:click {
        target: [32m'http://localhost:8000/test/it/click.test.html?wtr-session-id=ppuR5UMfbq0E5p3Cxcla2#'[39m,
        source: [32m'a#alink'[39m
      }
      ping:click {
        target: [32m'http://localhost:8000/test/it/click.test.html?wtr-session-id=ppuR5UMfbq0E5p3Cxcla2#'[39m,
        source: [32m'a#alink'[39m
      }
      ping:click {
        target: [32m'http://localhost:8000/test/it/click.test.html?wtr-session-id=ppuR5UMfbq0E5p3Cxcla2#'[39m,
        source: [32m'a#alink'[39m
      }
      ping:click {
        target: [32m'http://localhost:8000/test/it/click.test.html?wtr-session-id=ppuR5UMfbq0E5p3Cxcla2#'[39m,
        source: [32m'a#alink'[39m
      }
      ping:click {
        target: [32m'http://localhost:8000/test/it/click.test.html?wtr-session-id=ppuR5UMfbq0E5p3Cxcla2#'[39m,
        source: [32m'a#alink'[39m
      }
      ping:click {
        target: [32m'http://localhost:8000/test/it/click.test.html?wtr-session-id=ppuR5UMfbq0E5p3Cxcla2#'[39m,
        source: [32m'a#alink'[39m
      }
      ping:click {
        target: [32m'http://localhost:8000/test/it/click.test.html?wtr-session-id=ppuR5UMfbq0E5p3Cxcla2#'[39m,
        source: [32m'a#alink'[39m
      }
      ping:click {
        target: [32m'http://localhost:8000/test/it/click.test.html?wtr-session-id=ppuR5UMfbq0E5p3Cxcla2#'[39m,
        source: [32m'a#alink'[39m
      }
      ping:click {
        target: [32m'http://localhost:8000/test/it/click.test.html?wtr-session-id=ppuR5UMfbq0E5p3Cxcla2#'[39m,
        source: [32m'a#alink'[39m
      }
      ping:click {
        target: [32m'http://localhost:8000/test/it/click.test.html?wtr-session-id=ppuR5UMfbq0E5p3Cxcla2#'[39m,
        source: [32m'a#alink'[39m
      }
      ping:click {
        target: [32m'http://localhost:8000/test/it/click.test.html?wtr-session-id=ppuR5UMfbq0E5p3Cxcla2#'[39m,
        source: [32m'a#alink'[39m
      }
      ping:click {
        target: [32m'http://localhost:8000/test/it/click.test.html?wtr-session-id=ppuR5UMfbq0E5p3Cxcla2#'[39m,
        source: [32m'a#alink'[39m
      }
      ping:click {
        target: [32m'http://localhost:8000/test/it/click.test.html?wtr-session-id=ppuR5UMfbq0E5p3Cxcla2#'[39m,
        source: [32m'a#alink'[39m
      }
      ping:click {
        target: [32m'http://localhost:8000/test/it/click.test.html?wtr-session-id=ppuR5UMfbq0E5p3Cxcla2#'[39m,
        source: [32m'a#alink'[39m
      }
      ping:click {
        target: [32m'http://localhost:8000/test/it/click.test.html?wtr-session-id=ppuR5UMfbq0E5p3Cxcla2#'[39m,
        source: [32m'a#alink'[39m
      }
      ping:click {
        target: [32m'http://localhost:8000/test/it/click.test.html?wtr-session-id=ppuR5UMfbq0E5p3Cxcla2#'[39m,
        source: [32m'a#alink'[39m
      }
      ping:click {
        target: [32m'http://localhost:8000/test/it/click.test.html?wtr-session-id=ppuR5UMfbq0E5p3Cxcla2#'[39m,
        source: [32m'a#alink'[39m
      }
      ping:click {
        target: [32m'http://localhost:8000/test/it/click.test.html?wtr-session-id=ppuR5UMfbq0E5p3Cxcla2#'[39m,
        source: [32m'a#alink'[39m
      }
      ping:click {
        target: [32m'http://localhost:8000/test/it/click.test.html?wtr-session-id=ppuR5UMfbq0E5p3Cxcla2#'[39m,
        source: [32m'a#alink'[39m
      }
      ping:click {
        target: [32m'http://localhost:8000/test/it/click.test.html?wtr-session-id=ppuR5UMfbq0E5p3Cxcla2#'[39m,
        source: [32m'a#alink'[39m
      }
      ping:click {
        target: [32m'http://localhost:8000/test/it/click.test.html?wtr-session-id=ppuR5UMfbq0E5p3Cxcla2#'[39m,
        source: [32m'a#alink'[39m
      }
      ping:click {
        target: [32m'http://localhost:8000/test/it/click.test.html?wtr-session-id=ppuR5UMfbq0E5p3Cxcla2#'[39m,
        source: [32m'a#alink'[39m
      }
      ping:click {
        target: [32m'http://localhost:8000/test/it/click.test.html?wtr-session-id=ppuR5UMfbq0E5p3Cxcla2#'[39m,
        source: [32m'a#alink'[39m
      }
      ping:click {
        target: [32m'http://localhost:8000/test/it/click.test.html?wtr-session-id=ppuR5UMfbq0E5p3Cxcla2#'[39m,
        source: [32m'a#alink'[39m
      }
      ping:click {
        target: [32m'http://localhost:8000/test/it/click.test.html?wtr-session-id=ppuR5UMfbq0E5p3Cxcla2#'[39m,
        source: [32m'a#alink'[39m
      }
      ping:click {
        target: [32m'http://localhost:8000/test/it/click.test.html?wtr-session-id=ppuR5UMfbq0E5p3Cxcla2#'[39m,
        source: [32m'a#alink'[39m
      }
      ping:click {
        target: [32m'http://localhost:8000/test/it/click.test.html?wtr-session-id=ppuR5UMfbq0E5p3Cxcla2#'[39m,
        source: [32m'a#alink'[39m
      }
      ping:click {
        target: [32m'http://localhost:8000/test/it/click.test.html?wtr-session-id=ppuR5UMfbq0E5p3Cxcla2#'[39m,
        source: [32m'a#alink'[39m
      }
      ping:click {
        target: [32m'http://localhost:8000/test/it/click.test.html?wtr-session-id=ppuR5UMfbq0E5p3Cxcla2#'[39m,
        source: [32m'a#alink'[39m
      }
      ping:click {
        target: [32m'http://localhost:8000/test/it/click.test.html?wtr-session-id=ppuR5UMfbq0E5p3Cxcla2#'[39m,
        source: [32m'a#alink'[39m
      }
      ping:click {
        target: [32m'http://localhost:8000/test/it/click.test.html?wtr-session-id=ppuR5UMfbq0E5p3Cxcla2#'[39m,
        source: [32m'a#alink'[39m
      }
      ping:click {
        target: [32m'http://localhost:8000/test/it/click.test.html?wtr-session-id=ppuR5UMfbq0E5p3Cxcla2#'[39m,
        source: [32m'a#alink'[39m
      }
      ping:click {
        target: [32m'http://localhost:8000/test/it/click.test.html?wtr-session-id=ppuR5UMfbq0E5p3Cxcla2#'[39m,
        source: [32m'a#alink'[39m
      }
      ping:click {
        target: [32m'http://localhost:8000/test/it/click.test.html?wtr-session-id=ppuR5UMfbq0E5p3Cxcla2#'[39m,
        source: [32m'a#alink'[39m
      }
      ping:click {
        target: [32m'http://localhost:8000/test/it/click.test.html?wtr-session-id=ppuR5UMfbq0E5p3Cxcla2#'[39m,
        source: [32m'a#alink'[39m
      }
      ping:click {
        target: [32m'http://localhost:8000/test/it/click.test.html?wtr-session-id=ppuR5UMfbq0E5p3Cxcla2#'[39m,
        source: [32m'a#alink'[39m
      }
      ping:click {
        target: [32m'http://localhost:8000/test/it/click.test.html?wtr-session-id=ppuR5UMfbq0E5p3Cxcla2#'[39m,
        source: [32m'a#alink'[39m
      }
      ping:click {
        target: [32m'http://localhost:8000/test/it/click.test.html?wtr-session-id=ppuR5UMfbq0E5p3Cxcla2#'[39m,
        source: [32m'a#alink'[39m
      }
      ping:click {
        target: [32m'http://localhost:8000/test/it/click.test.html?wtr-session-id=ppuR5UMfbq0E5p3Cxcla2#'[39m,
        source: [32m'a#alink'[39m
      }
      ping:click {
        target: [32m'http://localhost:8000/test/it/click.test.html?wtr-session-id=ppuR5UMfbq0E5p3Cxcla2#'[39m,
        source: [32m'a#alink'[39m
      }
      ping:click {
        target: [32m'http://localhost:8000/test/it/click.test.html?wtr-session-id=ppuR5UMfbq0E5p3Cxcla2#'[39m,
        source: [32m'a#alink'[39m
      }
      ping:click {
        target: [32m'http://localhost:8000/test/it/click.test.html?wtr-session-id=ppuR5UMfbq0E5p3Cxcla2#'[39m,
        source: [32m'a#alink'[39m
      }
      ping:click {
        target: [32m'http://localhost:8000/test/it/click.test.html?wtr-session-id=ppuR5UMfbq0E5p3Cxcla2#'[39m,
        source: [32m'a#alink'[39m
      }
      ping:click {
        target: [32m'http://localhost:8000/test/it/click.test.html?wtr-session-id=ppuR5UMfbq0E5p3Cxcla2#'[39m,
        source: [32m'a#alink'[39m
      }
      ping:click {
        target: [32m'http://localhost:8000/test/it/click.test.html?wtr-session-id=ppuR5UMfbq0E5p3Cxcla2#'[39m,
        source: [32m'a#alink'[39m
      }
      ping:click {
        target: [32m'http://localhost:8000/test/it/click.test.html?wtr-session-id=ppuR5UMfbq0E5p3Cxcla2#'[39m,
        source: [32m'a#alink'[39m
      }
      ping:click {
        target: [32m'http://localhost:8000/test/it/click.test.html?wtr-session-id=ppuR5UMfbq0E5p3Cxcla2#'[39m,
        source: [32m'a#alink'[39m
      }
      ping:click {
        target: [32m'http://localhost:8000/test/it/click.test.html?wtr-session-id=ppuR5UMfbq0E5p3Cxcla2#'[39m,
        source: [32m'a#alink'[39m
      }
      ping:click {
        target: [32m'http://localhost:8000/test/it/click.test.html?wtr-session-id=ppuR5UMfbq0E5p3Cxcla2#'[39m,
        source: [32m'a#alink'[39m
      }
      ping:click {
        target: [32m'http://localhost:8000/test/it/click.test.html?wtr-session-id=ppuR5UMfbq0E5p3Cxcla2#'[39m,
        source: [32m'a#alink'[39m
      }
      ping:click {
        target: [32m'http://localhost:8000/test/it/click.test.html?wtr-session-id=ppuR5UMfbq0E5p3Cxcla2#'[39m,
        source: [32m'a#alink'[39m
      }
      ping:click {
        target: [32m'http://localhost:8000/test/it/click.test.html?wtr-session-id=ppuR5UMfbq0E5p3Cxcla2#'[39m,
        source: [32m'a#alink'[39m
      }
      ping:click {
        target: [32m'http://localhost:8000/test/it/click.test.html?wtr-session-id=ppuR5UMfbq0E5p3Cxcla2#'[39m,
        source: [32m'a#alink'[39m
      }
      ping:click {
        target: [32m'http://localhost:8000/test/it/click.test.html?wtr-session-id=ppuR5UMfbq0E5p3Cxcla2#'[39m,
        source: [32m'a#alink'[39m
      }
      ping:click {
        target: [32m'http://localhost:8000/test/it/click.test.html?wtr-session-id=ppuR5UMfbq0E5p3Cxcla2#'[39m,
        source: [32m'a#alink'[39m
      }
      ping:click {
        target: [32m'http://localhost:8000/test/it/click.test.html?wtr-session-id=ppuR5UMfbq0E5p3Cxcla2#'[39m,
        source: [32m'a#alink'[39m
      }
      ping:click {
        target: [32m'http://localhost:8000/test/it/click.test.html?wtr-session-id=ppuR5UMfbq0E5p3Cxcla2#'[39m,
        source: [32m'a#alink'[39m
      }
      ping:click {
        target: [32m'http://localhost:8000/test/it/click.test.html?wtr-session-id=ppuR5UMfbq0E5p3Cxcla2#'[39m,
        source: [32m'a#alink'[39m
      }
      ping:click {
        target: [32m'http://localhost:8000/test/it/click.test.html?wtr-session-id=ppuR5UMfbq0E5p3Cxcla2#'[39m,
        source: [32m'a#alink'[39m
      }
      ping:click {
        target: [32m'http://localhost:8000/test/it/click.test.html?wtr-session-id=ppuR5UMfbq0E5p3Cxcla2#'[39m,
        source: [32m'a#alink'[39m
      }
      ping:click {
        target: [32m'http://localhost:8000/test/it/click.test.html?wtr-session-id=ppuR5UMfbq0E5p3Cxcla2#'[39m,
        source: [32m'a#alink'[39m
      }
      ping:click {
        target: [32m'http://localhost:8000/test/it/click.test.html?wtr-session-id=ppuR5UMfbq0E5p3Cxcla2#'[39m,
        source: [32m'a#alink'[39m
      }
      ping:click {
        target: [32m'http://localhost:8000/test/it/click.test.html?wtr-session-id=ppuR5UMfbq0E5p3Cxcla2#'[39m,
        source: [32m'a#alink'[39m
      }
      ping:click {
        target: [32m'http://localhost:8000/test/it/click.test.html?wtr-session-id=ppuR5UMfbq0E5p3Cxcla2#'[39m,
        source: [32m'a#alink'[39m
      }
      ping:click {
        target: [32m'http://localhost:8000/test/it/click.test.html?wtr-session-id=ppuR5UMfbq0E5p3Cxcla2#'[39m,
        source: [32m'a#alink'[39m
      }
      ping:click {
        target: [32m'http://localhost:8000/test/it/click.test.html?wtr-session-id=ppuR5UMfbq0E5p3Cxcla2#'[39m,
        source: [32m'a#alink'[39m
      }
      ping:click {
        target: [32m'http://localhost:8000/test/it/click.test.html?wtr-session-id=ppuR5UMfbq0E5p3Cxcla2#'[39m,
        source: [32m'a#alink'[39m
      }
      ping:click {
        target: [32m'http://localhost:8000/test/it/click.test.html?wtr-session-id=ppuR5UMfbq0E5p3Cxcla2#'[39m,
        source: [32m'a#alink'[39m
      }
      ping:click {
        target: [32m'http://localhost:8000/test/it/click.test.html?wtr-session-id=ppuR5UMfbq0E5p3Cxcla2#'[39m,
        source: [32m'a#alink'[39m
      }
      ping:click {
        target: [32m'http://localhost:8000/test/it/click.test.html?wtr-session-id=ppuR5UMfbq0E5p3Cxcla2#'[39m,
        source: [32m'a#alink'[39m
      }
      ping:click {
        target: [32m'http://localhost:8000/test/it/click.test.html?wtr-session-id=ppuR5UMfbq0E5p3Cxcla2#'[39m,
        source: [32m'a#alink'[39m
      }
      ping:click {
        target: [32m'http://localhost:8000/test/it/click.test.html?wtr-session-id=ppuR5UMfbq0E5p3Cxcla2#'[39m,
        source: [32m'a#alink'[39m
      }
      ping:click {
        target: [32m'http://localhost:8000/test/it/click.test.html?wtr-session-id=ppuR5UMfbq0E5p3Cxcla2#'[39m,
        source: [32m'a#alink'[39m
      }
      ping:click {
        target: [32m'http://localhost:8000/test/it/click.test.html?wtr-session-id=ppuR5UMfbq0E5p3Cxcla2#'[39m,
        source: [32m'a#alink'[39m
      }
      ping:click {
        target: [32m'http://localhost:8000/test/it/click.test.html?wtr-session-id=ppuR5UMfbq0E5p3Cxcla2#'[39m,
        source: [32m'a#alink'[39m
      }
      ping:click {
        target: [32m'http://localhost:8000/test/it/click.test.html?wtr-session-id=ppuR5UMfbq0E5p3Cxcla2#'[39m,
        source: [32m'a#alink'[39m
      }
      ping:click {
        target: [32m'http://localhost:8000/test/it/click.test.html?wtr-session-id=ppuR5UMfbq0E5p3Cxcla2#'[39m,
        source: [32m'a#alink'[39m
      }
      ping:click {
        target: [32m'http://localhost:8000/test/it/click.test.html?wtr-session-id=ppuR5UMfbq0E5p3Cxcla2#'[39m,
        source: [32m'a#alink'[39m
      }
      ping:click {
        target: [32m'http://localhost:8000/test/it/click.test.html?wtr-session-id=ppuR5UMfbq0E5p3Cxcla2#'[39m,
        source: [32m'a#alink'[39m
      }
      ping:click {
        target: [32m'http://localhost:8000/test/it/click.test.html?wtr-session-id=ppuR5UMfbq0E5p3Cxcla2#'[39m,
        source: [32m'a#alink'[39m
      }
      ping:click {
        target: [32m'http://localhost:8000/test/it/click.test.html?wtr-session-id=ppuR5UMfbq0E5p3Cxcla2#'[39m,
        source: [32m'a#alink'[39m
      }
      ping:click {
        target: [32m'http://localhost:8000/test/it/click.test.html?wtr-session-id=ppuR5UMfbq0E5p3Cxcla2#'[39m,
        source: [32m'a#alink'[39m
      }
      ping:click {
        target: [32m'http://localhost:8000/test/it/click.test.html?wtr-session-id=ppuR5UMfbq0E5p3Cxcla2#'[39m,
        source: [32m'a#alink'[39m
      }
      ping:click {
        target: [32m'http://localhost:8000/test/it/click.test.html?wtr-session-id=ppuR5UMfbq0E5p3Cxcla2#'[39m,
        source: [32m'a#alink'[39m
      }
      ping:click {
        target: [32m'http://localhost:8000/test/it/click.test.html?wtr-session-id=ppuR5UMfbq0E5p3Cxcla2#'[39m,
        source: [32m'a#alink'[39m
      }
      ping:click {
        target: [32m'http://localhost:8000/test/it/click.test.html?wtr-session-id=ppuR5UMfbq0E5p3Cxcla2#'[39m,
        source: [32m'a#alink'[39m
      }
      ping:click {
        target: [32m'http://localhost:8000/test/it/click.test.html?wtr-session-id=ppuR5UMfbq0E5p3Cxcla2#'[39m,
        source: [32m'a#alink'[39m
      }
      ping:click {
        target: [32m'http://localhost:8000/test/it/click.test.html?wtr-session-id=ppuR5UMfbq0E5p3Cxcla2#'[39m,
        source: [32m'a#alink'[39m
      }
      ping:click {
        target: [32m'http://localhost:8000/test/it/click.test.html?wtr-session-id=ppuR5UMfbq0E5p3Cxcla2#'[39m,
        source: [32m'a#alink'[39m
      }
      ping:click {
        target: [32m'http://localhost:8000/test/it/click.test.html?wtr-session-id=ppuR5UMfbq0E5p3Cxcla2#'[39m,
        source: [32m'a#alink'[39m
      }
      ping:click {
        target: [32m'http://localhost:8000/test/it/click.test.html?wtr-session-id=ppuR5UMfbq0E5p3Cxcla2#'[39m,
        source: [32m'a#alink'[39m
      }
      ping:click {
        target: [32m'http://localhost:8000/test/it/click.test.html?wtr-session-id=ppuR5UMfbq0E5p3Cxcla2#'[39m,
        source: [32m'a#alink'[39m
      }
      ping:click {
        target: [32m'http://localhost:8000/test/it/click.test.html?wtr-session-id=ppuR5UMfbq0E5p3Cxcla2#'[39m,
        source: [32m'a#alink'[39m
      }
      ping:click {
        target: [32m'http://localhost:8000/test/it/click.test.html?wtr-session-id=ppuR5UMfbq0E5p3Cxcla2#'[39m,
        source: [32m'a#alink'[39m
      }
      ping:click {
        target: [32m'http://localhost:8000/test/it/click.test.html?wtr-session-id=ppuR5UMfbq0E5p3Cxcla2#'[39m,
        source: [32m'a#alink'[39m
      }
      ping:click {
        target: [32m'http://localhost:8000/test/it/click.test.html?wtr-session-id=ppuR5UMfbq0E5p3Cxcla2#'[39m,
        source: [32m'a#alink'[39m
      }
      ping:click {
        target: [32m'http://localhost:8000/test/it/click.test.html?wtr-session-id=ppuR5UMfbq0E5p3Cxcla2#'[39m,
        source: [32m'a#alink'[39m
      }
      ping:click {
        target: [32m'http://localhost:8000/test/it/click.test.html?wtr-session-id=ppuR5UMfbq0E5p3Cxcla2#'[39m,
        source: [32m'a#alink'[39m
      }
      ping:click {
        target: [32m'http://localhost:8000/test/it/click.test.html?wtr-session-id=ppuR5UMfbq0E5p3Cxcla2#'[39m,
        source: [32m'a#alink'[39m
      }
      ping:click {
        target: [32m'http://localhost:8000/test/it/click.test.html?wtr-session-id=ppuR5UMfbq0E5p3Cxcla2#'[39m,
        source: [32m'a#alink'[39m
      }
      ping:click {
        target: [32m'http://localhost:8000/test/it/click.test.html?wtr-session-id=ppuR5UMfbq0E5p3Cxcla2#'[39m,
        source: [32m'a#alink'[39m
      }
      ping:click {
        target: [32m'http://localhost:8000/test/it/click.test.html?wtr-session-id=ppuR5UMfbq0E5p3Cxcla2#'[39m,
        source: [32m'a#alink'[39m
      }
      ping:click {
        target: [32m'http://localhost:8000/test/it/click.test.html?wtr-session-id=ppuR5UMfbq0E5p3Cxcla2#'[39m,
        source: [32m'a#alink'[39m
      }
      ping:click {
        target: [32m'http://localhost:8000/test/it/click.test.html?wtr-session-id=ppuR5UMfbq0E5p3Cxcla2#'[39m,
        source: [32m'a#alink'[39m
      }
      ping:click {
        target: [32m'http://localhost:8000/test/it/click.test.html?wtr-session-id=ppuR5UMfbq0E5p3Cxcla2#'[39m,
        source: [32m'a#alink'[39m
      }
      ping:click {
        target: [32m'http://localhost:8000/test/it/click.test.html?wtr-session-id=ppuR5UMfbq0E5p3Cxcla2#'[39m,
        source: [32m'a#alink'[39m
      }
      ping:click {
        target: [32m'http://localhost:8000/test/it/click.test.html?wtr-session-id=ppuR5UMfbq0E5p3Cxcla2#'[39m,
        source: [32m'a#alink'[39m
      }
      ping:click {
        target: [32m'http://localhost:8000/test/it/click.test.html?wtr-session-id=ppuR5UMfbq0E5p3Cxcla2#'[39m,
        source: [32m'a#alink'[39m
      }
      ping:click {
        target: [32m'http://localhost:8000/test/it/click.test.html?wtr-session-id=ppuR5UMfbq0E5p3Cxcla2#'[39m,
        source: [32m'a#alink'[39m
      }
      ping:click {
        target: [32m'http://localhost:8000/test/it/click.test.html?wtr-session-id=ppuR5UMfbq0E5p3Cxcla2#'[39m,
        source: [32m'a#alink'[39m
      }
      ping:click {
        target: [32m'http://localhost:8000/test/it/click.test.html?wtr-session-id=ppuR5UMfbq0E5p3Cxcla2#'[39m,
        source: [32m'a#alink'[39m
      }
      ping:click {
        target: [32m'http://localhost:8000/test/it/click.test.html?wtr-session-id=ppuR5UMfbq0E5p3Cxcla2#'[39m,
        source: [32m'a#alink'[39m
      }
      ping:click {
        target: [32m'http://localhost:8000/test/it/click.test.html?wtr-session-id=ppuR5UMfbq0E5p3Cxcla2#'[39m,
        source: [32m'a#alink'[39m
      }
      ping:click {
        target: [32m'http://localhost:8000/test/it/click.test.html?wtr-session-id=ppuR5UMfbq0E5p3Cxcla2#'[39m,
        source: [32m'a#alink'[39m
      }
      ping:click {
        target: [32m'http://localhost:8000/test/it/click.test.html?wtr-session-id=ppuR5UMfbq0E5p3Cxcla2#'[39m,
        source: [32m'a#alink'[39m
      }
      ping:click {
        target: [32m'http://localhost:8000/test/it/click.test.html?wtr-session-id=ppuR5UMfbq0E5p3Cxcla2#'[39m,
        source: [32m'a#alink'[39m
      }
      ping:click {
        target: [32m'http://localhost:8000/test/it/click.test.html?wtr-session-id=ppuR5UMfbq0E5p3Cxcla2#'[39m,
        source: [32m'a#alink'[39m
      }
      ping:click {
        target: [32m'http://localhost:8000/test/it/click.test.html?wtr-session-id=ppuR5UMfbq0E5p3Cxcla2#'[39m,
        source: [32m'a#alink'[39m
      }
      ping:click {
        target: [32m'http://localhost:8000/test/it/click.test.html?wtr-session-id=ppuR5UMfbq0E5p3Cxcla2#'[39m,
        source: [32m'a#alink'[39m
      }
      ping:click {
        target: [32m'http://localhost:8000/test/it/click.test.html?wtr-session-id=ppuR5UMfbq0E5p3Cxcla2#'[39m,
        source: [32m'a#alink'[39m
      }
      ping:click {
        target: [32m'http://localhost:8000/test/it/click.test.html?wtr-session-id=ppuR5UMfbq0E5p3Cxcla2#'[39m,
        source: [32m'a#alink'[39m
      }
      ping:click {
        target: [32m'http://localhost:8000/test/it/click.test.html?wtr-session-id=ppuR5UMfbq0E5p3Cxcla2#'[39m,
        source: [32m'a#alink'[39m
      }
      ping:click {
        target: [32m'http://localhost:8000/test/it/click.test.html?wtr-session-id=ppuR5UMfbq0E5p3Cxcla2#'[39m,
        source: [32m'a#alink'[39m
      }
      ping:click {
        target: [32m'http://localhost:8000/test/it/click.test.html?wtr-session-id=ppuR5UMfbq0E5p3Cxcla2#'[39m,
        source: [32m'a#alink'[39m
      }
      ping:click {
        target: [32m'http://localhost:8000/test/it/click.test.html?wtr-session-id=ppuR5UMfbq0E5p3Cxcla2#'[39m,
        source: [32m'a#alink'[39m
      }
      ping:click {
        target: [32m'http://localhost:8000/test/it/click.test.html?wtr-session-id=ppuR5UMfbq0E5p3Cxcla2#'[39m,
        source: [32m'a#alink'[39m
      }
      ping:click {
        target: [32m'http://localhost:8000/test/it/click.test.html?wtr-session-id=ppuR5UMfbq0E5p3Cxcla2#'[39m,
        source: [32m'a#alink'[39m
      }
      ping:click {
        target: [32m'http://localhost:8000/test/it/click.test.html?wtr-session-id=ppuR5UMfbq0E5p3Cxcla2#'[39m,
        source: [32m'a#alink'[39m
      }
      ping:click {
        target: [32m'http://localhost:8000/test/it/click.test.html?wtr-session-id=ppuR5UMfbq0E5p3Cxcla2#'[39m,
        source: [32m'a#alink'[39m
      }
      ping:click {
        target: [32m'http://localhost:8000/test/it/click.test.html?wtr-session-id=ppuR5UMfbq0E5p3Cxcla2#'[39m,
        source: [32m'a#alink'[39m
      }
      ping:click {
        target: [32m'http://localhost:8000/test/it/click.test.html?wtr-session-id=ppuR5UMfbq0E5p3Cxcla2#'[39m,
        source: [32m'a#alink'[39m
      }
      ping:click {
        target: [32m'http://localhost:8000/test/it/click.test.html?wtr-session-id=ppuR5UMfbq0E5p3Cxcla2#'[39m,
        source: [32m'a#alink'[39m
      }
 🚧 Browser logs on Firefox:
      ping:language { source: [32m''[39m, target: [32m'en-US'[39m }
      ping:missingresource { source: [32m'http://localhost:8000/favicon.ico'[39m, target: [33m404[39m }
      ping:click {
        target: [32m'http://localhost:8000/test/it/click.test.html?wtr-session-id=j9bvvnpq3_autobAK32CL#'[39m,
        source: [32m'a#alink'[39m
      }
      ping:click {
        target: [32m'http://localhost:8000/test/it/click.test.html?wtr-session-id=j9bvvnpq3_autobAK32CL#'[39m,
        source: [32m'a#alink'[39m
      }
      ping:click {
        target: [32m'http://localhost:8000/test/it/click.test.html?wtr-session-id=j9bvvnpq3_autobAK32CL#'[39m,
        source: [32m'a#alink'[39m
      }
      ping:click {
        target: [32m'http://localhost:8000/test/it/click.test.html?wtr-session-id=j9bvvnpq3_autobAK32CL#'[39m,
        source: [32m'a#alink'[39m
      }
      ping:click {
        target: [32m'http://localhost:8000/test/it/click.test.html?wtr-session-id=j9bvvnpq3_autobAK32CL#'[39m,
        source: [32m'a#alink'[39m
      }
      ping:click {
        target: [32m'http://localhost:8000/test/it/click.test.html?wtr-session-id=j9bvvnpq3_autobAK32CL#'[39m,
        source: [32m'a#alink'[39m
      }
      ping:click {
        target: [32m'http://localhost:8000/test/it/click.test.html?wtr-session-id=j9bvvnpq3_autobAK32CL#'[39m,
        source: [32m'a#alink'[39m
      }
      ping:a11y { source: [32m'low'[39m, target: [32m'off:low:medium:high'[39m }
      ping:click {
        target: [32m'http://localhost:8000/test/it/click.test.html?wtr-session-id=j9bvvnpq3_autobAK32CL#'[39m,
        source: [32m'a#alink'[39m
      }
      ping:click {
        target: [32m'http://localhost:8000/test/it/click.test.html?wtr-session-id=j9bvvnpq3_autobAK32CL#'[39m,
        source: [32m'a#alink'[39m
      }
      ping:click {
        target: [32m'http://localhost:8000/test/it/click.test.html?wtr-session-id=j9bvvnpq3_autobAK32CL#'[39m,
        source: [32m'a#alink'[39m
      }
      ping:click {
        target: [32m'http://localhost:8000/test/it/click.test.html?wtr-session-id=j9bvvnpq3_autobAK32CL#'[39m,
        source: [32m'a#alink'[39m
      }
      ping:click {
        target: [32m'http://localhost:8000/test/it/click.test.html?wtr-session-id=j9bvvnpq3_autobAK32CL#'[39m,
        source: [32m'a#alink'[39m
      }
      ping:click {
        target: [32m'http://localhost:8000/test/it/click.test.html?wtr-session-id=j9bvvnpq3_autobAK32CL#'[39m,
        source: [32m'a#alink'[39m
      }
      ping:click {
        target: [32m'http://localhost:8000/test/it/click.test.html?wtr-session-id=j9bvvnpq3_autobAK32CL#'[39m,
        source: [32m'a#alink'[39m
      }
      ping:click {
        target: [32m'http://localhost:8000/test/it/click.test.html?wtr-session-id=j9bvvnpq3_autobAK32CL#'[39m,
        source: [32m'a#alink'[39m
      }
      ping:click {
        target: [32m'http://localhost:8000/test/it/click.test.html?wtr-session-id=j9bvvnpq3_autobAK32CL#'[39m,
        source: [32m'a#alink'[39m
      }
      ping:click {
        target: [32m'http://localhost:8000/test/it/click.test.html?wtr-session-id=j9bvvnpq3_autobAK32CL#'[39m,
        source: [32m'a#alink'[39m
      }
      ping:click {
        target: [32m'http://localhost:8000/test/it/click.test.html?wtr-session-id=j9bvvnpq3_autobAK32CL#'[39m,
        source: [32m'a#alink'[39m
      }
      ping:click {
        target: [32m'http://localhost:8000/test/it/click.test.html?wtr-session-id=j9bvvnpq3_autobAK32CL#'[39m,
        source: [32m'a#alink'[39m
      }
      ping:click {
        target: [32m'http://localhost:8000/test/it/click.test.html?wtr-session-id=j9bvvnpq3_autobAK32CL#'[39m,
        source: [32m'a#alink'[39m
      }
      ping:click {
        target: [32m'http://localhost:8000/test/it/click.test.html?wtr-session-id=j9bvvnpq3_autobAK32CL#'[39m,
        source: [32m'a#alink'[39m
      }
      ping:click {
        target: [32m'http://localhost:8000/test/it/click.test.html?wtr-session-id=j9bvvnpq3_autobAK32CL#'[39m,
        source: [32m'a#alink'[39m
      }
      ping:click {
        target: [32m'http://localhost:8000/test/it/click.test.html?wtr-session-id=j9bvvnpq3_autobAK32CL#'[39m,
        source: [32m'a#alink'[39m
      }
      ping:click {
        target: [32m'http://localhost:8000/test/it/click.test.html?wtr-session-id=j9bvvnpq3_autobAK32CL#'[39m,
        source: [32m'a#alink'[39m
      }
      ping:click {
        target: [32m'http://localhost:8000/test/it/click.test.html?wtr-session-id=j9bvvnpq3_autobAK32CL#'[39m,
        source: [32m'a#alink'[39m
      }
      ping:click {
        target: [32m'http://localhost:8000/test/it/click.test.html?wtr-session-id=j9bvvnpq3_autobAK32CL#'[39m,
        source: [32m'a#alink'[39m
      }
      ping:click {
        target: [32m'http://localhost:8000/test/it/click.test.html?wtr-session-id=j9bvvnpq3_autobAK32CL#'[39m,
        source: [32m'a#alink'[39m
      }
      ping:click {
        target: [32m'http://localhost:8000/test/it/click.test.html?wtr-session-id=j9bvvnpq3_autobAK32CL#'[39m,
        source: [32m'a#alink'[39m
      }
      ping:click {
        target: [32m'http://localhost:8000/test/it/click.test.html?wtr-session-id=j9bvvnpq3_autobAK32CL#'[39m,
        source: [32m'a#alink'[39m
      }
      ping:click {
        target: [32m'http://localhost:8000/test/it/click.test.html?wtr-session-id=j9bvvnpq3_autobAK32CL#'[39m,
        source: [32m'a#alink'[39m
      }
      ping:click {
        target: [32m'http://localhost:8000/test/it/click.test.html?wtr-session-id=j9bvvnpq3_autobAK32CL#'[39m,
        source: [32m'a#alink'[39m
      }
      ping:click {
        target: [32m'http://localhost:8000/test/it/click.test.html?wtr-session-id=j9bvvnpq3_autobAK32CL#'[39m,
        source: [32m'a#alink'[39m
      }
      ping:click {
        target: [32m'http://localhost:8000/test/it/click.test.html?wtr-session-id=j9bvvnpq3_autobAK32CL#'[39m,
        source: [32m'a#alink'[39m
      }
      ping:click {
        target: [32m'http://localhost:8000/test/it/click.test.html?wtr-session-id=j9bvvnpq3_autobAK32CL#'[39m,
        source: [32m'a#alink'[39m
      }
      ping:click {
        target: [32m'http://localhost:8000/test/it/click.test.html?wtr-session-id=j9bvvnpq3_autobAK32CL#'[39m,
        source: [32m'a#alink'[39m
      }
      ping:click {
        target: [32m'http://localhost:8000/test/it/click.test.html?wtr-session-id=j9bvvnpq3_autobAK32CL#'[39m,
        source: [32m'a#alink'[39m
      }
      ping:click {
        target: [32m'http://localhost:8000/test/it/click.test.html?wtr-session-id=j9bvvnpq3_autobAK32CL#'[39m,
        source: [32m'a#alink'[39m
      }
      ping:click {
        target: [32m'http://localhost:8000/test/it/click.test.html?wtr-session-id=j9bvvnpq3_autobAK32CL#'[39m,
        source: [32m'a#alink'[39m
      }
      ping:click {
        target: [32m'http://localhost:8000/test/it/click.test.html?wtr-session-id=j9bvvnpq3_autobAK32CL#'[39m,
        source: [32m'a#alink'[39m
      }
      ping:click {
        target: [32m'http://localhost:8000/test/it/click.test.html?wtr-session-id=j9bvvnpq3_autobAK32CL#'[39m,
        source: [32m'a#alink'[39m
      }
      ping:click {
        target: [32m'http://localhost:8000/test/it/click.test.html?wtr-session-id=j9bvvnpq3_autobAK32CL#'[39m,
        source: [32m'a#alink'[39m
      }
      ping:click {
        target: [32m'http://localhost:8000/test/it/click.test.html?wtr-session-id=j9bvvnpq3_autobAK32CL#'[39m,
        source: [32m'a#alink'[39m
      }
      ping:click {
        target: [32m'http://localhost:8000/test/it/click.test.html?wtr-session-id=j9bvvnpq3_autobAK32CL#'[39m,
        source: [32m'a#alink'[39m
      }
      ping:click {
        target: [32m'http://localhost:8000/test/it/click.test.html?wtr-session-id=j9bvvnpq3_autobAK32CL#'[39m,
        source: [32m'a#alink'[39m
      }
      ping:click {
        target: [32m'http://localhost:8000/test/it/click.test.html?wtr-session-id=j9bvvnpq3_autobAK32CL#'[39m,
        source: [32m'a#alink'[39m
      }
      ping:click {
        target: [32m'http://localhost:8000/test/it/click.test.html?wtr-session-id=j9bvvnpq3_autobAK32CL#'[39m,
        source: [32m'a#alink'[39m
      }
      ping:click {
        target: [32m'http://localhost:8000/test/it/click.test.html?wtr-session-id=j9bvvnpq3_autobAK32CL#'[39m,
        source: [32m'a#alink'[39m
      }
      ping:click {
        target: [32m'http://localhost:8000/test/it/click.test.html?wtr-session-id=j9bvvnpq3_autobAK32CL#'[39m,
        source: [32m'a#alink'[39m
      }
      ping:click {
        target: [32m'http://localhost:8000/test/it/click.test.html?wtr-session-id=j9bvvnpq3_autobAK32CL#'[39m,
        source: [32m'a#alink'[39m
      }
      ping:click {
        target: [32m'http://localhost:8000/test/it/click.test.html?wtr-session-id=j9bvvnpq3_autobAK32CL#'[39m,
        source: [32m'a#alink'[39m
      }
      ping:click {
        target: [32m'http://localhost:8000/test/it/click.test.html?wtr-session-id=j9bvvnpq3_autobAK32CL#'[39m,
        source: [32m'a#alink'[39m
      }
      ping:click {
        target: [32m'http://localhost:8000/test/it/click.test.html?wtr-session-id=j9bvvnpq3_autobAK32CL#'[39m,
        source: [32m'a#alink'[39m
      }
      ping:click {
        target: [32m'http://localhost:8000/test/it/click.test.html?wtr-session-id=j9bvvnpq3_autobAK32CL#'[39m,
        source: [32m'a#alink'[39m
      }
      ping:click {
        target: [32m'http://localhost:8000/test/it/click.test.html?wtr-session-id=j9bvvnpq3_autobAK32CL#'[39m,
        source: [32m'a#alink'[39m
      }
      ping:click {
        target: [32m'http://localhost:8000/test/it/click.test.html?wtr-session-id=j9bvvnpq3_autobAK32CL#'[39m,
        source: [32m'a#alink'[39m
      }
      ping:click {
        target: [32m'http://localhost:8000/test/it/click.test.html?wtr-session-id=j9bvvnpq3_autobAK32CL#'[39m,
        source: [32m'a#alink'[39m
      }
      ping:click {
        target: [32m'http://localhost:8000/test/it/click.test.html?wtr-session-id=j9bvvnpq3_autobAK32CL#'[39m,
        source: [32m'a#alink'[39m
      }
      ping:click {
        target: [32m'http://localhost:8000/test/it/click.test.html?wtr-session-id=j9bvvnpq3_autobAK32CL#'[39m,
        source: [32m'a#alink'[39m
      }
      ping:click {
        target: [32m'http://localhost:8000/test/it/click.test.html?wtr-session-id=j9bvvnpq3_autobAK32CL#'[39m,
        source: [32m'a#alink'[39m
      }
      ping:click {
        target: [32m'http://localhost:8000/test/it/click.test.html?wtr-session-id=j9bvvnpq3_autobAK32CL#'[39m,
        source: [32m'a#alink'[39m
      }
      ping:click {
        target: [32m'http://localhost:8000/test/it/click.test.html?wtr-session-id=j9bvvnpq3_autobAK32CL#'[39m,
        source: [32m'a#alink'[39m
      }
      ping:click {
        target: [32m'http://localhost:8000/test/it/click.test.html?wtr-session-id=j9bvvnpq3_autobAK32CL#'[39m,
        source: [32m'a#alink'[39m
      }
      ping:click {
        target: [32m'http://localhost:8000/test/it/click.test.html?wtr-session-id=j9bvvnpq3_autobAK32CL#'[39m,
        source: [32m'a#alink'[39m
      }
      ping:click {
        target: [32m'http://localhost:8000/test/it/click.test.html?wtr-session-id=j9bvvnpq3_autobAK32CL#'[39m,
        source: [32m'a#alink'[39m
      }
      ping:click {
        target: [32m'http://localhost:8000/test/it/click.test.html?wtr-session-id=j9bvvnpq3_autobAK32CL#'[39m,
        source: [32m'a#alink'[39m
      }
      ping:click {
        target: [32m'http://localhost:8000/test/it/click.test.html?wtr-session-id=j9bvvnpq3_autobAK32CL#'[39m,
        source: [32m'a#alink'[39m
      }
      ping:click {
        target: [32m'http://localhost:8000/test/it/click.test.html?wtr-session-id=j9bvvnpq3_autobAK32CL#'[39m,
        source: [32m'a#alink'[39m
      }
      ping:click {
        target: [32m'http://localhost:8000/test/it/click.test.html?wtr-session-id=j9bvvnpq3_autobAK32CL#'[39m,
        source: [32m'a#alink'[39m
      }
      ping:click {
        target: [32m'http://localhost:8000/test/it/click.test.html?wtr-session-id=j9bvvnpq3_autobAK32CL#'[39m,
        source: [32m'a#alink'[39m
      }
      ping:click {
        target: [32m'http://localhost:8000/test/it/click.test.html?wtr-session-id=j9bvvnpq3_autobAK32CL#'[39m,
        source: [32m'a#alink'[39m
      }
      ping:click {
        target: [32m'http://localhost:8000/test/it/click.test.html?wtr-session-id=j9bvvnpq3_autobAK32CL#'[39m,
        source: [32m'a#alink'[39m
      }
      ping:click {
        target: [32m'http://localhost:8000/test/it/click.test.html?wtr-session-id=j9bvvnpq3_autobAK32CL#'[39m,
        source: [32m'a#alink'[39m
      }
      ping:click {
        target: [32m'http://localhost:8000/test/it/click.test.html?wtr-session-id=j9bvvnpq3_autobAK32CL#'[39m,
        source: [32m'a#alink'[39m
      }
      ping:click {
        target: [32m'http://localhost:8000/test/it/click.test.html?wtr-session-id=j9bvvnpq3_autobAK32CL#'[39m,
        source: [32m'a#alink'[39m
      }
      ping:click {
        target: [32m'http://localhost:8000/test/it/click.test.html?wtr-session-id=j9bvvnpq3_autobAK32CL#'[39m,
        source: [32m'a#alink'[39m
      }
      ping:click {
        target: [32m'http://localhost:8000/test/it/click.test.html?wtr-session-id=j9bvvnpq3_autobAK32CL#'[39m,
        source: [32m'a#alink'[39m
      }
      ping:click {
        target: [32m'http://localhost:8000/test/it/click.test.html?wtr-session-id=j9bvvnpq3_autobAK32CL#'[39m,
        source: [32m'a#alink'[39m
      }
      ping:click {
        target: [32m'http://localhost:8000/test/it/click.test.html?wtr-session-id=j9bvvnpq3_autobAK32CL#'[39m,
        source: [32m'a#alink'[39m
      }
      ping:click {
        target: [32m'http://localhost:8000/test/it/click.test.html?wtr-session-id=j9bvvnpq3_autobAK32CL#'[39m,
        source: [32m'a#alink'[39m
      }
      ping:click {
        target: [32m'http://localhost:8000/test/it/click.test.html?wtr-session-id=j9bvvnpq3_autobAK32CL#'[39m,
        source: [32m'a#alink'[39m
      }
      ping:click {
        target: [32m'http://localhost:8000/test/it/click.test.html?wtr-session-id=j9bvvnpq3_autobAK32CL#'[39m,
        source: [32m'a#alink'[39m
      }
      ping:click {
        target: [32m'http://localhost:8000/test/it/click.test.html?wtr-session-id=j9bvvnpq3_autobAK32CL#'[39m,
        source: [32m'a#alink'[39m
      }
      ping:click {
        target: [32m'http://localhost:8000/test/it/click.test.html?wtr-session-id=j9bvvnpq3_autobAK32CL#'[39m,
        source: [32m'a#alink'[39m
      }
      ping:click {
        target: [32m'http://localhost:8000/test/it/click.test.html?wtr-session-id=j9bvvnpq3_autobAK32CL#'[39m,
        source: [32m'a#alink'[39m
      }
      ping:click {
        target: [32m'http://localhost:8000/test/it/click.test.html?wtr-session-id=j9bvvnpq3_autobAK32CL#'[39m,
        source: [32m'a#alink'[39m
      }
      ping:click {
        target: [32m'http://localhost:8000/test/it/click.test.html?wtr-session-id=j9bvvnpq3_autobAK32CL#'[39m,
        source: [32m'a#alink'[39m
      }
      ping:click {
        target: [32m'http://localhost:8000/test/it/click.test.html?wtr-session-id=j9bvvnpq3_autobAK32CL#'[39m,
        source: [32m'a#alink'[39m
      }
      ping:click {
        target: [32m'http://localhost:8000/test/it/click.test.html?wtr-session-id=j9bvvnpq3_autobAK32CL#'[39m,
        source: [32m'a#alink'[39m
      }
      ping:click {
        target: [32m'http://localhost:8000/test/it/click.test.html?wtr-session-id=j9bvvnpq3_autobAK32CL#'[39m,
        source: [32m'a#alink'[39m
      }
      ping:click {
        target: [32m'http://localhost:8000/test/it/click.test.html?wtr-session-id=j9bvvnpq3_autobAK32CL#'[39m,
        source: [32m'a#alink'[39m
      }
      ping:click {
        target: [32m'http://localhost:8000/test/it/click.test.html?wtr-session-id=j9bvvnpq3_autobAK32CL#'[39m,
        source: [32m'a#alink'[39m
      }
      ping:click {
        target: [32m'http://localhost:8000/test/it/click.test.html?wtr-session-id=j9bvvnpq3_autobAK32CL#'[39m,
        source: [32m'a#alink'[39m
      }
      ping:click {
        target: [32m'http://localhost:8000/test/it/click.test.html?wtr-session-id=j9bvvnpq3_autobAK32CL#'[39m,
        source: [32m'a#alink'[39m
      }
      ping:click {
        target: [32m'http://localhost:8000/test/it/click.test.html?wtr-session-id=j9bvvnpq3_autobAK32CL#'[39m,
        source: [32m'a#alink'[39m
      }
      ping:click {
        target: [32m'http://localhost:8000/test/it/click.test.html?wtr-session-id=j9bvvnpq3_autobAK32CL#'[39m,
        source: [32m'a#alink'[39m
      }
      ping:click {
        target: [32m'http://localhost:8000/test/it/click.test.html?wtr-session-id=j9bvvnpq3_autobAK32CL#'[39m,
        source: [32m'a#alink'[39m
      }
      ping:click {
        target: [32m'http://localhost:8000/test/it/click.test.html?wtr-session-id=j9bvvnpq3_autobAK32CL#'[39m,
        source: [32m'a#alink'[39m
      }
      ping:click {
        target: [32m'http://localhost:8000/test/it/click.test.html?wtr-session-id=j9bvvnpq3_autobAK32CL#'[39m,
        source: [32m'a#alink'[39m
      }
      ping:click {
        target: [32m'http://localhost:8000/test/it/click.test.html?wtr-session-id=j9bvvnpq3_autobAK32CL#'[39m,
        source: [32m'a#alink'[39m
      }
      ping:click {
        target: [32m'http://localhost:8000/test/it/click.test.html?wtr-session-id=j9bvvnpq3_autobAK32CL#'[39m,
        source: [32m'a#alink'[39m
      }
      ping:click {
        target: [32m'http://localhost:8000/test/it/click.test.html?wtr-session-id=j9bvvnpq3_autobAK32CL#'[39m,
        source: [32m'a#alink'[39m
      }
      ping:click {
        target: [32m'http://localhost:8000/test/it/click.test.html?wtr-session-id=j9bvvnpq3_autobAK32CL#'[39m,
        source: [32m'a#alink'[39m
      }
      ping:click {
        target: [32m'http://localhost:8000/test/it/click.test.html?wtr-session-id=j9bvvnpq3_autobAK32CL#'[39m,
        source: [32m'a#alink'[39m
      }
      ping:click {
        target: [32m'http://localhost:8000/test/it/click.test.html?wtr-session-id=j9bvvnpq3_autobAK32CL#'[39m,
        source: [32m'a#alink'[39m
      }
      ping:click {
        target: [32m'http://localhost:8000/test/it/click.test.html?wtr-session-id=j9bvvnpq3_autobAK32CL#'[39m,
        source: [32m'a#alink'[39m
      }
      ping:click {
        target: [32m'http://localhost:8000/test/it/click.test.html?wtr-session-id=j9bvvnpq3_autobAK32CL#'[39m,
        source: [32m'a#alink'[39m
      }
      ping:click {
        target: [32m'http://localhost:8000/test/it/click.test.html?wtr-session-id=j9bvvnpq3_autobAK32CL#'[39m,
        source: [32m'a#alink'[39m
      }
      ping:click {
        target: [32m'http://localhost:8000/test/it/click.test.html?wtr-session-id=j9bvvnpq3_autobAK32CL#'[39m,
        source: [32m'a#alink'[39m
      }
      ping:click {
        target: [32m'http://localhost:8000/test/it/click.test.html?wtr-session-id=j9bvvnpq3_autobAK32CL#'[39m,
        source: [32m'a#alink'[39m
      }
      ping:click {
        target: [32m'http://localhost:8000/test/it/click.test.html?wtr-session-id=j9bvvnpq3_autobAK32CL#'[39m,
        source: [32m'a#alink'[39m
      }
      ping:click {
        target: [32m'http://localhost:8000/test/it/click.test.html?wtr-session-id=j9bvvnpq3_autobAK32CL#'[39m,
        source: [32m'a#alink'[39m
      }
      ping:click {
        target: [32m'http://localhost:8000/test/it/click.test.html?wtr-session-id=j9bvvnpq3_autobAK32CL#'[39m,
        source: [32m'a#alink'[39m
      }
      ping:click {
        target: [32m'http://localhost:8000/test/it/click.test.html?wtr-session-id=j9bvvnpq3_autobAK32CL#'[39m,
        source: [32m'a#alink'[39m
      }
      ping:click {
        target: [32m'http://localhost:8000/test/it/click.test.html?wtr-session-id=j9bvvnpq3_autobAK32CL#'[39m,
        source: [32m'a#alink'[39m
      }
      ping:click {
        target: [32m'http://localhost:8000/test/it/click.test.html?wtr-session-id=j9bvvnpq3_autobAK32CL#'[39m,
        source: [32m'a#alink'[39m
      }
      ping:click {
        target: [32m'http://localhost:8000/test/it/click.test.html?wtr-session-id=j9bvvnpq3_autobAK32CL#'[39m,
        source: [32m'a#alink'[39m
      }
      ping:click {
        target: [32m'http://localhost:8000/test/it/click.test.html?wtr-session-id=j9bvvnpq3_autobAK32CL#'[39m,
        source: [32m'a#alink'[39m
      }
      ping:click {
        target: [32m'http://localhost:8000/test/it/click.test.html?wtr-session-id=j9bvvnpq3_autobAK32CL#'[39m,
        source: [32m'a#alink'[39m
      }
      ping:click {
        target: [32m'http://localhost:8000/test/it/click.test.html?wtr-session-id=j9bvvnpq3_autobAK32CL#'[39m,
        source: [32m'a#alink'[39m
      }
      ping:click {
        target: [32m'http://localhost:8000/test/it/click.test.html?wtr-session-id=j9bvvnpq3_autobAK32CL#'[39m,
        source: [32m'a#alink'[39m
      }
      ping:click {
        target: [32m'http://localhost:8000/test/it/click.test.html?wtr-session-id=j9bvvnpq3_autobAK32CL#'[39m,
        source: [32m'a#alink'[39m
      }
      ping:click {
        target: [32m'http://localhost:8000/test/it/click.test.html?wtr-session-id=j9bvvnpq3_autobAK32CL#'[39m,
        source: [32m'a#alink'[39m
      }
      ping:click {
        target: [32m'http://localhost:8000/test/it/click.test.html?wtr-session-id=j9bvvnpq3_autobAK32CL#'[39m,
        source: [32m'a#alink'[39m
      }
      ping:click {
        target: [32m'http://localhost:8000/test/it/click.test.html?wtr-session-id=j9bvvnpq3_autobAK32CL#'[39m,
        source: [32m'a#alink'[39m
      }
      ping:click {
        target: [32m'http://localhost:8000/test/it/click.test.html?wtr-session-id=j9bvvnpq3_autobAK32CL#'[39m,
        source: [32m'a#alink'[39m
      }
      ping:click {
        target: [32m'http://localhost:8000/test/it/click.test.html?wtr-session-id=j9bvvnpq3_autobAK32CL#'[39m,
        source: [32m'a#alink'[39m
      }
      ping:click {
        target: [32m'http://localhost:8000/test/it/click.test.html?wtr-session-id=j9bvvnpq3_autobAK32CL#'[39m,
        source: [32m'a#alink'[39m
      }
      ping:click {
        target: [32m'http://localhost:8000/test/it/click.test.html?wtr-session-id=j9bvvnpq3_autobAK32CL#'[39m,
        source: [32m'a#alink'[39m
      }
      ping:click {
        target: [32m'http://localhost:8000/test/it/click.test.html?wtr-session-id=j9bvvnpq3_autobAK32CL#'[39m,
        source: [32m'a#alink'[39m
      }
      ping:click {
        target: [32m'http://localhost:8000/test/it/click.test.html?wtr-session-id=j9bvvnpq3_autobAK32CL#'[39m,
        source: [32m'a#alink'[39m
      }
      ping:click {
        target: [32m'http://localhost:8000/test/it/click.test.html?wtr-session-id=j9bvvnpq3_autobAK32CL#'[39m,
        source: [32m'a#alink'[39m
      }
      ping:click {
        target: [32m'http://localhost:8000/test/it/click.test.html?wtr-session-id=j9bvvnpq3_autobAK32CL#'[39m,
        source: [32m'a#alink'[39m
      }
      ping:click {
        target: [32m'http://localhost:8000/test/it/click.test.html?wtr-session-id=j9bvvnpq3_autobAK32CL#'[39m,
        source: [32m'a#alink'[39m
      }
      ping:click {
        target: [32m'http://localhost:8000/test/it/click.test.html?wtr-session-id=j9bvvnpq3_autobAK32CL#'[39m,
        source: [32m'a#alink'[39m
      }
      ping:click {
        target: [32m'http://localhost:8000/test/it/click.test.html?wtr-session-id=j9bvvnpq3_autobAK32CL#'[39m,
        source: [32m'a#alink'[39m
      }
      ping:click {
        target: [32m'http://localhost:8000/test/it/click.test.html?wtr-session-id=j9bvvnpq3_autobAK32CL#'[39m,
        source: [32m'a#alink'[39m
      }
      ping:click {
        target: [32m'http://localhost:8000/test/it/click.test.html?wtr-session-id=j9bvvnpq3_autobAK32CL#'[39m,
        source: [32m'a#alink'[39m
      }
      ping:click {
        target: [32m'http://localhost:8000/test/it/click.test.html?wtr-session-id=j9bvvnpq3_autobAK32CL#'[39m,
        source: [32m'a#alink'[39m
      }
      ping:click {
        target: [32m'http://localhost:8000/test/it/click.test.html?wtr-session-id=j9bvvnpq3_autobAK32CL#'[39m,
        source: [32m'a#alink'[39m
      }
      ping:click {
        target: [32m'http://localhost:8000/test/it/click.test.html?wtr-session-id=j9bvvnpq3_autobAK32CL#'[39m,
        source: [32m'a#alink'[39m
      }
      ping:click {
        target: [32m'http://localhost:8000/test/it/click.test.html?wtr-session-id=j9bvvnpq3_autobAK32CL#'[39m,
        source: [32m'a#alink'[39m
      }
      ping:click {
        target: [32m'http://localhost:8000/test/it/click.test.html?wtr-session-id=j9bvvnpq3_autobAK32CL#'[39m,
        source: [32m'a#alink'[39m
      }
      ping:click {
        target: [32m'http://localhost:8000/test/it/click.test.html?wtr-session-id=j9bvvnpq3_autobAK32CL#'[39m,
        source: [32m'a#alink'[39m
      }
      ping:click {
        target: [32m'http://localhost:8000/test/it/click.test.html?wtr-session-id=j9bvvnpq3_autobAK32CL#'[39m,
        source: [32m'a#alink'[39m
      }
      ping:click {
        target: [32m'http://localhost:8000/test/it/click.test.html?wtr-session-id=j9bvvnpq3_autobAK32CL#'[39m,
        source: [32m'a#alink'[39m
      }
      ping:click {
        target: [32m'http://localhost:8000/test/it/click.test.html?wtr-session-id=j9bvvnpq3_autobAK32CL#'[39m,
        source: [32m'a#alink'[39m
      }
      ping:click {
        target: [32m'http://localhost:8000/test/it/click.test.html?wtr-session-id=j9bvvnpq3_autobAK32CL#'[39m,
        source: [32m'a#alink'[39m
      }
      ping:click {
        target: [32m'http://localhost:8000/test/it/click.test.html?wtr-session-id=j9bvvnpq3_autobAK32CL#'[39m,
        source: [32m'a#alink'[39m
      }
      ping:click {
        target: [32m'http://localhost:8000/test/it/click.test.html?wtr-session-id=j9bvvnpq3_autobAK32CL#'[39m,
        source: [32m'a#alink'[39m
      }
      ping:click {
        target: [32m'http://localhost:8000/test/it/click.test.html?wtr-session-id=j9bvvnpq3_autobAK32CL#'[39m,
        source: [32m'a#alink'[39m
      }
      ping:click {
        target: [32m'http://localhost:8000/test/it/click.test.html?wtr-session-id=j9bvvnpq3_autobAK32CL#'[39m,
        source: [32m'a#alink'[39m
      }
      ping:click {
        target: [32m'http://localhost:8000/test/it/click.test.html?wtr-session-id=j9bvvnpq3_autobAK32CL#'[39m,
        source: [32m'a#alink'[39m
      }
      ping:click {
        target: [32m'http://localhost:8000/test/it/click.test.html?wtr-session-id=j9bvvnpq3_autobAK32CL#'[39m,
        source: [32m'a#alink'[39m
      }
      ping:click {
        target: [32m'http://localhost:8000/test/it/click.test.html?wtr-session-id=j9bvvnpq3_autobAK32CL#'[39m,
        source: [32m'a#alink'[39m
      }
      ping:click {
        target: [32m'http://localhost:8000/test/it/click.test.html?wtr-session-id=j9bvvnpq3_autobAK32CL#'[39m,
        source: [32m'a#alink'[39m
      }
      ping:click {
        target: [32m'http://localhost:8000/test/it/click.test.html?wtr-session-id=j9bvvnpq3_autobAK32CL#'[39m,
        source: [32m'a#alink'[39m
      }
      ping:click {
        target: [32m'http://localhost:8000/test/it/click.test.html?wtr-session-id=j9bvvnpq3_autobAK32CL#'[39m,
        source: [32m'a#alink'[39m
      }
      ping:click {
        target: [32m'http://localhost:8000/test/it/click.test.html?wtr-session-id=j9bvvnpq3_autobAK32CL#'[39m,
        source: [32m'a#alink'[39m
      }
      ping:click {
        target: [32m'http://localhost:8000/test/it/click.test.html?wtr-session-id=j9bvvnpq3_autobAK32CL#'[39m,
        source: [32m'a#alink'[39m
      }
      ping:click {
        target: [32m'http://localhost:8000/test/it/click.test.html?wtr-session-id=j9bvvnpq3_autobAK32CL#'[39m,
        source: [32m'a#alink'[39m
      }
      ping:click {
        target: [32m'http://localhost:8000/test/it/click.test.html?wtr-session-id=j9bvvnpq3_autobAK32CL#'[39m,
        source: [32m'a#alink'[39m
      }
      ping:click {
        target: [32m'http://localhost:8000/test/it/click.test.html?wtr-session-id=j9bvvnpq3_autobAK32CL#'[39m,
        source: [32m'a#alink'[39m
      }
      ping:click {
        target: [32m'http://localhost:8000/test/it/click.test.html?wtr-session-id=j9bvvnpq3_autobAK32CL#'[39m,
        source: [32m'a#alink'[39m
      }
      ping:click {
        target: [32m'http://localhost:8000/test/it/click.test.html?wtr-session-id=j9bvvnpq3_autobAK32CL#'[39m,
        source: [32m'a#alink'[39m
      }
      ping:click {
        target: [32m'http://localhost:8000/test/it/click.test.html?wtr-session-id=j9bvvnpq3_autobAK32CL#'[39m,
        source: [32m'a#alink'[39m
      }
      ping:click {
        target: [32m'http://localhost:8000/test/it/click.test.html?wtr-session-id=j9bvvnpq3_autobAK32CL#'[39m,
        source: [32m'a#alink'[39m
      }
      ping:click {
        target: [32m'http://localhost:8000/test/it/click.test.html?wtr-session-id=j9bvvnpq3_autobAK32CL#'[39m,
        source: [32m'a#alink'[39m
      }
      ping:click {
        target: [32m'http://localhost:8000/test/it/click.test.html?wtr-session-id=j9bvvnpq3_autobAK32CL#'[39m,
        source: [32m'a#alink'[39m
      }
      ping:click {
        target: [32m'http://localhost:8000/test/it/click.test.html?wtr-session-id=j9bvvnpq3_autobAK32CL#'[39m,
        source: [32m'a#alink'[39m
      }
      ping:click {
        target: [32m'http://localhost:8000/test/it/click.test.html?wtr-session-id=j9bvvnpq3_autobAK32CL#'[39m,
        source: [32m'a#alink'[39m
      }
      ping:click {
        target: [32m'http://localhost:8000/test/it/click.test.html?wtr-session-id=j9bvvnpq3_autobAK32CL#'[39m,
        source: [32m'a#alink'[39m
      }
      ping:click {
        target: [32m'http://localhost:8000/test/it/click.test.html?wtr-session-id=j9bvvnpq3_autobAK32CL#'[39m,
        source: [32m'a#alink'[39m
      }
      ping:click {
        target: [32m'http://localhost:8000/test/it/click.test.html?wtr-session-id=j9bvvnpq3_autobAK32CL#'[39m,
        source: [32m'a#alink'[39m
      }
      ping:click {
        target: [32m'http://localhost:8000/test/it/click.test.html?wtr-session-id=j9bvvnpq3_autobAK32CL#'[39m,
        source: [32m'a#alink'[39m
      }
      ping:click {
        target: [32m'http://localhost:8000/test/it/click.test.html?wtr-session-id=j9bvvnpq3_autobAK32CL#'[39m,
        source: [32m'a#alink'[39m
      }
      ping:click {
        target: [32m'http://localhost:8000/test/it/click.test.html?wtr-session-id=j9bvvnpq3_autobAK32CL#'[39m,
        source: [32m'a#alink'[39m
      }
      ping:click {
        target: [32m'http://localhost:8000/test/it/click.test.html?wtr-session-id=j9bvvnpq3_autobAK32CL#'[39m,
        source: [32m'a#alink'[39m
      }
      ping:click {
        target: [32m'http://localhost:8000/test/it/click.test.html?wtr-session-id=j9bvvnpq3_autobAK32CL#'[39m,
        source: [32m'a#alink'[39m
      }
      ping:click {
        target: [32m'http://localhost:8000/test/it/click.test.html?wtr-session-id=j9bvvnpq3_autobAK32CL#'[39m,
        source: [32m'a#alink'[39m
      }
      ping:click {
        target: [32m'http://localhost:8000/test/it/click.test.html?wtr-session-id=j9bvvnpq3_autobAK32CL#'[39m,
        source: [32m'a#alink'[39m
      }
      ping:click {
        target: [32m'http://localhost:8000/test/it/click.test.html?wtr-session-id=j9bvvnpq3_autobAK32CL#'[39m,
        source: [32m'a#alink'[39m
      }
      ping:click {
        target: [32m'http://localhost:8000/test/it/click.test.html?wtr-session-id=j9bvvnpq3_autobAK32CL#'[39m,
        source: [32m'a#alink'[39m
      }
      ping:click {
        target: [32m'http://localhost:8000/test/it/click.test.html?wtr-session-id=j9bvvnpq3_autobAK32CL#'[39m,
        source: [32m'a#alink'[39m
      }
      ping:click {
        target: [32m'http://localhost:8000/test/it/click.test.html?wtr-session-id=j9bvvnpq3_autobAK32CL#'[39m,
        source: [32m'a#alink'[39m
      }
      ping:click {
        target: [32m'http://localhost:8000/test/it/click.test.html?wtr-session-id=j9bvvnpq3_autobAK32CL#'[39m,
        source: [32m'a#alink'[39m
      }
      ping:click {
        target: [32m'http://localhost:8000/test/it/click.test.html?wtr-session-id=j9bvvnpq3_autobAK32CL#'[39m,
        source: [32m'a#alink'[39m
      }
      ping:click {
        target: [32m'http://localhost:8000/test/it/click.test.html?wtr-session-id=j9bvvnpq3_autobAK32CL#'[39m,
        source: [32m'a#alink'[39m
      }
      ping:click {
        target: [32m'http://localhost:8000/test/it/click.test.html?wtr-session-id=j9bvvnpq3_autobAK32CL#'[39m,
        source: [32m'a#alink'[39m
      }
      ping:click {
        target: [32m'http://localhost:8000/test/it/click.test.html?wtr-session-id=j9bvvnpq3_autobAK32CL#'[39m,
        source: [32m'a#alink'[39m
      }
      ping:click {
        target: [32m'http://localhost:8000/test/it/click.test.html?wtr-session-id=j9bvvnpq3_autobAK32CL#'[39m,
        source: [32m'a#alink'[39m
      }
      ping:click {
        target: [32m'http://localhost:8000/test/it/click.test.html?wtr-session-id=j9bvvnpq3_autobAK32CL#'[39m,
        source: [32m'a#alink'[39m
      }
      ping:click {
        target: [32m'http://localhost:8000/test/it/click.test.html?wtr-session-id=j9bvvnpq3_autobAK32CL#'[39m,
        source: [32m'a#alink'[39m
      }
      ping:click {
        target: [32m'http://localhost:8000/test/it/click.test.html?wtr-session-id=j9bvvnpq3_autobAK32CL#'[39m,
        source: [32m'a#alink'[39m
      }
      ping:click {
        target: [32m'http://localhost:8000/test/it/click.test.html?wtr-session-id=j9bvvnpq3_autobAK32CL#'[39m,
        source: [32m'a#alink'[39m
      }
      ping:click {
        target: [32m'http://localhost:8000/test/it/click.test.html?wtr-session-id=j9bvvnpq3_autobAK32CL#'[39m,
        source: [32m'a#alink'[39m
      }
      ping:click {
        target: [32m'http://localhost:8000/test/it/click.test.html?wtr-session-id=j9bvvnpq3_autobAK32CL#'[39m,
        source: [32m'a#alink'[39m
      }
      ping:click {
        target: [32m'http://localhost:8000/test/it/click.test.html?wtr-session-id=j9bvvnpq3_autobAK32CL#'[39m,
        source: [32m'a#alink'[39m
      }
      ping:click {
        target: [32m'http://localhost:8000/test/it/click.test.html?wtr-session-id=j9bvvnpq3_autobAK32CL#'[39m,
        source: [32m'a#alink'[39m
      }
      ping:click {
        target: [32m'http://localhost:8000/test/it/click.test.html?wtr-session-id=j9bvvnpq3_autobAK32CL#'[39m,
        source: [32m'a#alink'[39m
      }
      ping:click {
        target: [32m'http://localhost:8000/test/it/click.test.html?wtr-session-id=j9bvvnpq3_autobAK32CL#'[39m,
        source: [32m'a#alink'[39m
      }
      ping:click {
        target: [32m'http://localhost:8000/test/it/click.test.html?wtr-session-id=j9bvvnpq3_autobAK32CL#'[39m,
        source: [32m'a#alink'[39m
      }
      ping:click {
        target: [32m'http://localhost:8000/test/it/click.test.html?wtr-session-id=j9bvvnpq3_autobAK32CL#'[39m,
        source: [32m'a#alink'[39m
      }
      ping:click {
        target: [32m'http://localhost:8000/test/it/click.test.html?wtr-session-id=j9bvvnpq3_autobAK32CL#'[39m,
        source: [32m'a#alink'[39m
      }
      ping:click {
        target: [32m'http://localhost:8000/test/it/click.test.html?wtr-session-id=j9bvvnpq3_autobAK32CL#'[39m,
        source: [32m'a#alink'[39m
      }
      ping:click {
        target: [32m'http://localhost:8000/test/it/click.test.html?wtr-session-id=j9bvvnpq3_autobAK32CL#'[39m,
        source: [32m'a#alink'[39m
      }
      ping:click {
        target: [32m'http://localhost:8000/test/it/click.test.html?wtr-session-id=j9bvvnpq3_autobAK32CL#'[39m,
        source: [32m'a#alink'[39m
      }
      ping:click {
        target: [32m'http://localhost:8000/test/it/click.test.html?wtr-session-id=j9bvvnpq3_autobAK32CL#'[39m,
        source: [32m'a#alink'[39m
      }
      ping:click {
        target: [32m'http://localhost:8000/test/it/click.test.html?wtr-session-id=j9bvvnpq3_autobAK32CL#'[39m,
        source: [32m'a#alink'[39m
      }
      ping:click {
        target: [32m'http://localhost:8000/test/it/click.test.html?wtr-session-id=j9bvvnpq3_autobAK32CL#'[39m,
        source: [32m'a#alink'[39m
      }
      ping:click {
        target: [32m'http://localhost:8000/test/it/click.test.html?wtr-session-id=j9bvvnpq3_autobAK32CL#'[39m,
        source: [32m'a#alink'[39m
      }
      ping:click {
        target: [32m'http://localhost:8000/test/it/click.test.html?wtr-session-id=j9bvvnpq3_autobAK32CL#'[39m,
        source: [32m'a#alink'[39m
      }
      ping:click {
        target: [32m'http://localhost:8000/test/it/click.test.html?wtr-session-id=j9bvvnpq3_autobAK32CL#'[39m,
        source: [32m'a#alink'[39m
      }
      ping:click {
        target: [32m'http://localhost:8000/test/it/click.test.html?wtr-session-id=j9bvvnpq3_autobAK32CL#'[39m,
        source: [32m'a#alink'[39m
      }
      ping:click {
        target: [32m'http://localhost:8000/test/it/click.test.html?wtr-session-id=j9bvvnpq3_autobAK32CL#'[39m,
        source: [32m'a#alink'[39m
      }
      ping:click {
        target: [32m'http://localhost:8000/test/it/click.test.html?wtr-session-id=j9bvvnpq3_autobAK32CL#'[39m,
        source: [32m'a#alink'[39m
      }
      ping:click {
        target: [32m'http://localhost:8000/test/it/click.test.html?wtr-session-id=j9bvvnpq3_autobAK32CL#'[39m,
        source: [32m'a#alink'[39m
      }
      ping:click {
        target: [32m'http://localhost:8000/test/it/click.test.html?wtr-session-id=j9bvvnpq3_autobAK32CL#'[39m,
        source: [32m'a#alink'[39m
      }
      ping:click {
        target: [32m'http://localhost:8000/test/it/click.test.html?wtr-session-id=j9bvvnpq3_autobAK32CL#'[39m,
        source: [32m'a#alink'[39m
      }
      ping:click {
        target: [32m'http://localhost:8000/test/it/click.test.html?wtr-session-id=j9bvvnpq3_autobAK32CL#'[39m,
        source: [32m'a#alink'[39m
      }
      ping:click {
        target: [32m'http://localhost:8000/test/it/click.test.html?wtr-session-id=j9bvvnpq3_autobAK32CL#'[39m,
        source: [32m'a#alink'[39m
      }
      ping:click {
        target: [32m'http://localhost:8000/test/it/click.test.html?wtr-session-id=j9bvvnpq3_autobAK32CL#'[39m,
        source: [32m'a#alink'[39m
      }
      ping:click {
        target: [32m'http://localhost:8000/test/it/click.test.html?wtr-session-id=j9bvvnpq3_autobAK32CL#'[39m,
        source: [32m'a#alink'[39m
      }
      ping:click {
        target: [32m'http://localhost:8000/test/it/click.test.html?wtr-session-id=j9bvvnpq3_autobAK32CL#'[39m,
        source: [32m'a#alink'[39m
      }
      ping:click {
        target: [32m'http://localhost:8000/test/it/click.test.html?wtr-session-id=j9bvvnpq3_autobAK32CL#'[39m,
        source: [32m'a#alink'[39m
      }
      ping:click {
        target: [32m'http://localhost:8000/test/it/click.test.html?wtr-session-id=j9bvvnpq3_autobAK32CL#'[39m,
        source: [32m'a#alink'[39m
      }
      ping:click {
        target: [32m'http://localhost:8000/test/it/click.test.html?wtr-session-id=j9bvvnpq3_autobAK32CL#'[39m,
        source: [32m'a#alink'[39m
      }
      ping:click {
        target: [32m'http://localhost:8000/test/it/click.test.html?wtr-session-id=j9bvvnpq3_autobAK32CL#'[39m,
        source: [32m'a#alink'[39m
      }
      ping:click {
        target: [32m'http://localhost:8000/test/it/click.test.html?wtr-session-id=j9bvvnpq3_autobAK32CL#'[39m,
        source: [32m'a#alink'[39m
      }
      ping:click {
        target: [32m'http://localhost:8000/test/it/click.test.html?wtr-session-id=j9bvvnpq3_autobAK32CL#'[39m,
        source: [32m'a#alink'[39m
      }
      ping:click {
        target: [32m'http://localhost:8000/test/it/click.test.html?wtr-session-id=j9bvvnpq3_autobAK32CL#'[39m,
        source: [32m'a#alink'[39m
      }
      ping:click {
        target: [32m'http://localhost:8000/test/it/click.test.html?wtr-session-id=j9bvvnpq3_autobAK32CL#'[39m,
        source: [32m'a#alink'[39m
      }
      ping:click {
        target: [32m'http://localhost:8000/test/it/click.test.html?wtr-session-id=j9bvvnpq3_autobAK32CL#'[39m,
        source: [32m'a#alink'[39m
      }
      ping:click {
        target: [32m'http://localhost:8000/test/it/click.test.html?wtr-session-id=j9bvvnpq3_autobAK32CL#'[39m,
        source: [32m'a#alink'[39m
      }
      ping:click {
        target: [32m'http://localhost:8000/test/it/click.test.html?wtr-session-id=j9bvvnpq3_autobAK32CL#'[39m,
        source: [32m'a#alink'[39m
      }
      ping:click {
        target: [32m'http://localhost:8000/test/it/click.test.html?wtr-session-id=j9bvvnpq3_autobAK32CL#'[39m,
        source: [32m'a#alink'[39m
      }
      ping:click {
        target: [32m'http://localhost:8000/test/it/click.test.html?wtr-session-id=j9bvvnpq3_autobAK32CL#'[39m,
        source: [32m'a#alink'[39m
      }
      ping:click {
        target: [32m'http://localhost:8000/test/it/click.test.html?wtr-session-id=j9bvvnpq3_autobAK32CL#'[39m,
        source: [32m'a#alink'[39m
      }
      ping:click {
        target: [32m'http://localhost:8000/test/it/click.test.html?wtr-session-id=j9bvvnpq3_autobAK32CL#'[39m,
        source: [32m'a#alink'[39m
      }
      ping:click {
        target: [32m'http://localhost:8000/test/it/click.test.html?wtr-session-id=j9bvvnpq3_autobAK32CL#'[39m,
        source: [32m'a#alink'[39m
      }
      ping:click {
        target: [32m'http://localhost:8000/test/it/click.test.html?wtr-session-id=j9bvvnpq3_autobAK32CL#'[39m,
        source: [32m'a#alink'[39m
      }
      ping:cwv { cwv: { LCP: [33m71[39m }, source: [32m'.block'[39m, target: [90mundefined[39m }
      ping:cwv {
        cwv: { LCP: [33m164[39m },
        target: [32m'http://localhost:8000/test/fixtures/fire.jpg'[39m,
        source: [32m'img'[39m
      }
      ping:cwv { cwv: { TTFB: [33m25[39m } }
      ping:click {
        target: [32m'http://localhost:8000/test/it/click.test.html?wtr-session-id=j9bvvnpq3_autobAK32CL#'[39m,
        source: [32m'a#alink'[39m
      }
      ping:click {
        target: [32m'http://localhost:8000/test/it/click.test.html?wtr-session-id=j9bvvnpq3_autobAK32CL#'[39m,
        source: [32m'a#alink'[39m
      }
      ping:click {
        target: [32m'http://localhost:8000/test/it/click.test.html?wtr-session-id=j9bvvnpq3_autobAK32CL#'[39m,
        source: [32m'a#alink'[39m
      }
      ping:click {
        target: [32m'http://localhost:8000/test/it/click.test.html?wtr-session-id=j9bvvnpq3_autobAK32CL#'[39m,
        source: [32m'a#alink'[39m
      }
      ping:click {
        target: [32m'http://localhost:8000/test/it/click.test.html?wtr-session-id=j9bvvnpq3_autobAK32CL#'[39m,
        source: [32m'a#alink'[39m
      }
      ping:click {
        target: [32m'http://localhost:8000/test/it/click.test.html?wtr-session-id=j9bvvnpq3_autobAK32CL#'[39m,
        source: [32m'a#alink'[39m
      }
      ping:click {
        target: [32m'http://localhost:8000/test/it/click.test.html?wtr-session-id=j9bvvnpq3_autobAK32CL#'[39m,
        source: [32m'a#alink'[39m
      }
      ping:click {
        target: [32m'http://localhost:8000/test/it/click.test.html?wtr-session-id=j9bvvnpq3_autobAK32CL#'[39m,
        source: [32m'a#alink'[39m
      }
      ping:click {
        target: [32m'http://localhost:8000/test/it/click.test.html?wtr-session-id=j9bvvnpq3_autobAK32CL#'[39m,
        source: [32m'a#alink'[39m
      }
      ping:click {
        target: [32m'http://localhost:8000/test/it/click.test.html?wtr-session-id=j9bvvnpq3_autobAK32CL#'[39m,
        source: [32m'a#alink'[39m
      }
      ping:click {
        target: [32m'http://localhost:8000/test/it/click.test.html?wtr-session-id=j9bvvnpq3_autobAK32CL#'[39m,
        source: [32m'a#alink'[39m
      }
      ping:click {
        target: [32m'http://localhost:8000/test/it/click.test.html?wtr-session-id=j9bvvnpq3_autobAK32CL#'[39m,
        source: [32m'a#alink'[39m
      }
      ping:click {
        target: [32m'http://localhost:8000/test/it/click.test.html?wtr-session-id=j9bvvnpq3_autobAK32CL#'[39m,
        source: [32m'a#alink'[39m
      }
      ping:click {
        target: [32m'http://localhost:8000/test/it/click.test.html?wtr-session-id=j9bvvnpq3_autobAK32CL#'[39m,
        source: [32m'a#alink'[39m
      }
      ping:click {
        target: [32m'http://localhost:8000/test/it/click.test.html?wtr-session-id=j9bvvnpq3_autobAK32CL#'[39m,
        source: [32m'a#alink'[39m
      }
      ping:click {
        target: [32m'http://localhost:8000/test/it/click.test.html?wtr-session-id=j9bvvnpq3_autobAK32CL#'[39m,
        source: [32m'a#alink'[39m
      }
      ping:click {
        target: [32m'http://localhost:8000/test/it/click.test.html?wtr-session-id=j9bvvnpq3_autobAK32CL#'[39m,
        source: [32m'a#alink'[39m
      }
      ping:click {
        target: [32m'http://localhost:8000/test/it/click.test.html?wtr-session-id=j9bvvnpq3_autobAK32CL#'[39m,
        source: [32m'a#alink'[39m
      }
      ping:click {
        target: [32m'http://localhost:8000/test/it/click.test.html?wtr-session-id=j9bvvnpq3_autobAK32CL#'[39m,
        source: [32m'a#alink'[39m
      }
      ping:click {
        target: [32m'http://localhost:8000/test/it/click.test.html?wtr-session-id=j9bvvnpq3_autobAK32CL#'[39m,
        source: [32m'a#alink'[39m
      }
      ping:click {
        target: [32m'http://localhost:8000/test/it/click.test.html?wtr-session-id=j9bvvnpq3_autobAK32CL#'[39m,
        source: [32m'a#alink'[39m
      }
      ping:click {
        target: [32m'http://localhost:8000/test/it/click.test.html?wtr-session-id=j9bvvnpq3_autobAK32CL#'[39m,
        source: [32m'a#alink'[39m
      }
      ping:click {
        target: [32m'http://localhost:8000/test/it/click.test.html?wtr-session-id=j9bvvnpq3_autobAK32CL#'[39m,
        source: [32m'a#alink'[39m
      }
      ping:click {
        target: [32m'http://localhost:8000/test/it/click.test.html?wtr-session-id=j9bvvnpq3_autobAK32CL#'[39m,
        source: [32m'a#alink'[39m
      }
      ping:click {
        target: [32m'http://localhost:8000/test/it/click.test.html?wtr-session-id=j9bvvnpq3_autobAK32CL#'[39m,
        source: [32m'a#alink'[39m
      }
      ping:click {
        target: [32m'http://localhost:8000/test/it/click.test.html?wtr-session-id=j9bvvnpq3_autobAK32CL#'[39m,
        source: [32m'a#alink'[39m
      }
      ping:click {
        target: [32m'http://localhost:8000/test/it/click.test.html?wtr-session-id=j9bvvnpq3_autobAK32CL#'[39m,
        source: [32m'a#alink'[39m
      }
      ping:click {
        target: [32m'http://localhost:8000/test/it/click.test.html?wtr-session-id=j9bvvnpq3_autobAK32CL#'[39m,
        source: [32m'a#alink'[39m
      }
      ping:click {
        target: [32m'http://localhost:8000/test/it/click.test.html?wtr-session-id=j9bvvnpq3_autobAK32CL#'[39m,
        source: [32m'a#alink'[39m
      }
      ping:click {
        target: [32m'http://localhost:8000/test/it/click.test.html?wtr-session-id=j9bvvnpq3_autobAK32CL#'[39m,
        source: [32m'a#alink'[39m
      }
      ping:click {
        target: [32m'http://localhost:8000/test/it/click.test.html?wtr-session-id=j9bvvnpq3_autobAK32CL#'[39m,
        source: [32m'a#alink'[39m
      }
      ping:click {
        target: [32m'http://localhost:8000/test/it/click.test.html?wtr-session-id=j9bvvnpq3_autobAK32CL#'[39m,
        source: [32m'a#alink'[39m
      }
      ping:click {
        target: [32m'http://localhost:8000/test/it/click.test.html?wtr-session-id=j9bvvnpq3_autobAK32CL#'[39m,
        source: [32m'a#alink'[39m
      }
      ping:click {
        target: [32m'http://localhost:8000/test/it/click.test.html?wtr-session-id=j9bvvnpq3_autobAK32CL#'[39m,
        source: [32m'a#alink'[39m
      }
      ping:click {
        target: [32m'http://localhost:8000/test/it/click.test.html?wtr-session-id=j9bvvnpq3_autobAK32CL#'[39m,
        source: [32m'a#alink'[39m
      }
      ping:click {
        target: [32m'http://localhost:8000/test/it/click.test.html?wtr-session-id=j9bvvnpq3_autobAK32CL#'[39m,
        source: [32m'a#alink'[39m
      }
      ping:click {
        target: [32m'http://localhost:8000/test/it/click.test.html?wtr-session-id=j9bvvnpq3_autobAK32CL#'[39m,
        source: [32m'a#alink'[39m
      }
      ping:click {
        target: [32m'http://localhost:8000/test/it/click.test.html?wtr-session-id=j9bvvnpq3_autobAK32CL#'[39m,
        source: [32m'a#alink'[39m
      }
      ping:click {
        target: [32m'http://localhost:8000/test/it/click.test.html?wtr-session-id=j9bvvnpq3_autobAK32CL#'[39m,
        source: [32m'a#alink'[39m
      }
      ping:click {
        target: [32m'http://localhost:8000/test/it/click.test.html?wtr-session-id=j9bvvnpq3_autobAK32CL#'[39m,
        source: [32m'a#alink'[39m
      }
      ping:click {
        target: [32m'http://localhost:8000/test/it/click.test.html?wtr-session-id=j9bvvnpq3_autobAK32CL#'[39m,
        source: [32m'a#alink'[39m
      }
      ping:click {
        target: [32m'http://localhost:8000/test/it/click.test.html?wtr-session-id=j9bvvnpq3_autobAK32CL#'[39m,
        source: [32m'a#alink'[39m
      }
      ping:click {
        target: [32m'http://localhost:8000/test/it/click.test.html?wtr-session-id=j9bvvnpq3_autobAK32CL#'[39m,
        source: [32m'a#alink'[39m
      }
      ping:click {
        target: [32m'http://localhost:8000/test/it/click.test.html?wtr-session-id=j9bvvnpq3_autobAK32CL#'[39m,
        source: [32m'a#alink'[39m
      }
      ping:click {
        target: [32m'http://localhost:8000/test/it/click.test.html?wtr-session-id=j9bvvnpq3_autobAK32CL#'[39m,
        source: [32m'a#alink'[39m
      }
      ping:click {
        target: [32m'http://localhost:8000/test/it/click.test.html?wtr-session-id=j9bvvnpq3_autobAK32CL#'[39m,
        source: [32m'a#alink'[39m
      }
      ping:click {
        target: [32m'http://localhost:8000/test/it/click.test.html?wtr-session-id=j9bvvnpq3_autobAK32CL#'[39m,
        source: [32m'a#alink'[39m
      }
      ping:click {
        target: [32m'http://localhost:8000/test/it/click.test.html?wtr-session-id=j9bvvnpq3_autobAK32CL#'[39m,
        source: [32m'a#alink'[39m
      }
      ping:click {
        target: [32m'http://localhost:8000/test/it/click.test.html?wtr-session-id=j9bvvnpq3_autobAK32CL#'[39m,
        source: [32m'a#alink'[39m
      }
      ping:click {
        target: [32m'http://localhost:8000/test/it/click.test.html?wtr-session-id=j9bvvnpq3_autobAK32CL#'[39m,
        source: [32m'a#alink'[39m
      }
      ping:click {
        target: [32m'http://localhost:8000/test/it/click.test.html?wtr-session-id=j9bvvnpq3_autobAK32CL#'[39m,
        source: [32m'a#alink'[39m
      }
      ping:click {
        target: [32m'http://localhost:8000/test/it/click.test.html?wtr-session-id=j9bvvnpq3_autobAK32CL#'[39m,
        source: [32m'a#alink'[39m
      }
      ping:click {
        target: [32m'http://localhost:8000/test/it/click.test.html?wtr-session-id=j9bvvnpq3_autobAK32CL#'[39m,
        source: [32m'a#alink'[39m
      }
      ping:click {
        target: [32m'http://localhost:8000/test/it/click.test.html?wtr-session-id=j9bvvnpq3_autobAK32CL#'[39m,
        source: [32m'a#alink'[39m
      }
      ping:click {
        target: [32m'http://localhost:8000/test/it/click.test.html?wtr-session-id=j9bvvnpq3_autobAK32CL#'[39m,
        source: [32m'a#alink'[39m
      }
      ping:click {
        target: [32m'http://localhost:8000/test/it/click.test.html?wtr-session-id=j9bvvnpq3_autobAK32CL#'[39m,
        source: [32m'a#alink'[39m
      }
      ping:click {
        target: [32m'http://localhost:8000/test/it/click.test.html?wtr-session-id=j9bvvnpq3_autobAK32CL#'[39m,
        source: [32m'a#alink'[39m
      }
      ping:click {
        target: [32m'http://localhost:8000/test/it/click.test.html?wtr-session-id=j9bvvnpq3_autobAK32CL#'[39m,
        source: [32m'a#alink'[39m
      }
      ping:click {
        target: [32m'http://localhost:8000/test/it/click.test.html?wtr-session-id=j9bvvnpq3_autobAK32CL#'[39m,
        source: [32m'a#alink'[39m
      }
      ping:click {
        target: [32m'http://localhost:8000/test/it/click.test.html?wtr-session-id=j9bvvnpq3_autobAK32CL#'[39m,
        source: [32m'a#alink'[39m
      }
      ping:click {
        target: [32m'http://localhost:8000/test/it/click.test.html?wtr-session-id=j9bvvnpq3_autobAK32CL#'[39m,
        source: [32m'a#alink'[39m
      }
      ping:click {
        target: [32m'http://localhost:8000/test/it/click.test.html?wtr-session-id=j9bvvnpq3_autobAK32CL#'[39m,
        source: [32m'a#alink'[39m
      }
      ping:click {
        target: [32m'http://localhost:8000/test/it/click.test.html?wtr-session-id=j9bvvnpq3_autobAK32CL#'[39m,
        source: [32m'a#alink'[39m
      }
      ping:click {
        target: [32m'http://localhost:8000/test/it/click.test.html?wtr-session-id=j9bvvnpq3_autobAK32CL#'[39m,
        source: [32m'a#alink'[39m
      }
      ping:click {
        target: [32m'http://localhost:8000/test/it/click.test.html?wtr-session-id=j9bvvnpq3_autobAK32CL#'[39m,
        source: [32m'a#alink'[39m
      }
      ping:click {
        target: [32m'http://localhost:8000/test/it/click.test.html?wtr-session-id=j9bvvnpq3_autobAK32CL#'[39m,
        source: [32m'a#alink'[39m
      }
      ping:click {
        target: [32m'http://localhost:8000/test/it/click.test.html?wtr-session-id=j9bvvnpq3_autobAK32CL#'[39m,
        source: [32m'a#alink'[39m
      }
      ping:click {
        target: [32m'http://localhost:8000/test/it/click.test.html?wtr-session-id=j9bvvnpq3_autobAK32CL#'[39m,
        source: [32m'a#alink'[39m
      }
      ping:click {
        target: [32m'http://localhost:8000/test/it/click.test.html?wtr-session-id=j9bvvnpq3_autobAK32CL#'[39m,
        source: [32m'a#alink'[39m
      }
      ping:click {
        target: [32m'http://localhost:8000/test/it/click.test.html?wtr-session-id=j9bvvnpq3_autobAK32CL#'[39m,
        source: [32m'a#alink'[39m
      }
      ping:click {
        target: [32m'http://localhost:8000/test/it/click.test.html?wtr-session-id=j9bvvnpq3_autobAK32CL#'[39m,
        source: [32m'a#alink'[39m
      }
      ping:click {
        target: [32m'http://localhost:8000/test/it/click.test.html?wtr-session-id=j9bvvnpq3_autobAK32CL#'[39m,
        source: [32m'a#alink'[39m
      }
      ping:click {
        target: [32m'http://localhost:8000/test/it/click.test.html?wtr-session-id=j9bvvnpq3_autobAK32CL#'[39m,
        source: [32m'a#alink'[39m
      }
      ping:click {
        target: [32m'http://localhost:8000/test/it/click.test.html?wtr-session-id=j9bvvnpq3_autobAK32CL#'[39m,
        source: [32m'a#alink'[39m
      }
      ping:click {
        target: [32m'http://localhost:8000/test/it/click.test.html?wtr-session-id=j9bvvnpq3_autobAK32CL#'[39m,
        source: [32m'a#alink'[39m
      }
      ping:click {
        target: [32m'http://localhost:8000/test/it/click.test.html?wtr-session-id=j9bvvnpq3_autobAK32CL#'[39m,
        source: [32m'a#alink'[39m
      }
      ping:click {
        target: [32m'http://localhost:8000/test/it/click.test.html?wtr-session-id=j9bvvnpq3_autobAK32CL#'[39m,
        source: [32m'a#alink'[39m
      }
      ping:click {
        target: [32m'http://localhost:8000/test/it/click.test.html?wtr-session-id=j9bvvnpq3_autobAK32CL#'[39m,
        source: [32m'a#alink'[39m
      }
      ping:click {
        target: [32m'http://localhost:8000/test/it/click.test.html?wtr-session-id=j9bvvnpq3_autobAK32CL#'[39m,
        source: [32m'a#alink'[39m
      }
      ping:click {
        target: [32m'http://localhost:8000/test/it/click.test.html?wtr-session-id=j9bvvnpq3_autobAK32CL#'[39m,
        source: [32m'a#alink'[39m
      }
      ping:click {
        target: [32m'http://localhost:8000/test/it/click.test.html?wtr-session-id=j9bvvnpq3_autobAK32CL#'[39m,
        source: [32m'a#alink'[39m
      }
      ping:click {
        target: [32m'http://localhost:8000/test/it/click.test.html?wtr-session-id=j9bvvnpq3_autobAK32CL#'[39m,
        source: [32m'a#alink'[39m
      }
      ping:click {
        target: [32m'http://localhost:8000/test/it/click.test.html?wtr-session-id=j9bvvnpq3_autobAK32CL#'[39m,
        source: [32m'a#alink'[39m
      }
      ping:click {
        target: [32m'http://localhost:8000/test/it/click.test.html?wtr-session-id=j9bvvnpq3_autobAK32CL#'[39m,
        source: [32m'a#alink'[39m
      }
      ping:click {
        target: [32m'http://localhost:8000/test/it/click.test.html?wtr-session-id=j9bvvnpq3_autobAK32CL#'[39m,
        source: [32m'a#alink'[39m
      }
      ping:click {
        target: [32m'http://localhost:8000/test/it/click.test.html?wtr-session-id=j9bvvnpq3_autobAK32CL#'[39m,
        source: [32m'a#alink'[39m
      }
      ping:click {
        target: [32m'http://localhost:8000/test/it/click.test.html?wtr-session-id=j9bvvnpq3_autobAK32CL#'[39m,
        source: [32m'a#alink'[39m
      }
      ping:click {
        target: [32m'http://localhost:8000/test/it/click.test.html?wtr-session-id=j9bvvnpq3_autobAK32CL#'[39m,
        source: [32m'a#alink'[39m
      }
      ping:click {
        target: [32m'http://localhost:8000/test/it/click.test.html?wtr-session-id=j9bvvnpq3_autobAK32CL#'[39m,
        source: [32m'a#alink'[39m
      }
      ping:click {
        target: [32m'http://localhost:8000/test/it/click.test.html?wtr-session-id=j9bvvnpq3_autobAK32CL#'[39m,
        source: [32m'a#alink'[39m
      }
      ping:click {
        target: [32m'http://localhost:8000/test/it/click.test.html?wtr-session-id=j9bvvnpq3_autobAK32CL#'[39m,
        source: [32m'a#alink'[39m
      }
      ping:click {
        target: [32m'http://localhost:8000/test/it/click.test.html?wtr-session-id=j9bvvnpq3_autobAK32CL#'[39m,
        source: [32m'a#alink'[39m
      }
      ping:click {
        target: [32m'http://localhost:8000/test/it/click.test.html?wtr-session-id=j9bvvnpq3_autobAK32CL#'[39m,
        source: [32m'a#alink'[39m
      }
      ping:click {
        target: [32m'http://localhost:8000/test/it/click.test.html?wtr-session-id=j9bvvnpq3_autobAK32CL#'[39m,
        source: [32m'a#alink'[39m
      }
      ping:click {
        target: [32m'http://localhost:8000/test/it/click.test.html?wtr-session-id=j9bvvnpq3_autobAK32CL#'[39m,
        source: [32m'a#alink'[39m
      }
      ping:click {
        target: [32m'http://localhost:8000/test/it/click.test.html?wtr-session-id=j9bvvnpq3_autobAK32CL#'[39m,
        source: [32m'a#alink'[39m
      }
      ping:click {
        target: [32m'http://localhost:8000/test/it/click.test.html?wtr-session-id=j9bvvnpq3_autobAK32CL#'[39m,
        source: [32m'a#alink'[39m
      }
      ping:click {
        target: [32m'http://localhost:8000/test/it/click.test.html?wtr-session-id=j9bvvnpq3_autobAK32CL#'[39m,
        source: [32m'a#alink'[39m
      }
      ping:click {
        target: [32m'http://localhost:8000/test/it/click.test.html?wtr-session-id=j9bvvnpq3_autobAK32CL#'[39m,
        source: [32m'a#alink'[39m
      }
      ping:click {
        target: [32m'http://localhost:8000/test/it/click.test.html?wtr-session-id=j9bvvnpq3_autobAK32CL#'[39m,
        source: [32m'a#alink'[39m
      }
      ping:click {
        target: [32m'http://localhost:8000/test/it/click.test.html?wtr-session-id=j9bvvnpq3_autobAK32CL#'[39m,
        source: [32m'a#alink'[39m
      }
      ping:click {
        target: [32m'http://localhost:8000/test/it/click.test.html?wtr-session-id=j9bvvnpq3_autobAK32CL#'[39m,
        source: [32m'a#alink'[39m
      }
      ping:click {
        target: [32m'http://localhost:8000/test/it/click.test.html?wtr-session-id=j9bvvnpq3_autobAK32CL#'[39m,
        source: [32m'a#alink'[39m
      }
      ping:click {
        target: [32m'http://localhost:8000/test/it/click.test.html?wtr-session-id=j9bvvnpq3_autobAK32CL#'[39m,
        source: [32m'a#alink'[39m
      }
      ping:click {
        target: [32m'http://localhost:8000/test/it/click.test.html?wtr-session-id=j9bvvnpq3_autobAK32CL#'[39m,
        source: [32m'a#alink'[39m
      }
      ping:click {
        target: [32m'http://localhost:8000/test/it/click.test.html?wtr-session-id=j9bvvnpq3_autobAK32CL#'[39m,
        source: [32m'a#alink'[39m
      }
      ping:click {
        target: [32m'http://localhost:8000/test/it/click.test.html?wtr-session-id=j9bvvnpq3_autobAK32CL#'[39m,
        source: [32m'a#alink'[39m
      }
      ping:click {
        target: [32m'http://localhost:8000/test/it/click.test.html?wtr-session-id=j9bvvnpq3_autobAK32CL#'[39m,
        source: [32m'a#alink'[39m
      }
      ping:click {
        target: [32m'http://localhost:8000/test/it/click.test.html?wtr-session-id=j9bvvnpq3_autobAK32CL#'[39m,
        source: [32m'a#alink'[39m
      }
      ping:click {
        target: [32m'http://localhost:8000/test/it/click.test.html?wtr-session-id=j9bvvnpq3_autobAK32CL#'[39m,
        source: [32m'a#alink'[39m
      }
      ping:click {
        target: [32m'http://localhost:8000/test/it/click.test.html?wtr-session-id=j9bvvnpq3_autobAK32CL#'[39m,
        source: [32m'a#alink'[39m
      }
      ping:click {
        target: [32m'http://localhost:8000/test/it/click.test.html?wtr-session-id=j9bvvnpq3_autobAK32CL#'[39m,
        source: [32m'a#alink'[39m
      }
      ping:click {
        target: [32m'http://localhost:8000/test/it/click.test.html?wtr-session-id=j9bvvnpq3_autobAK32CL#'[39m,
        source: [32m'a#alink'[39m
      }
      ping:click {
        target: [32m'http://localhost:8000/test/it/click.test.html?wtr-session-id=j9bvvnpq3_autobAK32CL#'[39m,
        source: [32m'a#alink'[39m
      }
      ping:click {
        target: [32m'http://localhost:8000/test/it/click.test.html?wtr-session-id=j9bvvnpq3_autobAK32CL#'[39m,
        source: [32m'a#alink'[39m
      }
      ping:click {
        target: [32m'http://localhost:8000/test/it/click.test.html?wtr-session-id=j9bvvnpq3_autobAK32CL#'[39m,
        source: [32m'a#alink'[39m
      }
      ping:click {
        target: [32m'http://localhost:8000/test/it/click.test.html?wtr-session-id=j9bvvnpq3_autobAK32CL#'[39m,
        source: [32m'a#alink'[39m
      }
      ping:click {
        target: [32m'http://localhost:8000/test/it/click.test.html?wtr-session-id=j9bvvnpq3_autobAK32CL#'[39m,
        source: [32m'a#alink'[39m
      }
      ping:click {
        target: [32m'http://localhost:8000/test/it/click.test.html?wtr-session-id=j9bvvnpq3_autobAK32CL#'[39m,
        source: [32m'a#alink'[39m
      }
      ping:click {
        target: [32m'http://localhost:8000/test/it/click.test.html?wtr-session-id=j9bvvnpq3_autobAK32CL#'[39m,
        source: [32m'a#alink'[39m
      }
      ping:click {
        target: [32m'http://localhost:8000/test/it/click.test.html?wtr-session-id=j9bvvnpq3_autobAK32CL#'[39m,
        source: [32m'a#alink'[39m
      }
      ping:click {
        target: [32m'http://localhost:8000/test/it/click.test.html?wtr-session-id=j9bvvnpq3_autobAK32CL#'[39m,
        source: [32m'a#alink'[39m
      }
      ping:click {
        target: [32m'http://localhost:8000/test/it/click.test.html?wtr-session-id=j9bvvnpq3_autobAK32CL#'[39m,
        source: [32m'a#alink'[39m
      }
      ping:click {
        target: [32m'http://localhost:8000/test/it/click.test.html?wtr-session-id=j9bvvnpq3_autobAK32CL#'[39m,
        source: [32m'a#alink'[39m
      }
      ping:click {
        target: [32m'http://localhost:8000/test/it/click.test.html?wtr-session-id=j9bvvnpq3_autobAK32CL#'[39m,
        source: [32m'a#alink'[39m
      }
      ping:click {
        target: [32m'http://localhost:8000/test/it/click.test.html?wtr-session-id=j9bvvnpq3_autobAK32CL#'[39m,
        source: [32m'a#alink'[39m
      }
      ping:click {
        target: [32m'http://localhost:8000/test/it/click.test.html?wtr-session-id=j9bvvnpq3_autobAK32CL#'[39m,
        source: [32m'a#alink'[39m
      }
      ping:click {
        target: [32m'http://localhost:8000/test/it/click.test.html?wtr-session-id=j9bvvnpq3_autobAK32CL#'[39m,
        source: [32m'a#alink'[39m
      }
      ping:click {
        target: [32m'http://localhost:8000/test/it/click.test.html?wtr-session-id=j9bvvnpq3_autobAK32CL#'[39m,
        source: [32m'a#alink'[39m
      }
      ping:click {
        target: [32m'http://localhost:8000/test/it/click.test.html?wtr-session-id=j9bvvnpq3_autobAK32CL#'[39m,
        source: [32m'a#alink'[39m
      }
      ping:click {
        target: [32m'http://localhost:8000/test/it/click.test.html?wtr-session-id=j9bvvnpq3_autobAK32CL#'[39m,
        source: [32m'a#alink'[39m
      }
      ping:click {
        target: [32m'http://localhost:8000/test/it/click.test.html?wtr-session-id=j9bvvnpq3_autobAK32CL#'[39m,
        source: [32m'a#alink'[39m
      }
      ping:click {
        target: [32m'http://localhost:8000/test/it/click.test.html?wtr-session-id=j9bvvnpq3_autobAK32CL#'[39m,
        source: [32m'a#alink'[39m
      }
      ping:click {
        target: [32m'http://localhost:8000/test/it/click.test.html?wtr-session-id=j9bvvnpq3_autobAK32CL#'[39m,
        source: [32m'a#alink'[39m
      }
      ping:click {
        target: [32m'http://localhost:8000/test/it/click.test.html?wtr-session-id=j9bvvnpq3_autobAK32CL#'[39m,
        source: [32m'a#alink'[39m
      }
      ping:click {
        target: [32m'http://localhost:8000/test/it/click.test.html?wtr-session-id=j9bvvnpq3_autobAK32CL#'[39m,
        source: [32m'a#alink'[39m
      }
      ping:click {
        target: [32m'http://localhost:8000/test/it/click.test.html?wtr-session-id=j9bvvnpq3_autobAK32CL#'[39m,
        source: [32m'a#alink'[39m
      }
      ping:click {
        target: [32m'http://localhost:8000/test/it/click.test.html?wtr-session-id=j9bvvnpq3_autobAK32CL#'[39m,
        source: [32m'a#alink'[39m
      }
      ping:click {
        target: [32m'http://localhost:8000/test/it/click.test.html?wtr-session-id=j9bvvnpq3_autobAK32CL#'[39m,
        source: [32m'a#alink'[39m
      }
      ping:click {
        target: [32m'http://localhost:8000/test/it/click.test.html?wtr-session-id=j9bvvnpq3_autobAK32CL#'[39m,
        source: [32m'a#alink'[39m
      }
      ping:click {
        target: [32m'http://localhost:8000/test/it/click.test.html?wtr-session-id=j9bvvnpq3_autobAK32CL#'[39m,
        source: [32m'a#alink'[39m
      }
      ping:click {
        target: [32m'http://localhost:8000/test/it/click.test.html?wtr-session-id=j9bvvnpq3_autobAK32CL#'[39m,
        source: [32m'a#alink'[39m
      }
      ping:click {
        target: [32m'http://localhost:8000/test/it/click.test.html?wtr-session-id=j9bvvnpq3_autobAK32CL#'[39m,
        source: [32m'a#alink'[39m
      }
      ping:click {
        target: [32m'http://localhost:8000/test/it/click.test.html?wtr-session-id=j9bvvnpq3_autobAK32CL#'[39m,
        source: [32m'a#alink'[39m
      }
      ping:click {
        target: [32m'http://localhost:8000/test/it/click.test.html?wtr-session-id=j9bvvnpq3_autobAK32CL#'[39m,
        source: [32m'a#alink'[39m
      }
      ping:click {
        target: [32m'http://localhost:8000/test/it/click.test.html?wtr-session-id=j9bvvnpq3_autobAK32CL#'[39m,
        source: [32m'a#alink'[39m
      }
      ping:click {
        target: [32m'http://localhost:8000/test/it/click.test.html?wtr-session-id=j9bvvnpq3_autobAK32CL#'[39m,
        source: [32m'a#alink'[39m
      }
      ping:click {
        target: [32m'http://localhost:8000/test/it/click.test.html?wtr-session-id=j9bvvnpq3_autobAK32CL#'[39m,
        source: [32m'a#alink'[39m
      }
      ping:click {
        target: [32m'http://localhost:8000/test/it/click.test.html?wtr-session-id=j9bvvnpq3_autobAK32CL#'[39m,
        source: [32m'a#alink'[39m
      }
      ping:click {
        target: [32m'http://localhost:8000/test/it/click.test.html?wtr-session-id=j9bvvnpq3_autobAK32CL#'[39m,
        source: [32m'a#alink'[39m
      }
      ping:click {
        target: [32m'http://localhost:8000/test/it/click.test.html?wtr-session-id=j9bvvnpq3_autobAK32CL#'[39m,
        source: [32m'a#alink'[39m
      }
      ping:click {
        target: [32m'http://localhost:8000/test/it/click.test.html?wtr-session-id=j9bvvnpq3_autobAK32CL#'[39m,
        source: [32m'a#alink'[39m
      }
      ping:click {
        target: [32m'http://localhost:8000/test/it/click.test.html?wtr-session-id=j9bvvnpq3_autobAK32CL#'[39m,
        source: [32m'a#alink'[39m
      }
      ping:click {
        target: [32m'http://localhost:8000/test/it/click.test.html?wtr-session-id=j9bvvnpq3_autobAK32CL#'[39m,
        source: [32m'a#alink'[39m
      }
      ping:click {
        target: [32m'http://localhost:8000/test/it/click.test.html?wtr-session-id=j9bvvnpq3_autobAK32CL#'[39m,
        source: [32m'a#alink'[39m
      }
      ping:click {
        target: [32m'http://localhost:8000/test/it/click.test.html?wtr-session-id=j9bvvnpq3_autobAK32CL#'[39m,
        source: [32m'a#alink'[39m
      }
      ping:click {
        target: [32m'http://localhost:8000/test/it/click.test.html?wtr-session-id=j9bvvnpq3_autobAK32CL#'[39m,
        source: [32m'a#alink'[39m
      }
      ping:click {
        target: [32m'http://localhost:8000/test/it/click.test.html?wtr-session-id=j9bvvnpq3_autobAK32CL#'[39m,
        source: [32m'a#alink'[39m
      }
      ping:click {
        target: [32m'http://localhost:8000/test/it/click.test.html?wtr-session-id=j9bvvnpq3_autobAK32CL#'[39m,
        source: [32m'a#alink'[39m
      }
      ping:click {
        target: [32m'http://localhost:8000/test/it/click.test.html?wtr-session-id=j9bvvnpq3_autobAK32CL#'[39m,
        source: [32m'a#alink'[39m
      }
      ping:click {
        target: [32m'http://localhost:8000/test/it/click.test.html?wtr-session-id=j9bvvnpq3_autobAK32CL#'[39m,
        source: [32m'a#alink'[39m
      }
      ping:click {
        target: [32m'http://localhost:8000/test/it/click.test.html?wtr-session-id=j9bvvnpq3_autobAK32CL#'[39m,
        source: [32m'a#alink'[39m
      }
      ping:click {
        target: [32m'http://localhost:8000/test/it/click.test.html?wtr-session-id=j9bvvnpq3_autobAK32CL#'[39m,
        source: [32m'a#alink'[39m
      }
      ping:click {
        target: [32m'http://localhost:8000/test/it/click.test.html?wtr-session-id=j9bvvnpq3_autobAK32CL#'[39m,
        source: [32m'a#alink'[39m
      }
      ping:click {
        target: [32m'http://localhost:8000/test/it/click.test.html?wtr-session-id=j9bvvnpq3_autobAK32CL#'[39m,
        source: [32m'a#alink'[39m
      }
      ping:click {
        target: [32m'http://localhost:8000/test/it/click.test.html?wtr-session-id=j9bvvnpq3_autobAK32CL#'[39m,
        source: [32m'a#alink'[39m
      }
      ping:click {
        target: [32m'http://localhost:8000/test/it/click.test.html?wtr-session-id=j9bvvnpq3_autobAK32CL#'[39m,
        source: [32m'a#alink'[39m
      }
      ping:click {
        target: [32m'http://localhost:8000/test/it/click.test.html?wtr-session-id=j9bvvnpq3_autobAK32CL#'[39m,
        source: [32m'a#alink'[39m
      }
      ping:click {
        target: [32m'http://localhost:8000/test/it/click.test.html?wtr-session-id=j9bvvnpq3_autobAK32CL#'[39m,
        source: [32m'a#alink'[39m
      }
      ping:click {
        target: [32m'http://localhost:8000/test/it/click.test.html?wtr-session-id=j9bvvnpq3_autobAK32CL#'[39m,
        source: [32m'a#alink'[39m
      }
      ping:click {
        target: [32m'http://localhost:8000/test/it/click.test.html?wtr-session-id=j9bvvnpq3_autobAK32CL#'[39m,
        source: [32m'a#alink'[39m
      }
      ping:click {
        target: [32m'http://localhost:8000/test/it/click.test.html?wtr-session-id=j9bvvnpq3_autobAK32CL#'[39m,
        source: [32m'a#alink'[39m
      }
      ping:click {
        target: [32m'http://localhost:8000/test/it/click.test.html?wtr-session-id=j9bvvnpq3_autobAK32CL#'[39m,
        source: [32m'a#alink'[39m
      }
      ping:click {
        target: [32m'http://localhost:8000/test/it/click.test.html?wtr-session-id=j9bvvnpq3_autobAK32CL#'[39m,
        source: [32m'a#alink'[39m
      }
      ping:click {
        target: [32m'http://localhost:8000/test/it/click.test.html?wtr-session-id=j9bvvnpq3_autobAK32CL#'[39m,
        source: [32m'a#alink'[39m
      }
      ping:click {
        target: [32m'http://localhost:8000/test/it/click.test.html?wtr-session-id=j9bvvnpq3_autobAK32CL#'[39m,
        source: [32m'a#alink'[39m
      }
      ping:click {
        target: [32m'http://localhost:8000/test/it/click.test.html?wtr-session-id=j9bvvnpq3_autobAK32CL#'[39m,
        source: [32m'a#alink'[39m
      }
      ping:click {
        target: [32m'http://localhost:8000/test/it/click.test.html?wtr-session-id=j9bvvnpq3_autobAK32CL#'[39m,
        source: [32m'a#alink'[39m
      }
      ping:click {
        target: [32m'http://localhost:8000/test/it/click.test.html?wtr-session-id=j9bvvnpq3_autobAK32CL#'[39m,
        source: [32m'a#alink'[39m
      }
      ping:click {
        target: [32m'http://localhost:8000/test/it/click.test.html?wtr-session-id=j9bvvnpq3_autobAK32CL#'[39m,
        source: [32m'a#alink'[39m
      }
      ping:click {
        target: [32m'http://localhost:8000/test/it/click.test.html?wtr-session-id=j9bvvnpq3_autobAK32CL#'[39m,
        source: [32m'a#alink'[39m
      }
      ping:click {
        target: [32m'http://localhost:8000/test/it/click.test.html?wtr-session-id=j9bvvnpq3_autobAK32CL#'[39m,
        source: [32m'a#alink'[39m
      }
      ping:click {
        target: [32m'http://localhost:8000/test/it/click.test.html?wtr-session-id=j9bvvnpq3_autobAK32CL#'[39m,
        source: [32m'a#alink'[39m
      }
      ping:click {
        target: [32m'http://localhost:8000/test/it/click.test.html?wtr-session-id=j9bvvnpq3_autobAK32CL#'[39m,
        source: [32m'a#alink'[39m
      }
      ping:click {
        target: [32m'http://localhost:8000/test/it/click.test.html?wtr-session-id=j9bvvnpq3_autobAK32CL#'[39m,
        source: [32m'a#alink'[39m
      }
      ping:click {
        target: [32m'http://localhost:8000/test/it/click.test.html?wtr-session-id=j9bvvnpq3_autobAK32CL#'[39m,
        source: [32m'a#alink'[39m
      }
      ping:click {
        target: [32m'http://localhost:8000/test/it/click.test.html?wtr-session-id=j9bvvnpq3_autobAK32CL#'[39m,
        source: [32m'a#alink'[39m
      }
      ping:click {
        target: [32m'http://localhost:8000/test/it/click.test.html?wtr-session-id=j9bvvnpq3_autobAK32CL#'[39m,
        source: [32m'a#alink'[39m
      }
      ping:click {
        target: [32m'http://localhost:8000/test/it/click.test.html?wtr-session-id=j9bvvnpq3_autobAK32CL#'[39m,
        source: [32m'a#alink'[39m
      }
      ping:click {
        target: [32m'http://localhost:8000/test/it/click.test.html?wtr-session-id=j9bvvnpq3_autobAK32CL#'[39m,
        source: [32m'a#alink'[39m
      }
      ping:click {
        target: [32m'http://localhost:8000/test/it/click.test.html?wtr-session-id=j9bvvnpq3_autobAK32CL#'[39m,
        source: [32m'a#alink'[39m
      }
      ping:click {
        target: [32m'http://localhost:8000/test/it/click.test.html?wtr-session-id=j9bvvnpq3_autobAK32CL#'[39m,
        source: [32m'a#alink'[39m
      }
      ping:click {
        target: [32m'http://localhost:8000/test/it/click.test.html?wtr-session-id=j9bvvnpq3_autobAK32CL#'[39m,
        source: [32m'a#alink'[39m
      }
      ping:click {
        target: [32m'http://localhost:8000/test/it/click.test.html?wtr-session-id=j9bvvnpq3_autobAK32CL#'[39m,
        source: [32m'a#alink'[39m
      }
      ping:click {
        target: [32m'http://localhost:8000/test/it/click.test.html?wtr-session-id=j9bvvnpq3_autobAK32CL#'[39m,
        source: [32m'a#alink'[39m
      }
      ping:click {
        target: [32m'http://localhost:8000/test/it/click.test.html?wtr-session-id=j9bvvnpq3_autobAK32CL#'[39m,
        source: [32m'a#alink'[39m
      }
      ping:click {
        target: [32m'http://localhost:8000/test/it/click.test.html?wtr-session-id=j9bvvnpq3_autobAK32CL#'[39m,
        source: [32m'a#alink'[39m
      }
      ping:click {
        target: [32m'http://localhost:8000/test/it/click.test.html?wtr-session-id=j9bvvnpq3_autobAK32CL#'[39m,
        source: [32m'a#alink'[39m
      }
      ping:click {
        target: [32m'http://localhost:8000/test/it/click.test.html?wtr-session-id=j9bvvnpq3_autobAK32CL#'[39m,
        source: [32m'a#alink'[39m
      }
      ping:click {
        target: [32m'http://localhost:8000/test/it/click.test.html?wtr-session-id=j9bvvnpq3_autobAK32CL#'[39m,
        source: [32m'a#alink'[39m
      }
      ping:click {
        target: [32m'http://localhost:8000/test/it/click.test.html?wtr-session-id=j9bvvnpq3_autobAK32CL#'[39m,
        source: [32m'a#alink'[39m
      }
      ping:click {
        target: [32m'http://localhost:8000/test/it/click.test.html?wtr-session-id=j9bvvnpq3_autobAK32CL#'[39m,
        source: [32m'a#alink'[39m
      }
      ping:click {
        target: [32m'http://localhost:8000/test/it/click.test.html?wtr-session-id=j9bvvnpq3_autobAK32CL#'[39m,
        source: [32m'a#alink'[39m
      }
      ping:click {
        target: [32m'http://localhost:8000/test/it/click.test.html?wtr-session-id=j9bvvnpq3_autobAK32CL#'[39m,
        source: [32m'a#alink'[39m
      }
      ping:click {
        target: [32m'http://localhost:8000/test/it/click.test.html?wtr-session-id=j9bvvnpq3_autobAK32CL#'[39m,
        source: [32m'a#alink'[39m
      }
      ping:click {
        target: [32m'http://localhost:8000/test/it/click.test.html?wtr-session-id=j9bvvnpq3_autobAK32CL#'[39m,
        source: [32m'a#alink'[39m
      }
      ping:click {
        target: [32m'http://localhost:8000/test/it/click.test.html?wtr-session-id=j9bvvnpq3_autobAK32CL#'[39m,
        source: [32m'a#alink'[39m
      }
      ping:click {
        target: [32m'http://localhost:8000/test/it/click.test.html?wtr-session-id=j9bvvnpq3_autobAK32CL#'[39m,
        source: [32m'a#alink'[39m
      }
      ping:click {
        target: [32m'http://localhost:8000/test/it/click.test.html?wtr-session-id=j9bvvnpq3_autobAK32CL#'[39m,
        source: [32m'a#alink'[39m
      }
      ping:click {
        target: [32m'http://localhost:8000/test/it/click.test.html?wtr-session-id=j9bvvnpq3_autobAK32CL#'[39m,
        source: [32m'a#alink'[39m
      }
      ping:click {
        target: [32m'http://localhost:8000/test/it/click.test.html?wtr-session-id=j9bvvnpq3_autobAK32CL#'[39m,
        source: [32m'a#alink'[39m
      }
      ping:click {
        target: [32m'http://localhost:8000/test/it/click.test.html?wtr-session-id=j9bvvnpq3_autobAK32CL#'[39m,
        source: [32m'a#alink'[39m
      }
      ping:click {
        target: [32m'http://localhost:8000/test/it/click.test.html?wtr-session-id=j9bvvnpq3_autobAK32CL#'[39m,
        source: [32m'a#alink'[39m
      }
      ping:click {
        target: [32m'http://localhost:8000/test/it/click.test.html?wtr-session-id=j9bvvnpq3_autobAK32CL#'[39m,
        source: [32m'a#alink'[39m
      }
      ping:click {
        target: [32m'http://localhost:8000/test/it/click.test.html?wtr-session-id=j9bvvnpq3_autobAK32CL#'[39m,
        source: [32m'a#alink'[39m
      }
      ping:click {
        target: [32m'http://localhost:8000/test/it/click.test.html?wtr-session-id=j9bvvnpq3_autobAK32CL#'[39m,
        source: [32m'a#alink'[39m
      }
      ping:click {
        target: [32m'http://localhost:8000/test/it/click.test.html?wtr-session-id=j9bvvnpq3_autobAK32CL#'[39m,
        source: [32m'a#alink'[39m
      }
      ping:click {
        target: [32m'http://localhost:8000/test/it/click.test.html?wtr-session-id=j9bvvnpq3_autobAK32CL#'[39m,
        source: [32m'a#alink'[39m
      }
      ping:click {
        target: [32m'http://localhost:8000/test/it/click.test.html?wtr-session-id=j9bvvnpq3_autobAK32CL#'[39m,
        source: [32m'a#alink'[39m
      }
      ping:click {
        target: [32m'http://localhost:8000/test/it/click.test.html?wtr-session-id=j9bvvnpq3_autobAK32CL#'[39m,
        source: [32m'a#alink'[39m
      }
      ping:click {
        target: [32m'http://localhost:8000/test/it/click.test.html?wtr-session-id=j9bvvnpq3_autobAK32CL#'[39m,
        source: [32m'a#alink'[39m
      }
      ping:click {
        target: [32m'http://localhost:8000/test/it/click.test.html?wtr-session-id=j9bvvnpq3_autobAK32CL#'[39m,
        source: [32m'a#alink'[39m
      }
      ping:click {
        target: [32m'http://localhost:8000/test/it/click.test.html?wtr-session-id=j9bvvnpq3_autobAK32CL#'[39m,
        source: [32m'a#alink'[39m
      }
      ping:click {
        target: [32m'http://localhost:8000/test/it/click.test.html?wtr-session-id=j9bvvnpq3_autobAK32CL#'[39m,
        source: [32m'a#alink'[39m
      }
      ping:click {
        target: [32m'http://localhost:8000/test/it/click.test.html?wtr-session-id=j9bvvnpq3_autobAK32CL#'[39m,
        source: [32m'a#alink'[39m
      }
      ping:click {
        target: [32m'http://localhost:8000/test/it/click.test.html?wtr-session-id=j9bvvnpq3_autobAK32CL#'[39m,
        source: [32m'a#alink'[39m
      }
      ping:click {
        target: [32m'http://localhost:8000/test/it/click.test.html?wtr-session-id=j9bvvnpq3_autobAK32CL#'[39m,
        source: [32m'a#alink'[39m
      }
      ping:click {
        target: [32m'http://localhost:8000/test/it/click.test.html?wtr-session-id=j9bvvnpq3_autobAK32CL#'[39m,
        source: [32m'a#alink'[39m
      }
      ping:click {
        target: [32m'http://localhost:8000/test/it/click.test.html?wtr-session-id=j9bvvnpq3_autobAK32CL#'[39m,
        source: [32m'a#alink'[39m
      }
      ping:click {
        target: [32m'http://localhost:8000/test/it/click.test.html?wtr-session-id=j9bvvnpq3_autobAK32CL#'[39m,
        source: [32m'a#alink'[39m
      }
      ping:click {
        target: [32m'http://localhost:8000/test/it/click.test.html?wtr-session-id=j9bvvnpq3_autobAK32CL#'[39m,
        source: [32m'a#alink'[39m
      }
      ping:click {
        target: [32m'http://localhost:8000/test/it/click.test.html?wtr-session-id=j9bvvnpq3_autobAK32CL#'[39m,
        source: [32m'a#alink'[39m
      }
      ping:click {
        target: [32m'http://localhost:8000/test/it/click.test.html?wtr-session-id=j9bvvnpq3_autobAK32CL#'[39m,
        source: [32m'a#alink'[39m
      }
      ping:click {
        target: [32m'http://localhost:8000/test/it/click.test.html?wtr-session-id=j9bvvnpq3_autobAK32CL#'[39m,
        source: [32m'a#alink'[39m
      }
      ping:click {
        target: [32m'http://localhost:8000/test/it/click.test.html?wtr-session-id=j9bvvnpq3_autobAK32CL#'[39m,
        source: [32m'a#alink'[39m
      }
      ping:click {
        target: [32m'http://localhost:8000/test/it/click.test.html?wtr-session-id=j9bvvnpq3_autobAK32CL#'[39m,
        source: [32m'a#alink'[39m
      }
      ping:click {
        target: [32m'http://localhost:8000/test/it/click.test.html?wtr-session-id=j9bvvnpq3_autobAK32CL#'[39m,
        source: [32m'a#alink'[39m
      }
      ping:click {
        target: [32m'http://localhost:8000/test/it/click.test.html?wtr-session-id=j9bvvnpq3_autobAK32CL#'[39m,
        source: [32m'a#alink'[39m
      }
      ping:click {
        target: [32m'http://localhost:8000/test/it/click.test.html?wtr-session-id=j9bvvnpq3_autobAK32CL#'[39m,
        source: [32m'a#alink'[39m
      }
      ping:click {
        target: [32m'http://localhost:8000/test/it/click.test.html?wtr-session-id=j9bvvnpq3_autobAK32CL#'[39m,
        source: [32m'a#alink'[39m
      }
      ping:click {
        target: [32m'http://localhost:8000/test/it/click.test.html?wtr-session-id=j9bvvnpq3_autobAK32CL#'[39m,
        source: [32m'a#alink'[39m
      }
      ping:click {
        target: [32m'http://localhost:8000/test/it/click.test.html?wtr-session-id=j9bvvnpq3_autobAK32CL#'[39m,
        source: [32m'a#alink'[39m
      }
      ping:click {
        target: [32m'http://localhost:8000/test/it/click.test.html?wtr-session-id=j9bvvnpq3_autobAK32CL#'[39m,
        source: [32m'a#alink'[39m
      }
      ping:click {
        target: [32m'http://localhost:8000/test/it/click.test.html?wtr-session-id=j9bvvnpq3_autobAK32CL#'[39m,
        source: [32m'a#alink'[39m
      }
      ping:click {
        target: [32m'http://localhost:8000/test/it/click.test.html?wtr-session-id=j9bvvnpq3_autobAK32CL#'[39m,
        source: [32m'a#alink'[39m
      }
      ping:click {
        target: [32m'http://localhost:8000/test/it/click.test.html?wtr-session-id=j9bvvnpq3_autobAK32CL#'[39m,
        source: [32m'a#alink'[39m
      }
      ping:click {
        target: [32m'http://localhost:8000/test/it/click.test.html?wtr-session-id=j9bvvnpq3_autobAK32CL#'[39m,
        source: [32m'a#alink'[39m
      }
      ping:click {
        target: [32m'http://localhost:8000/test/it/click.test.html?wtr-session-id=j9bvvnpq3_autobAK32CL#'[39m,
        source: [32m'a#alink'[39m
      }
      ping:click {
        target: [32m'http://localhost:8000/test/it/click.test.html?wtr-session-id=j9bvvnpq3_autobAK32CL#'[39m,
        source: [32m'a#alink'[39m
      }
      ping:click {
        target: [32m'http://localhost:8000/test/it/click.test.html?wtr-session-id=j9bvvnpq3_autobAK32CL#'[39m,
        source: [32m'a#alink'[39m
      }
      ping:click {
        target: [32m'http://localhost:8000/test/it/click.test.html?wtr-session-id=j9bvvnpq3_autobAK32CL#'[39m,
        source: [32m'a#alink'[39m
      }
      ping:click {
        target: [32m'http://localhost:8000/test/it/click.test.html?wtr-session-id=j9bvvnpq3_autobAK32CL#'[39m,
        source: [32m'a#alink'[39m
      }
      ping:click {
        target: [32m'http://localhost:8000/test/it/click.test.html?wtr-session-id=j9bvvnpq3_autobAK32CL#'[39m,
        source: [32m'a#alink'[39m
      }
      ping:click {
        target: [32m'http://localhost:8000/test/it/click.test.html?wtr-session-id=j9bvvnpq3_autobAK32CL#'[39m,
        source: [32m'a#alink'[39m
      }
      ping:click {
        target: [32m'http://localhost:8000/test/it/click.test.html?wtr-session-id=j9bvvnpq3_autobAK32CL#'[39m,
        source: [32m'a#alink'[39m
      }
      ping:click {
        target: [32m'http://localhost:8000/test/it/click.test.html?wtr-session-id=j9bvvnpq3_autobAK32CL#'[39m,
        source: [32m'a#alink'[39m
      }
      ping:click {
        target: [32m'http://localhost:8000/test/it/click.test.html?wtr-session-id=j9bvvnpq3_autobAK32CL#'[39m,
        source: [32m'a#alink'[39m
      }
      ping:click {
        target: [32m'http://localhost:8000/test/it/click.test.html?wtr-session-id=j9bvvnpq3_autobAK32CL#'[39m,
        source: [32m'a#alink'[39m
      }
      ping:click {
        target: [32m'http://localhost:8000/test/it/click.test.html?wtr-session-id=j9bvvnpq3_autobAK32CL#'[39m,
        source: [32m'a#alink'[39m
      }
      ping:click {
        target: [32m'http://localhost:8000/test/it/click.test.html?wtr-session-id=j9bvvnpq3_autobAK32CL#'[39m,
        source: [32m'a#alink'[39m
      }
      ping:click {
        target: [32m'http://localhost:8000/test/it/click.test.html?wtr-session-id=j9bvvnpq3_autobAK32CL#'[39m,
        source: [32m'a#alink'[39m
      }
      ping:click {
        target: [32m'http://localhost:8000/test/it/click.test.html?wtr-session-id=j9bvvnpq3_autobAK32CL#'[39m,
        source: [32m'a#alink'[39m
      }
      ping:click {
        target: [32m'http://localhost:8000/test/it/click.test.html?wtr-session-id=j9bvvnpq3_autobAK32CL#'[39m,
        source: [32m'a#alink'[39m
      }
      ping:click {
        target: [32m'http://localhost:8000/test/it/click.test.html?wtr-session-id=j9bvvnpq3_autobAK32CL#'[39m,
        source: [32m'a#alink'[39m
      }
      ping:click {
        target: [32m'http://localhost:8000/test/it/click.test.html?wtr-session-id=j9bvvnpq3_autobAK32CL#'[39m,
        source: [32m'a#alink'[39m
      }
      ping:click {
        target: [32m'http://localhost:8000/test/it/click.test.html?wtr-session-id=j9bvvnpq3_autobAK32CL#'[39m,
        source: [32m'a#alink'[39m
      }
      ping:click {
        target: [32m'http://localhost:8000/test/it/click.test.html?wtr-session-id=j9bvvnpq3_autobAK32CL#'[39m,
        source: [32m'a#alink'[39m
      }
      ping:click {
        target: [32m'http://localhost:8000/test/it/click.test.html?wtr-session-id=j9bvvnpq3_autobAK32CL#'[39m,
        source: [32m'a#alink'[39m
      }
      ping:click {
        target: [32m'http://localhost:8000/test/it/click.test.html?wtr-session-id=j9bvvnpq3_autobAK32CL#'[39m,
        source: [32m'a#alink'[39m
      }
      ping:click {
        target: [32m'http://localhost:8000/test/it/click.test.html?wtr-session-id=j9bvvnpq3_autobAK32CL#'[39m,
        source: [32m'a#alink'[39m
      }
      ping:click {
        target: [32m'http://localhost:8000/test/it/click.test.html?wtr-session-id=j9bvvnpq3_autobAK32CL#'[39m,
        source: [32m'a#alink'[39m
      }
      ping:click {
        target: [32m'http://localhost:8000/test/it/click.test.html?wtr-session-id=j9bvvnpq3_autobAK32CL#'[39m,
        source: [32m'a#alink'[39m
      }
      ping:click {
        target: [32m'http://localhost:8000/test/it/click.test.html?wtr-session-id=j9bvvnpq3_autobAK32CL#'[39m,
        source: [32m'a#alink'[39m
      }
      ping:click {
        target: [32m'http://localhost:8000/test/it/click.test.html?wtr-session-id=j9bvvnpq3_autobAK32CL#'[39m,
        source: [32m'a#alink'[39m
      }
      ping:click {
        target: [32m'http://localhost:8000/test/it/click.test.html?wtr-session-id=j9bvvnpq3_autobAK32CL#'[39m,
        source: [32m'a#alink'[39m
      }
      ping:click {
        target: [32m'http://localhost:8000/test/it/click.test.html?wtr-session-id=j9bvvnpq3_autobAK32CL#'[39m,
        source: [32m'a#alink'[39m
      }
      ping:click {
        target: [32m'http://localhost:8000/test/it/click.test.html?wtr-session-id=j9bvvnpq3_autobAK32CL#'[39m,
        source: [32m'a#alink'[39m
      }
      ping:click {
        target: [32m'http://localhost:8000/test/it/click.test.html?wtr-session-id=j9bvvnpq3_autobAK32CL#'[39m,
        source: [32m'a#alink'[39m
      }
      ping:click {
        target: [32m'http://localhost:8000/test/it/click.test.html?wtr-session-id=j9bvvnpq3_autobAK32CL#'[39m,
        source: [32m'a#alink'[39m
      }
      ping:click {
        target: [32m'http://localhost:8000/test/it/click.test.html?wtr-session-id=j9bvvnpq3_autobAK32CL#'[39m,
        source: [32m'a#alink'[39m
      }
      ping:click {
        target: [32m'http://localhost:8000/test/it/click.test.html?wtr-session-id=j9bvvnpq3_autobAK32CL#'[39m,
        source: [32m'a#alink'[39m
      }
      ping:click {
        target: [32m'http://localhost:8000/test/it/click.test.html?wtr-session-id=j9bvvnpq3_autobAK32CL#'[39m,
        source: [32m'a#alink'[39m
      }
      ping:click {
        target: [32m'http://localhost:8000/test/it/click.test.html?wtr-session-id=j9bvvnpq3_autobAK32CL#'[39m,
        source: [32m'a#alink'[39m
      }
      ping:click {
        target: [32m'http://localhost:8000/test/it/click.test.html?wtr-session-id=j9bvvnpq3_autobAK32CL#'[39m,
        source: [32m'a#alink'[39m
      }
      ping:click {
        target: [32m'http://localhost:8000/test/it/click.test.html?wtr-session-id=j9bvvnpq3_autobAK32CL#'[39m,
        source: [32m'a#alink'[39m
      }
      ping:click {
        target: [32m'http://localhost:8000/test/it/click.test.html?wtr-session-id=j9bvvnpq3_autobAK32CL#'[39m,
        source: [32m'a#alink'[39m
      }
      ping:click {
        target: [32m'http://localhost:8000/test/it/click.test.html?wtr-session-id=j9bvvnpq3_autobAK32CL#'[39m,
        source: [32m'a#alink'[39m
      }
      ping:click {
        target: [32m'http://localhost:8000/test/it/click.test.html?wtr-session-id=j9bvvnpq3_autobAK32CL#'[39m,
        source: [32m'a#alink'[39m
      }
      ping:click {
        target: [32m'http://localhost:8000/test/it/click.test.html?wtr-session-id=j9bvvnpq3_autobAK32CL#'[39m,
        source: [32m'a#alink'[39m
      }
      ping:click {
        target: [32m'http://localhost:8000/test/it/click.test.html?wtr-session-id=j9bvvnpq3_autobAK32CL#'[39m,
        source: [32m'a#alink'[39m
      }
      ping:click {
        target: [32m'http://localhost:8000/test/it/click.test.html?wtr-session-id=j9bvvnpq3_autobAK32CL#'[39m,
        source: [32m'a#alink'[39m
      }
      ping:click {
        target: [32m'http://localhost:8000/test/it/click.test.html?wtr-session-id=j9bvvnpq3_autobAK32CL#'[39m,
        source: [32m'a#alink'[39m
      }
      ping:click {
        target: [32m'http://localhost:8000/test/it/click.test.html?wtr-session-id=j9bvvnpq3_autobAK32CL#'[39m,
        source: [32m'a#alink'[39m
      }
      ping:click {
        target: [32m'http://localhost:8000/test/it/click.test.html?wtr-session-id=j9bvvnpq3_autobAK32CL#'[39m,
        source: [32m'a#alink'[39m
      }
      ping:click {
        target: [32m'http://localhost:8000/test/it/click.test.html?wtr-session-id=j9bvvnpq3_autobAK32CL#'[39m,
        source: [32m'a#alink'[39m
      }
      ping:click {
        target: [32m'http://localhost:8000/test/it/click.test.html?wtr-session-id=j9bvvnpq3_autobAK32CL#'[39m,
        source: [32m'a#alink'[39m
      }
      ping:click {
        target: [32m'http://localhost:8000/test/it/click.test.html?wtr-session-id=j9bvvnpq3_autobAK32CL#'[39m,
        source: [32m'a#alink'[39m
      }
      ping:click {
        target: [32m'http://localhost:8000/test/it/click.test.html?wtr-session-id=j9bvvnpq3_autobAK32CL#'[39m,
        source: [32m'a#alink'[39m
      }
      ping:click {
        target: [32m'http://localhost:8000/test/it/click.test.html?wtr-session-id=j9bvvnpq3_autobAK32CL#'[39m,
        source: [32m'a#alink'[39m
      }
      ping:click {
        target: [32m'http://localhost:8000/test/it/click.test.html?wtr-session-id=j9bvvnpq3_autobAK32CL#'[39m,
        source: [32m'a#alink'[39m
      }
      ping:click {
        target: [32m'http://localhost:8000/test/it/click.test.html?wtr-session-id=j9bvvnpq3_autobAK32CL#'[39m,
        source: [32m'a#alink'[39m
      }
      ping:click {
        target: [32m'http://localhost:8000/test/it/click.test.html?wtr-session-id=j9bvvnpq3_autobAK32CL#'[39m,
        source: [32m'a#alink'[39m
      }
      ping:click {
        target: [32m'http://localhost:8000/test/it/click.test.html?wtr-session-id=j9bvvnpq3_autobAK32CL#'[39m,
        source: [32m'a#alink'[39m
      }
      ping:click {
        target: [32m'http://localhost:8000/test/it/click.test.html?wtr-session-id=j9bvvnpq3_autobAK32CL#'[39m,
        source: [32m'a#alink'[39m
      }
      ping:click {
        target: [32m'http://localhost:8000/test/it/click.test.html?wtr-session-id=j9bvvnpq3_autobAK32CL#'[39m,
        source: [32m'a#alink'[39m
      }
      ping:click {
        target: [32m'http://localhost:8000/test/it/click.test.html?wtr-session-id=j9bvvnpq3_autobAK32CL#'[39m,
        source: [32m'a#alink'[39m
      }
      ping:click {
        target: [32m'http://localhost:8000/test/it/click.test.html?wtr-session-id=j9bvvnpq3_autobAK32CL#'[39m,
        source: [32m'a#alink'[39m
      }
      ping:click {
        target: [32m'http://localhost:8000/test/it/click.test.html?wtr-session-id=j9bvvnpq3_autobAK32CL#'[39m,
        source: [32m'a#alink'[39m
      }
      ping:click {
        target: [32m'http://localhost:8000/test/it/click.test.html?wtr-session-id=j9bvvnpq3_autobAK32CL#'[39m,
        source: [32m'a#alink'[39m
      }
      ping:click {
        target: [32m'http://localhost:8000/test/it/click.test.html?wtr-session-id=j9bvvnpq3_autobAK32CL#'[39m,
        source: [32m'a#alink'[39m
      }
      ping:click {
        target: [32m'http://localhost:8000/test/it/click.test.html?wtr-session-id=j9bvvnpq3_autobAK32CL#'[39m,
        source: [32m'a#alink'[39m
      }
      ping:click {
        target: [32m'http://localhost:8000/test/it/click.test.html?wtr-session-id=j9bvvnpq3_autobAK32CL#'[39m,
        source: [32m'a#alink'[39m
      }
      ping:click {
        target: [32m'http://localhost:8000/test/it/click.test.html?wtr-session-id=j9bvvnpq3_autobAK32CL#'[39m,
        source: [32m'a#alink'[39m
      }
      ping:click {
        target: [32m'http://localhost:8000/test/it/click.test.html?wtr-session-id=j9bvvnpq3_autobAK32CL#'[39m,
        source: [32m'a#alink'[39m
      }
      ping:click {
        target: [32m'http://localhost:8000/test/it/click.test.html?wtr-session-id=j9bvvnpq3_autobAK32CL#'[39m,
        source: [32m'a#alink'[39m
      }
      ping:click {
        target: [32m'http://localhost:8000/test/it/click.test.html?wtr-session-id=j9bvvnpq3_autobAK32CL#'[39m,
        source: [32m'a#alink'[39m
      }
      ping:click {
        target: [32m'http://localhost:8000/test/it/click.test.html?wtr-session-id=j9bvvnpq3_autobAK32CL#'[39m,
        source: [32m'a#alink'[39m
      }
      ping:click {
        target: [32m'http://localhost:8000/test/it/click.test.html?wtr-session-id=j9bvvnpq3_autobAK32CL#'[39m,
        source: [32m'a#alink'[39m
      }
      ping:click {
        target: [32m'http://localhost:8000/test/it/click.test.html?wtr-session-id=j9bvvnpq3_autobAK32CL#'[39m,
        source: [32m'a#alink'[39m
      }
      ping:click {
        target: [32m'http://localhost:8000/test/it/click.test.html?wtr-session-id=j9bvvnpq3_autobAK32CL#'[39m,
        source: [32m'a#alink'[39m
      }
      ping:click {
        target: [32m'http://localhost:8000/test/it/click.test.html?wtr-session-id=j9bvvnpq3_autobAK32CL#'[39m,
        source: [32m'a#alink'[39m
      }
      ping:click {
        target: [32m'http://localhost:8000/test/it/click.test.html?wtr-session-id=j9bvvnpq3_autobAK32CL#'[39m,
        source: [32m'a#alink'[39m
      }
      ping:click {
        target: [32m'http://localhost:8000/test/it/click.test.html?wtr-session-id=j9bvvnpq3_autobAK32CL#'[39m,
        source: [32m'a#alink'[39m
      }
      ping:click {
        target: [32m'http://localhost:8000/test/it/click.test.html?wtr-session-id=j9bvvnpq3_autobAK32CL#'[39m,
        source: [32m'a#alink'[39m
      }
      ping:click {
        target: [32m'http://localhost:8000/test/it/click.test.html?wtr-session-id=j9bvvnpq3_autobAK32CL#'[39m,
        source: [32m'a#alink'[39m
      }
      ping:click {
        target: [32m'http://localhost:8000/test/it/click.test.html?wtr-session-id=j9bvvnpq3_autobAK32CL#'[39m,
        source: [32m'a#alink'[39m
      }
      ping:click {
        target: [32m'http://localhost:8000/test/it/click.test.html?wtr-session-id=j9bvvnpq3_autobAK32CL#'[39m,
        source: [32m'a#alink'[39m
      }
      ping:click {
        target: [32m'http://localhost:8000/test/it/click.test.html?wtr-session-id=j9bvvnpq3_autobAK32CL#'[39m,
        source: [32m'a#alink'[39m
      }
      ping:click {
        target: [32m'http://localhost:8000/test/it/click.test.html?wtr-session-id=j9bvvnpq3_autobAK32CL#'[39m,
        source: [32m'a#alink'[39m
      }
      ping:click {
        target: [32m'http://localhost:8000/test/it/click.test.html?wtr-session-id=j9bvvnpq3_autobAK32CL#'[39m,
        source: [32m'a#alink'[39m
      }
      ping:click {
        target: [32m'http://localhost:8000/test/it/click.test.html?wtr-session-id=j9bvvnpq3_autobAK32CL#'[39m,
        source: [32m'a#alink'[39m
      }
      ping:click {
        target: [32m'http://localhost:8000/test/it/click.test.html?wtr-session-id=j9bvvnpq3_autobAK32CL#'[39m,
        source: [32m'a#alink'[39m
      }
      ping:click {
        target: [32m'http://localhost:8000/test/it/click.test.html?wtr-session-id=j9bvvnpq3_autobAK32CL#'[39m,
        source: [32m'a#alink'[39m
      }
      ping:click {
        target: [32m'http://localhost:8000/test/it/click.test.html?wtr-session-id=j9bvvnpq3_autobAK32CL#'[39m,
        source: [32m'a#alink'[39m
      }
      ping:click {
        target: [32m'http://localhost:8000/test/it/click.test.html?wtr-session-id=j9bvvnpq3_autobAK32CL#'[39m,
        source: [32m'a#alink'[39m
      }
      ping:click {
        target: [32m'http://localhost:8000/test/it/click.test.html?wtr-session-id=j9bvvnpq3_autobAK32CL#'[39m,
        source: [32m'a#alink'[39m
      }
      ping:click {
        target: [32m'http://localhost:8000/test/it/click.test.html?wtr-session-id=j9bvvnpq3_autobAK32CL#'[39m,
        source: [32m'a#alink'[39m
      }
      ping:click {
        target: [32m'http://localhost:8000/test/it/click.test.html?wtr-session-id=j9bvvnpq3_autobAK32CL#'[39m,
        source: [32m'a#alink'[39m
      }
      ping:click {
        target: [32m'http://localhost:8000/test/it/click.test.html?wtr-session-id=j9bvvnpq3_autobAK32CL#'[39m,
        source: [32m'a#alink'[39m
      }
      ping:click {
        target: [32m'http://localhost:8000/test/it/click.test.html?wtr-session-id=j9bvvnpq3_autobAK32CL#'[39m,
        source: [32m'a#alink'[39m
      }
      ping:click {
        target: [32m'http://localhost:8000/test/it/click.test.html?wtr-session-id=j9bvvnpq3_autobAK32CL#'[39m,
        source: [32m'a#alink'[39m
      }
      ping:click {
        target: [32m'http://localhost:8000/test/it/click.test.html?wtr-session-id=j9bvvnpq3_autobAK32CL#'[39m,
        source: [32m'a#alink'[39m
      }
      ping:click {
        target: [32m'http://localhost:8000/test/it/click.test.html?wtr-session-id=j9bvvnpq3_autobAK32CL#'[39m,
        source: [32m'a#alink'[39m
      }
      ping:click {
        target: [32m'http://localhost:8000/test/it/click.test.html?wtr-session-id=j9bvvnpq3_autobAK32CL#'[39m,
        source: [32m'a#alink'[39m
      }
      ping:click {
        target: [32m'http://localhost:8000/test/it/click.test.html?wtr-session-id=j9bvvnpq3_autobAK32CL#'[39m,
        source: [32m'a#alink'[39m
      }
      ping:click {
        target: [32m'http://localhost:8000/test/it/click.test.html?wtr-session-id=j9bvvnpq3_autobAK32CL#'[39m,
        source: [32m'a#alink'[39m
      }
      ping:click {
        target: [32m'http://localhost:8000/test/it/click.test.html?wtr-session-id=j9bvvnpq3_autobAK32CL#'[39m,
        source: [32m'a#alink'[39m
      }
      ping:click {
        target: [32m'http://localhost:8000/test/it/click.test.html?wtr-session-id=j9bvvnpq3_autobAK32CL#'[39m,
        source: [32m'a#alink'[39m
      }
      ping:click {
        target: [32m'http://localhost:8000/test/it/click.test.html?wtr-session-id=j9bvvnpq3_autobAK32CL#'[39m,
        source: [32m'a#alink'[39m
      }
      ping:click {
        target: [32m'http://localhost:8000/test/it/click.test.html?wtr-session-id=j9bvvnpq3_autobAK32CL#'[39m,
        source: [32m'a#alink'[39m
      }
      ping:click {
        target: [32m'http://localhost:8000/test/it/click.test.html?wtr-session-id=j9bvvnpq3_autobAK32CL#'[39m,
        source: [32m'a#alink'[39m
      }
      ping:click {
        target: [32m'http://localhost:8000/test/it/click.test.html?wtr-session-id=j9bvvnpq3_autobAK32CL#'[39m,
        source: [32m'a#alink'[39m
      }
      ping:click {
        target: [32m'http://localhost:8000/test/it/click.test.html?wtr-session-id=j9bvvnpq3_autobAK32CL#'[39m,
        source: [32m'a#alink'[39m
      }
      ping:click {
        target: [32m'http://localhost:8000/test/it/click.test.html?wtr-session-id=j9bvvnpq3_autobAK32CL#'[39m,
        source: [32m'a#alink'[39m
      }
      ping:click {
        target: [32m'http://localhost:8000/test/it/click.test.html?wtr-session-id=j9bvvnpq3_autobAK32CL#'[39m,
        source: [32m'a#alink'[39m
      }
      ping:click {
        target: [32m'http://localhost:8000/test/it/click.test.html?wtr-session-id=j9bvvnpq3_autobAK32CL#'[39m,
        source: [32m'a#alink'[39m
      }
      ping:click {
        target: [32m'http://localhost:8000/test/it/click.test.html?wtr-session-id=j9bvvnpq3_autobAK32CL#'[39m,
        source: [32m'a#alink'[39m
      }
      ping:click {
        target: [32m'http://localhost:8000/test/it/click.test.html?wtr-session-id=j9bvvnpq3_autobAK32CL#'[39m,
        source: [32m'a#alink'[39m
      }
      ping:click {
        target: [32m'http://localhost:8000/test/it/click.test.html?wtr-session-id=j9bvvnpq3_autobAK32CL#'[39m,
        source: [32m'a#alink'[39m
      }
      ping:click {
        target: [32m'http://localhost:8000/test/it/click.test.html?wtr-session-id=j9bvvnpq3_autobAK32CL#'[39m,
        source: [32m'a#alink'[39m
      }
      ping:click {
        target: [32m'http://localhost:8000/test/it/click.test.html?wtr-session-id=j9bvvnpq3_autobAK32CL#'[39m,
        source: [32m'a#alink'[39m
      }
      ping:click {
        target: [32m'http://localhost:8000/test/it/click.test.html?wtr-session-id=j9bvvnpq3_autobAK32CL#'[39m,
        source: [32m'a#alink'[39m
      }
      ping:click {
        target: [32m'http://localhost:8000/test/it/click.test.html?wtr-session-id=j9bvvnpq3_autobAK32CL#'[39m,
        source: [32m'a#alink'[39m
      }
      ping:click {
        target: [32m'http://localhost:8000/test/it/click.test.html?wtr-session-id=j9bvvnpq3_autobAK32CL#'[39m,
        source: [32m'a#alink'[39m
      }
      ping:click {
        target: [32m'http://localhost:8000/test/it/click.test.html?wtr-session-id=j9bvvnpq3_autobAK32CL#'[39m,
        source: [32m'a#alink'[39m
      }
      ping:click {
        target: [32m'http://localhost:8000/test/it/click.test.html?wtr-session-id=j9bvvnpq3_autobAK32CL#'[39m,
        source: [32m'a#alink'[39m
      }
      ping:click {
        target: [32m'http://localhost:8000/test/it/click.test.html?wtr-session-id=j9bvvnpq3_autobAK32CL#'[39m,
        source: [32m'a#alink'[39m
      }
      ping:click {
        target: [32m'http://localhost:8000/test/it/click.test.html?wtr-session-id=j9bvvnpq3_autobAK32CL#'[39m,
        source: [32m'a#alink'[39m
      }
      ping:click {
        target: [32m'http://localhost:8000/test/it/click.test.html?wtr-session-id=j9bvvnpq3_autobAK32CL#'[39m,
        source: [32m'a#alink'[39m
      }
      ping:click {
        target: [32m'http://localhost:8000/test/it/click.test.html?wtr-session-id=j9bvvnpq3_autobAK32CL#'[39m,
        source: [32m'a#alink'[39m
      }
      ping:click {
        target: [32m'http://localhost:8000/test/it/click.test.html?wtr-session-id=j9bvvnpq3_autobAK32CL#'[39m,
        source: [32m'a#alink'[39m
      }
      ping:click {
        target: [32m'http://localhost:8000/test/it/click.test.html?wtr-session-id=j9bvvnpq3_autobAK32CL#'[39m,
        source: [32m'a#alink'[39m
      }
      ping:click {
        target: [32m'http://localhost:8000/test/it/click.test.html?wtr-session-id=j9bvvnpq3_autobAK32CL#'[39m,
        source: [32m'a#alink'[39m
      }
      ping:click {
        target: [32m'http://localhost:8000/test/it/click.test.html?wtr-session-id=j9bvvnpq3_autobAK32CL#'[39m,
        source: [32m'a#alink'[39m
      }
      ping:click {
        target: [32m'http://localhost:8000/test/it/click.test.html?wtr-session-id=j9bvvnpq3_autobAK32CL#'[39m,
        source: [32m'a#alink'[39m
      }
      ping:click {
        target: [32m'http://localhost:8000/test/it/click.test.html?wtr-session-id=j9bvvnpq3_autobAK32CL#'[39m,
        source: [32m'a#alink'[39m
      }
      ping:click {
        target: [32m'http://localhost:8000/test/it/click.test.html?wtr-session-id=j9bvvnpq3_autobAK32CL#'[39m,
        source: [32m'a#alink'[39m
      }
      ping:click {
        target: [32m'http://localhost:8000/test/it/click.test.html?wtr-session-id=j9bvvnpq3_autobAK32CL#'[39m,
        source: [32m'a#alink'[39m
      }
      ping:click {
        target: [32m'http://localhost:8000/test/it/click.test.html?wtr-session-id=j9bvvnpq3_autobAK32CL#'[39m,
        source: [32m'a#alink'[39m
      }
      ping:click {
        target: [32m'http://localhost:8000/test/it/click.test.html?wtr-session-id=j9bvvnpq3_autobAK32CL#'[39m,
        source: [32m'a#alink'[39m
      }
      ping:click {
        target: [32m'http://localhost:8000/test/it/click.test.html?wtr-session-id=j9bvvnpq3_autobAK32CL#'[39m,
        source: [32m'a#alink'[39m
      }
      ping:click {
        target: [32m'http://localhost:8000/test/it/click.test.html?wtr-session-id=j9bvvnpq3_autobAK32CL#'[39m,
        source: [32m'a#alink'[39m
      }
      ping:click {
        target: [32m'http://localhost:8000/test/it/click.test.html?wtr-session-id=j9bvvnpq3_autobAK32CL#'[39m,
        source: [32m'a#alink'[39m
      }
      ping:click {
        target: [32m'http://localhost:8000/test/it/click.test.html?wtr-session-id=j9bvvnpq3_autobAK32CL#'[39m,
        source: [32m'a#alink'[39m
      }
      ping:click {
        target: [32m'http://localhost:8000/test/it/click.test.html?wtr-session-id=j9bvvnpq3_autobAK32CL#'[39m,
        source: [32m'a#alink'[39m
      }
      ping:click {
        target: [32m'http://localhost:8000/test/it/click.test.html?wtr-session-id=j9bvvnpq3_autobAK32CL#'[39m,
        source: [32m'a#alink'[39m
      }
      ping:click {
        target: [32m'http://localhost:8000/test/it/click.test.html?wtr-session-id=j9bvvnpq3_autobAK32CL#'[39m,
        source: [32m'a#alink'[39m
      }
      ping:click {
        target: [32m'http://localhost:8000/test/it/click.test.html?wtr-session-id=j9bvvnpq3_autobAK32CL#'[39m,
        source: [32m'a#alink'[39m
      }
      ping:click {
        target: [32m'http://localhost:8000/test/it/click.test.html?wtr-session-id=j9bvvnpq3_autobAK32CL#'[39m,
        source: [32m'a#alink'[39m
      }
      ping:click {
        target: [32m'http://localhost:8000/test/it/click.test.html?wtr-session-id=j9bvvnpq3_autobAK32CL#'[39m,
        source: [32m'a#alink'[39m
      }
      ping:click {
        target: [32m'http://localhost:8000/test/it/click.test.html?wtr-session-id=j9bvvnpq3_autobAK32CL#'[39m,
        source: [32m'a#alink'[39m
      }
      ping:click {
        target: [32m'http://localhost:8000/test/it/click.test.html?wtr-session-id=j9bvvnpq3_autobAK32CL#'[39m,
        source: [32m'a#alink'[39m
      }
      ping:click {
        target: [32m'http://localhost:8000/test/it/click.test.html?wtr-session-id=j9bvvnpq3_autobAK32CL#'[39m,
        source: [32m'a#alink'[39m
      }
      ping:click {
        target: [32m'http://localhost:8000/test/it/click.test.html?wtr-session-id=j9bvvnpq3_autobAK32CL#'[39m,
        source: [32m'a#alink'[39m
      }
      ping:click {
        target: [32m'http://localhost:8000/test/it/click.test.html?wtr-session-id=j9bvvnpq3_autobAK32CL#'[39m,
        source: [32m'a#alink'[39m
      }
      ping:click {
        target: [32m'http://localhost:8000/test/it/click.test.html?wtr-session-id=j9bvvnpq3_autobAK32CL#'[39m,
        source: [32m'a#alink'[39m
      }
      ping:click {
        target: [32m'http://localhost:8000/test/it/click.test.html?wtr-session-id=j9bvvnpq3_autobAK32CL#'[39m,
        source: [32m'a#alink'[39m
      }
      ping:click {
        target: [32m'http://localhost:8000/test/it/click.test.html?wtr-session-id=j9bvvnpq3_autobAK32CL#'[39m,
        source: [32m'a#alink'[39m
      }
      ping:click {
        target: [32m'http://localhost:8000/test/it/click.test.html?wtr-session-id=j9bvvnpq3_autobAK32CL#'[39m,
        source: [32m'a#alink'[39m
      }
      ping:click {
        target: [32m'http://localhost:8000/test/it/click.test.html?wtr-session-id=j9bvvnpq3_autobAK32CL#'[39m,
        source: [32m'a#alink'[39m
      }
      ping:click {
        target: [32m'http://localhost:8000/test/it/click.test.html?wtr-session-id=j9bvvnpq3_autobAK32CL#'[39m,
        source: [32m'a#alink'[39m
      }
      ping:click {
        target: [32m'http://localhost:8000/test/it/click.test.html?wtr-session-id=j9bvvnpq3_autobAK32CL#'[39m,
        source: [32m'a#alink'[39m
      }
      ping:click {
        target: [32m'http://localhost:8000/test/it/click.test.html?wtr-session-id=j9bvvnpq3_autobAK32CL#'[39m,
        source: [32m'a#alink'[39m
      }
      ping:click {
        target: [32m'http://localhost:8000/test/it/click.test.html?wtr-session-id=j9bvvnpq3_autobAK32CL#'[39m,
        source: [32m'a#alink'[39m
      }
      ping:click {
        target: [32m'http://localhost:8000/test/it/click.test.html?wtr-session-id=j9bvvnpq3_autobAK32CL#'[39m,
        source: [32m'a#alink'[39m
      }
      ping:click {
        target: [32m'http://localhost:8000/test/it/click.test.html?wtr-session-id=j9bvvnpq3_autobAK32CL#'[39m,
        source: [32m'a#alink'[39m
      }
      ping:click {
        target: [32m'http://localhost:8000/test/it/click.test.html?wtr-session-id=j9bvvnpq3_autobAK32CL#'[39m,
        source: [32m'a#alink'[39m
      }
      ping:click {
        target: [32m'http://localhost:8000/test/it/click.test.html?wtr-session-id=j9bvvnpq3_autobAK32CL#'[39m,
        source: [32m'a#alink'[39m
      }
      ping:click {
        target: [32m'http://localhost:8000/test/it/click.test.html?wtr-session-id=j9bvvnpq3_autobAK32CL#'[39m,
        source: [32m'a#alink'[39m
      }
      ping:click {
        target: [32m'http://localhost:8000/test/it/click.test.html?wtr-session-id=j9bvvnpq3_autobAK32CL#'[39m,
        source: [32m'a#alink'[39m
      }
      ping:click {
        target: [32m'http://localhost:8000/test/it/click.test.html?wtr-session-id=j9bvvnpq3_autobAK32CL#'[39m,
        source: [32m'a#alink'[39m
      }
      ping:click {
        target: [32m'http://localhost:8000/test/it/click.test.html?wtr-session-id=j9bvvnpq3_autobAK32CL#'[39m,
        source: [32m'a#alink'[39m
      }
      ping:click {
        target: [32m'http://localhost:8000/test/it/click.test.html?wtr-session-id=j9bvvnpq3_autobAK32CL#'[39m,
        source: [32m'a#alink'[39m
      }
      ping:click {
        target: [32m'http://localhost:8000/test/it/click.test.html?wtr-session-id=j9bvvnpq3_autobAK32CL#'[39m,
        source: [32m'a#alink'[39m
      }
      ping:click {
        target: [32m'http://localhost:8000/test/it/click.test.html?wtr-session-id=j9bvvnpq3_autobAK32CL#'[39m,
        source: [32m'a#alink'[39m
      }
      ping:click {
        target: [32m'http://localhost:8000/test/it/click.test.html?wtr-session-id=j9bvvnpq3_autobAK32CL#'[39m,
        source: [32m'a#alink'[39m
      }
      ping:click {
        target: [32m'http://localhost:8000/test/it/click.test.html?wtr-session-id=j9bvvnpq3_autobAK32CL#'[39m,
        source: [32m'a#alink'[39m
      }
      ping:click {
        target: [32m'http://localhost:8000/test/it/click.test.html?wtr-session-id=j9bvvnpq3_autobAK32CL#'[39m,
        source: [32m'a#alink'[39m
      }
      ping:click {
        target: [32m'http://localhost:8000/test/it/click.test.html?wtr-session-id=j9bvvnpq3_autobAK32CL#'[39m,
        source: [32m'a#alink'[39m
      }
      ping:click {
        target: [32m'http://localhost:8000/test/it/click.test.html?wtr-session-id=j9bvvnpq3_autobAK32CL#'[39m,
        source: [32m'a#alink'[39m
      }
      ping:click {
        target: [32m'http://localhost:8000/test/it/click.test.html?wtr-session-id=j9bvvnpq3_autobAK32CL#'[39m,
        source: [32m'a#alink'[39m
      }
      ping:click {
        target: [32m'http://localhost:8000/test/it/click.test.html?wtr-session-id=j9bvvnpq3_autobAK32CL#'[39m,
        source: [32m'a#alink'[39m
      }
      ping:click {
        target: [32m'http://localhost:8000/test/it/click.test.html?wtr-session-id=j9bvvnpq3_autobAK32CL#'[39m,
        source: [32m'a#alink'[39m
      }
      ping:click {
        target: [32m'http://localhost:8000/test/it/click.test.html?wtr-session-id=j9bvvnpq3_autobAK32CL#'[39m,
        source: [32m'a#alink'[39m
      }
      ping:click {
        target: [32m'http://localhost:8000/test/it/click.test.html?wtr-session-id=j9bvvnpq3_autobAK32CL#'[39m,
        source: [32m'a#alink'[39m
      }
      ping:click {
        target: [32m'http://localhost:8000/test/it/click.test.html?wtr-session-id=j9bvvnpq3_autobAK32CL#'[39m,
        source: [32m'a#alink'[39m
      }
      ping:click {
        target: [32m'http://localhost:8000/test/it/click.test.html?wtr-session-id=j9bvvnpq3_autobAK32CL#'[39m,
        source: [32m'a#alink'[39m
      }
      ping:click {
        target: [32m'http://localhost:8000/test/it/click.test.html?wtr-session-id=j9bvvnpq3_autobAK32CL#'[39m,
        source: [32m'a#alink'[39m
      }
      ping:click {
        target: [32m'http://localhost:8000/test/it/click.test.html?wtr-session-id=j9bvvnpq3_autobAK32CL#'[39m,
        source: [32m'a#alink'[39m
      }
      ping:click {
        target: [32m'http://localhost:8000/test/it/click.test.html?wtr-session-id=j9bvvnpq3_autobAK32CL#'[39m,
        source: [32m'a#alink'[39m
      }
      ping:click {
        target: [32m'http://localhost:8000/test/it/click.test.html?wtr-session-id=j9bvvnpq3_autobAK32CL#'[39m,
        source: [32m'a#alink'[39m
      }
      ping:click {
        target: [32m'http://localhost:8000/test/it/click.test.html?wtr-session-id=j9bvvnpq3_autobAK32CL#'[39m,
        source: [32m'a#alink'[39m
      }
      ping:click {
        target: [32m'http://localhost:8000/test/it/click.test.html?wtr-session-id=j9bvvnpq3_autobAK32CL#'[39m,
        source: [32m'a#alink'[39m
      }
      ping:click {
        target: [32m'http://localhost:8000/test/it/click.test.html?wtr-session-id=j9bvvnpq3_autobAK32CL#'[39m,
        source: [32m'a#alink'[39m
      }
      ping:click {
        target: [32m'http://localhost:8000/test/it/click.test.html?wtr-session-id=j9bvvnpq3_autobAK32CL#'[39m,
        source: [32m'a#alink'[39m
      }
      ping:click {
        target: [32m'http://localhost:8000/test/it/click.test.html?wtr-session-id=j9bvvnpq3_autobAK32CL#'[39m,
        source: [32m'a#alink'[39m
      }
      ping:click {
        target: [32m'http://localhost:8000/test/it/click.test.html?wtr-session-id=j9bvvnpq3_autobAK32CL#'[39m,
        source: [32m'a#alink'[39m
      }
      ping:click {
        target: [32m'http://localhost:8000/test/it/click.test.html?wtr-session-id=j9bvvnpq3_autobAK32CL#'[39m,
        source: [32m'a#alink'[39m
      }
      ping:click {
        target: [32m'http://localhost:8000/test/it/click.test.html?wtr-session-id=j9bvvnpq3_autobAK32CL#'[39m,
        source: [32m'a#alink'[39m
      }
      ping:click {
        target: [32m'http://localhost:8000/test/it/click.test.html?wtr-session-id=j9bvvnpq3_autobAK32CL#'[39m,
        source: [32m'a#alink'[39m
      }
      ping:click {
        target: [32m'http://localhost:8000/test/it/click.test.html?wtr-session-id=j9bvvnpq3_autobAK32CL#'[39m,
        source: [32m'a#alink'[39m
      }
      ping:click {
        target: [32m'http://localhost:8000/test/it/click.test.html?wtr-session-id=j9bvvnpq3_autobAK32CL#'[39m,
        source: [32m'a#alink'[39m
      }
      ping:click {
        target: [32m'http://localhost:8000/test/it/click.test.html?wtr-session-id=j9bvvnpq3_autobAK32CL#'[39m,
        source: [32m'a#alink'[39m
      }
      ping:click {
        target: [32m'http://localhost:8000/test/it/click.test.html?wtr-session-id=j9bvvnpq3_autobAK32CL#'[39m,
        source: [32m'a#alink'[39m
      }
      ping:click {
        target: [32m'http://localhost:8000/test/it/click.test.html?wtr-session-id=j9bvvnpq3_autobAK32CL#'[39m,
        source: [32m'a#alink'[39m
      }
      ping:click {
        target: [32m'http://localhost:8000/test/it/click.test.html?wtr-session-id=j9bvvnpq3_autobAK32CL#'[39m,
        source: [32m'a#alink'[39m
      }
      ping:click {
        target: [32m'http://localhost:8000/test/it/click.test.html?wtr-session-id=j9bvvnpq3_autobAK32CL#'[39m,
        source: [32m'a#alink'[39m
      }
      ping:click {
        target: [32m'http://localhost:8000/test/it/click.test.html?wtr-session-id=j9bvvnpq3_autobAK32CL#'[39m,
        source: [32m'a#alink'[39m
      }
      ping:click {
        target: [32m'http://localhost:8000/test/it/click.test.html?wtr-session-id=j9bvvnpq3_autobAK32CL#'[39m,
        source: [32m'a#alink'[39m
      }
      ping:click {
        target: [32m'http://localhost:8000/test/it/click.test.html?wtr-session-id=j9bvvnpq3_autobAK32CL#'[39m,
        source: [32m'a#alink'[39m
      }
      ping:click {
        target: [32m'http://localhost:8000/test/it/click.test.html?wtr-session-id=j9bvvnpq3_autobAK32CL#'[39m,
        source: [32m'a#alink'[39m
      }
      ping:click {
        target: [32m'http://localhost:8000/test/it/click.test.html?wtr-session-id=j9bvvnpq3_autobAK32CL#'[39m,
        source: [32m'a#alink'[39m
      }
      ping:click {
        target: [32m'http://localhost:8000/test/it/click.test.html?wtr-session-id=j9bvvnpq3_autobAK32CL#'[39m,
        source: [32m'a#alink'[39m
      }
      ping:click {
        target: [32m'http://localhost:8000/test/it/click.test.html?wtr-session-id=j9bvvnpq3_autobAK32CL#'[39m,
        source: [32m'a#alink'[39m
      }
      ping:click {
        target: [32m'http://localhost:8000/test/it/click.test.html?wtr-session-id=j9bvvnpq3_autobAK32CL#'[39m,
        source: [32m'a#alink'[39m
      }
      ping:click {
        target: [32m'http://localhost:8000/test/it/click.test.html?wtr-session-id=j9bvvnpq3_autobAK32CL#'[39m,
        source: [32m'a#alink'[39m
      }
      ping:click {
        target: [32m'http://localhost:8000/test/it/click.test.html?wtr-session-id=j9bvvnpq3_autobAK32CL#'[39m,
        source: [32m'a#alink'[39m
      }
      ping:click {
        target: [32m'http://localhost:8000/test/it/click.test.html?wtr-session-id=j9bvvnpq3_autobAK32CL#'[39m,
        source: [32m'a#alink'[39m
      }
      ping:click {
        target: [32m'http://localhost:8000/test/it/click.test.html?wtr-session-id=j9bvvnpq3_autobAK32CL#'[39m,
        source: [32m'a#alink'[39m
      }
      ping:click {
        target: [32m'http://localhost:8000/test/it/click.test.html?wtr-session-id=j9bvvnpq3_autobAK32CL#'[39m,
        source: [32m'a#alink'[39m
      }
      ping:click {
        target: [32m'http://localhost:8000/test/it/click.test.html?wtr-session-id=j9bvvnpq3_autobAK32CL#'[39m,
        source: [32m'a#alink'[39m
      }
      ping:click {
        target: [32m'http://localhost:8000/test/it/click.test.html?wtr-session-id=j9bvvnpq3_autobAK32CL#'[39m,
        source: [32m'a#alink'[39m
      }
      ping:click {
        target: [32m'http://localhost:8000/test/it/click.test.html?wtr-session-id=j9bvvnpq3_autobAK32CL#'[39m,
        source: [32m'a#alink'[39m
      }
      ping:click {
        target: [32m'http://localhost:8000/test/it/click.test.html?wtr-session-id=j9bvvnpq3_autobAK32CL#'[39m,
        source: [32m'a#alink'[39m
      }
      ping:click {
        target: [32m'http://localhost:8000/test/it/click.test.html?wtr-session-id=j9bvvnpq3_autobAK32CL#'[39m,
        source: [32m'a#alink'[39m
      }
      ping:click {
        target: [32m'http://localhost:8000/test/it/click.test.html?wtr-session-id=j9bvvnpq3_autobAK32CL#'[39m,
        source: [32m'a#alink'[39m
      }
      ping:click {
        target: [32m'http://localhost:8000/test/it/click.test.html?wtr-session-id=j9bvvnpq3_autobAK32CL#'[39m,
        source: [32m'a#alink'[39m
      }
      ping:click {
        target: [32m'http://localhost:8000/test/it/click.test.html?wtr-session-id=j9bvvnpq3_autobAK32CL#'[39m,
        source: [32m'a#alink'[39m
      }
      ping:click {
        target: [32m'http://localhost:8000/test/it/click.test.html?wtr-session-id=j9bvvnpq3_autobAK32CL#'[39m,
        source: [32m'a#alink'[39m
      }
      ping:click {
        target: [32m'http://localhost:8000/test/it/click.test.html?wtr-session-id=j9bvvnpq3_autobAK32CL#'[39m,
        source: [32m'a#alink'[39m
      }
      ping:click {
        target: [32m'http://localhost:8000/test/it/click.test.html?wtr-session-id=j9bvvnpq3_autobAK32CL#'[39m,
        source: [32m'a#alink'[39m
      }
      ping:click {
        target: [32m'http://localhost:8000/test/it/click.test.html?wtr-session-id=j9bvvnpq3_autobAK32CL#'[39m,
        source: [32m'a#alink'[39m
      }
      ping:click {
        target: [32m'http://localhost:8000/test/it/click.test.html?wtr-session-id=j9bvvnpq3_autobAK32CL#'[39m,
        source: [32m'a#alink'[39m
      }
      ping:click {
        target: [32m'http://localhost:8000/test/it/click.test.html?wtr-session-id=j9bvvnpq3_autobAK32CL#'[39m,
        source: [32m'a#alink'[39m
      }
      ping:click {
        target: [32m'http://localhost:8000/test/it/click.test.html?wtr-session-id=j9bvvnpq3_autobAK32CL#'[39m,
        source: [32m'a#alink'[39m
      }
      ping:click {
        target: [32m'http://localhost:8000/test/it/click.test.html?wtr-session-id=j9bvvnpq3_autobAK32CL#'[39m,
        source: [32m'a#alink'[39m
      }
      ping:click {
        target: [32m'http://localhost:8000/test/it/click.test.html?wtr-session-id=j9bvvnpq3_autobAK32CL#'[39m,
        source: [32m'a#alink'[39m
      }
      ping:click {
        target: [32m'http://localhost:8000/test/it/click.test.html?wtr-session-id=j9bvvnpq3_autobAK32CL#'[39m,
        source: [32m'a#alink'[39m
      }
      ping:click {
        target: [32m'http://localhost:8000/test/it/click.test.html?wtr-session-id=j9bvvnpq3_autobAK32CL#'[39m,
        source: [32m'a#alink'[39m
      }
      ping:click {
        target: [32m'http://localhost:8000/test/it/click.test.html?wtr-session-id=j9bvvnpq3_autobAK32CL#'[39m,
        source: [32m'a#alink'[39m
      }
      ping:click {
        target: [32m'http://localhost:8000/test/it/click.test.html?wtr-session-id=j9bvvnpq3_autobAK32CL#'[39m,
        source: [32m'a#alink'[39m
      }
      ping:click {
        target: [32m'http://localhost:8000/test/it/click.test.html?wtr-session-id=j9bvvnpq3_autobAK32CL#'[39m,
        source: [32m'a#alink'[39m
      }
      ping:click {
        target: [32m'http://localhost:8000/test/it/click.test.html?wtr-session-id=j9bvvnpq3_autobAK32CL#'[39m,
        source: [32m'a#alink'[39m
      }
      ping:click {
        target: [32m'http://localhost:8000/test/it/click.test.html?wtr-session-id=j9bvvnpq3_autobAK32CL#'[39m,
        source: [32m'a#alink'[39m
      }
      ping:click {
        target: [32m'http://localhost:8000/test/it/click.test.html?wtr-session-id=j9bvvnpq3_autobAK32CL#'[39m,
        source: [32m'a#alink'[39m
      }
      ping:click {
        target: [32m'http://localhost:8000/test/it/click.test.html?wtr-session-id=j9bvvnpq3_autobAK32CL#'[39m,
        source: [32m'a#alink'[39m
      }
      ping:click {
        target: [32m'http://localhost:8000/test/it/click.test.html?wtr-session-id=j9bvvnpq3_autobAK32CL#'[39m,
        source: [32m'a#alink'[39m
      }
      ping:click {
        target: [32m'http://localhost:8000/test/it/click.test.html?wtr-session-id=j9bvvnpq3_autobAK32CL#'[39m,
        source: [32m'a#alink'[39m
      }
      ping:click {
        target: [32m'http://localhost:8000/test/it/click.test.html?wtr-session-id=j9bvvnpq3_autobAK32CL#'[39m,
        source: [32m'a#alink'[39m
      }
      ping:click {
        target: [32m'http://localhost:8000/test/it/click.test.html?wtr-session-id=j9bvvnpq3_autobAK32CL#'[39m,
        source: [32m'a#alink'[39m
      }
      ping:click {
        target: [32m'http://localhost:8000/test/it/click.test.html?wtr-session-id=j9bvvnpq3_autobAK32CL#'[39m,
        source: [32m'a#alink'[39m
      }
      ping:click {
        target: [32m'http://localhost:8000/test/it/click.test.html?wtr-session-id=j9bvvnpq3_autobAK32CL#'[39m,
        source: [32m'a#alink'[39m
      }
      ping:click {
        target: [32m'http://localhost:8000/test/it/click.test.html?wtr-session-id=j9bvvnpq3_autobAK32CL#'[39m,
        source: [32m'a#alink'[39m
      }
      ping:click {
        target: [32m'http://localhost:8000/test/it/click.test.html?wtr-session-id=j9bvvnpq3_autobAK32CL#'[39m,
        source: [32m'a#alink'[39m
      }
      ping:click {
        target: [32m'http://localhost:8000/test/it/click.test.html?wtr-session-id=j9bvvnpq3_autobAK32CL#'[39m,
        source: [32m'a#alink'[39m
      }
      ping:click {
        target: [32m'http://localhost:8000/test/it/click.test.html?wtr-session-id=j9bvvnpq3_autobAK32CL#'[39m,
        source: [32m'a#alink'[39m
      }
      ping:click {
        target: [32m'http://localhost:8000/test/it/click.test.html?wtr-session-id=j9bvvnpq3_autobAK32CL#'[39m,
        source: [32m'a#alink'[39m
      }
      ping:click {
        target: [32m'http://localhost:8000/test/it/click.test.html?wtr-session-id=j9bvvnpq3_autobAK32CL#'[39m,
        source: [32m'a#alink'[39m
      }
      ping:click {
        target: [32m'http://localhost:8000/test/it/click.test.html?wtr-session-id=j9bvvnpq3_autobAK32CL#'[39m,
        source: [32m'a#alink'[39m
      }
      ping:click {
        target: [32m'http://localhost:8000/test/it/click.test.html?wtr-session-id=j9bvvnpq3_autobAK32CL#'[39m,
        source: [32m'a#alink'[39m
      }
      ping:click {
        target: [32m'http://localhost:8000/test/it/click.test.html?wtr-session-id=j9bvvnpq3_autobAK32CL#'[39m,
        source: [32m'a#alink'[39m
      }
      ping:click {
        target: [32m'http://localhost:8000/test/it/click.test.html?wtr-session-id=j9bvvnpq3_autobAK32CL#'[39m,
        source: [32m'a#alink'[39m
      }
      ping:click {
        target: [32m'http://localhost:8000/test/it/click.test.html?wtr-session-id=j9bvvnpq3_autobAK32CL#'[39m,
        source: [32m'a#alink'[39m
      }
      ping:click {
        target: [32m'http://localhost:8000/test/it/click.test.html?wtr-session-id=j9bvvnpq3_autobAK32CL#'[39m,
        source: [32m'a#alink'[39m
      }
      ping:click {
        target: [32m'http://localhost:8000/test/it/click.test.html?wtr-session-id=j9bvvnpq3_autobAK32CL#'[39m,
        source: [32m'a#alink'[39m
      }
      ping:click {
        target: [32m'http://localhost:8000/test/it/click.test.html?wtr-session-id=j9bvvnpq3_autobAK32CL#'[39m,
        source: [32m'a#alink'[39m
      }
      ping:click {
        target: [32m'http://localhost:8000/test/it/click.test.html?wtr-session-id=j9bvvnpq3_autobAK32CL#'[39m,
        source: [32m'a#alink'[39m
      }
      ping:click {
        target: [32m'http://localhost:8000/test/it/click.test.html?wtr-session-id=j9bvvnpq3_autobAK32CL#'[39m,
        source: [32m'a#alink'[39m
      }
      ping:click {
        target: [32m'http://localhost:8000/test/it/click.test.html?wtr-session-id=j9bvvnpq3_autobAK32CL#'[39m,
        source: [32m'a#alink'[39m
      }
      ping:click {
        target: [32m'http://localhost:8000/test/it/click.test.html?wtr-session-id=j9bvvnpq3_autobAK32CL#'[39m,
        source: [32m'a#alink'[39m
      }
      ping:click {
        target: [32m'http://localhost:8000/test/it/click.test.html?wtr-session-id=j9bvvnpq3_autobAK32CL#'[39m,
        source: [32m'a#alink'[39m
      }
      ping:click {
        target: [32m'http://localhost:8000/test/it/click.test.html?wtr-session-id=j9bvvnpq3_autobAK32CL#'[39m,
        source: [32m'a#alink'[39m
      }
      ping:click {
        target: [32m'http://localhost:8000/test/it/click.test.html?wtr-session-id=j9bvvnpq3_autobAK32CL#'[39m,
        source: [32m'a#alink'[39m
      }
      ping:click {
        target: [32m'http://localhost:8000/test/it/click.test.html?wtr-session-id=j9bvvnpq3_autobAK32CL#'[39m,
        source: [32m'a#alink'[39m
      }
      ping:click {
        target: [32m'http://localhost:8000/test/it/click.test.html?wtr-session-id=j9bvvnpq3_autobAK32CL#'[39m,
        source: [32m'a#alink'[39m
      }
      ping:click {
        target: [32m'http://localhost:8000/test/it/click.test.html?wtr-session-id=j9bvvnpq3_autobAK32CL#'[39m,
        source: [32m'a#alink'[39m
      }
      ping:click {
        target: [32m'http://localhost:8000/test/it/click.test.html?wtr-session-id=j9bvvnpq3_autobAK32CL#'[39m,
        source: [32m'a#alink'[39m
      }
      ping:click {
        target: [32m'http://localhost:8000/test/it/click.test.html?wtr-session-id=j9bvvnpq3_autobAK32CL#'[39m,
        source: [32m'a#alink'[39m
      }
      ping:click {
        target: [32m'http://localhost:8000/test/it/click.test.html?wtr-session-id=j9bvvnpq3_autobAK32CL#'[39m,
        source: [32m'a#alink'[39m
      }
      ping:click {
        target: [32m'http://localhost:8000/test/it/click.test.html?wtr-session-id=j9bvvnpq3_autobAK32CL#'[39m,
        source: [32m'a#alink'[39m
      }
      ping:click {
        target: [32m'http://localhost:8000/test/it/click.test.html?wtr-session-id=j9bvvnpq3_autobAK32CL#'[39m,
        source: [32m'a#alink'[39m
      }
      ping:click {
        target: [32m'http://localhost:8000/test/it/click.test.html?wtr-session-id=j9bvvnpq3_autobAK32CL#'[39m,
        source: [32m'a#alink'[39m
      }
      ping:click {
        target: [32m'http://localhost:8000/test/it/click.test.html?wtr-session-id=j9bvvnpq3_autobAK32CL#'[39m,
        source: [32m'a#alink'[39m
      }
      ping:click {
        target: [32m'http://localhost:8000/test/it/click.test.html?wtr-session-id=j9bvvnpq3_autobAK32CL#'[39m,
        source: [32m'a#alink'[39m
      }
      ping:click {
        target: [32m'http://localhost:8000/test/it/click.test.html?wtr-session-id=j9bvvnpq3_autobAK32CL#'[39m,
        source: [32m'a#alink'[39m
      }
      ping:click {
        target: [32m'http://localhost:8000/test/it/click.test.html?wtr-session-id=j9bvvnpq3_autobAK32CL#'[39m,
        source: [32m'a#alink'[39m
      }
      ping:click {
        target: [32m'http://localhost:8000/test/it/click.test.html?wtr-session-id=j9bvvnpq3_autobAK32CL#'[39m,
        source: [32m'a#alink'[39m
      }
      ping:click {
        target: [32m'http://localhost:8000/test/it/click.test.html?wtr-session-id=j9bvvnpq3_autobAK32CL#'[39m,
        source: [32m'a#alink'[39m
      }
      ping:click {
        target: [32m'http://localhost:8000/test/it/click.test.html?wtr-session-id=j9bvvnpq3_autobAK32CL#'[39m,
        source: [32m'a#alink'[39m
      }
      ping:click {
        target: [32m'http://localhost:8000/test/it/click.test.html?wtr-session-id=j9bvvnpq3_autobAK32CL#'[39m,
        source: [32m'a#alink'[39m
      }
      ping:click {
        target: [32m'http://localhost:8000/test/it/click.test.html?wtr-session-id=j9bvvnpq3_autobAK32CL#'[39m,
        source: [32m'a#alink'[39m
      }
      ping:click {
        target: [32m'http://localhost:8000/test/it/click.test.html?wtr-session-id=j9bvvnpq3_autobAK32CL#'[39m,
        source: [32m'a#alink'[39m
      }
      ping:click {
        target: [32m'http://localhost:8000/test/it/click.test.html?wtr-session-id=j9bvvnpq3_autobAK32CL#'[39m,
        source: [32m'a#alink'[39m
      }
      ping:click {
        target: [32m'http://localhost:8000/test/it/click.test.html?wtr-session-id=j9bvvnpq3_autobAK32CL#'[39m,
        source: [32m'a#alink'[39m
      }
      ping:click {
        target: [32m'http://localhost:8000/test/it/click.test.html?wtr-session-id=j9bvvnpq3_autobAK32CL#'[39m,
        source: [32m'a#alink'[39m
      }
      ping:click {
        target: [32m'http://localhost:8000/test/it/click.test.html?wtr-session-id=j9bvvnpq3_autobAK32CL#'[39m,
        source: [32m'a#alink'[39m
      }
      ping:click {
        target: [32m'http://localhost:8000/test/it/click.test.html?wtr-session-id=j9bvvnpq3_autobAK32CL#'[39m,
        source: [32m'a#alink'[39m
      }
      ping:click {
        target: [32m'http://localhost:8000/test/it/click.test.html?wtr-session-id=j9bvvnpq3_autobAK32CL#'[39m,
        source: [32m'a#alink'[39m
      }
      ping:click {
        target: [32m'http://localhost:8000/test/it/click.test.html?wtr-session-id=j9bvvnpq3_autobAK32CL#'[39m,
        source: [32m'a#alink'[39m
      }
      ping:click {
        target: [32m'http://localhost:8000/test/it/click.test.html?wtr-session-id=j9bvvnpq3_autobAK32CL#'[39m,
        source: [32m'a#alink'[39m
      }
      ping:click {
        target: [32m'http://localhost:8000/test/it/click.test.html?wtr-session-id=j9bvvnpq3_autobAK32CL#'[39m,
        source: [32m'a#alink'[39m
      }
      ping:click {
        target: [32m'http://localhost:8000/test/it/click.test.html?wtr-session-id=j9bvvnpq3_autobAK32CL#'[39m,
        source: [32m'a#alink'[39m
      }
      ping:click {
        target: [32m'http://localhost:8000/test/it/click.test.html?wtr-session-id=j9bvvnpq3_autobAK32CL#'[39m,
        source: [32m'a#alink'[39m
      }
      ping:click {
        target: [32m'http://localhost:8000/test/it/click.test.html?wtr-session-id=j9bvvnpq3_autobAK32CL#'[39m,
        source: [32m'a#alink'[39m
      }
      ping:click {
        target: [32m'http://localhost:8000/test/it/click.test.html?wtr-session-id=j9bvvnpq3_autobAK32CL#'[39m,
        source: [32m'a#alink'[39m
      }
      ping:click {
        target: [32m'http://localhost:8000/test/it/click.test.html?wtr-session-id=j9bvvnpq3_autobAK32CL#'[39m,
        source: [32m'a#alink'[39m
      }
      ping:click {
        target: [32m'http://localhost:8000/test/it/click.test.html?wtr-session-id=j9bvvnpq3_autobAK32CL#'[39m,
        source: [32m'a#alink'[39m
      }
      ping:click {
        target: [32m'http://localhost:8000/test/it/click.test.html?wtr-session-id=j9bvvnpq3_autobAK32CL#'[39m,
        source: [32m'a#alink'[39m
      }
      ping:click {
        target: [32m'http://localhost:8000/test/it/click.test.html?wtr-session-id=j9bvvnpq3_autobAK32CL#'[39m,
        source: [32m'a#alink'[39m
      }
      ping:click {
        target: [32m'http://localhost:8000/test/it/click.test.html?wtr-session-id=j9bvvnpq3_autobAK32CL#'[39m,
        source: [32m'a#alink'[39m
      }
      ping:click {
        target: [32m'http://localhost:8000/test/it/click.test.html?wtr-session-id=j9bvvnpq3_autobAK32CL#'[39m,
        source: [32m'a#alink'[39m
      }
      ping:click {
        target: [32m'http://localhost:8000/test/it/click.test.html?wtr-session-id=j9bvvnpq3_autobAK32CL#'[39m,
        source: [32m'a#alink'[39m
      }
      ping:click {
        target: [32m'http://localhost:8000/test/it/click.test.html?wtr-session-id=j9bvvnpq3_autobAK32CL#'[39m,
        source: [32m'a#alink'[39m
      }
      ping:click {
        target: [32m'http://localhost:8000/test/it/click.test.html?wtr-session-id=j9bvvnpq3_autobAK32CL#'[39m,
        source: [32m'a#alink'[39m
      }
      ping:click {
        target: [32m'http://localhost:8000/test/it/click.test.html?wtr-session-id=j9bvvnpq3_autobAK32CL#'[39m,
        source: [32m'a#alink'[39m
      }
      ping:click {
        target: [32m'http://localhost:8000/test/it/click.test.html?wtr-session-id=j9bvvnpq3_autobAK32CL#'[39m,
        source: [32m'a#alink'[39m
      }
      ping:click {
        target: [32m'http://localhost:8000/test/it/click.test.html?wtr-session-id=j9bvvnpq3_autobAK32CL#'[39m,
        source: [32m'a#alink'[39m
      }
      ping:click {
        target: [32m'http://localhost:8000/test/it/click.test.html?wtr-session-id=j9bvvnpq3_autobAK32CL#'[39m,
        source: [32m'a#alink'[39m
      }
      ping:click {
        target: [32m'http://localhost:8000/test/it/click.test.html?wtr-session-id=j9bvvnpq3_autobAK32CL#'[39m,
        source: [32m'a#alink'[39m
      }
      ping:click {
        target: [32m'http://localhost:8000/test/it/click.test.html?wtr-session-id=j9bvvnpq3_autobAK32CL#'[39m,
        source: [32m'a#alink'[39m
      }
      ping:click {
        target: [32m'http://localhost:8000/test/it/click.test.html?wtr-session-id=j9bvvnpq3_autobAK32CL#'[39m,
        source: [32m'a#alink'[39m
      }
      ping:click {
        target: [32m'http://localhost:8000/test/it/click.test.html?wtr-session-id=j9bvvnpq3_autobAK32CL#'[39m,
        source: [32m'a#alink'[39m
      }
      ping:click {
        target: [32m'http://localhost:8000/test/it/click.test.html?wtr-session-id=j9bvvnpq3_autobAK32CL#'[39m,
        source: [32m'a#alink'[39m
      }
      ping:click {
        target: [32m'http://localhost:8000/test/it/click.test.html?wtr-session-id=j9bvvnpq3_autobAK32CL#'[39m,
        source: [32m'a#alink'[39m
      }
      ping:click {
        target: [32m'http://localhost:8000/test/it/click.test.html?wtr-session-id=j9bvvnpq3_autobAK32CL#'[39m,
        source: [32m'a#alink'[39m
      }
      ping:click {
        target: [32m'http://localhost:8000/test/it/click.test.html?wtr-session-id=j9bvvnpq3_autobAK32CL#'[39m,
        source: [32m'a#alink'[39m
      }
      ping:click {
        target: [32m'http://localhost:8000/test/it/click.test.html?wtr-session-id=j9bvvnpq3_autobAK32CL#'[39m,
        source: [32m'a#alink'[39m
      }
      ping:click {
        target: [32m'http://localhost:8000/test/it/click.test.html?wtr-session-id=j9bvvnpq3_autobAK32CL#'[39m,
        source: [32m'a#alink'[39m
      }
      ping:click {
        target: [32m'http://localhost:8000/test/it/click.test.html?wtr-session-id=j9bvvnpq3_autobAK32CL#'[39m,
        source: [32m'a#alink'[39m
      }
      ping:click {
        target: [32m'http://localhost:8000/test/it/click.test.html?wtr-session-id=j9bvvnpq3_autobAK32CL#'[39m,
        source: [32m'a#alink'[39m
      }
      ping:click {
        target: [32m'http://localhost:8000/test/it/click.test.html?wtr-session-id=j9bvvnpq3_autobAK32CL#'[39m,
        source: [32m'a#alink'[39m
      }
      ping:click {
        target: [32m'http://localhost:8000/test/it/click.test.html?wtr-session-id=j9bvvnpq3_autobAK32CL#'[39m,
        source: [32m'a#alink'[39m
      }
      ping:click {
        target: [32m'http://localhost:8000/test/it/click.test.html?wtr-session-id=j9bvvnpq3_autobAK32CL#'[39m,
        source: [32m'a#alink'[39m
      }
      ping:click {
        target: [32m'http://localhost:8000/test/it/click.test.html?wtr-session-id=j9bvvnpq3_autobAK32CL#'[39m,
        source: [32m'a#alink'[39m
      }
      ping:click {
        target: [32m'http://localhost:8000/test/it/click.test.html?wtr-session-id=j9bvvnpq3_autobAK32CL#'[39m,
        source: [32m'a#alink'[39m
      }
      ping:click {
        target: [32m'http://localhost:8000/test/it/click.test.html?wtr-session-id=j9bvvnpq3_autobAK32CL#'[39m,
        source: [32m'a#alink'[39m
      }
      ping:click {
        target: [32m'http://localhost:8000/test/it/click.test.html?wtr-session-id=j9bvvnpq3_autobAK32CL#'[39m,
        source: [32m'a#alink'[39m
      }
      ping:click {
        target: [32m'http://localhost:8000/test/it/click.test.html?wtr-session-id=j9bvvnpq3_autobAK32CL#'[39m,
        source: [32m'a#alink'[39m
      }
      ping:click {
        target: [32m'http://localhost:8000/test/it/click.test.html?wtr-session-id=j9bvvnpq3_autobAK32CL#'[39m,
        source: [32m'a#alink'[39m
      }
      ping:click {
        target: [32m'http://localhost:8000/test/it/click.test.html?wtr-session-id=j9bvvnpq3_autobAK32CL#'[39m,
        source: [32m'a#alink'[39m
      }
      ping:click {
        target: [32m'http://localhost:8000/test/it/click.test.html?wtr-session-id=j9bvvnpq3_autobAK32CL#'[39m,
        source: [32m'a#alink'[39m
      }
      ping:click {
        target: [32m'http://localhost:8000/test/it/click.test.html?wtr-session-id=j9bvvnpq3_autobAK32CL#'[39m,
        source: [32m'a#alink'[39m
      }
      ping:click {
        target: [32m'http://localhost:8000/test/it/click.test.html?wtr-session-id=j9bvvnpq3_autobAK32CL#'[39m,
        source: [32m'a#alink'[39m
      }
      ping:click {
        target: [32m'http://localhost:8000/test/it/click.test.html?wtr-session-id=j9bvvnpq3_autobAK32CL#'[39m,
        source: [32m'a#alink'[39m
      }
      ping:click {
        target: [32m'http://localhost:8000/test/it/click.test.html?wtr-session-id=j9bvvnpq3_autobAK32CL#'[39m,
        source: [32m'a#alink'[39m
      }
      ping:click {
        target: [32m'http://localhost:8000/test/it/click.test.html?wtr-session-id=j9bvvnpq3_autobAK32CL#'[39m,
        source: [32m'a#alink'[39m
      }
      ping:click {
        target: [32m'http://localhost:8000/test/it/click.test.html?wtr-session-id=j9bvvnpq3_autobAK32CL#'[39m,
        source: [32m'a#alink'[39m
      }
      ping:click {
        target: [32m'http://localhost:8000/test/it/click.test.html?wtr-session-id=j9bvvnpq3_autobAK32CL#'[39m,
        source: [32m'a#alink'[39m
      }
      ping:click {
        target: [32m'http://localhost:8000/test/it/click.test.html?wtr-session-id=j9bvvnpq3_autobAK32CL#'[39m,
        source: [32m'a#alink'[39m
      }
      ping:click {
        target: [32m'http://localhost:8000/test/it/click.test.html?wtr-session-id=j9bvvnpq3_autobAK32CL#'[39m,
        source: [32m'a#alink'[39m
      }
      ping:click {
        target: [32m'http://localhost:8000/test/it/click.test.html?wtr-session-id=j9bvvnpq3_autobAK32CL#'[39m,
        source: [32m'a#alink'[39m
      }
      ping:click {
        target: [32m'http://localhost:8000/test/it/click.test.html?wtr-session-id=j9bvvnpq3_autobAK32CL#'[39m,
        source: [32m'a#alink'[39m
      }
      ping:click {
        target: [32m'http://localhost:8000/test/it/click.test.html?wtr-session-id=j9bvvnpq3_autobAK32CL#'[39m,
        source: [32m'a#alink'[39m
      }
      ping:click {
        target: [32m'http://localhost:8000/test/it/click.test.html?wtr-session-id=j9bvvnpq3_autobAK32CL#'[39m,
        source: [32m'a#alink'[39m
      }
      ping:click {
        target: [32m'http://localhost:8000/test/it/click.test.html?wtr-session-id=j9bvvnpq3_autobAK32CL#'[39m,
        source: [32m'a#alink'[39m
      }
      ping:click {
        target: [32m'http://localhost:8000/test/it/click.test.html?wtr-session-id=j9bvvnpq3_autobAK32CL#'[39m,
        source: [32m'a#alink'[39m
      }
      ping:click {
        target: [32m'http://localhost:8000/test/it/click.test.html?wtr-session-id=j9bvvnpq3_autobAK32CL#'[39m,
        source: [32m'a#alink'[39m
      }
      ping:click {
        target: [32m'http://localhost:8000/test/it/click.test.html?wtr-session-id=j9bvvnpq3_autobAK32CL#'[39m,
        source: [32m'a#alink'[39m
      }
      ping:click {
        target: [32m'http://localhost:8000/test/it/click.test.html?wtr-session-id=j9bvvnpq3_autobAK32CL#'[39m,
        source: [32m'a#alink'[39m
      }
      ping:click {
        target: [32m'http://localhost:8000/test/it/click.test.html?wtr-session-id=j9bvvnpq3_autobAK32CL#'[39m,
        source: [32m'a#alink'[39m
      }
      ping:click {
        target: [32m'http://localhost:8000/test/it/click.test.html?wtr-session-id=j9bvvnpq3_autobAK32CL#'[39m,
        source: [32m'a#alink'[39m
      }
      ping:click {
        target: [32m'http://localhost:8000/test/it/click.test.html?wtr-session-id=j9bvvnpq3_autobAK32CL#'[39m,
        source: [32m'a#alink'[39m
      }
      ping:click {
        target: [32m'http://localhost:8000/test/it/click.test.html?wtr-session-id=j9bvvnpq3_autobAK32CL#'[39m,
        source: [32m'a#alink'[39m
      }
      ping:click {
        target: [32m'http://localhost:8000/test/it/click.test.html?wtr-session-id=j9bvvnpq3_autobAK32CL#'[39m,
        source: [32m'a#alink'[39m
      }
      ping:click {
        target: [32m'http://localhost:8000/test/it/click.test.html?wtr-session-id=j9bvvnpq3_autobAK32CL#'[39m,
        source: [32m'a#alink'[39m
      }
      ping:click {
        target: [32m'http://localhost:8000/test/it/click.test.html?wtr-session-id=j9bvvnpq3_autobAK32CL#'[39m,
        source: [32m'a#alink'[39m
      }
      ping:click {
        target: [32m'http://localhost:8000/test/it/click.test.html?wtr-session-id=j9bvvnpq3_autobAK32CL#'[39m,
        source: [32m'a#alink'[39m
      }
      ping:click {
        target: [32m'http://localhost:8000/test/it/click.test.html?wtr-session-id=j9bvvnpq3_autobAK32CL#'[39m,
        source: [32m'a#alink'[39m
      }
      ping:click {
        target: [32m'http://localhost:8000/test/it/click.test.html?wtr-session-id=j9bvvnpq3_autobAK32CL#'[39m,
        source: [32m'a#alink'[39m
      }
      ping:click {
        target: [32m'http://localhost:8000/test/it/click.test.html?wtr-session-id=j9bvvnpq3_autobAK32CL#'[39m,
        source: [32m'a#alink'[39m
      }
      ping:click {
        target: [32m'http://localhost:8000/test/it/click.test.html?wtr-session-id=j9bvvnpq3_autobAK32CL#'[39m,
        source: [32m'a#alink'[39m
      }
      ping:click {
        target: [32m'http://localhost:8000/test/it/click.test.html?wtr-session-id=j9bvvnpq3_autobAK32CL#'[39m,
        source: [32m'a#alink'[39m
      }
      ping:click {
        target: [32m'http://localhost:8000/test/it/click.test.html?wtr-session-id=j9bvvnpq3_autobAK32CL#'[39m,
        source: [32m'a#alink'[39m
      }
      ping:click {
        target: [32m'http://localhost:8000/test/it/click.test.html?wtr-session-id=j9bvvnpq3_autobAK32CL#'[39m,
        source: [32m'a#alink'[39m
      }
      ping:click {
        target: [32m'http://localhost:8000/test/it/click.test.html?wtr-session-id=j9bvvnpq3_autobAK32CL#'[39m,
        source: [32m'a#alink'[39m
      }
      ping:click {
        target: [32m'http://localhost:8000/test/it/click.test.html?wtr-session-id=j9bvvnpq3_autobAK32CL#'[39m,
        source: [32m'a#alink'[39m
      }
      ping:click {
        target: [32m'http://localhost:8000/test/it/click.test.html?wtr-session-id=j9bvvnpq3_autobAK32CL#'[39m,
        source: [32m'a#alink'[39m
      }
      ping:click {
        target: [32m'http://localhost:8000/test/it/click.test.html?wtr-session-id=j9bvvnpq3_autobAK32CL#'[39m,
        source: [32m'a#alink'[39m
      }
      ping:click {
        target: [32m'http://localhost:8000/test/it/click.test.html?wtr-session-id=j9bvvnpq3_autobAK32CL#'[39m,
        source: [32m'a#alink'[39m
      }
      ping:click {
        target: [32m'http://localhost:8000/test/it/click.test.html?wtr-session-id=j9bvvnpq3_autobAK32CL#'[39m,
        source: [32m'a#alink'[39m
      }
      ping:click {
        target: [32m'http://localhost:8000/test/it/click.test.html?wtr-session-id=j9bvvnpq3_autobAK32CL#'[39m,
        source: [32m'a#alink'[39m
      }
      ping:click {
        target: [32m'http://localhost:8000/test/it/click.test.html?wtr-session-id=j9bvvnpq3_autobAK32CL#'[39m,
        source: [32m'a#alink'[39m
      }
      ping:click {
        target: [32m'http://localhost:8000/test/it/click.test.html?wtr-session-id=j9bvvnpq3_autobAK32CL#'[39m,
        source: [32m'a#alink'[39m
      }
      ping:click {
        target: [32m'http://localhost:8000/test/it/click.test.html?wtr-session-id=j9bvvnpq3_autobAK32CL#'[39m,
        source: [32m'a#alink'[39m
      }
      ping:click {
        target: [32m'http://localhost:8000/test/it/click.test.html?wtr-session-id=j9bvvnpq3_autobAK32CL#'[39m,
        source: [32m'a#alink'[39m
      }
      ping:click {
        target: [32m'http://localhost:8000/test/it/click.test.html?wtr-session-id=j9bvvnpq3_autobAK32CL#'[39m,
        source: [32m'a#alink'[39m
      }
      ping:click {
        target: [32m'http://localhost:8000/test/it/click.test.html?wtr-session-id=j9bvvnpq3_autobAK32CL#'[39m,
        source: [32m'a#alink'[39m
      }
      ping:click {
        target: [32m'http://localhost:8000/test/it/click.test.html?wtr-session-id=j9bvvnpq3_autobAK32CL#'[39m,
        source: [32m'a#alink'[39m
      }
      ping:click {
        target: [32m'http://localhost:8000/test/it/click.test.html?wtr-session-id=j9bvvnpq3_autobAK32CL#'[39m,
        source: [32m'a#alink'[39m
      }
      ping:click {
        target: [32m'http://localhost:8000/test/it/click.test.html?wtr-session-id=j9bvvnpq3_autobAK32CL#'[39m,
        source: [32m'a#alink'[39m
      }
      ping:click {
        target: [32m'http://localhost:8000/test/it/click.test.html?wtr-session-id=j9bvvnpq3_autobAK32CL#'[39m,
        source: [32m'a#alink'[39m
      }
      ping:click {
        target: [32m'http://localhost:8000/test/it/click.test.html?wtr-session-id=j9bvvnpq3_autobAK32CL#'[39m,
        source: [32m'a#alink'[39m
      }
      ping:click {
        target: [32m'http://localhost:8000/test/it/click.test.html?wtr-session-id=j9bvvnpq3_autobAK32CL#'[39m,
        source: [32m'a#alink'[39m
      }
      ping:click {
        target: [32m'http://localhost:8000/test/it/click.test.html?wtr-session-id=j9bvvnpq3_autobAK32CL#'[39m,
        source: [32m'a#alink'[39m
      }
      ping:click {
        target: [32m'http://localhost:8000/test/it/click.test.html?wtr-session-id=j9bvvnpq3_autobAK32CL#'[39m,
        source: [32m'a#alink'[39m
      }
      ping:click {
        target: [32m'http://localhost:8000/test/it/click.test.html?wtr-session-id=j9bvvnpq3_autobAK32CL#'[39m,
        source: [32m'a#alink'[39m
      }
      ping:click {
        target: [32m'http://localhost:8000/test/it/click.test.html?wtr-session-id=j9bvvnpq3_autobAK32CL#'[39m,
        source: [32m'a#alink'[39m
      }
      ping:click {
        target: [32m'http://localhost:8000/test/it/click.test.html?wtr-session-id=j9bvvnpq3_autobAK32CL#'[39m,
        source: [32m'a#alink'[39m
      }
      ping:click {
        target: [32m'http://localhost:8000/test/it/click.test.html?wtr-session-id=j9bvvnpq3_autobAK32CL#'[39m,
        source: [32m'a#alink'[39m
      }
      ping:click {
        target: [32m'http://localhost:8000/test/it/click.test.html?wtr-session-id=j9bvvnpq3_autobAK32CL#'[39m,
        source: [32m'a#alink'[39m
      }
      ping:click {
        target: [32m'http://localhost:8000/test/it/click.test.html?wtr-session-id=j9bvvnpq3_autobAK32CL#'[39m,
        source: [32m'a#alink'[39m
      }
      ping:click {
        target: [32m'http://localhost:8000/test/it/click.test.html?wtr-session-id=j9bvvnpq3_autobAK32CL#'[39m,
        source: [32m'a#alink'[39m
      }
      ping:click {
        target: [32m'http://localhost:8000/test/it/click.test.html?wtr-session-id=j9bvvnpq3_autobAK32CL#'[39m,
        source: [32m'a#alink'[39m
      }
      ping:click {
        target: [32m'http://localhost:8000/test/it/click.test.html?wtr-session-id=j9bvvnpq3_autobAK32CL#'[39m,
        source: [32m'a#alink'[39m
      }
      ping:click {
        target: [32m'http://localhost:8000/test/it/click.test.html?wtr-session-id=j9bvvnpq3_autobAK32CL#'[39m,
        source: [32m'a#alink'[39m
      }
      ping:click {
        target: [32m'http://localhost:8000/test/it/click.test.html?wtr-session-id=j9bvvnpq3_autobAK32CL#'[39m,
        source: [32m'a#alink'[39m
      }
      ping:click {
        target: [32m'http://localhost:8000/test/it/click.test.html?wtr-session-id=j9bvvnpq3_autobAK32CL#'[39m,
        source: [32m'a#alink'[39m
      }
      ping:click {
        target: [32m'http://localhost:8000/test/it/click.test.html?wtr-session-id=j9bvvnpq3_autobAK32CL#'[39m,
        source: [32m'a#alink'[39m
      }
      ping:click {
        target: [32m'http://localhost:8000/test/it/click.test.html?wtr-session-id=j9bvvnpq3_autobAK32CL#'[39m,
        source: [32m'a#alink'[39m
      }
      ping:click {
        target: [32m'http://localhost:8000/test/it/click.test.html?wtr-session-id=j9bvvnpq3_autobAK32CL#'[39m,
        source: [32m'a#alink'[39m
      }
      ping:click {
        target: [32m'http://localhost:8000/test/it/click.test.html?wtr-session-id=j9bvvnpq3_autobAK32CL#'[39m,
        source: [32m'a#alink'[39m
      }
      ping:click {
        target: [32m'http://localhost:8000/test/it/click.test.html?wtr-session-id=j9bvvnpq3_autobAK32CL#'[39m,
        source: [32m'a#alink'[39m
      }
      ping:click {
        target: [32m'http://localhost:8000/test/it/click.test.html?wtr-session-id=j9bvvnpq3_autobAK32CL#'[39m,
        source: [32m'a#alink'[39m
      }
      ping:click {
        target: [32m'http://localhost:8000/test/it/click.test.html?wtr-session-id=j9bvvnpq3_autobAK32CL#'[39m,
        source: [32m'a#alink'[39m
      }
      ping:click {
        target: [32m'http://localhost:8000/test/it/click.test.html?wtr-session-id=j9bvvnpq3_autobAK32CL#'[39m,
        source: [32m'a#alink'[39m
      }
      ping:click {
        target: [32m'http://localhost:8000/test/it/click.test.html?wtr-session-id=j9bvvnpq3_autobAK32CL#'[39m,
        source: [32m'a#alink'[39m
      }
      ping:click {
        target: [32m'http://localhost:8000/test/it/click.test.html?wtr-session-id=j9bvvnpq3_autobAK32CL#'[39m,
        source: [32m'a#alink'[39m
      }
      ping:click {
        target: [32m'http://localhost:8000/test/it/click.test.html?wtr-session-id=j9bvvnpq3_autobAK32CL#'[39m,
        source: [32m'a#alink'[39m
      }
      ping:click {
        target: [32m'http://localhost:8000/test/it/click.test.html?wtr-session-id=j9bvvnpq3_autobAK32CL#'[39m,
        source: [32m'a#alink'[39m
      }
      ping:click {
        target: [32m'http://localhost:8000/test/it/click.test.html?wtr-session-id=j9bvvnpq3_autobAK32CL#'[39m,
        source: [32m'a#alink'[39m
      }
      ping:click {
        target: [32m'http://localhost:8000/test/it/click.test.html?wtr-session-id=j9bvvnpq3_autobAK32CL#'[39m,
        source: [32m'a#alink'[39m
      }
      ping:click {
        target: [32m'http://localhost:8000/test/it/click.test.html?wtr-session-id=j9bvvnpq3_autobAK32CL#'[39m,
        source: [32m'a#alink'[39m
      }
      ping:click {
        target: [32m'http://localhost:8000/test/it/click.test.html?wtr-session-id=j9bvvnpq3_autobAK32CL#'[39m,
        source: [32m'a#alink'[39m
      }
      ping:click {
        target: [32m'http://localhost:8000/test/it/click.test.html?wtr-session-id=j9bvvnpq3_autobAK32CL#'[39m,
        source: [32m'a#alink'[39m
      }
      ping:click {
        target: [32m'http://localhost:8000/test/it/click.test.html?wtr-session-id=j9bvvnpq3_autobAK32CL#'[39m,
        source: [32m'a#alink'[39m
      }
      ping:click {
        target: [32m'http://localhost:8000/test/it/click.test.html?wtr-session-id=j9bvvnpq3_autobAK32CL#'[39m,
        source: [32m'a#alink'[39m
      }
      ping:click {
        target: [32m'http://localhost:8000/test/it/click.test.html?wtr-session-id=j9bvvnpq3_autobAK32CL#'[39m,
        source: [32m'a#alink'[39m
      }
      ping:click {
        target: [32m'http://localhost:8000/test/it/click.test.html?wtr-session-id=j9bvvnpq3_autobAK32CL#'[39m,
        source: [32m'a#alink'[39m
      }
      ping:click {
        target: [32m'http://localhost:8000/test/it/click.test.html?wtr-session-id=j9bvvnpq3_autobAK32CL#'[39m,
        source: [32m'a#alink'[39m
      }
      ping:click {
        target: [32m'http://localhost:8000/test/it/click.test.html?wtr-session-id=j9bvvnpq3_autobAK32CL#'[39m,
        source: [32m'a#alink'[39m
      }
      ping:click {
        target: [32m'http://localhost:8000/test/it/click.test.html?wtr-session-id=j9bvvnpq3_autobAK32CL#'[39m,
        source: [32m'a#alink'[39m
      }
      ping:click {
        target: [32m'http://localhost:8000/test/it/click.test.html?wtr-session-id=j9bvvnpq3_autobAK32CL#'[39m,
        source: [32m'a#alink'[39m
      }
      ping:click {
        target: [32m'http://localhost:8000/test/it/click.test.html?wtr-session-id=j9bvvnpq3_autobAK32CL#'[39m,
        source: [32m'a#alink'[39m
      }
      ping:click {
        target: [32m'http://localhost:8000/test/it/click.test.html?wtr-session-id=j9bvvnpq3_autobAK32CL#'[39m,
        source: [32m'a#alink'[39m
      }
      ping:click {
        target: [32m'http://localhost:8000/test/it/click.test.html?wtr-session-id=j9bvvnpq3_autobAK32CL#'[39m,
        source: [32m'a#alink'[39m
      }
      ping:click {
        target: [32m'http://localhost:8000/test/it/click.test.html?wtr-session-id=j9bvvnpq3_autobAK32CL#'[39m,
        source: [32m'a#alink'[39m
      }
      ping:click {
        target: [32m'http://localhost:8000/test/it/click.test.html?wtr-session-id=j9bvvnpq3_autobAK32CL#'[39m,
        source: [32m'a#alink'[39m
      }
      ping:click {
        target: [32m'http://localhost:8000/test/it/click.test.html?wtr-session-id=j9bvvnpq3_autobAK32CL#'[39m,
        source: [32m'a#alink'[39m
      }
      ping:click {
        target: [32m'http://localhost:8000/test/it/click.test.html?wtr-session-id=j9bvvnpq3_autobAK32CL#'[39m,
        source: [32m'a#alink'[39m
      }
      ping:click {
        target: [32m'http://localhost:8000/test/it/click.test.html?wtr-session-id=j9bvvnpq3_autobAK32CL#'[39m,
        source: [32m'a#alink'[39m
      }
      ping:click {
        target: [32m'http://localhost:8000/test/it/click.test.html?wtr-session-id=j9bvvnpq3_autobAK32CL#'[39m,
        source: [32m'a#alink'[39m
      }
      ping:click {
        target: [32m'http://localhost:8000/test/it/click.test.html?wtr-session-id=j9bvvnpq3_autobAK32CL#'[39m,
        source: [32m'a#alink'[39m
      }
      ping:click {
        target: [32m'http://localhost:8000/test/it/click.test.html?wtr-session-id=j9bvvnpq3_autobAK32CL#'[39m,
        source: [32m'a#alink'[39m
      }
      ping:click {
        target: [32m'http://localhost:8000/test/it/click.test.html?wtr-session-id=j9bvvnpq3_autobAK32CL#'[39m,
        source: [32m'a#alink'[39m
      }
      ping:click {
        target: [32m'http://localhost:8000/test/it/click.test.html?wtr-session-id=j9bvvnpq3_autobAK32CL#'[39m,
        source: [32m'a#alink'[39m
      }
      ping:click {
        target: [32m'http://localhost:8000/test/it/click.test.html?wtr-session-id=j9bvvnpq3_autobAK32CL#'[39m,
        source: [32m'a#alink'[39m
      }
      ping:click {
        target: [32m'http://localhost:8000/test/it/click.test.html?wtr-session-id=j9bvvnpq3_autobAK32CL#'[39m,
        source: [32m'a#alink'[39m
      }
      ping:click {
        target: [32m'http://localhost:8000/test/it/click.test.html?wtr-session-id=j9bvvnpq3_autobAK32CL#'[39m,
        source: [32m'a#alink'[39m
      }
      ping:click {
        target: [32m'http://localhost:8000/test/it/click.test.html?wtr-session-id=j9bvvnpq3_autobAK32CL#'[39m,
        source: [32m'a#alink'[39m
      }
      ping:click {
        target: [32m'http://localhost:8000/test/it/click.test.html?wtr-session-id=j9bvvnpq3_autobAK32CL#'[39m,
        source: [32m'a#alink'[39m
      }
      ping:click {
        target: [32m'http://localhost:8000/test/it/click.test.html?wtr-session-id=j9bvvnpq3_autobAK32CL#'[39m,
        source: [32m'a#alink'[39m
      }
      ping:click {
        target: [32m'http://localhost:8000/test/it/click.test.html?wtr-session-id=j9bvvnpq3_autobAK32CL#'[39m,
        source: [32m'a#alink'[39m
      }
      ping:click {
        target: [32m'http://localhost:8000/test/it/click.test.html?wtr-session-id=j9bvvnpq3_autobAK32CL#'[39m,
        source: [32m'a#alink'[39m
      }
      ping:click {
        target: [32m'http://localhost:8000/test/it/click.test.html?wtr-session-id=j9bvvnpq3_autobAK32CL#'[39m,
        source: [32m'a#alink'[39m
      }
      ping:click {
        target: [32m'http://localhost:8000/test/it/click.test.html?wtr-session-id=j9bvvnpq3_autobAK32CL#'[39m,
        source: [32m'a#alink'[39m
      }
      ping:click {
        target: [32m'http://localhost:8000/test/it/click.test.html?wtr-session-id=j9bvvnpq3_autobAK32CL#'[39m,
        source: [32m'a#alink'[39m
      }
      ping:click {
        target: [32m'http://localhost:8000/test/it/click.test.html?wtr-session-id=j9bvvnpq3_autobAK32CL#'[39m,
        source: [32m'a#alink'[39m
      }
      ping:click {
        target: [32m'http://localhost:8000/test/it/click.test.html?wtr-session-id=j9bvvnpq3_autobAK32CL#'[39m,
        source: [32m'a#alink'[39m
      }
      ping:click {
        target: [32m'http://localhost:8000/test/it/click.test.html?wtr-session-id=j9bvvnpq3_autobAK32CL#'[39m,
        source: [32m'a#alink'[39m
      }
      ping:click {
        target: [32m'http://localhost:8000/test/it/click.test.html?wtr-session-id=j9bvvnpq3_autobAK32CL#'[39m,
        source: [32m'a#alink'[39m
      }
      ping:click {
        target: [32m'http://localhost:8000/test/it/click.test.html?wtr-session-id=j9bvvnpq3_autobAK32CL#'[39m,
        source: [32m'a#alink'[39m
      }
      ping:click {
        target: [32m'http://localhost:8000/test/it/click.test.html?wtr-session-id=j9bvvnpq3_autobAK32CL#'[39m,
        source: [32m'a#alink'[39m
      }
      ping:click {
        target: [32m'http://localhost:8000/test/it/click.test.html?wtr-session-id=j9bvvnpq3_autobAK32CL#'[39m,
        source: [32m'a#alink'[39m
      }
      ping:click {
        target: [32m'http://localhost:8000/test/it/click.test.html?wtr-session-id=j9bvvnpq3_autobAK32CL#'[39m,
        source: [32m'a#alink'[39m
      }
      ping:click {
        target: [32m'http://localhost:8000/test/it/click.test.html?wtr-session-id=j9bvvnpq3_autobAK32CL#'[39m,
        source: [32m'a#alink'[39m
      }
      ping:click {
        target: [32m'http://localhost:8000/test/it/click.test.html?wtr-session-id=j9bvvnpq3_autobAK32CL#'[39m,
        source: [32m'a#alink'[39m
      }
      ping:click {
        target: [32m'http://localhost:8000/test/it/click.test.html?wtr-session-id=j9bvvnpq3_autobAK32CL#'[39m,
        source: [32m'a#alink'[39m
      }
      ping:click {
        target: [32m'http://localhost:8000/test/it/click.test.html?wtr-session-id=j9bvvnpq3_autobAK32CL#'[39m,
        source: [32m'a#alink'[39m
      }
      ping:click {
        target: [32m'http://localhost:8000/test/it/click.test.html?wtr-session-id=j9bvvnpq3_autobAK32CL#'[39m,
        source: [32m'a#alink'[39m
      }
      ping:click {
        target: [32m'http://localhost:8000/test/it/click.test.html?wtr-session-id=j9bvvnpq3_autobAK32CL#'[39m,
        source: [32m'a#alink'[39m
      }
      ping:click {
        target: [32m'http://localhost:8000/test/it/click.test.html?wtr-session-id=j9bvvnpq3_autobAK32CL#'[39m,
        source: [32m'a#alink'[39m
      }
      ping:click {
        target: [32m'http://localhost:8000/test/it/click.test.html?wtr-session-id=j9bvvnpq3_autobAK32CL#'[39m,
        source: [32m'a#alink'[39m
      }
      ping:click {
        target: [32m'http://localhost:8000/test/it/click.test.html?wtr-session-id=j9bvvnpq3_autobAK32CL#'[39m,
        source: [32m'a#alink'[39m
      }
      ping:click {
        target: [32m'http://localhost:8000/test/it/click.test.html?wtr-session-id=j9bvvnpq3_autobAK32CL#'[39m,
        source: [32m'a#alink'[39m
      }
      ping:click {
        target: [32m'http://localhost:8000/test/it/click.test.html?wtr-session-id=j9bvvnpq3_autobAK32CL#'[39m,
        source: [32m'a#alink'[39m
      }
      ping:click {
        target: [32m'http://localhost:8000/test/it/click.test.html?wtr-session-id=j9bvvnpq3_autobAK32CL#'[39m,
        source: [32m'a#alink'[39m
      }
      ping:click {
        target: [32m'http://localhost:8000/test/it/click.test.html?wtr-session-id=j9bvvnpq3_autobAK32CL#'[39m,
        source: [32m'a#alink'[39m
      }
      ping:click {
        target: [32m'http://localhost:8000/test/it/click.test.html?wtr-session-id=j9bvvnpq3_autobAK32CL#'[39m,
        source: [32m'a#alink'[39m
      }
      ping:click {
        target: [32m'http://localhost:8000/test/it/click.test.html?wtr-session-id=j9bvvnpq3_autobAK32CL#'[39m,
        source: [32m'a#alink'[39m
      }
      ping:click {
        target: [32m'http://localhost:8000/test/it/click.test.html?wtr-session-id=j9bvvnpq3_autobAK32CL#'[39m,
        source: [32m'a#alink'[39m
      }
      ping:click {
        target: [32m'http://localhost:8000/test/it/click.test.html?wtr-session-id=j9bvvnpq3_autobAK32CL#'[39m,
        source: [32m'a#alink'[39m
      }
      ping:click {
        target: [32m'http://localhost:8000/test/it/click.test.html?wtr-session-id=j9bvvnpq3_autobAK32CL#'[39m,
        source: [32m'a#alink'[39m
      }
      ping:click {
        target: [32m'http://localhost:8000/test/it/click.test.html?wtr-session-id=j9bvvnpq3_autobAK32CL#'[39m,
        source: [32m'a#alink'[39m
      }
      ping:click {
        target: [32m'http://localhost:8000/test/it/click.test.html?wtr-session-id=j9bvvnpq3_autobAK32CL#'[39m,
        source: [32m'a#alink'[39m
      }
      ping:click {
        target: [32m'http://localhost:8000/test/it/click.test.html?wtr-session-id=j9bvvnpq3_autobAK32CL#'[39m,
        source: [32m'a#alink'[39m
      }
      ping:click {
        target: [32m'http://localhost:8000/test/it/click.test.html?wtr-session-id=j9bvvnpq3_autobAK32CL#'[39m,
        source: [32m'a#alink'[39m
      }
      ping:click {
        target: [32m'http://localhost:8000/test/it/click.test.html?wtr-session-id=j9bvvnpq3_autobAK32CL#'[39m,
        source: [32m'a#alink'[39m
      }
      ping:click {
        target: [32m'http://localhost:8000/test/it/click.test.html?wtr-session-id=j9bvvnpq3_autobAK32CL#'[39m,
        source: [32m'a#alink'[39m
      }
      ping:click {
        target: [32m'http://localhost:8000/test/it/click.test.html?wtr-session-id=j9bvvnpq3_autobAK32CL#'[39m,
        source: [32m'a#alink'[39m
      }
      ping:click {
        target: [32m'http://localhost:8000/test/it/click.test.html?wtr-session-id=j9bvvnpq3_autobAK32CL#'[39m,
        source: [32m'a#alink'[39m
      }
      ping:click {
        target: [32m'http://localhost:8000/test/it/click.test.html?wtr-session-id=j9bvvnpq3_autobAK32CL#'[39m,
        source: [32m'a#alink'[39m
      }
      ping:click {
        target: [32m'http://localhost:8000/test/it/click.test.html?wtr-session-id=j9bvvnpq3_autobAK32CL#'[39m,
        source: [32m'a#alink'[39m
      }
      ping:click {
        target: [32m'http://localhost:8000/test/it/click.test.html?wtr-session-id=j9bvvnpq3_autobAK32CL#'[39m,
        source: [32m'a#alink'[39m
      }
      ping:click {
        target: [32m'http://localhost:8000/test/it/click.test.html?wtr-session-id=j9bvvnpq3_autobAK32CL#'[39m,
        source: [32m'a#alink'[39m
      }
      ping:click {
        target: [32m'http://localhost:8000/test/it/click.test.html?wtr-session-id=j9bvvnpq3_autobAK32CL#'[39m,
        source: [32m'a#alink'[39m
      }
      ping:click {
        target: [32m'http://localhost:8000/test/it/click.test.html?wtr-session-id=j9bvvnpq3_autobAK32CL#'[39m,
        source: [32m'a#alink'[39m
      }
      ping:click {
        target: [32m'http://localhost:8000/test/it/click.test.html?wtr-session-id=j9bvvnpq3_autobAK32CL#'[39m,
        source: [32m'a#alink'[39m
      }
      ping:click {
        target: [32m'http://localhost:8000/test/it/click.test.html?wtr-session-id=j9bvvnpq3_autobAK32CL#'[39m,
        source: [32m'a#alink'[39m
      }
      ping:click {
        target: [32m'http://localhost:8000/test/it/click.test.html?wtr-session-id=j9bvvnpq3_autobAK32CL#'[39m,
        source: [32m'a#alink'[39m
      }
      ping:click {
        target: [32m'http://localhost:8000/test/it/click.test.html?wtr-session-id=j9bvvnpq3_autobAK32CL#'[39m,
        source: [32m'a#alink'[39m
      }
      ping:click {
        target: [32m'http://localhost:8000/test/it/click.test.html?wtr-session-id=j9bvvnpq3_autobAK32CL#'[39m,
        source: [32m'a#alink'[39m
      }
      ping:click {
        target: [32m'http://localhost:8000/test/it/click.test.html?wtr-session-id=j9bvvnpq3_autobAK32CL#'[39m,
        source: [32m'a#alink'[39m
      }
      ping:click {
        target: [32m'http://localhost:8000/test/it/click.test.html?wtr-session-id=j9bvvnpq3_autobAK32CL#'[39m,
        source: [32m'a#alink'[39m
      }
      ping:click {
        target: [32m'http://localhost:8000/test/it/click.test.html?wtr-session-id=j9bvvnpq3_autobAK32CL#'[39m,
        source: [32m'a#alink'[39m
      }
      ping:click {
        target: [32m'http://localhost:8000/test/it/click.test.html?wtr-session-id=j9bvvnpq3_autobAK32CL#'[39m,
        source: [32m'a#alink'[39m
      }
      ping:click {
        target: [32m'http://localhost:8000/test/it/click.test.html?wtr-session-id=j9bvvnpq3_autobAK32CL#'[39m,
        source: [32m'a#alink'[39m
      }
      ping:click {
        target: [32m'http://localhost:8000/test/it/click.test.html?wtr-session-id=j9bvvnpq3_autobAK32CL#'[39m,
        source: [32m'a#alink'[39m
      }
      ping:click {
        target: [32m'http://localhost:8000/test/it/click.test.html?wtr-session-id=j9bvvnpq3_autobAK32CL#'[39m,
        source: [32m'a#alink'[39m
      }
      ping:click {
        target: [32m'http://localhost:8000/test/it/click.test.html?wtr-session-id=j9bvvnpq3_autobAK32CL#'[39m,
        source: [32m'a#alink'[39m
      }
      ping:click {
        target: [32m'http://localhost:8000/test/it/click.test.html?wtr-session-id=j9bvvnpq3_autobAK32CL#'[39m,
        source: [32m'a#alink'[39m
      }
      ping:click {
        target: [32m'http://localhost:8000/test/it/click.test.html?wtr-session-id=j9bvvnpq3_autobAK32CL#'[39m,
        source: [32m'a#alink'[39m
      }
      ping:click {
        target: [32m'http://localhost:8000/test/it/click.test.html?wtr-session-id=j9bvvnpq3_autobAK32CL#'[39m,
        source: [32m'a#alink'[39m
      }
      ping:click {
        target: [32m'http://localhost:8000/test/it/click.test.html?wtr-session-id=j9bvvnpq3_autobAK32CL#'[39m,
        source: [32m'a#alink'[39m
      }
      ping:click {
        target: [32m'http://localhost:8000/test/it/click.test.html?wtr-session-id=j9bvvnpq3_autobAK32CL#'[39m,
        source: [32m'a#alink'[39m
      }
      ping:click {
        target: [32m'http://localhost:8000/test/it/click.test.html?wtr-session-id=j9bvvnpq3_autobAK32CL#'[39m,
        source: [32m'a#alink'[39m
      }
      ping:click {
        target: [32m'http://localhost:8000/test/it/click.test.html?wtr-session-id=j9bvvnpq3_autobAK32CL#'[39m,
        source: [32m'a#alink'[39m
      }
      ping:click {
        target: [32m'http://localhost:8000/test/it/click.test.html?wtr-session-id=j9bvvnpq3_autobAK32CL#'[39m,
        source: [32m'a#alink'[39m
      }
      ping:click {
        target: [32m'http://localhost:8000/test/it/click.test.html?wtr-session-id=j9bvvnpq3_autobAK32CL#'[39m,
        source: [32m'a#alink'[39m
      }
      ping:click {
        target: [32m'http://localhost:8000/test/it/click.test.html?wtr-session-id=j9bvvnpq3_autobAK32CL#'[39m,
        source: [32m'a#alink'[39m
      }
      ping:click {
        target: [32m'http://localhost:8000/test/it/click.test.html?wtr-session-id=j9bvvnpq3_autobAK32CL#'[39m,
        source: [32m'a#alink'[39m
      }
      ping:click {
        target: [32m'http://localhost:8000/test/it/click.test.html?wtr-session-id=j9bvvnpq3_autobAK32CL#'[39m,
        source: [32m'a#alink'[39m
      }
      ping:click {
        target: [32m'http://localhost:8000/test/it/click.test.html?wtr-session-id=j9bvvnpq3_autobAK32CL#'[39m,
        source: [32m'a#alink'[39m
      }
      ping:click {
        target: [32m'http://localhost:8000/test/it/click.test.html?wtr-session-id=j9bvvnpq3_autobAK32CL#'[39m,
        source: [32m'a#alink'[39m
      }
      ping:click {
        target: [32m'http://localhost:8000/test/it/click.test.html?wtr-session-id=j9bvvnpq3_autobAK32CL#'[39m,
        source: [32m'a#alink'[39m
      }
      ping:click {
        target: [32m'http://localhost:8000/test/it/click.test.html?wtr-session-id=j9bvvnpq3_autobAK32CL#'[39m,
        source: [32m'a#alink'[39m
      }
      ping:click {
        target: [32m'http://localhost:8000/test/it/click.test.html?wtr-session-id=j9bvvnpq3_autobAK32CL#'[39m,
        source: [32m'a#alink'[39m
      }
      ping:click {
        target: [32m'http://localhost:8000/test/it/click.test.html?wtr-session-id=j9bvvnpq3_autobAK32CL#'[39m,
        source: [32m'a#alink'[39m
      }
      ping:click {
        target: [32m'http://localhost:8000/test/it/click.test.html?wtr-session-id=j9bvvnpq3_autobAK32CL#'[39m,
        source: [32m'a#alink'[39m
      }
      ping:click {
        target: [32m'http://localhost:8000/test/it/click.test.html?wtr-session-id=j9bvvnpq3_autobAK32CL#'[39m,
        source: [32m'a#alink'[39m
      }
      ping:click {
        target: [32m'http://localhost:8000/test/it/click.test.html?wtr-session-id=j9bvvnpq3_autobAK32CL#'[39m,
        source: [32m'a#alink'[39m
      }
      ping:click {
        target: [32m'http://localhost:8000/test/it/click.test.html?wtr-session-id=j9bvvnpq3_autobAK32CL#'[39m,
        source: [32m'a#alink'[39m
      }
 🚧 Browser logs on Webkit:
      ping:language { source: [32m''[39m, target: [32m'en-US'[39m }
      ping:click {
        target: [32m'http://localhost:8000/test/it/click.test.html?wtr-session-id=Q2uAO35srd009CK6ytfGM#'[39m,
        source: [32m'a#alink'[39m
      }
      ping:click {
        target: [32m'http://localhost:8000/test/it/click.test.html?wtr-session-id=Q2uAO35srd009CK6ytfGM#'[39m,
        source: [32m'a#alink'[39m
      }
      ping:click {
        target: [32m'http://localhost:8000/test/it/click.test.html?wtr-session-id=Q2uAO35srd009CK6ytfGM#'[39m,
        source: [32m'a#alink'[39m
      }
      ping:click {
        target: [32m'http://localhost:8000/test/it/click.test.html?wtr-session-id=Q2uAO35srd009CK6ytfGM#'[39m,
        source: [32m'a#alink'[39m
      }
      ping:click {
        target: [32m'http://localhost:8000/test/it/click.test.html?wtr-session-id=Q2uAO35srd009CK6ytfGM#'[39m,
        source: [32m'a#alink'[39m
      }
      ping:click {
        target: [32m'http://localhost:8000/test/it/click.test.html?wtr-session-id=Q2uAO35srd009CK6ytfGM#'[39m,
        source: [32m'a#alink'[39m
      }
      ping:click {
        target: [32m'http://localhost:8000/test/it/click.test.html?wtr-session-id=Q2uAO35srd009CK6ytfGM#'[39m,
        source: [32m'a#alink'[39m
      }
      ping:a11y { source: [32m'off'[39m, target: [32m'off:low:medium:high'[39m }
      ping:click {
        target: [32m'http://localhost:8000/test/it/click.test.html?wtr-session-id=Q2uAO35srd009CK6ytfGM#'[39m,
        source: [32m'a#alink'[39m
      }
      ping:click {
        target: [32m'http://localhost:8000/test/it/click.test.html?wtr-session-id=Q2uAO35srd009CK6ytfGM#'[39m,
        source: [32m'a#alink'[39m
      }
      ping:click {
        target: [32m'http://localhost:8000/test/it/click.test.html?wtr-session-id=Q2uAO35srd009CK6ytfGM#'[39m,
        source: [32m'a#alink'[39m
      }
      ping:click {
        target: [32m'http://localhost:8000/test/it/click.test.html?wtr-session-id=Q2uAO35srd009CK6ytfGM#'[39m,
        source: [32m'a#alink'[39m
      }
      ping:click {
        target: [32m'http://localhost:8000/test/it/click.test.html?wtr-session-id=Q2uAO35srd009CK6ytfGM#'[39m,
        source: [32m'a#alink'[39m
      }
      ping:click {
        target: [32m'http://localhost:8000/test/it/click.test.html?wtr-session-id=Q2uAO35srd009CK6ytfGM#'[39m,
        source: [32m'a#alink'[39m
      }
      ping:click {
        target: [32m'http://localhost:8000/test/it/click.test.html?wtr-session-id=Q2uAO35srd009CK6ytfGM#'[39m,
        source: [32m'a#alink'[39m
      }
      ping:click {
        target: [32m'http://localhost:8000/test/it/click.test.html?wtr-session-id=Q2uAO35srd009CK6ytfGM#'[39m,
        source: [32m'a#alink'[39m
      }
      ping:click {
        target: [32m'http://localhost:8000/test/it/click.test.html?wtr-session-id=Q2uAO35srd009CK6ytfGM#'[39m,
        source: [32m'a#alink'[39m
      }
      ping:click {
        target: [32m'http://localhost:8000/test/it/click.test.html?wtr-session-id=Q2uAO35srd009CK6ytfGM#'[39m,
        source: [32m'a#alink'[39m
      }
      ping:click {
        target: [32m'http://localhost:8000/test/it/click.test.html?wtr-session-id=Q2uAO35srd009CK6ytfGM#'[39m,
        source: [32m'a#alink'[39m
      }
      ping:click {
        target: [32m'http://localhost:8000/test/it/click.test.html?wtr-session-id=Q2uAO35srd009CK6ytfGM#'[39m,
        source: [32m'a#alink'[39m
      }
      ping:click {
        target: [32m'http://localhost:8000/test/it/click.test.html?wtr-session-id=Q2uAO35srd009CK6ytfGM#'[39m,
        source: [32m'a#alink'[39m
      }
      ping:click {
        target: [32m'http://localhost:8000/test/it/click.test.html?wtr-session-id=Q2uAO35srd009CK6ytfGM#'[39m,
        source: [32m'a#alink'[39m
      }
      ping:click {
        target: [32m'http://localhost:8000/test/it/click.test.html?wtr-session-id=Q2uAO35srd009CK6ytfGM#'[39m,
        source: [32m'a#alink'[39m
      }
      ping:click {
        target: [32m'http://localhost:8000/test/it/click.test.html?wtr-session-id=Q2uAO35srd009CK6ytfGM#'[39m,
        source: [32m'a#alink'[39m
      }
      ping:click {
        target: [32m'http://localhost:8000/test/it/click.test.html?wtr-session-id=Q2uAO35srd009CK6ytfGM#'[39m,
        source: [32m'a#alink'[39m
      }
      ping:click {
        target: [32m'http://localhost:8000/test/it/click.test.html?wtr-session-id=Q2uAO35srd009CK6ytfGM#'[39m,
        source: [32m'a#alink'[39m
      }
      ping:click {
        target: [32m'http://localhost:8000/test/it/click.test.html?wtr-session-id=Q2uAO35srd009CK6ytfGM#'[39m,
        source: [32m'a#alink'[39m
      }
      ping:click {
        target: [32m'http://localhost:8000/test/it/click.test.html?wtr-session-id=Q2uAO35srd009CK6ytfGM#'[39m,
        source: [32m'a#alink'[39m
      }
      ping:click {
        target: [32m'http://localhost:8000/test/it/click.test.html?wtr-session-id=Q2uAO35srd009CK6ytfGM#'[39m,
        source: [32m'a#alink'[39m
      }
      ping:click {
        target: [32m'http://localhost:8000/test/it/click.test.html?wtr-session-id=Q2uAO35srd009CK6ytfGM#'[39m,
        source: [32m'a#alink'[39m
      }
      ping:click {
        target: [32m'http://localhost:8000/test/it/click.test.html?wtr-session-id=Q2uAO35srd009CK6ytfGM#'[39m,
        source: [32m'a#alink'[39m
      }
      ping:click {
        target: [32m'http://localhost:8000/test/it/click.test.html?wtr-session-id=Q2uAO35srd009CK6ytfGM#'[39m,
        source: [32m'a#alink'[39m
      }
      ping:click {
        target: [32m'http://localhost:8000/test/it/click.test.html?wtr-session-id=Q2uAO35srd009CK6ytfGM#'[39m,
        source: [32m'a#alink'[39m
      }
      ping:click {
        target: [32m'http://localhost:8000/test/it/click.test.html?wtr-session-id=Q2uAO35srd009CK6ytfGM#'[39m,
        source: [32m'a#alink'[39m
      }
      ping:click {
        target: [32m'http://localhost:8000/test/it/click.test.html?wtr-session-id=Q2uAO35srd009CK6ytfGM#'[39m,
        source: [32m'a#alink'[39m
      }
      ping:click {
        target: [32m'http://localhost:8000/test/it/click.test.html?wtr-session-id=Q2uAO35srd009CK6ytfGM#'[39m,
        source: [32m'a#alink'[39m
      }
      ping:click {
        target: [32m'http://localhost:8000/test/it/click.test.html?wtr-session-id=Q2uAO35srd009CK6ytfGM#'[39m,
        source: [32m'a#alink'[39m
      }
      ping:click {
        target: [32m'http://localhost:8000/test/it/click.test.html?wtr-session-id=Q2uAO35srd009CK6ytfGM#'[39m,
        source: [32m'a#alink'[39m
      }
      ping:click {
        target: [32m'http://localhost:8000/test/it/click.test.html?wtr-session-id=Q2uAO35srd009CK6ytfGM#'[39m,
        source: [32m'a#alink'[39m
      }
      ping:click {
        target: [32m'http://localhost:8000/test/it/click.test.html?wtr-session-id=Q2uAO35srd009CK6ytfGM#'[39m,
        source: [32m'a#alink'[39m
      }
      ping:click {
        target: [32m'http://localhost:8000/test/it/click.test.html?wtr-session-id=Q2uAO35srd009CK6ytfGM#'[39m,
        source: [32m'a#alink'[39m
      }
      ping:click {
        target: [32m'http://localhost:8000/test/it/click.test.html?wtr-session-id=Q2uAO35srd009CK6ytfGM#'[39m,
        source: [32m'a#alink'[39m
      }
      ping:click {
        target: [32m'http://localhost:8000/test/it/click.test.html?wtr-session-id=Q2uAO35srd009CK6ytfGM#'[39m,
        source: [32m'a#alink'[39m
      }
      ping:click {
        target: [32m'http://localhost:8000/test/it/click.test.html?wtr-session-id=Q2uAO35srd009CK6ytfGM#'[39m,
        source: [32m'a#alink'[39m
      }
      ping:click {
        target: [32m'http://localhost:8000/test/it/click.test.html?wtr-session-id=Q2uAO35srd009CK6ytfGM#'[39m,
        source: [32m'a#alink'[39m
      }
      ping:click {
        target: [32m'http://localhost:8000/test/it/click.test.html?wtr-session-id=Q2uAO35srd009CK6ytfGM#'[39m,
        source: [32m'a#alink'[39m
      }
      ping:click {
        target: [32m'http://localhost:8000/test/it/click.test.html?wtr-session-id=Q2uAO35srd009CK6ytfGM#'[39m,
        source: [32m'a#alink'[39m
      }
      ping:click {
        target: [32m'http://localhost:8000/test/it/click.test.html?wtr-session-id=Q2uAO35srd009CK6ytfGM#'[39m,
        source: [32m'a#alink'[39m
      }
      ping:click {
        target: [32m'http://localhost:8000/test/it/click.test.html?wtr-session-id=Q2uAO35srd009CK6ytfGM#'[39m,
        source: [32m'a#alink'[39m
      }
      ping:click {
        target: [32m'http://localhost:8000/test/it/click.test.html?wtr-session-id=Q2uAO35srd009CK6ytfGM#'[39m,
        source: [32m'a#alink'[39m
      }
      ping:click {
        target: [32m'http://localhost:8000/test/it/click.test.html?wtr-session-id=Q2uAO35srd009CK6ytfGM#'[39m,
        source: [32m'a#alink'[39m
      }
      ping:click {
        target: [32m'http://localhost:8000/test/it/click.test.html?wtr-session-id=Q2uAO35srd009CK6ytfGM#'[39m,
        source: [32m'a#alink'[39m
      }
      ping:click {
        target: [32m'http://localhost:8000/test/it/click.test.html?wtr-session-id=Q2uAO35srd009CK6ytfGM#'[39m,
        source: [32m'a#alink'[39m
      }
      ping:click {
        target: [32m'http://localhost:8000/test/it/click.test.html?wtr-session-id=Q2uAO35srd009CK6ytfGM#'[39m,
        source: [32m'a#alink'[39m
      }
      ping:click {
        target: [32m'http://localhost:8000/test/it/click.test.html?wtr-session-id=Q2uAO35srd009CK6ytfGM#'[39m,
        source: [32m'a#alink'[39m
      }
      ping:click {
        target: [32m'http://localhost:8000/test/it/click.test.html?wtr-session-id=Q2uAO35srd009CK6ytfGM#'[39m,
        source: [32m'a#alink'[39m
      }
      ping:click {
        target: [32m'http://localhost:8000/test/it/click.test.html?wtr-session-id=Q2uAO35srd009CK6ytfGM#'[39m,
        source: [32m'a#alink'[39m
      }
      ping:click {
        target: [32m'http://localhost:8000/test/it/click.test.html?wtr-session-id=Q2uAO35srd009CK6ytfGM#'[39m,
        source: [32m'a#alink'[39m
      }
      ping:click {
        target: [32m'http://localhost:8000/test/it/click.test.html?wtr-session-id=Q2uAO35srd009CK6ytfGM#'[39m,
        source: [32m'a#alink'[39m
      }
      ping:click {
        target: [32m'http://localhost:8000/test/it/click.test.html?wtr-session-id=Q2uAO35srd009CK6ytfGM#'[39m,
        source: [32m'a#alink'[39m
      }
      ping:click {
        target: [32m'http://localhost:8000/test/it/click.test.html?wtr-session-id=Q2uAO35srd009CK6ytfGM#'[39m,
        source: [32m'a#alink'[39m
      }
      ping:click {
        target: [32m'http://localhost:8000/test/it/click.test.html?wtr-session-id=Q2uAO35srd009CK6ytfGM#'[39m,
        source: [32m'a#alink'[39m
      }
      ping:click {
        target: [32m'http://localhost:8000/test/it/click.test.html?wtr-session-id=Q2uAO35srd009CK6ytfGM#'[39m,
        source: [32m'a#alink'[39m
      }
      ping:click {
        target: [32m'http://localhost:8000/test/it/click.test.html?wtr-session-id=Q2uAO35srd009CK6ytfGM#'[39m,
        source: [32m'a#alink'[39m
      }
      ping:click {
        target: [32m'http://localhost:8000/test/it/click.test.html?wtr-session-id=Q2uAO35srd009CK6ytfGM#'[39m,
        source: [32m'a#alink'[39m
      }
      ping:click {
        target: [32m'http://localhost:8000/test/it/click.test.html?wtr-session-id=Q2uAO35srd009CK6ytfGM#'[39m,
        source: [32m'a#alink'[39m
      }
      ping:click {
        target: [32m'http://localhost:8000/test/it/click.test.html?wtr-session-id=Q2uAO35srd009CK6ytfGM#'[39m,
        source: [32m'a#alink'[39m
      }
      ping:click {
        target: [32m'http://localhost:8000/test/it/click.test.html?wtr-session-id=Q2uAO35srd009CK6ytfGM#'[39m,
        source: [32m'a#alink'[39m
      }
      ping:click {
        target: [32m'http://localhost:8000/test/it/click.test.html?wtr-session-id=Q2uAO35srd009CK6ytfGM#'[39m,
        source: [32m'a#alink'[39m
      }
      ping:click {
        target: [32m'http://localhost:8000/test/it/click.test.html?wtr-session-id=Q2uAO35srd009CK6ytfGM#'[39m,
        source: [32m'a#alink'[39m
      }
      ping:click {
        target: [32m'http://localhost:8000/test/it/click.test.html?wtr-session-id=Q2uAO35srd009CK6ytfGM#'[39m,
        source: [32m'a#alink'[39m
      }
      ping:click {
        target: [32m'http://localhost:8000/test/it/click.test.html?wtr-session-id=Q2uAO35srd009CK6ytfGM#'[39m,
        source: [32m'a#alink'[39m
      }
      ping:click {
        target: [32m'http://localhost:8000/test/it/click.test.html?wtr-session-id=Q2uAO35srd009CK6ytfGM#'[39m,
        source: [32m'a#alink'[39m
      }
      ping:click {
        target: [32m'http://localhost:8000/test/it/click.test.html?wtr-session-id=Q2uAO35srd009CK6ytfGM#'[39m,
        source: [32m'a#alink'[39m
      }
      ping:click {
        target: [32m'http://localhost:8000/test/it/click.test.html?wtr-session-id=Q2uAO35srd009CK6ytfGM#'[39m,
        source: [32m'a#alink'[39m
      }
      ping:click {
        target: [32m'http://localhost:8000/test/it/click.test.html?wtr-session-id=Q2uAO35srd009CK6ytfGM#'[39m,
        source: [32m'a#alink'[39m
      }
      ping:click {
        target: [32m'http://localhost:8000/test/it/click.test.html?wtr-session-id=Q2uAO35srd009CK6ytfGM#'[39m,
        source: [32m'a#alink'[39m
      }
      ping:click {
        target: [32m'http://localhost:8000/test/it/click.test.html?wtr-session-id=Q2uAO35srd009CK6ytfGM#'[39m,
        source: [32m'a#alink'[39m
      }
      ping:click {
        target: [32m'http://localhost:8000/test/it/click.test.html?wtr-session-id=Q2uAO35srd009CK6ytfGM#'[39m,
        source: [32m'a#alink'[39m
      }
      ping:click {
        target: [32m'http://localhost:8000/test/it/click.test.html?wtr-session-id=Q2uAO35srd009CK6ytfGM#'[39m,
        source: [32m'a#alink'[39m
      }
      ping:click {
        target: [32m'http://localhost:8000/test/it/click.test.html?wtr-session-id=Q2uAO35srd009CK6ytfGM#'[39m,
        source: [32m'a#alink'[39m
      }
      ping:click {
        target: [32m'http://localhost:8000/test/it/click.test.html?wtr-session-id=Q2uAO35srd009CK6ytfGM#'[39m,
        source: [32m'a#alink'[39m
      }
      ping:click {
        target: [32m'http://localhost:8000/test/it/click.test.html?wtr-session-id=Q2uAO35srd009CK6ytfGM#'[39m,
        source: [32m'a#alink'[39m
      }
      ping:click {
        target: [32m'http://localhost:8000/test/it/click.test.html?wtr-session-id=Q2uAO35srd009CK6ytfGM#'[39m,
        source: [32m'a#alink'[39m
      }
      ping:click {
        target: [32m'http://localhost:8000/test/it/click.test.html?wtr-session-id=Q2uAO35srd009CK6ytfGM#'[39m,
        source: [32m'a#alink'[39m
      }
      ping:click {
        target: [32m'http://localhost:8000/test/it/click.test.html?wtr-session-id=Q2uAO35srd009CK6ytfGM#'[39m,
        source: [32m'a#alink'[39m
      }
      ping:click {
        target: [32m'http://localhost:8000/test/it/click.test.html?wtr-session-id=Q2uAO35srd009CK6ytfGM#'[39m,
        source: [32m'a#alink'[39m
      }
      ping:click {
        target: [32m'http://localhost:8000/test/it/click.test.html?wtr-session-id=Q2uAO35srd009CK6ytfGM#'[39m,
        source: [32m'a#alink'[39m
      }
      ping:click {
        target: [32m'http://localhost:8000/test/it/click.test.html?wtr-session-id=Q2uAO35srd009CK6ytfGM#'[39m,
        source: [32m'a#alink'[39m
      }
      ping:click {
        target: [32m'http://localhost:8000/test/it/click.test.html?wtr-session-id=Q2uAO35srd009CK6ytfGM#'[39m,
        source: [32m'a#alink'[39m
      }
      ping:click {
        target: [32m'http://localhost:8000/test/it/click.test.html?wtr-session-id=Q2uAO35srd009CK6ytfGM#'[39m,
        source: [32m'a#alink'[39m
      }
      ping:click {
        target: [32m'http://localhost:8000/test/it/click.test.html?wtr-session-id=Q2uAO35srd009CK6ytfGM#'[39m,
        source: [32m'a#alink'[39m
      }
      ping:click {
        target: [32m'http://localhost:8000/test/it/click.test.html?wtr-session-id=Q2uAO35srd009CK6ytfGM#'[39m,
        source: [32m'a#alink'[39m
      }
      ping:click {
        target: [32m'http://localhost:8000/test/it/click.test.html?wtr-session-id=Q2uAO35srd009CK6ytfGM#'[39m,
        source: [32m'a#alink'[39m
      }
      ping:click {
        target: [32m'http://localhost:8000/test/it/click.test.html?wtr-session-id=Q2uAO35srd009CK6ytfGM#'[39m,
        source: [32m'a#alink'[39m
      }
      ping:click {
        target: [32m'http://localhost:8000/test/it/click.test.html?wtr-session-id=Q2uAO35srd009CK6ytfGM#'[39m,
        source: [32m'a#alink'[39m
      }
      ping:click {
        target: [32m'http://localhost:8000/test/it/click.test.html?wtr-session-id=Q2uAO35srd009CK6ytfGM#'[39m,
        source: [32m'a#alink'[39m
      }
      ping:click {
        target: [32m'http://localhost:8000/test/it/click.test.html?wtr-session-id=Q2uAO35srd009CK6ytfGM#'[39m,
        source: [32m'a#alink'[39m
      }
      ping:click {
        target: [32m'http://localhost:8000/test/it/click.test.html?wtr-session-id=Q2uAO35srd009CK6ytfGM#'[39m,
        source: [32m'a#alink'[39m
      }
      ping:click {
        target: [32m'http://localhost:8000/test/it/click.test.html?wtr-session-id=Q2uAO35srd009CK6ytfGM#'[39m,
        source: [32m'a#alink'[39m
      }
      ping:click {
        target: [32m'http://localhost:8000/test/it/click.test.html?wtr-session-id=Q2uAO35srd009CK6ytfGM#'[39m,
        source: [32m'a#alink'[39m
      }
      ping:click {
        target: [32m'http://localhost:8000/test/it/click.test.html?wtr-session-id=Q2uAO35srd009CK6ytfGM#'[39m,
        source: [32m'a#alink'[39m
      }
      ping:click {
        target: [32m'http://localhost:8000/test/it/click.test.html?wtr-session-id=Q2uAO35srd009CK6ytfGM#'[39m,
        source: [32m'a#alink'[39m
      }
      ping:click {
        target: [32m'http://localhost:8000/test/it/click.test.html?wtr-session-id=Q2uAO35srd009CK6ytfGM#'[39m,
        source: [32m'a#alink'[39m
      }
      ping:click {
        target: [32m'http://localhost:8000/test/it/click.test.html?wtr-session-id=Q2uAO35srd009CK6ytfGM#'[39m,
        source: [32m'a#alink'[39m
      }
      ping:click {
        target: [32m'http://localhost:8000/test/it/click.test.html?wtr-session-id=Q2uAO35srd009CK6ytfGM#'[39m,
        source: [32m'a#alink'[39m
      }
      ping:click {
        target: [32m'http://localhost:8000/test/it/click.test.html?wtr-session-id=Q2uAO35srd009CK6ytfGM#'[39m,
        source: [32m'a#alink'[39m
      }
      ping:click {
        target: [32m'http://localhost:8000/test/it/click.test.html?wtr-session-id=Q2uAO35srd009CK6ytfGM#'[39m,
        source: [32m'a#alink'[39m
      }
      ping:click {
        target: [32m'http://localhost:8000/test/it/click.test.html?wtr-session-id=Q2uAO35srd009CK6ytfGM#'[39m,
        source: [32m'a#alink'[39m
      }
      ping:click {
        target: [32m'http://localhost:8000/test/it/click.test.html?wtr-session-id=Q2uAO35srd009CK6ytfGM#'[39m,
        source: [32m'a#alink'[39m
      }
      ping:click {
        target: [32m'http://localhost:8000/test/it/click.test.html?wtr-session-id=Q2uAO35srd009CK6ytfGM#'[39m,
        source: [32m'a#alink'[39m
      }
      ping:click {
        target: [32m'http://localhost:8000/test/it/click.test.html?wtr-session-id=Q2uAO35srd009CK6ytfGM#'[39m,
        source: [32m'a#alink'[39m
      }
      ping:click {
        target: [32m'http://localhost:8000/test/it/click.test.html?wtr-session-id=Q2uAO35srd009CK6ytfGM#'[39m,
        source: [32m'a#alink'[39m
      }
      ping:click {
        target: [32m'http://localhost:8000/test/it/click.test.html?wtr-session-id=Q2uAO35srd009CK6ytfGM#'[39m,
        source: [32m'a#alink'[39m
      }
      ping:click {
        target: [32m'http://localhost:8000/test/it/click.test.html?wtr-session-id=Q2uAO35srd009CK6ytfGM#'[39m,
        source: [32m'a#alink'[39m
      }
      ping:click {
        target: [32m'http://localhost:8000/test/it/click.test.html?wtr-session-id=Q2uAO35srd009CK6ytfGM#'[39m,
        source: [32m'a#alink'[39m
      }
      ping:click {
        target: [32m'http://localhost:8000/test/it/click.test.html?wtr-session-id=Q2uAO35srd009CK6ytfGM#'[39m,
        source: [32m'a#alink'[39m
      }
      ping:click {
        target: [32m'http://localhost:8000/test/it/click.test.html?wtr-session-id=Q2uAO35srd009CK6ytfGM#'[39m,
        source: [32m'a#alink'[39m
      }
      ping:click {
        target: [32m'http://localhost:8000/test/it/click.test.html?wtr-session-id=Q2uAO35srd009CK6ytfGM#'[39m,
        source: [32m'a#alink'[39m
      }
      ping:click {
        target: [32m'http://localhost:8000/test/it/click.test.html?wtr-session-id=Q2uAO35srd009CK6ytfGM#'[39m,
        source: [32m'a#alink'[39m
      }
      ping:click {
        target: [32m'http://localhost:8000/test/it/click.test.html?wtr-session-id=Q2uAO35srd009CK6ytfGM#'[39m,
        source: [32m'a#alink'[39m
      }
      ping:click {
        target: [32m'http://localhost:8000/test/it/click.test.html?wtr-session-id=Q2uAO35srd009CK6ytfGM#'[39m,
        source: [32m'a#alink'[39m
      }
      ping:click {
        target: [32m'http://localhost:8000/test/it/click.test.html?wtr-session-id=Q2uAO35srd009CK6ytfGM#'[39m,
        source: [32m'a#alink'[39m
      }
      ping:click {
        target: [32m'http://localhost:8000/test/it/click.test.html?wtr-session-id=Q2uAO35srd009CK6ytfGM#'[39m,
        source: [32m'a#alink'[39m
      }
      ping:click {
        target: [32m'http://localhost:8000/test/it/click.test.html?wtr-session-id=Q2uAO35srd009CK6ytfGM#'[39m,
        source: [32m'a#alink'[39m
      }
      ping:click {
        target: [32m'http://localhost:8000/test/it/click.test.html?wtr-session-id=Q2uAO35srd009CK6ytfGM#'[39m,
        source: [32m'a#alink'[39m
      }
      ping:click {
        target: [32m'http://localhost:8000/test/it/click.test.html?wtr-session-id=Q2uAO35srd009CK6ytfGM#'[39m,
        source: [32m'a#alink'[39m
      }
      ping:click {
        target: [32m'http://localhost:8000/test/it/click.test.html?wtr-session-id=Q2uAO35srd009CK6ytfGM#'[39m,
        source: [32m'a#alink'[39m
      }
      ping:click {
        target: [32m'http://localhost:8000/test/it/click.test.html?wtr-session-id=Q2uAO35srd009CK6ytfGM#'[39m,
        source: [32m'a#alink'[39m
      }
      ping:click {
        target: [32m'http://localhost:8000/test/it/click.test.html?wtr-session-id=Q2uAO35srd009CK6ytfGM#'[39m,
        source: [32m'a#alink'[39m
      }
      ping:click {
        target: [32m'http://localhost:8000/test/it/click.test.html?wtr-session-id=Q2uAO35srd009CK6ytfGM#'[39m,
        source: [32m'a#alink'[39m
      }
      ping:click {
        target: [32m'http://localhost:8000/test/it/click.test.html?wtr-session-id=Q2uAO35srd009CK6ytfGM#'[39m,
        source: [32m'a#alink'[39m
      }
      ping:click {
        target: [32m'http://localhost:8000/test/it/click.test.html?wtr-session-id=Q2uAO35srd009CK6ytfGM#'[39m,
        source: [32m'a#alink'[39m
      }
      ping:click {
        target: [32m'http://localhost:8000/test/it/click.test.html?wtr-session-id=Q2uAO35srd009CK6ytfGM#'[39m,
        source: [32m'a#alink'[39m
      }
      ping:click {
        target: [32m'http://localhost:8000/test/it/click.test.html?wtr-session-id=Q2uAO35srd009CK6ytfGM#'[39m,
        source: [32m'a#alink'[39m
      }
      ping:click {
        target: [32m'http://localhost:8000/test/it/click.test.html?wtr-session-id=Q2uAO35srd009CK6ytfGM#'[39m,
        source: [32m'a#alink'[39m
      }
      ping:click {
        target: [32m'http://localhost:8000/test/it/click.test.html?wtr-session-id=Q2uAO35srd009CK6ytfGM#'[39m,
        source: [32m'a#alink'[39m
      }
      ping:click {
        target: [32m'http://localhost:8000/test/it/click.test.html?wtr-session-id=Q2uAO35srd009CK6ytfGM#'[39m,
        source: [32m'a#alink'[39m
      }
      ping:click {
        target: [32m'http://localhost:8000/test/it/click.test.html?wtr-session-id=Q2uAO35srd009CK6ytfGM#'[39m,
        source: [32m'a#alink'[39m
      }
      ping:click {
        target: [32m'http://localhost:8000/test/it/click.test.html?wtr-session-id=Q2uAO35srd009CK6ytfGM#'[39m,
        source: [32m'a#alink'[39m
      }
      ping:click {
        target: [32m'http://localhost:8000/test/it/click.test.html?wtr-session-id=Q2uAO35srd009CK6ytfGM#'[39m,
        source: [32m'a#alink'[39m
      }
      ping:click {
        target: [32m'http://localhost:8000/test/it/click.test.html?wtr-session-id=Q2uAO35srd009CK6ytfGM#'[39m,
        source: [32m'a#alink'[39m
      }
      ping:click {
        target: [32m'http://localhost:8000/test/it/click.test.html?wtr-session-id=Q2uAO35srd009CK6ytfGM#'[39m,
        source: [32m'a#alink'[39m
      }
      ping:click {
        target: [32m'http://localhost:8000/test/it/click.test.html?wtr-session-id=Q2uAO35srd009CK6ytfGM#'[39m,
        source: [32m'a#alink'[39m
      }
      ping:click {
        target: [32m'http://localhost:8000/test/it/click.test.html?wtr-session-id=Q2uAO35srd009CK6ytfGM#'[39m,
        source: [32m'a#alink'[39m
      }
      ping:click {
        target: [32m'http://localhost:8000/test/it/click.test.html?wtr-session-id=Q2uAO35srd009CK6ytfGM#'[39m,
        source: [32m'a#alink'[39m
      }
      ping:click {
        target: [32m'http://localhost:8000/test/it/click.test.html?wtr-session-id=Q2uAO35srd009CK6ytfGM#'[39m,
        source: [32m'a#alink'[39m
      }
      ping:click {
        target: [32m'http://localhost:8000/test/it/click.test.html?wtr-session-id=Q2uAO35srd009CK6ytfGM#'[39m,
        source: [32m'a#alink'[39m
      }
      ping:click {
        target: [32m'http://localhost:8000/test/it/click.test.html?wtr-session-id=Q2uAO35srd009CK6ytfGM#'[39m,
        source: [32m'a#alink'[39m
      }
      ping:click {
        target: [32m'http://localhost:8000/test/it/click.test.html?wtr-session-id=Q2uAO35srd009CK6ytfGM#'[39m,
        source: [32m'a#alink'[39m
      }
      ping:click {
        target: [32m'http://localhost:8000/test/it/click.test.html?wtr-session-id=Q2uAO35srd009CK6ytfGM#'[39m,
        source: [32m'a#alink'[39m
      }
      ping:click {
        target: [32m'http://localhost:8000/test/it/click.test.html?wtr-session-id=Q2uAO35srd009CK6ytfGM#'[39m,
        source: [32m'a#alink'[39m
      }
      ping:click {
        target: [32m'http://localhost:8000/test/it/click.test.html?wtr-session-id=Q2uAO35srd009CK6ytfGM#'[39m,
        source: [32m'a#alink'[39m
      }
      ping:click {
        target: [32m'http://localhost:8000/test/it/click.test.html?wtr-session-id=Q2uAO35srd009CK6ytfGM#'[39m,
        source: [32m'a#alink'[39m
      }
      ping:click {
        target: [32m'http://localhost:8000/test/it/click.test.html?wtr-session-id=Q2uAO35srd009CK6ytfGM#'[39m,
        source: [32m'a#alink'[39m
      }
      ping:click {
        target: [32m'http://localhost:8000/test/it/click.test.html?wtr-session-id=Q2uAO35srd009CK6ytfGM#'[39m,
        source: [32m'a#alink'[39m
      }
      ping:click {
        target: [32m'http://localhost:8000/test/it/click.test.html?wtr-session-id=Q2uAO35srd009CK6ytfGM#'[39m,
        source: [32m'a#alink'[39m
      }
      ping:click {
        target: [32m'http://localhost:8000/test/it/click.test.html?wtr-session-id=Q2uAO35srd009CK6ytfGM#'[39m,
        source: [32m'a#alink'[39m
      }
      ping:click {
        target: [32m'http://localhost:8000/test/it/click.test.html?wtr-session-id=Q2uAO35srd009CK6ytfGM#'[39m,
        source: [32m'a#alink'[39m
      }
      ping:click {
        target: [32m'http://localhost:8000/test/it/click.test.html?wtr-session-id=Q2uAO35srd009CK6ytfGM#'[39m,
        source: [32m'a#alink'[39m
      }
      ping:click {
        target: [32m'http://localhost:8000/test/it/click.test.html?wtr-session-id=Q2uAO35srd009CK6ytfGM#'[39m,
        source: [32m'a#alink'[39m
      }
      ping:click {
        target: [32m'http://localhost:8000/test/it/click.test.html?wtr-session-id=Q2uAO35srd009CK6ytfGM#'[39m,
        source: [32m'a#alink'[39m
      }
      ping:click {
        target: [32m'http://localhost:8000/test/it/click.test.html?wtr-session-id=Q2uAO35srd009CK6ytfGM#'[39m,
        source: [32m'a#alink'[39m
      }
      ping:click {
        target: [32m'http://localhost:8000/test/it/click.test.html?wtr-session-id=Q2uAO35srd009CK6ytfGM#'[39m,
        source: [32m'a#alink'[39m
      }
      ping:click {
        target: [32m'http://localhost:8000/test/it/click.test.html?wtr-session-id=Q2uAO35srd009CK6ytfGM#'[39m,
        source: [32m'a#alink'[39m
      }
      ping:click {
        target: [32m'http://localhost:8000/test/it/click.test.html?wtr-session-id=Q2uAO35srd009CK6ytfGM#'[39m,
        source: [32m'a#alink'[39m
      }
      ping:click {
        target: [32m'http://localhost:8000/test/it/click.test.html?wtr-session-id=Q2uAO35srd009CK6ytfGM#'[39m,
        source: [32m'a#alink'[39m
      }
      ping:click {
        target: [32m'http://localhost:8000/test/it/click.test.html?wtr-session-id=Q2uAO35srd009CK6ytfGM#'[39m,
        source: [32m'a#alink'[39m
      }
      ping:click {
        target: [32m'http://localhost:8000/test/it/click.test.html?wtr-session-id=Q2uAO35srd009CK6ytfGM#'[39m,
        source: [32m'a#alink'[39m
      }
      ping:click {
        target: [32m'http://localhost:8000/test/it/click.test.html?wtr-session-id=Q2uAO35srd009CK6ytfGM#'[39m,
        source: [32m'a#alink'[39m
      }
      ping:click {
        target: [32m'http://localhost:8000/test/it/click.test.html?wtr-session-id=Q2uAO35srd009CK6ytfGM#'[39m,
        source: [32m'a#alink'[39m
      }
      ping:click {
        target: [32m'http://localhost:8000/test/it/click.test.html?wtr-session-id=Q2uAO35srd009CK6ytfGM#'[39m,
        source: [32m'a#alink'[39m
      }
      ping:click {
        target: [32m'http://localhost:8000/test/it/click.test.html?wtr-session-id=Q2uAO35srd009CK6ytfGM#'[39m,
        source: [32m'a#alink'[39m
      }
      ping:click {
        target: [32m'http://localhost:8000/test/it/click.test.html?wtr-session-id=Q2uAO35srd009CK6ytfGM#'[39m,
        source: [32m'a#alink'[39m
      }
      ping:click {
        target: [32m'http://localhost:8000/test/it/click.test.html?wtr-session-id=Q2uAO35srd009CK6ytfGM#'[39m,
        source: [32m'a#alink'[39m
      }
      ping:click {
        target: [32m'http://localhost:8000/test/it/click.test.html?wtr-session-id=Q2uAO35srd009CK6ytfGM#'[39m,
        source: [32m'a#alink'[39m
      }
      ping:click {
        target: [32m'http://localhost:8000/test/it/click.test.html?wtr-session-id=Q2uAO35srd009CK6ytfGM#'[39m,
        source: [32m'a#alink'[39m
      }
      ping:click {
        target: [32m'http://localhost:8000/test/it/click.test.html?wtr-session-id=Q2uAO35srd009CK6ytfGM#'[39m,
        source: [32m'a#alink'[39m
      }
      ping:click {
        target: [32m'http://localhost:8000/test/it/click.test.html?wtr-session-id=Q2uAO35srd009CK6ytfGM#'[39m,
        source: [32m'a#alink'[39m
      }
      ping:click {
        target: [32m'http://localhost:8000/test/it/click.test.html?wtr-session-id=Q2uAO35srd009CK6ytfGM#'[39m,
        source: [32m'a#alink'[39m
      }
      ping:click {
        target: [32m'http://localhost:8000/test/it/click.test.html?wtr-session-id=Q2uAO35srd009CK6ytfGM#'[39m,
        source: [32m'a#alink'[39m
      }
      ping:click {
        target: [32m'http://localhost:8000/test/it/click.test.html?wtr-session-id=Q2uAO35srd009CK6ytfGM#'[39m,
        source: [32m'a#alink'[39m
      }
      ping:click {
        target: [32m'http://localhost:8000/test/it/click.test.html?wtr-session-id=Q2uAO35srd009CK6ytfGM#'[39m,
        source: [32m'a#alink'[39m
      }
      ping:click {
        target: [32m'http://localhost:8000/test/it/click.test.html?wtr-session-id=Q2uAO35srd009CK6ytfGM#'[39m,
        source: [32m'a#alink'[39m
      }
      ping:click {
        target: [32m'http://localhost:8000/test/it/click.test.html?wtr-session-id=Q2uAO35srd009CK6ytfGM#'[39m,
        source: [32m'a#alink'[39m
      }
      ping:click {
        target: [32m'http://localhost:8000/test/it/click.test.html?wtr-session-id=Q2uAO35srd009CK6ytfGM#'[39m,
        source: [32m'a#alink'[39m
      }
      ping:click {
        target: [32m'http://localhost:8000/test/it/click.test.html?wtr-session-id=Q2uAO35srd009CK6ytfGM#'[39m,
        source: [32m'a#alink'[39m
      }
      ping:click {
        target: [32m'http://localhost:8000/test/it/click.test.html?wtr-session-id=Q2uAO35srd009CK6ytfGM#'[39m,
        source: [32m'a#alink'[39m
      }
      ping:click {
        target: [32m'http://localhost:8000/test/it/click.test.html?wtr-session-id=Q2uAO35srd009CK6ytfGM#'[39m,
        source: [32m'a#alink'[39m
      }
      ping:click {
        target: [32m'http://localhost:8000/test/it/click.test.html?wtr-session-id=Q2uAO35srd009CK6ytfGM#'[39m,
        source: [32m'a#alink'[39m
      }
      ping:click {
        target: [32m'http://localhost:8000/test/it/click.test.html?wtr-session-id=Q2uAO35srd009CK6ytfGM#'[39m,
        source: [32m'a#alink'[39m
      }
      ping:click {
        target: [32m'http://localhost:8000/test/it/click.test.html?wtr-session-id=Q2uAO35srd009CK6ytfGM#'[39m,
        source: [32m'a#alink'[39m
      }
      ping:click {
        target: [32m'http://localhost:8000/test/it/click.test.html?wtr-session-id=Q2uAO35srd009CK6ytfGM#'[39m,
        source: [32m'a#alink'[39m
      }
      ping:click {
        target: [32m'http://localhost:8000/test/it/click.test.html?wtr-session-id=Q2uAO35srd009CK6ytfGM#'[39m,
        source: [32m'a#alink'[39m
      }
      ping:click {
        target: [32m'http://localhost:8000/test/it/click.test.html?wtr-session-id=Q2uAO35srd009CK6ytfGM#'[39m,
        source: [32m'a#alink'[39m
      }
      ping:click {
        target: [32m'http://localhost:8000/test/it/click.test.html?wtr-session-id=Q2uAO35srd009CK6ytfGM#'[39m,
        source: [32m'a#alink'[39m
      }
      ping:click {
        target: [32m'http://localhost:8000/test/it/click.test.html?wtr-session-id=Q2uAO35srd009CK6ytfGM#'[39m,
        source: [32m'a#alink'[39m
      }
      ping:click {
        target: [32m'http://localhost:8000/test/it/click.test.html?wtr-session-id=Q2uAO35srd009CK6ytfGM#'[39m,
        source: [32m'a#alink'[39m
      }
      ping:click {
        target: [32m'http://localhost:8000/test/it/click.test.html?wtr-session-id=Q2uAO35srd009CK6ytfGM#'[39m,
        source: [32m'a#alink'[39m
      }
      ping:click {
        target: [32m'http://localhost:8000/test/it/click.test.html?wtr-session-id=Q2uAO35srd009CK6ytfGM#'[39m,
        source: [32m'a#alink'[39m
      }
      ping:click {
        target: [32m'http://localhost:8000/test/it/click.test.html?wtr-session-id=Q2uAO35srd009CK6ytfGM#'[39m,
        source: [32m'a#alink'[39m
      }
      ping:click {
        target: [32m'http://localhost:8000/test/it/click.test.html?wtr-session-id=Q2uAO35srd009CK6ytfGM#'[39m,
        source: [32m'a#alink'[39m
      }
      ping:click {
        target: [32m'http://localhost:8000/test/it/click.test.html?wtr-session-id=Q2uAO35srd009CK6ytfGM#'[39m,
        source: [32m'a#alink'[39m
      }
      ping:click {
        target: [32m'http://localhost:8000/test/it/click.test.html?wtr-session-id=Q2uAO35srd009CK6ytfGM#'[39m,
        source: [32m'a#alink'[39m
      }
      ping:click {
        target: [32m'http://localhost:8000/test/it/click.test.html?wtr-session-id=Q2uAO35srd009CK6ytfGM#'[39m,
        source: [32m'a#alink'[39m
      }
      ping:click {
        target: [32m'http://localhost:8000/test/it/click.test.html?wtr-session-id=Q2uAO35srd009CK6ytfGM#'[39m,
        source: [32m'a#alink'[39m
      }
      ping:click {
        target: [32m'http://localhost:8000/test/it/click.test.html?wtr-session-id=Q2uAO35srd009CK6ytfGM#'[39m,
        source: [32m'a#alink'[39m
      }
      ping:click {
        target: [32m'http://localhost:8000/test/it/click.test.html?wtr-session-id=Q2uAO35srd009CK6ytfGM#'[39m,
        source: [32m'a#alink'[39m
      }
      ping:click {
        target: [32m'http://localhost:8000/test/it/click.test.html?wtr-session-id=Q2uAO35srd009CK6ytfGM#'[39m,
        source: [32m'a#alink'[39m
      }
      ping:click {
        target: [32m'http://localhost:8000/test/it/click.test.html?wtr-session-id=Q2uAO35srd009CK6ytfGM#'[39m,
        source: [32m'a#alink'[39m
      }
      ping:click {
        target: [32m'http://localhost:8000/test/it/click.test.html?wtr-session-id=Q2uAO35srd009CK6ytfGM#'[39m,
        source: [32m'a#alink'[39m
      }
      ping:click {
        target: [32m'http://localhost:8000/test/it/click.test.html?wtr-session-id=Q2uAO35srd009CK6ytfGM#'[39m,
        source: [32m'a#alink'[39m
      }
      ping:click {
        target: [32m'http://localhost:8000/test/it/click.test.html?wtr-session-id=Q2uAO35srd009CK6ytfGM#'[39m,
        source: [32m'a#alink'[39m
      }
      ping:click {
        target: [32m'http://localhost:8000/test/it/click.test.html?wtr-session-id=Q2uAO35srd009CK6ytfGM#'[39m,
        source: [32m'a#alink'[39m
      }
      ping:click {
        target: [32m'http://localhost:8000/test/it/click.test.html?wtr-session-id=Q2uAO35srd009CK6ytfGM#'[39m,
        source: [32m'a#alink'[39m
      }
      ping:click {
        target: [32m'http://localhost:8000/test/it/click.test.html?wtr-session-id=Q2uAO35srd009CK6ytfGM#'[39m,
        source: [32m'a#alink'[39m
      }
      ping:click {
        target: [32m'http://localhost:8000/test/it/click.test.html?wtr-session-id=Q2uAO35srd009CK6ytfGM#'[39m,
        source: [32m'a#alink'[39m
      }
      ping:click {
        target: [32m'http://localhost:8000/test/it/click.test.html?wtr-session-id=Q2uAO35srd009CK6ytfGM#'[39m,
        source: [32m'a#alink'[39m
      }
      ping:click {
        target: [32m'http://localhost:8000/test/it/click.test.html?wtr-session-id=Q2uAO35srd009CK6ytfGM#'[39m,
        source: [32m'a#alink'[39m
      }
      ping:click {
        target: [32m'http://localhost:8000/test/it/click.test.html?wtr-session-id=Q2uAO35srd009CK6ytfGM#'[39m,
        source: [32m'a#alink'[39m
      }
      ping:click {
        target: [32m'http://localhost:8000/test/it/click.test.html?wtr-session-id=Q2uAO35srd009CK6ytfGM#'[39m,
        source: [32m'a#alink'[39m
      }
      ping:click {
        target: [32m'http://localhost:8000/test/it/click.test.html?wtr-session-id=Q2uAO35srd009CK6ytfGM#'[39m,
        source: [32m'a#alink'[39m
      }
      ping:click {
        target: [32m'http://localhost:8000/test/it/click.test.html?wtr-session-id=Q2uAO35srd009CK6ytfGM#'[39m,
        source: [32m'a#alink'[39m
      }
      ping:click {
        target: [32m'http://localhost:8000/test/it/click.test.html?wtr-session-id=Q2uAO35srd009CK6ytfGM#'[39m,
        source: [32m'a#alink'[39m
      }
      ping:click {
        target: [32m'http://localhost:8000/test/it/click.test.html?wtr-session-id=Q2uAO35srd009CK6ytfGM#'[39m,
        source: [32m'a#alink'[39m
      }
      ping:click {
        target: [32m'http://localhost:8000/test/it/click.test.html?wtr-session-id=Q2uAO35srd009CK6ytfGM#'[39m,
        source: [32m'a#alink'[39m
      }
      ping:click {
        target: [32m'http://localhost:8000/test/it/click.test.html?wtr-session-id=Q2uAO35srd009CK6ytfGM#'[39m,
        source: [32m'a#alink'[39m
      }
      ping:click {
        target: [32m'http://localhost:8000/test/it/click.test.html?wtr-session-id=Q2uAO35srd009CK6ytfGM#'[39m,
        source: [32m'a#alink'[39m
      }
      ping:click {
        target: [32m'http://localhost:8000/test/it/click.test.html?wtr-session-id=Q2uAO35srd009CK6ytfGM#'[39m,
        source: [32m'a#alink'[39m
      }
      ping:click {
        target: [32m'http://localhost:8000/test/it/click.test.html?wtr-session-id=Q2uAO35srd009CK6ytfGM#'[39m,
        source: [32m'a#alink'[39m
      }
      ping:click {
        target: [32m'http://localhost:8000/test/it/click.test.html?wtr-session-id=Q2uAO35srd009CK6ytfGM#'[39m,
        source: [32m'a#alink'[39m
      }
      ping:click {
        target: [32m'http://localhost:8000/test/it/click.test.html?wtr-session-id=Q2uAO35srd009CK6ytfGM#'[39m,
        source: [32m'a#alink'[39m
      }
      ping:click {
        target: [32m'http://localhost:8000/test/it/click.test.html?wtr-session-id=Q2uAO35srd009CK6ytfGM#'[39m,
        source: [32m'a#alink'[39m
      }
      ping:click {
        target: [32m'http://localhost:8000/test/it/click.test.html?wtr-session-id=Q2uAO35srd009CK6ytfGM#'[39m,
        source: [32m'a#alink'[39m
      }
      ping:click {
        target: [32m'http://localhost:8000/test/it/click.test.html?wtr-session-id=Q2uAO35srd009CK6ytfGM#'[39m,
        source: [32m'a#alink'[39m
      }
      ping:click {
        target: [32m'http://localhost:8000/test/it/click.test.html?wtr-session-id=Q2uAO35srd009CK6ytfGM#'[39m,
        source: [32m'a#alink'[39m
      }
      ping:click {
        target: [32m'http://localhost:8000/test/it/click.test.html?wtr-session-id=Q2uAO35srd009CK6ytfGM#'[39m,
        source: [32m'a#alink'[39m
      }
      ping:click {
        target: [32m'http://localhost:8000/test/it/click.test.html?wtr-session-id=Q2uAO35srd009CK6ytfGM#'[39m,
        source: [32m'a#alink'[39m
      }
      ping:click {
        target: [32m'http://localhost:8000/test/it/click.test.html?wtr-session-id=Q2uAO35srd009CK6ytfGM#'[39m,
        source: [32m'a#alink'[39m
      }
      ping:click {
        target: [32m'http://localhost:8000/test/it/click.test.html?wtr-session-id=Q2uAO35srd009CK6ytfGM#'[39m,
        source: [32m'a#alink'[39m
      }
      ping:click {
        target: [32m'http://localhost:8000/test/it/click.test.html?wtr-session-id=Q2uAO35srd009CK6ytfGM#'[39m,
        source: [32m'a#alink'[39m
      }
      ping:cwv { cwv: { TTFB: [33m37[39m } }
      ping:click {
        target: [32m'http://localhost:8000/test/it/click.test.html?wtr-session-id=Q2uAO35srd009CK6ytfGM#'[39m,
        source: [32m'a#alink'[39m
      }
      ping:click {
        target: [32m'http://localhost:8000/test/it/click.test.html?wtr-session-id=Q2uAO35srd009CK6ytfGM#'[39m,
        source: [32m'a#alink'[39m
      }
      ping:click {
        target: [32m'http://localhost:8000/test/it/click.test.html?wtr-session-id=Q2uAO35srd009CK6ytfGM#'[39m,
        source: [32m'a#alink'[39m
      }
      ping:click {
        target: [32m'http://localhost:8000/test/it/click.test.html?wtr-session-id=Q2uAO35srd009CK6ytfGM#'[39m,
        source: [32m'a#alink'[39m
      }
      ping:click {
        target: [32m'http://localhost:8000/test/it/click.test.html?wtr-session-id=Q2uAO35srd009CK6ytfGM#'[39m,
        source: [32m'a#alink'[39m
      }
      ping:click {
        target: [32m'http://localhost:8000/test/it/click.test.html?wtr-session-id=Q2uAO35srd009CK6ytfGM#'[39m,
        source: [32m'a#alink'[39m
      }
      ping:click {
        target: [32m'http://localhost:8000/test/it/click.test.html?wtr-session-id=Q2uAO35srd009CK6ytfGM#'[39m,
        source: [32m'a#alink'[39m
      }
      ping:click {
        target: [32m'http://localhost:8000/test/it/click.test.html?wtr-session-id=Q2uAO35srd009CK6ytfGM#'[39m,
        source: [32m'a#alink'[39m
      }
      ping:click {
        target: [32m'http://localhost:8000/test/it/click.test.html?wtr-session-id=Q2uAO35srd009CK6ytfGM#'[39m,
        source: [32m'a#alink'[39m
      }
      ping:click {
        target: [32m'http://localhost:8000/test/it/click.test.html?wtr-session-id=Q2uAO35srd009CK6ytfGM#'[39m,
        source: [32m'a#alink'[39m
      }
      ping:click {
        target: [32m'http://localhost:8000/test/it/click.test.html?wtr-session-id=Q2uAO35srd009CK6ytfGM#'[39m,
        source: [32m'a#alink'[39m
      }
      ping:click {
        target: [32m'http://localhost:8000/test/it/click.test.html?wtr-session-id=Q2uAO35srd009CK6ytfGM#'[39m,
        source: [32m'a#alink'[39m
      }
      ping:click {
        target: [32m'http://localhost:8000/test/it/click.test.html?wtr-session-id=Q2uAO35srd009CK6ytfGM#'[39m,
        source: [32m'a#alink'[39m
      }
      ping:click {
        target: [32m'http://localhost:8000/test/it/click.test.html?wtr-session-id=Q2uAO35srd009CK6ytfGM#'[39m,
        source: [32m'a#alink'[39m
      }
      ping:click {
        target: [32m'http://localhost:8000/test/it/click.test.html?wtr-session-id=Q2uAO35srd009CK6ytfGM#'[39m,
        source: [32m'a#alink'[39m
      }
      ping:click {
        target: [32m'http://localhost:8000/test/it/click.test.html?wtr-session-id=Q2uAO35srd009CK6ytfGM#'[39m,
        source: [32m'a#alink'[39m
      }
      ping:click {
        target: [32m'http://localhost:8000/test/it/click.test.html?wtr-session-id=Q2uAO35srd009CK6ytfGM#'[39m,
        source: [32m'a#alink'[39m
      }
      ping:click {
        target: [32m'http://localhost:8000/test/it/click.test.html?wtr-session-id=Q2uAO35srd009CK6ytfGM#'[39m,
        source: [32m'a#alink'[39m
      }
      ping:click {
        target: [32m'http://localhost:8000/test/it/click.test.html?wtr-session-id=Q2uAO35srd009CK6ytfGM#'[39m,
        source: [32m'a#alink'[39m
      }
      ping:click {
        target: [32m'http://localhost:8000/test/it/click.test.html?wtr-session-id=Q2uAO35srd009CK6ytfGM#'[39m,
        source: [32m'a#alink'[39m
      }
      ping:click {
        target: [32m'http://localhost:8000/test/it/click.test.html?wtr-session-id=Q2uAO35srd009CK6ytfGM#'[39m,
        source: [32m'a#alink'[39m
      }
      ping:click {
        target: [32m'http://localhost:8000/test/it/click.test.html?wtr-session-id=Q2uAO35srd009CK6ytfGM#'[39m,
        source: [32m'a#alink'[39m
      }
      ping:click {
        target: [32m'http://localhost:8000/test/it/click.test.html?wtr-session-id=Q2uAO35srd009CK6ytfGM#'[39m,
        source: [32m'a#alink'[39m
      }
      ping:click {
        target: [32m'http://localhost:8000/test/it/click.test.html?wtr-session-id=Q2uAO35srd009CK6ytfGM#'[39m,
        source: [32m'a#alink'[39m
      }
      ping:click {
        target: [32m'http://localhost:8000/test/it/click.test.html?wtr-session-id=Q2uAO35srd009CK6ytfGM#'[39m,
        source: [32m'a#alink'[39m
      }
      ping:click {
        target: [32m'http://localhost:8000/test/it/click.test.html?wtr-session-id=Q2uAO35srd009CK6ytfGM#'[39m,
        source: [32m'a#alink'[39m
      }
      ping:click {
        target: [32m'http://localhost:8000/test/it/click.test.html?wtr-session-id=Q2uAO35srd009CK6ytfGM#'[39m,
        source: [32m'a#alink'[39m
      }
      ping:click {
        target: [32m'http://localhost:8000/test/it/click.test.html?wtr-session-id=Q2uAO35srd009CK6ytfGM#'[39m,
        source: [32m'a#alink'[39m
      }
      ping:click {
        target: [32m'http://localhost:8000/test/it/click.test.html?wtr-session-id=Q2uAO35srd009CK6ytfGM#'[39m,
        source: [32m'a#alink'[39m
      }
      ping:click {
        target: [32m'http://localhost:8000/test/it/click.test.html?wtr-session-id=Q2uAO35srd009CK6ytfGM#'[39m,
        source: [32m'a#alink'[39m
      }
      ping:click {
        target: [32m'http://localhost:8000/test/it/click.test.html?wtr-session-id=Q2uAO35srd009CK6ytfGM#'[39m,
        source: [32m'a#alink'[39m
      }
      ping:click {
        target: [32m'http://localhost:8000/test/it/click.test.html?wtr-session-id=Q2uAO35srd009CK6ytfGM#'[39m,
        source: [32m'a#alink'[39m
      }
      ping:click {
        target: [32m'http://localhost:8000/test/it/click.test.html?wtr-session-id=Q2uAO35srd009CK6ytfGM#'[39m,
        source: [32m'a#alink'[39m
      }
      ping:click {
        target: [32m'http://localhost:8000/test/it/click.test.html?wtr-session-id=Q2uAO35srd009CK6ytfGM#'[39m,
        source: [32m'a#alink'[39m
      }
      ping:click {
        target: [32m'http://localhost:8000/test/it/click.test.html?wtr-session-id=Q2uAO35srd009CK6ytfGM#'[39m,
        source: [32m'a#alink'[39m
      }
      ping:click {
        target: [32m'http://localhost:8000/test/it/click.test.html?wtr-session-id=Q2uAO35srd009CK6ytfGM#'[39m,
        source: [32m'a#alink'[39m
      }
      ping:click {
        target: [32m'http://localhost:8000/test/it/click.test.html?wtr-session-id=Q2uAO35srd009CK6ytfGM#'[39m,
        source: [32m'a#alink'[39m
      }
      ping:click {
        target: [32m'http://localhost:8000/test/it/click.test.html?wtr-session-id=Q2uAO35srd009CK6ytfGM#'[39m,
        source: [32m'a#alink'[39m
      }
      ping:click {
        target: [32m'http://localhost:8000/test/it/click.test.html?wtr-session-id=Q2uAO35srd009CK6ytfGM#'[39m,
        source: [32m'a#alink'[39m
      }
      ping:click {
        target: [32m'http://localhost:8000/test/it/click.test.html?wtr-session-id=Q2uAO35srd009CK6ytfGM#'[39m,
        source: [32m'a#alink'[39m
      }
      ping:click {
        target: [32m'http://localhost:8000/test/it/click.test.html?wtr-session-id=Q2uAO35srd009CK6ytfGM#'[39m,
        source: [32m'a#alink'[39m
      }
      ping:click {
        target: [32m'http://localhost:8000/test/it/click.test.html?wtr-session-id=Q2uAO35srd009CK6ytfGM#'[39m,
        source: [32m'a#alink'[39m
      }
      ping:click {
        target: [32m'http://localhost:8000/test/it/click.test.html?wtr-session-id=Q2uAO35srd009CK6ytfGM#'[39m,
        source: [32m'a#alink'[39m
      }
      ping:click {
        target: [32m'http://localhost:8000/test/it/click.test.html?wtr-session-id=Q2uAO35srd009CK6ytfGM#'[39m,
        source: [32m'a#alink'[39m
      }
      ping:click {
        target: [32m'http://localhost:8000/test/it/click.test.html?wtr-session-id=Q2uAO35srd009CK6ytfGM#'[39m,
        source: [32m'a#alink'[39m
      }
      ping:click {
        target: [32m'http://localhost:8000/test/it/click.test.html?wtr-session-id=Q2uAO35srd009CK6ytfGM#'[39m,
        source: [32m'a#alink'[39m
      }
      ping:click {
        target: [32m'http://localhost:8000/test/it/click.test.html?wtr-session-id=Q2uAO35srd009CK6ytfGM#'[39m,
        source: [32m'a#alink'[39m
      }
      ping:click {
        target: [32m'http://localhost:8000/test/it/click.test.html?wtr-session-id=Q2uAO35srd009CK6ytfGM#'[39m,
        source: [32m'a#alink'[39m
      }
      ping:click {
        target: [32m'http://localhost:8000/test/it/click.test.html?wtr-session-id=Q2uAO35srd009CK6ytfGM#'[39m,
        source: [32m'a#alink'[39m
      }
      ping:click {
        target: [32m'http://localhost:8000/test/it/click.test.html?wtr-session-id=Q2uAO35srd009CK6ytfGM#'[39m,
        source: [32m'a#alink'[39m
      }
      ping:click {
        target: [32m'http://localhost:8000/test/it/click.test.html?wtr-session-id=Q2uAO35srd009CK6ytfGM#'[39m,
        source: [32m'a#alink'[39m
      }
      ping:click {
        target: [32m'http://localhost:8000/test/it/click.test.html?wtr-session-id=Q2uAO35srd009CK6ytfGM#'[39m,
        source: [32m'a#alink'[39m
      }
      ping:click {
        target: [32m'http://localhost:8000/test/it/click.test.html?wtr-session-id=Q2uAO35srd009CK6ytfGM#'[39m,
        source: [32m'a#alink'[39m
      }
      ping:click {
        target: [32m'http://localhost:8000/test/it/click.test.html?wtr-session-id=Q2uAO35srd009CK6ytfGM#'[39m,
        source: [32m'a#alink'[39m
      }
      ping:click {
        target: [32m'http://localhost:8000/test/it/click.test.html?wtr-session-id=Q2uAO35srd009CK6ytfGM#'[39m,
        source: [32m'a#alink'[39m
      }
      ping:click {
        target: [32m'http://localhost:8000/test/it/click.test.html?wtr-session-id=Q2uAO35srd009CK6ytfGM#'[39m,
        source: [32m'a#alink'[39m
      }
      ping:click {
        target: [32m'http://localhost:8000/test/it/click.test.html?wtr-session-id=Q2uAO35srd009CK6ytfGM#'[39m,
        source: [32m'a#alink'[39m
      }
      ping:click {
        target: [32m'http://localhost:8000/test/it/click.test.html?wtr-session-id=Q2uAO35srd009CK6ytfGM#'[39m,
        source: [32m'a#alink'[39m
      }
      ping:click {
        target: [32m'http://localhost:8000/test/it/click.test.html?wtr-session-id=Q2uAO35srd009CK6ytfGM#'[39m,
        source: [32m'a#alink'[39m
      }
      ping:click {
        target: [32m'http://localhost:8000/test/it/click.test.html?wtr-session-id=Q2uAO35srd009CK6ytfGM#'[39m,
        source: [32m'a#alink'[39m
      }
      ping:click {
        target: [32m'http://localhost:8000/test/it/click.test.html?wtr-session-id=Q2uAO35srd009CK6ytfGM#'[39m,
        source: [32m'a#alink'[39m
      }
      ping:click {
        target: [32m'http://localhost:8000/test/it/click.test.html?wtr-session-id=Q2uAO35srd009CK6ytfGM#'[39m,
        source: [32m'a#alink'[39m
      }
      ping:click {
        target: [32m'http://localhost:8000/test/it/click.test.html?wtr-session-id=Q2uAO35srd009CK6ytfGM#'[39m,
        source: [32m'a#alink'[39m
      }
      ping:click {
        target: [32m'http://localhost:8000/test/it/click.test.html?wtr-session-id=Q2uAO35srd009CK6ytfGM#'[39m,
        source: [32m'a#alink'[39m
      }
      ping:click {
        target: [32m'http://localhost:8000/test/it/click.test.html?wtr-session-id=Q2uAO35srd009CK6ytfGM#'[39m,
        source: [32m'a#alink'[39m
      }
      ping:click {
        target: [32m'http://localhost:8000/test/it/click.test.html?wtr-session-id=Q2uAO35srd009CK6ytfGM#'[39m,
        source: [32m'a#alink'[39m
      }
      ping:click {
        target: [32m'http://localhost:8000/test/it/click.test.html?wtr-session-id=Q2uAO35srd009CK6ytfGM#'[39m,
        source: [32m'a#alink'[39m
      }
      ping:click {
        target: [32m'http://localhost:8000/test/it/click.test.html?wtr-session-id=Q2uAO35srd009CK6ytfGM#'[39m,
        source: [32m'a#alink'[39m
      }
      ping:click {
        target: [32m'http://localhost:8000/test/it/click.test.html?wtr-session-id=Q2uAO35srd009CK6ytfGM#'[39m,
        source: [32m'a#alink'[39m
      }
      ping:click {
        target: [32m'http://localhost:8000/test/it/click.test.html?wtr-session-id=Q2uAO35srd009CK6ytfGM#'[39m,
        source: [32m'a#alink'[39m
      }
      ping:click {
        target: [32m'http://localhost:8000/test/it/click.test.html?wtr-session-id=Q2uAO35srd009CK6ytfGM#'[39m,
        source: [32m'a#alink'[39m
      }
      ping:click {
        target: [32m'http://localhost:8000/test/it/click.test.html?wtr-session-id=Q2uAO35srd009CK6ytfGM#'[39m,
        source: [32m'a#alink'[39m
      }
      ping:click {
        target: [32m'http://localhost:8000/test/it/click.test.html?wtr-session-id=Q2uAO35srd009CK6ytfGM#'[39m,
        source: [32m'a#alink'[39m
      }
      ping:click {
        target: [32m'http://localhost:8000/test/it/click.test.html?wtr-session-id=Q2uAO35srd009CK6ytfGM#'[39m,
        source: [32m'a#alink'[39m
      }
      ping:click {
        target: [32m'http://localhost:8000/test/it/click.test.html?wtr-session-id=Q2uAO35srd009CK6ytfGM#'[39m,
        source: [32m'a#alink'[39m
      }
      ping:click {
        target: [32m'http://localhost:8000/test/it/click.test.html?wtr-session-id=Q2uAO35srd009CK6ytfGM#'[39m,
        source: [32m'a#alink'[39m
      }
      ping:click {
        target: [32m'http://localhost:8000/test/it/click.test.html?wtr-session-id=Q2uAO35srd009CK6ytfGM#'[39m,
        source: [32m'a#alink'[39m
      }
      ping:click {
        target: [32m'http://localhost:8000/test/it/click.test.html?wtr-session-id=Q2uAO35srd009CK6ytfGM#'[39m,
        source: [32m'a#alink'[39m
      }
      ping:click {
        target: [32m'http://localhost:8000/test/it/click.test.html?wtr-session-id=Q2uAO35srd009CK6ytfGM#'[39m,
        source: [32m'a#alink'[39m
      }
      ping:click {
        target: [32m'http://localhost:8000/test/it/click.test.html?wtr-session-id=Q2uAO35srd009CK6ytfGM#'[39m,
        source: [32m'a#alink'[39m
      }
      ping:click {
        target: [32m'http://localhost:8000/test/it/click.test.html?wtr-session-id=Q2uAO35srd009CK6ytfGM#'[39m,
        source: [32m'a#alink'[39m
      }
      ping:click {
        target: [32m'http://localhost:8000/test/it/click.test.html?wtr-session-id=Q2uAO35srd009CK6ytfGM#'[39m,
        source: [32m'a#alink'[39m
      }
      ping:click {
        target: [32m'http://localhost:8000/test/it/click.test.html?wtr-session-id=Q2uAO35srd009CK6ytfGM#'[39m,
        source: [32m'a#alink'[39m
      }
      ping:click {
        target: [32m'http://localhost:8000/test/it/click.test.html?wtr-session-id=Q2uAO35srd009CK6ytfGM#'[39m,
        source: [32m'a#alink'[39m
      }
      ping:click {
        target: [32m'http://localhost:8000/test/it/click.test.html?wtr-session-id=Q2uAO35srd009CK6ytfGM#'[39m,
        source: [32m'a#alink'[39m
      }
      ping:click {
        target: [32m'http://localhost:8000/test/it/click.test.html?wtr-session-id=Q2uAO35srd009CK6ytfGM#'[39m,
        source: [32m'a#alink'[39m
      }
      ping:click {
        target: [32m'http://localhost:8000/test/it/click.test.html?wtr-session-id=Q2uAO35srd009CK6ytfGM#'[39m,
        source: [32m'a#alink'[39m
      }
      ping:click {
        target: [32m'http://localhost:8000/test/it/click.test.html?wtr-session-id=Q2uAO35srd009CK6ytfGM#'[39m,
        source: [32m'a#alink'[39m
      }
      ping:click {
        target: [32m'http://localhost:8000/test/it/click.test.html?wtr-session-id=Q2uAO35srd009CK6ytfGM#'[39m,
        source: [32m'a#alink'[39m
      }
      ping:click {
        target: [32m'http://localhost:8000/test/it/click.test.html?wtr-session-id=Q2uAO35srd009CK6ytfGM#'[39m,
        source: [32m'a#alink'[39m
      }
      ping:click {
        target: [32m'http://localhost:8000/test/it/click.test.html?wtr-session-id=Q2uAO35srd009CK6ytfGM#'[39m,
        source: [32m'a#alink'[39m
      }
      ping:click {
        target: [32m'http://localhost:8000/test/it/click.test.html?wtr-session-id=Q2uAO35srd009CK6ytfGM#'[39m,
        source: [32m'a#alink'[39m
      }
      ping:click {
        target: [32m'http://localhost:8000/test/it/click.test.html?wtr-session-id=Q2uAO35srd009CK6ytfGM#'[39m,
        source: [32m'a#alink'[39m
      }
      ping:click {
        target: [32m'http://localhost:8000/test/it/click.test.html?wtr-session-id=Q2uAO35srd009CK6ytfGM#'[39m,
        source: [32m'a#alink'[39m
      }
      ping:click {
        target: [32m'http://localhost:8000/test/it/click.test.html?wtr-session-id=Q2uAO35srd009CK6ytfGM#'[39m,
        source: [32m'a#alink'[39m
      }
      ping:click {
        target: [32m'http://localhost:8000/test/it/click.test.html?wtr-session-id=Q2uAO35srd009CK6ytfGM#'[39m,
        source: [32m'a#alink'[39m
      }
      ping:click {
        target: [32m'http://localhost:8000/test/it/click.test.html?wtr-session-id=Q2uAO35srd009CK6ytfGM#'[39m,
        source: [32m'a#alink'[39m
      }
      ping:click {
        target: [32m'http://localhost:8000/test/it/click.test.html?wtr-session-id=Q2uAO35srd009CK6ytfGM#'[39m,
        source: [32m'a#alink'[39m
      }
      ping:click {
        target: [32m'http://localhost:8000/test/it/click.test.html?wtr-session-id=Q2uAO35srd009CK6ytfGM#'[39m,
        source: [32m'a#alink'[39m
      }
      ping:click {
        target: [32m'http://localhost:8000/test/it/click.test.html?wtr-session-id=Q2uAO35srd009CK6ytfGM#'[39m,
        source: [32m'a#alink'[39m
      }
      ping:click {
        target: [32m'http://localhost:8000/test/it/click.test.html?wtr-session-id=Q2uAO35srd009CK6ytfGM#'[39m,
        source: [32m'a#alink'[39m
      }
      ping:click {
        target: [32m'http://localhost:8000/test/it/click.test.html?wtr-session-id=Q2uAO35srd009CK6ytfGM#'[39m,
        source: [32m'a#alink'[39m
      }
      ping:click {
        target: [32m'http://localhost:8000/test/it/click.test.html?wtr-session-id=Q2uAO35srd009CK6ytfGM#'[39m,
        source: [32m'a#alink'[39m
      }
      ping:click {
        target: [32m'http://localhost:8000/test/it/click.test.html?wtr-session-id=Q2uAO35srd009CK6ytfGM#'[39m,
        source: [32m'a#alink'[39m
      }
      ping:click {
        target: [32m'http://localhost:8000/test/it/click.test.html?wtr-session-id=Q2uAO35srd009CK6ytfGM#'[39m,
        source: [32m'a#alink'[39m
      }
      ping:click {
        target: [32m'http://localhost:8000/test/it/click.test.html?wtr-session-id=Q2uAO35srd009CK6ytfGM#'[39m,
        source: [32m'a#alink'[39m
      }
      ping:click {
        target: [32m'http://localhost:8000/test/it/click.test.html?wtr-session-id=Q2uAO35srd009CK6ytfGM#'[39m,
        source: [32m'a#alink'[39m
      }
      ping:click {
        target: [32m'http://localhost:8000/test/it/click.test.html?wtr-session-id=Q2uAO35srd009CK6ytfGM#'[39m,
        source: [32m'a#alink'[39m
      }
      ping:click {
        target: [32m'http://localhost:8000/test/it/click.test.html?wtr-session-id=Q2uAO35srd009CK6ytfGM#'[39m,
        source: [32m'a#alink'[39m
      }
      ping:click {
        target: [32m'http://localhost:8000/test/it/click.test.html?wtr-session-id=Q2uAO35srd009CK6ytfGM#'[39m,
        source: [32m'a#alink'[39m
      }
      ping:click {
        target: [32m'http://localhost:8000/test/it/click.test.html?wtr-session-id=Q2uAO35srd009CK6ytfGM#'[39m,
        source: [32m'a#alink'[39m
      }
      ping:click {
        target: [32m'http://localhost:8000/test/it/click.test.html?wtr-session-id=Q2uAO35srd009CK6ytfGM#'[39m,
        source: [32m'a#alink'[39m
      }
      ping:click {
        target: [32m'http://localhost:8000/test/it/click.test.html?wtr-session-id=Q2uAO35srd009CK6ytfGM#'[39m,
        source: [32m'a#alink'[39m
      }
      ping:click {
        target: [32m'http://localhost:8000/test/it/click.test.html?wtr-session-id=Q2uAO35srd009CK6ytfGM#'[39m,
        source: [32m'a#alink'[39m
      }
      ping:click {
        target: [32m'http://localhost:8000/test/it/click.test.html?wtr-session-id=Q2uAO35srd009CK6ytfGM#'[39m,
        source: [32m'a#alink'[39m
      }
      ping:click {
        target: [32m'http://localhost:8000/test/it/click.test.html?wtr-session-id=Q2uAO35srd009CK6ytfGM#'[39m,
        source: [32m'a#alink'[39m
      }
      ping:click {
        target: [32m'http://localhost:8000/test/it/click.test.html?wtr-session-id=Q2uAO35srd009CK6ytfGM#'[39m,
        source: [32m'a#alink'[39m
      }
      ping:click {
        target: [32m'http://localhost:8000/test/it/click.test.html?wtr-session-id=Q2uAO35srd009CK6ytfGM#'[39m,
        source: [32m'a#alink'[39m
      }
      ping:click {
        target: [32m'http://localhost:8000/test/it/click.test.html?wtr-session-id=Q2uAO35srd009CK6ytfGM#'[39m,
        source: [32m'a#alink'[39m
      }
      ping:click {
        target: [32m'http://localhost:8000/test/it/click.test.html?wtr-session-id=Q2uAO35srd009CK6ytfGM#'[39m,
        source: [32m'a#alink'[39m
      }
      ping:click {
        target: [32m'http://localhost:8000/test/it/click.test.html?wtr-session-id=Q2uAO35srd009CK6ytfGM#'[39m,
        source: [32m'a#alink'[39m
      }
      ping:click {
        target: [32m'http://localhost:8000/test/it/click.test.html?wtr-session-id=Q2uAO35srd009CK6ytfGM#'[39m,
        source: [32m'a#alink'[39m
      }
      ping:click {
        target: [32m'http://localhost:8000/test/it/click.test.html?wtr-session-id=Q2uAO35srd009CK6ytfGM#'[39m,
        source: [32m'a#alink'[39m
      }
      ping:click {
        target: [32m'http://localhost:8000/test/it/click.test.html?wtr-session-id=Q2uAO35srd009CK6ytfGM#'[39m,
        source: [32m'a#alink'[39m
      }
      ping:click {
        target: [32m'http://localhost:8000/test/it/click.test.html?wtr-session-id=Q2uAO35srd009CK6ytfGM#'[39m,
        source: [32m'a#alink'[39m
      }
      ping:click {
        target: [32m'http://localhost:8000/test/it/click.test.html?wtr-session-id=Q2uAO35srd009CK6ytfGM#'[39m,
        source: [32m'a#alink'[39m
      }
      ping:click {
        target: [32m'http://localhost:8000/test/it/click.test.html?wtr-session-id=Q2uAO35srd009CK6ytfGM#'[39m,
        source: [32m'a#alink'[39m
      }
      ping:click {
        target: [32m'http://localhost:8000/test/it/click.test.html?wtr-session-id=Q2uAO35srd009CK6ytfGM#'[39m,
        source: [32m'a#alink'[39m
      }
      ping:click {
        target: [32m'http://localhost:8000/test/it/click.test.html?wtr-session-id=Q2uAO35srd009CK6ytfGM#'[39m,
        source: [32m'a#alink'[39m
      }
      ping:click {
        target: [32m'http://localhost:8000/test/it/click.test.html?wtr-session-id=Q2uAO35srd009CK6ytfGM#'[39m,
        source: [32m'a#alink'[39m
      }
      ping:click {
        target: [32m'http://localhost:8000/test/it/click.test.html?wtr-session-id=Q2uAO35srd009CK6ytfGM#'[39m,
        source: [32m'a#alink'[39m
      }
      ping:click {
        target: [32m'http://localhost:8000/test/it/click.test.html?wtr-session-id=Q2uAO35srd009CK6ytfGM#'[39m,
        source: [32m'a#alink'[39m
      }
      ping:click {
        target: [32m'http://localhost:8000/test/it/click.test.html?wtr-session-id=Q2uAO35srd009CK6ytfGM#'[39m,
        source: [32m'a#alink'[39m
      }
      ping:click {
        target: [32m'http://localhost:8000/test/it/click.test.html?wtr-session-id=Q2uAO35srd009CK6ytfGM#'[39m,
        source: [32m'a#alink'[39m
      }
      ping:click {
        target: [32m'http://localhost:8000/test/it/click.test.html?wtr-session-id=Q2uAO35srd009CK6ytfGM#'[39m,
        source: [32m'a#alink'[39m
      }
      ping:click {
        target: [32m'http://localhost:8000/test/it/click.test.html?wtr-session-id=Q2uAO35srd009CK6ytfGM#'[39m,
        source: [32m'a#alink'[39m
      }
      ping:click {
        target: [32m'http://localhost:8000/test/it/click.test.html?wtr-session-id=Q2uAO35srd009CK6ytfGM#'[39m,
        source: [32m'a#alink'[39m
      }
      ping:click {
        target: [32m'http://localhost:8000/test/it/click.test.html?wtr-session-id=Q2uAO35srd009CK6ytfGM#'[39m,
        source: [32m'a#alink'[39m
      }
      ping:click {
        target: [32m'http://localhost:8000/test/it/click.test.html?wtr-session-id=Q2uAO35srd009CK6ytfGM#'[39m,
        source: [32m'a#alink'[39m
      }
      ping:click {
        target: [32m'http://localhost:8000/test/it/click.test.html?wtr-session-id=Q2uAO35srd009CK6ytfGM#'[39m,
        source: [32m'a#alink'[39m
      }
      ping:click {
        target: [32m'http://localhost:8000/test/it/click.test.html?wtr-session-id=Q2uAO35srd009CK6ytfGM#'[39m,
        source: [32m'a#alink'[39m
      }
      ping:click {
        target: [32m'http://localhost:8000/test/it/click.test.html?wtr-session-id=Q2uAO35srd009CK6ytfGM#'[39m,
        source: [32m'a#alink'[39m
      }
      ping:click {
        target: [32m'http://localhost:8000/test/it/click.test.html?wtr-session-id=Q2uAO35srd009CK6ytfGM#'[39m,
        source: [32m'a#alink'[39m
      }
      ping:click {
        target: [32m'http://localhost:8000/test/it/click.test.html?wtr-session-id=Q2uAO35srd009CK6ytfGM#'[39m,
        source: [32m'a#alink'[39m
      }
      ping:click {
        target: [32m'http://localhost:8000/test/it/click.test.html?wtr-session-id=Q2uAO35srd009CK6ytfGM#'[39m,
        source: [32m'a#alink'[39m
      }
      ping:click {
        target: [32m'http://localhost:8000/test/it/click.test.html?wtr-session-id=Q2uAO35srd009CK6ytfGM#'[39m,
        source: [32m'a#alink'[39m
      }
      ping:click {
        target: [32m'http://localhost:8000/test/it/click.test.html?wtr-session-id=Q2uAO35srd009CK6ytfGM#'[39m,
        source: [32m'a#alink'[39m
      }
      ping:click {
        target: [32m'http://localhost:8000/test/it/click.test.html?wtr-session-id=Q2uAO35srd009CK6ytfGM#'[39m,
        source: [32m'a#alink'[39m
      }
      ping:click {
        target: [32m'http://localhost:8000/test/it/click.test.html?wtr-session-id=Q2uAO35srd009CK6ytfGM#'[39m,
        source: [32m'a#alink'[39m
      }
      ping:click {
        target: [32m'http://localhost:8000/test/it/click.test.html?wtr-session-id=Q2uAO35srd009CK6ytfGM#'[39m,
        source: [32m'a#alink'[39m
      }
      ping:click {
        target: [32m'http://localhost:8000/test/it/click.test.html?wtr-session-id=Q2uAO35srd009CK6ytfGM#'[39m,
        source: [32m'a#alink'[39m
      }
      ping:click {
        target: [32m'http://localhost:8000/test/it/click.test.html?wtr-session-id=Q2uAO35srd009CK6ytfGM#'[39m,
        source: [32m'a#alink'[39m
      }
      ping:click {
        target: [32m'http://localhost:8000/test/it/click.test.html?wtr-session-id=Q2uAO35srd009CK6ytfGM#'[39m,
        source: [32m'a#alink'[39m
      }
      ping:click {
        target: [32m'http://localhost:8000/test/it/click.test.html?wtr-session-id=Q2uAO35srd009CK6ytfGM#'[39m,
        source: [32m'a#alink'[39m
      }
      ping:click {
        target: [32m'http://localhost:8000/test/it/click.test.html?wtr-session-id=Q2uAO35srd009CK6ytfGM#'[39m,
        source: [32m'a#alink'[39m
      }
      ping:click {
        target: [32m'http://localhost:8000/test/it/click.test.html?wtr-session-id=Q2uAO35srd009CK6ytfGM#'[39m,
        source: [32m'a#alink'[39m
      }
      ping:click {
        target: [32m'http://localhost:8000/test/it/click.test.html?wtr-session-id=Q2uAO35srd009CK6ytfGM#'[39m,
        source: [32m'a#alink'[39m
      }
      ping:click {
        target: [32m'http://localhost:8000/test/it/click.test.html?wtr-session-id=Q2uAO35srd009CK6ytfGM#'[39m,
        source: [32m'a#alink'[39m
      }
      ping:click {
        target: [32m'http://localhost:8000/test/it/click.test.html?wtr-session-id=Q2uAO35srd009CK6ytfGM#'[39m,
        source: [32m'a#alink'[39m
      }
      ping:click {
        target: [32m'http://localhost:8000/test/it/click.test.html?wtr-session-id=Q2uAO35srd009CK6ytfGM#'[39m,
        source: [32m'a#alink'[39m
      }
      ping:click {
        target: [32m'http://localhost:8000/test/it/click.test.html?wtr-session-id=Q2uAO35srd009CK6ytfGM#'[39m,
        source: [32m'a#alink'[39m
      }
      ping:click {
        target: [32m'http://localhost:8000/test/it/click.test.html?wtr-session-id=Q2uAO35srd009CK6ytfGM#'[39m,
        source: [32m'a#alink'[39m
      }
      ping:click {
        target: [32m'http://localhost:8000/test/it/click.test.html?wtr-session-id=Q2uAO35srd009CK6ytfGM#'[39m,
        source: [32m'a#alink'[39m
      }
      ping:click {
        target: [32m'http://localhost:8000/test/it/click.test.html?wtr-session-id=Q2uAO35srd009CK6ytfGM#'[39m,
        source: [32m'a#alink'[39m
      }
      ping:click {
        target: [32m'http://localhost:8000/test/it/click.test.html?wtr-session-id=Q2uAO35srd009CK6ytfGM#'[39m,
        source: [32m'a#alink'[39m
      }
      ping:click {
        target: [32m'http://localhost:8000/test/it/click.test.html?wtr-session-id=Q2uAO35srd009CK6ytfGM#'[39m,
        source: [32m'a#alink'[39m
      }
      ping:click {
        target: [32m'http://localhost:8000/test/it/click.test.html?wtr-session-id=Q2uAO35srd009CK6ytfGM#'[39m,
        source: [32m'a#alink'[39m
      }
      ping:click {
        target: [32m'http://localhost:8000/test/it/click.test.html?wtr-session-id=Q2uAO35srd009CK6ytfGM#'[39m,
        source: [32m'a#alink'[39m
      }
      ping:click {
        target: [32m'http://localhost:8000/test/it/click.test.html?wtr-session-id=Q2uAO35srd009CK6ytfGM#'[39m,
        source: [32m'a#alink'[39m
      }
      ping:click {
        target: [32m'http://localhost:8000/test/it/click.test.html?wtr-session-id=Q2uAO35srd009CK6ytfGM#'[39m,
        source: [32m'a#alink'[39m
      }
      ping:click {
        target: [32m'http://localhost:8000/test/it/click.test.html?wtr-session-id=Q2uAO35srd009CK6ytfGM#'[39m,
        source: [32m'a#alink'[39m
      }
      ping:click {
        target: [32m'http://localhost:8000/test/it/click.test.html?wtr-session-id=Q2uAO35srd009CK6ytfGM#'[39m,
        source: [32m'a#alink'[39m
      }
      ping:click {
        target: [32m'http://localhost:8000/test/it/click.test.html?wtr-session-id=Q2uAO35srd009CK6ytfGM#'[39m,
        source: [32m'a#alink'[39m
      }
      ping:click {
        target: [32m'http://localhost:8000/test/it/click.test.html?wtr-session-id=Q2uAO35srd009CK6ytfGM#'[39m,
        source: [32m'a#alink'[39m
      }
      ping:click {
        target: [32m'http://localhost:8000/test/it/click.test.html?wtr-session-id=Q2uAO35srd009CK6ytfGM#'[39m,
        source: [32m'a#alink'[39m
      }
      ping:click {
        target: [32m'http://localhost:8000/test/it/click.test.html?wtr-session-id=Q2uAO35srd009CK6ytfGM#'[39m,
        source: [32m'a#alink'[39m
      }
      ping:click {
        target: [32m'http://localhost:8000/test/it/click.test.html?wtr-session-id=Q2uAO35srd009CK6ytfGM#'[39m,
        source: [32m'a#alink'[39m
      }
      ping:click {
        target: [32m'http://localhost:8000/test/it/click.test.html?wtr-session-id=Q2uAO35srd009CK6ytfGM#'[39m,
        source: [32m'a#alink'[39m
      }
      ping:click {
        target: [32m'http://localhost:8000/test/it/click.test.html?wtr-session-id=Q2uAO35srd009CK6ytfGM#'[39m,
        source: [32m'a#alink'[39m
      }
      ping:click {
        target: [32m'http://localhost:8000/test/it/click.test.html?wtr-session-id=Q2uAO35srd009CK6ytfGM#'[39m,
        source: [32m'a#alink'[39m
      }
      ping:click {
        target: [32m'http://localhost:8000/test/it/click.test.html?wtr-session-id=Q2uAO35srd009CK6ytfGM#'[39m,
        source: [32m'a#alink'[39m
      }
      ping:click {
        target: [32m'http://localhost:8000/test/it/click.test.html?wtr-session-id=Q2uAO35srd009CK6ytfGM#'[39m,
        source: [32m'a#alink'[39m
      }
      ping:click {
        target: [32m'http://localhost:8000/test/it/click.test.html?wtr-session-id=Q2uAO35srd009CK6ytfGM#'[39m,
        source: [32m'a#alink'[39m
      }
      ping:click {
        target: [32m'http://localhost:8000/test/it/click.test.html?wtr-session-id=Q2uAO35srd009CK6ytfGM#'[39m,
        source: [32m'a#alink'[39m
      }
      ping:click {
        target: [32m'http://localhost:8000/test/it/click.test.html?wtr-session-id=Q2uAO35srd009CK6ytfGM#'[39m,
        source: [32m'a#alink'[39m
      }
      ping:click {
        target: [32m'http://localhost:8000/test/it/click.test.html?wtr-session-id=Q2uAO35srd009CK6ytfGM#'[39m,
        source: [32m'a#alink'[39m
      }
      ping:click {
        target: [32m'http://localhost:8000/test/it/click.test.html?wtr-session-id=Q2uAO35srd009CK6ytfGM#'[39m,
        source: [32m'a#alink'[39m
      }
      ping:click {
        target: [32m'http://localhost:8000/test/it/click.test.html?wtr-session-id=Q2uAO35srd009CK6ytfGM#'[39m,
        source: [32m'a#alink'[39m
      }
      ping:click {
        target: [32m'http://localhost:8000/test/it/click.test.html?wtr-session-id=Q2uAO35srd009CK6ytfGM#'[39m,
        source: [32m'a#alink'[39m
      }
      ping:click {
        target: [32m'http://localhost:8000/test/it/click.test.html?wtr-session-id=Q2uAO35srd009CK6ytfGM#'[39m,
        source: [32m'a#alink'[39m
      }
      ping:click {
        target: [32m'http://localhost:8000/test/it/click.test.html?wtr-session-id=Q2uAO35srd009CK6ytfGM#'[39m,
        source: [32m'a#alink'[39m
      }
      ping:click {
        target: [32m'http://localhost:8000/test/it/click.test.html?wtr-session-id=Q2uAO35srd009CK6ytfGM#'[39m,
        source: [32m'a#alink'[39m
      }
      ping:click {
        target: [32m'http://localhost:8000/test/it/click.test.html?wtr-session-id=Q2uAO35srd009CK6ytfGM#'[39m,
        source: [32m'a#alink'[39m
      }
      ping:click {
        target: [32m'http://localhost:8000/test/it/click.test.html?wtr-session-id=Q2uAO35srd009CK6ytfGM#'[39m,
        source: [32m'a#alink'[39m
      }
      ping:click {
        target: [32m'http://localhost:8000/test/it/click.test.html?wtr-session-id=Q2uAO35srd009CK6ytfGM#'[39m,
        source: [32m'a#alink'[39m
      }
      ping:click {
        target: [32m'http://localhost:8000/test/it/click.test.html?wtr-session-id=Q2uAO35srd009CK6ytfGM#'[39m,
        source: [32m'a#alink'[39m
      }
      ping:click {
        target: [32m'http://localhost:8000/test/it/click.test.html?wtr-session-id=Q2uAO35srd009CK6ytfGM#'[39m,
        source: [32m'a#alink'[39m
      }
      ping:click {
        target: [32m'http://localhost:8000/test/it/click.test.html?wtr-session-id=Q2uAO35srd009CK6ytfGM#'[39m,
        source: [32m'a#alink'[39m
      }
      ping:click {
        target: [32m'http://localhost:8000/test/it/click.test.html?wtr-session-id=Q2uAO35srd009CK6ytfGM#'[39m,
        source: [32m'a#alink'[39m
      }
      ping:click {
        target: [32m'http://localhost:8000/test/it/click.test.html?wtr-session-id=Q2uAO35srd009CK6ytfGM#'[39m,
        source: [32m'a#alink'[39m
      }
      ping:click {
        target: [32m'http://localhost:8000/test/it/click.test.html?wtr-session-id=Q2uAO35srd009CK6ytfGM#'[39m,
        source: [32m'a#alink'[39m
      }
      ping:click {
        target: [32m'http://localhost:8000/test/it/click.test.html?wtr-session-id=Q2uAO35srd009CK6ytfGM#'[39m,
        source: [32m'a#alink'[39m
      }
      ping:click {
        target: [32m'http://localhost:8000/test/it/click.test.html?wtr-session-id=Q2uAO35srd009CK6ytfGM#'[39m,
        source: [32m'a#alink'[39m
      }
      ping:click {
        target: [32m'http://localhost:8000/test/it/click.test.html?wtr-session-id=Q2uAO35srd009CK6ytfGM#'[39m,
        source: [32m'a#alink'[39m
      }
      ping:click {
        target: [32m'http://localhost:8000/test/it/click.test.html?wtr-session-id=Q2uAO35srd009CK6ytfGM#'[39m,
        source: [32m'a#alink'[39m
      }
      ping:click {
        target: [32m'http://localhost:8000/test/it/click.test.html?wtr-session-id=Q2uAO35srd009CK6ytfGM#'[39m,
        source: [32m'a#alink'[39m
      }
      ping:click {
        target: [32m'http://localhost:8000/test/it/click.test.html?wtr-session-id=Q2uAO35srd009CK6ytfGM#'[39m,
        source: [32m'a#alink'[39m
      }
      ping:click {
        target: [32m'http://localhost:8000/test/it/click.test.html?wtr-session-id=Q2uAO35srd009CK6ytfGM#'[39m,
        source: [32m'a#alink'[39m
      }
      ping:click {
        target: [32m'http://localhost:8000/test/it/click.test.html?wtr-session-id=Q2uAO35srd009CK6ytfGM#'[39m,
        source: [32m'a#alink'[39m
      }
      ping:click {
        target: [32m'http://localhost:8000/test/it/click.test.html?wtr-session-id=Q2uAO35srd009CK6ytfGM#'[39m,
        source: [32m'a#alink'[39m
      }
      ping:click {
        target: [32m'http://localhost:8000/test/it/click.test.html?wtr-session-id=Q2uAO35srd009CK6ytfGM#'[39m,
        source: [32m'a#alink'[39m
      }
      ping:click {
        target: [32m'http://localhost:8000/test/it/click.test.html?wtr-session-id=Q2uAO35srd009CK6ytfGM#'[39m,
        source: [32m'a#alink'[39m
      }
      ping:click {
        target: [32m'http://localhost:8000/test/it/click.test.html?wtr-session-id=Q2uAO35srd009CK6ytfGM#'[39m,
        source: [32m'a#alink'[39m
      }
      ping:click {
        target: [32m'http://localhost:8000/test/it/click.test.html?wtr-session-id=Q2uAO35srd009CK6ytfGM#'[39m,
        source: [32m'a#alink'[39m
      }
      ping:click {
        target: [32m'http://localhost:8000/test/it/click.test.html?wtr-session-id=Q2uAO35srd009CK6ytfGM#'[39m,
        source: [32m'a#alink'[39m
      }
      ping:click {
        target: [32m'http://localhost:8000/test/it/click.test.html?wtr-session-id=Q2uAO35srd009CK6ytfGM#'[39m,
        source: [32m'a#alink'[39m
      }
      ping:click {
        target: [32m'http://localhost:8000/test/it/click.test.html?wtr-session-id=Q2uAO35srd009CK6ytfGM#'[39m,
        source: [32m'a#alink'[39m
      }
      ping:click {
        target: [32m'http://localhost:8000/test/it/click.test.html?wtr-session-id=Q2uAO35srd009CK6ytfGM#'[39m,
        source: [32m'a#alink'[39m
      }
      ping:click {
        target: [32m'http://localhost:8000/test/it/click.test.html?wtr-session-id=Q2uAO35srd009CK6ytfGM#'[39m,
        source: [32m'a#alink'[39m
      }
      ping:click {
        target: [32m'http://localhost:8000/test/it/click.test.html?wtr-session-id=Q2uAO35srd009CK6ytfGM#'[39m,
        source: [32m'a#alink'[39m
      }
      ping:click {
        target: [32m'http://localhost:8000/test/it/click.test.html?wtr-session-id=Q2uAO35srd009CK6ytfGM#'[39m,
        source: [32m'a#alink'[39m
      }
      ping:click {
        target: [32m'http://localhost:8000/test/it/click.test.html?wtr-session-id=Q2uAO35srd009CK6ytfGM#'[39m,
        source: [32m'a#alink'[39m
      }
      ping:click {
        target: [32m'http://localhost:8000/test/it/click.test.html?wtr-session-id=Q2uAO35srd009CK6ytfGM#'[39m,
        source: [32m'a#alink'[39m
      }
      ping:click {
        target: [32m'http://localhost:8000/test/it/click.test.html?wtr-session-id=Q2uAO35srd009CK6ytfGM#'[39m,
        source: [32m'a#alink'[39m
      }
      ping:click {
        target: [32m'http://localhost:8000/test/it/click.test.html?wtr-session-id=Q2uAO35srd009CK6ytfGM#'[39m,
        source: [32m'a#alink'[39m
      }
      ping:click {
        target: [32m'http://localhost:8000/test/it/click.test.html?wtr-session-id=Q2uAO35srd009CK6ytfGM#'[39m,
        source: [32m'a#alink'[39m
      }
      ping:click {
        target: [32m'http://localhost:8000/test/it/click.test.html?wtr-session-id=Q2uAO35srd009CK6ytfGM#'[39m,
        source: [32m'a#alink'[39m
      }
      ping:click {
        target: [32m'http://localhost:8000/test/it/click.test.html?wtr-session-id=Q2uAO35srd009CK6ytfGM#'[39m,
        source: [32m'a#alink'[39m
      }
      ping:click {
        target: [32m'http://localhost:8000/test/it/click.test.html?wtr-session-id=Q2uAO35srd009CK6ytfGM#'[39m,
        source: [32m'a#alink'[39m
      }
      ping:click {
        target: [32m'http://localhost:8000/test/it/click.test.html?wtr-session-id=Q2uAO35srd009CK6ytfGM#'[39m,
        source: [32m'a#alink'[39m
      }
      ping:click {
        target: [32m'http://localhost:8000/test/it/click.test.html?wtr-session-id=Q2uAO35srd009CK6ytfGM#'[39m,
        source: [32m'a#alink'[39m
      }
      ping:click {
        target: [32m'http://localhost:8000/test/it/click.test.html?wtr-session-id=Q2uAO35srd009CK6ytfGM#'[39m,
        source: [32m'a#alink'[39m
      }
      ping:click {
        target: [32m'http://localhost:8000/test/it/click.test.html?wtr-session-id=Q2uAO35srd009CK6ytfGM#'[39m,
        source: [32m'a#alink'[39m
      }
      ping:click {
        target: [32m'http://localhost:8000/test/it/click.test.html?wtr-session-id=Q2uAO35srd009CK6ytfGM#'[39m,
        source: [32m'a#alink'[39m
      }
      ping:click {
        target: [32m'http://localhost:8000/test/it/click.test.html?wtr-session-id=Q2uAO35srd009CK6ytfGM#'[39m,
        source: [32m'a#alink'[39m
      }
      ping:click {
        target: [32m'http://localhost:8000/test/it/click.test.html?wtr-session-id=Q2uAO35srd009CK6ytfGM#'[39m,
        source: [32m'a#alink'[39m
      }
      ping:click {
        target: [32m'http://localhost:8000/test/it/click.test.html?wtr-session-id=Q2uAO35srd009CK6ytfGM#'[39m,
        source: [32m'a#alink'[39m
      }
      ping:click {
        target: [32m'http://localhost:8000/test/it/click.test.html?wtr-session-id=Q2uAO35srd009CK6ytfGM#'[39m,
        source: [32m'a#alink'[39m
      }
      ping:click {
        target: [32m'http://localhost:8000/test/it/click.test.html?wtr-session-id=Q2uAO35srd009CK6ytfGM#'[39m,
        source: [32m'a#alink'[39m
      }
      ping:click {
        target: [32m'http://localhost:8000/test/it/click.test.html?wtr-session-id=Q2uAO35srd009CK6ytfGM#'[39m,
        source: [32m'a#alink'[39m
      }
      ping:click {
        target: [32m'http://localhost:8000/test/it/click.test.html?wtr-session-id=Q2uAO35srd009CK6ytfGM#'[39m,
        source: [32m'a#alink'[39m
      }
      ping:click {
        target: [32m'http://localhost:8000/test/it/click.test.html?wtr-session-id=Q2uAO35srd009CK6ytfGM#'[39m,
        source: [32m'a#alink'[39m
      }
      ping:click {
        target: [32m'http://localhost:8000/test/it/click.test.html?wtr-session-id=Q2uAO35srd009CK6ytfGM#'[39m,
        source: [32m'a#alink'[39m
      }
      ping:click {
        target: [32m'http://localhost:8000/test/it/click.test.html?wtr-session-id=Q2uAO35srd009CK6ytfGM#'[39m,
        source: [32m'a#alink'[39m
      }
      ping:click {
        target: [32m'http://localhost:8000/test/it/click.test.html?wtr-session-id=Q2uAO35srd009CK6ytfGM#'[39m,
        source: [32m'a#alink'[39m
      }
      ping:click {
        target: [32m'http://localhost:8000/test/it/click.test.html?wtr-session-id=Q2uAO35srd009CK6ytfGM#'[39m,
        source: [32m'a#alink'[39m
      }
      ping:click {
        target: [32m'http://localhost:8000/test/it/click.test.html?wtr-session-id=Q2uAO35srd009CK6ytfGM#'[39m,
        source: [32m'a#alink'[39m
      }
      ping:click {
        target: [32m'http://localhost:8000/test/it/click.test.html?wtr-session-id=Q2uAO35srd009CK6ytfGM#'[39m,
        source: [32m'a#alink'[39m
      }
      ping:click {
        target: [32m'http://localhost:8000/test/it/click.test.html?wtr-session-id=Q2uAO35srd009CK6ytfGM#'[39m,
        source: [32m'a#alink'[39m
      }
      ping:click {
        target: [32m'http://localhost:8000/test/it/click.test.html?wtr-session-id=Q2uAO35srd009CK6ytfGM#'[39m,
        source: [32m'a#alink'[39m
      }
      ping:click {
        target: [32m'http://localhost:8000/test/it/click.test.html?wtr-session-id=Q2uAO35srd009CK6ytfGM#'[39m,
        source: [32m'a#alink'[39m
      }
      ping:click {
        target: [32m'http://localhost:8000/test/it/click.test.html?wtr-session-id=Q2uAO35srd009CK6ytfGM#'[39m,
        source: [32m'a#alink'[39m
      }
      ping:click {
        target: [32m'http://localhost:8000/test/it/click.test.html?wtr-session-id=Q2uAO35srd009CK6ytfGM#'[39m,
        source: [32m'a#alink'[39m
      }
      ping:click {
        target: [32m'http://localhost:8000/test/it/click.test.html?wtr-session-id=Q2uAO35srd009CK6ytfGM#'[39m,
        source: [32m'a#alink'[39m
      }
      ping:click {
        target: [32m'http://localhost:8000/test/it/click.test.html?wtr-session-id=Q2uAO35srd009CK6ytfGM#'[39m,
        source: [32m'a#alink'[39m
      }
      ping:click {
        target: [32m'http://localhost:8000/test/it/click.test.html?wtr-session-id=Q2uAO35srd009CK6ytfGM#'[39m,
        source: [32m'a#alink'[39m
      }
      ping:click {
        target: [32m'http://localhost:8000/test/it/click.test.html?wtr-session-id=Q2uAO35srd009CK6ytfGM#'[39m,
        source: [32m'a#alink'[39m
      }
      ping:click {
        target: [32m'http://localhost:8000/test/it/click.test.html?wtr-session-id=Q2uAO35srd009CK6ytfGM#'[39m,
        source: [32m'a#alink'[39m
      }
      ping:click {
        target: [32m'http://localhost:8000/test/it/click.test.html?wtr-session-id=Q2uAO35srd009CK6ytfGM#'[39m,
        source: [32m'a#alink'[39m
      }
      ping:click {
        target: [32m'http://localhost:8000/test/it/click.test.html?wtr-session-id=Q2uAO35srd009CK6ytfGM#'[39m,
        source: [32m'a#alink'[39m
      }
      ping:click {
        target: [32m'http://localhost:8000/test/it/click.test.html?wtr-session-id=Q2uAO35srd009CK6ytfGM#'[39m,
        source: [32m'a#alink'[39m
      }
      ping:click {
        target: [32m'http://localhost:8000/test/it/click.test.html?wtr-session-id=Q2uAO35srd009CK6ytfGM#'[39m,
        source: [32m'a#alink'[39m
      }
      ping:click {
        target: [32m'http://localhost:8000/test/it/click.test.html?wtr-session-id=Q2uAO35srd009CK6ytfGM#'[39m,
        source: [32m'a#alink'[39m
      }
      ping:click {
        target: [32m'http://localhost:8000/test/it/click.test.html?wtr-session-id=Q2uAO35srd009CK6ytfGM#'[39m,
        source: [32m'a#alink'[39m
      }
      ping:click {
        target: [32m'http://localhost:8000/test/it/click.test.html?wtr-session-id=Q2uAO35srd009CK6ytfGM#'[39m,
        source: [32m'a#alink'[39m
      }
      ping:click {
        target: [32m'http://localhost:8000/test/it/click.test.html?wtr-session-id=Q2uAO35srd009CK6ytfGM#'[39m,
        source: [32m'a#alink'[39m
      }
      ping:click {
        target: [32m'http://localhost:8000/test/it/click.test.html?wtr-session-id=Q2uAO35srd009CK6ytfGM#'[39m,
        source: [32m'a#alink'[39m
      }
      ping:click {
        target: [32m'http://localhost:8000/test/it/click.test.html?wtr-session-id=Q2uAO35srd009CK6ytfGM#'[39m,
        source: [32m'a#alink'[39m
      }
      ping:click {
        target: [32m'http://localhost:8000/test/it/click.test.html?wtr-session-id=Q2uAO35srd009CK6ytfGM#'[39m,
        source: [32m'a#alink'[39m
      }
      ping:click {
        target: [32m'http://localhost:8000/test/it/click.test.html?wtr-session-id=Q2uAO35srd009CK6ytfGM#'[39m,
        source: [32m'a#alink'[39m
      }
      ping:click {
        target: [32m'http://localhost:8000/test/it/click.test.html?wtr-session-id=Q2uAO35srd009CK6ytfGM#'[39m,
        source: [32m'a#alink'[39m
      }
      ping:click {
        target: [32m'http://localhost:8000/test/it/click.test.html?wtr-session-id=Q2uAO35srd009CK6ytfGM#'[39m,
        source: [32m'a#alink'[39m
      }
      ping:click {
        target: [32m'http://localhost:8000/test/it/click.test.html?wtr-session-id=Q2uAO35srd009CK6ytfGM#'[39m,
        source: [32m'a#alink'[39m
      }
      ping:click {
        target: [32m'http://localhost:8000/test/it/click.test.html?wtr-session-id=Q2uAO35srd009CK6ytfGM#'[39m,
        source: [32m'a#alink'[39m
      }
      ping:click {
        target: [32m'http://localhost:8000/test/it/click.test.html?wtr-session-id=Q2uAO35srd009CK6ytfGM#'[39m,
        source: [32m'a#alink'[39m
      }
      ping:click {
        target: [32m'http://localhost:8000/test/it/click.test.html?wtr-session-id=Q2uAO35srd009CK6ytfGM#'[39m,
        source: [32m'a#alink'[39m
      }
      ping:click {
        target: [32m'http://localhost:8000/test/it/click.test.html?wtr-session-id=Q2uAO35srd009CK6ytfGM#'[39m,
        source: [32m'a#alink'[39m
      }
      ping:click {
        target: [32m'http://localhost:8000/test/it/click.test.html?wtr-session-id=Q2uAO35srd009CK6ytfGM#'[39m,
        source: [32m'a#alink'[39m
      }
      ping:click {
        target: [32m'http://localhost:8000/test/it/click.test.html?wtr-session-id=Q2uAO35srd009CK6ytfGM#'[39m,
        source: [32m'a#alink'[39m
      }
      ping:click {
        target: [32m'http://localhost:8000/test/it/click.test.html?wtr-session-id=Q2uAO35srd009CK6ytfGM#'[39m,
        source: [32m'a#alink'[39m
      }
      ping:click {
        target: [32m'http://localhost:8000/test/it/click.test.html?wtr-session-id=Q2uAO35srd009CK6ytfGM#'[39m,
        source: [32m'a#alink'[39m
      }
      ping:click {
        target: [32m'http://localhost:8000/test/it/click.test.html?wtr-session-id=Q2uAO35srd009CK6ytfGM#'[39m,
        source: [32m'a#alink'[39m
      }
      ping:click {
        target: [32m'http://localhost:8000/test/it/click.test.html?wtr-session-id=Q2uAO35srd009CK6ytfGM#'[39m,
        source: [32m'a#alink'[39m
      }
      ping:click {
        target: [32m'http://localhost:8000/test/it/click.test.html?wtr-session-id=Q2uAO35srd009CK6ytfGM#'[39m,
        source: [32m'a#alink'[39m
      }
      ping:click {
        target: [32m'http://localhost:8000/test/it/click.test.html?wtr-session-id=Q2uAO35srd009CK6ytfGM#'[39m,
        source: [32m'a#alink'[39m
      }
      ping:click {
        target: [32m'http://localhost:8000/test/it/click.test.html?wtr-session-id=Q2uAO35srd009CK6ytfGM#'[39m,
        source: [32m'a#alink'[39m
      }
      ping:click {
        target: [32m'http://localhost:8000/test/it/click.test.html?wtr-session-id=Q2uAO35srd009CK6ytfGM#'[39m,
        source: [32m'a#alink'[39m
      }
      ping:click {
        target: [32m'http://localhost:8000/test/it/click.test.html?wtr-session-id=Q2uAO35srd009CK6ytfGM#'[39m,
        source: [32m'a#alink'[39m
      }
      ping:click {
        target: [32m'http://localhost:8000/test/it/click.test.html?wtr-session-id=Q2uAO35srd009CK6ytfGM#'[39m,
        source: [32m'a#alink'[39m
      }
      ping:click {
        target: [32m'http://localhost:8000/test/it/click.test.html?wtr-session-id=Q2uAO35srd009CK6ytfGM#'[39m,
        source: [32m'a#alink'[39m
      }
      ping:click {
        target: [32m'http://localhost:8000/test/it/click.test.html?wtr-session-id=Q2uAO35srd009CK6ytfGM#'[39m,
        source: [32m'a#alink'[39m
      }
      ping:click {
        target: [32m'http://localhost:8000/test/it/click.test.html?wtr-session-id=Q2uAO35srd009CK6ytfGM#'[39m,
        source: [32m'a#alink'[39m
      }
      ping:click {
        target: [32m'http://localhost:8000/test/it/click.test.html?wtr-session-id=Q2uAO35srd009CK6ytfGM#'[39m,
        source: [32m'a#alink'[39m
      }
      ping:click {
        target: [32m'http://localhost:8000/test/it/click.test.html?wtr-session-id=Q2uAO35srd009CK6ytfGM#'[39m,
        source: [32m'a#alink'[39m
      }
      ping:click {
        target: [32m'http://localhost:8000/test/it/click.test.html?wtr-session-id=Q2uAO35srd009CK6ytfGM#'[39m,
        source: [32m'a#alink'[39m
      }
      ping:click {
        target: [32m'http://localhost:8000/test/it/click.test.html?wtr-session-id=Q2uAO35srd009CK6ytfGM#'[39m,
        source: [32m'a#alink'[39m
      }
      ping:click {
        target: [32m'http://localhost:8000/test/it/click.test.html?wtr-session-id=Q2uAO35srd009CK6ytfGM#'[39m,
        source: [32m'a#alink'[39m
      }
      ping:click {
        target: [32m'http://localhost:8000/test/it/click.test.html?wtr-session-id=Q2uAO35srd009CK6ytfGM#'[39m,
        source: [32m'a#alink'[39m
      }
      ping:click {
        target: [32m'http://localhost:8000/test/it/click.test.html?wtr-session-id=Q2uAO35srd009CK6ytfGM#'[39m,
        source: [32m'a#alink'[39m
      }
      ping:click {
        target: [32m'http://localhost:8000/test/it/click.test.html?wtr-session-id=Q2uAO35srd009CK6ytfGM#'[39m,
        source: [32m'a#alink'[39m
      }
      ping:click {
        target: [32m'http://localhost:8000/test/it/click.test.html?wtr-session-id=Q2uAO35srd009CK6ytfGM#'[39m,
        source: [32m'a#alink'[39m
      }
      ping:click {
        target: [32m'http://localhost:8000/test/it/click.test.html?wtr-session-id=Q2uAO35srd009CK6ytfGM#'[39m,
        source: [32m'a#alink'[39m
      }
      ping:click {
        target: [32m'http://localhost:8000/test/it/click.test.html?wtr-session-id=Q2uAO35srd009CK6ytfGM#'[39m,
        source: [32m'a#alink'[39m
      }
      ping:click {
        target: [32m'http://localhost:8000/test/it/click.test.html?wtr-session-id=Q2uAO35srd009CK6ytfGM#'[39m,
        source: [32m'a#alink'[39m
      }
      ping:click {
        target: [32m'http://localhost:8000/test/it/click.test.html?wtr-session-id=Q2uAO35srd009CK6ytfGM#'[39m,
        source: [32m'a#alink'[39m
      }
      ping:click {
        target: [32m'http://localhost:8000/test/it/click.test.html?wtr-session-id=Q2uAO35srd009CK6ytfGM#'[39m,
        source: [32m'a#alink'[39m
      }
      ping:click {
        target: [32m'http://localhost:8000/test/it/click.test.html?wtr-session-id=Q2uAO35srd009CK6ytfGM#'[39m,
        source: [32m'a#alink'[39m
      }
      ping:click {
        target: [32m'http://localhost:8000/test/it/click.test.html?wtr-session-id=Q2uAO35srd009CK6ytfGM#'[39m,
        source: [32m'a#alink'[39m
      }
      ping:click {
        target: [32m'http://localhost:8000/test/it/click.test.html?wtr-session-id=Q2uAO35srd009CK6ytfGM#'[39m,
        source: [32m'a#alink'[39m
      }
      ping:click {
        target: [32m'http://localhost:8000/test/it/click.test.html?wtr-session-id=Q2uAO35srd009CK6ytfGM#'[39m,
        source: [32m'a#alink'[39m
      }
      ping:click {
        target: [32m'http://localhost:8000/test/it/click.test.html?wtr-session-id=Q2uAO35srd009CK6ytfGM#'[39m,
        source: [32m'a#alink'[39m
      }
      ping:click {
        target: [32m'http://localhost:8000/test/it/click.test.html?wtr-session-id=Q2uAO35srd009CK6ytfGM#'[39m,
        source: [32m'a#alink'[39m
      }
      ping:click {
        target: [32m'http://localhost:8000/test/it/click.test.html?wtr-session-id=Q2uAO35srd009CK6ytfGM#'[39m,
        source: [32m'a#alink'[39m
      }
      ping:click {
        target: [32m'http://localhost:8000/test/it/click.test.html?wtr-session-id=Q2uAO35srd009CK6ytfGM#'[39m,
        source: [32m'a#alink'[39m
      }
      ping:click {
        target: [32m'http://localhost:8000/test/it/click.test.html?wtr-session-id=Q2uAO35srd009CK6ytfGM#'[39m,
        source: [32m'a#alink'[39m
      }
      ping:click {
        target: [32m'http://localhost:8000/test/it/click.test.html?wtr-session-id=Q2uAO35srd009CK6ytfGM#'[39m,
        source: [32m'a#alink'[39m
      }
      ping:click {
        target: [32m'http://localhost:8000/test/it/click.test.html?wtr-session-id=Q2uAO35srd009CK6ytfGM#'[39m,
        source: [32m'a#alink'[39m
      }
      ping:click {
        target: [32m'http://localhost:8000/test/it/click.test.html?wtr-session-id=Q2uAO35srd009CK6ytfGM#'[39m,
        source: [32m'a#alink'[39m
      }
      ping:click {
        target: [32m'http://localhost:8000/test/it/click.test.html?wtr-session-id=Q2uAO35srd009CK6ytfGM#'[39m,
        source: [32m'a#alink'[39m
      }
      ping:click {
        target: [32m'http://localhost:8000/test/it/click.test.html?wtr-session-id=Q2uAO35srd009CK6ytfGM#'[39m,
        source: [32m'a#alink'[39m
      }
      ping:click {
        target: [32m'http://localhost:8000/test/it/click.test.html?wtr-session-id=Q2uAO35srd009CK6ytfGM#'[39m,
        source: [32m'a#alink'[39m
      }
      ping:click {
        target: [32m'http://localhost:8000/test/it/click.test.html?wtr-session-id=Q2uAO35srd009CK6ytfGM#'[39m,
        source: [32m'a#alink'[39m
      }
      ping:click {
        target: [32m'http://localhost:8000/test/it/click.test.html?wtr-session-id=Q2uAO35srd009CK6ytfGM#'[39m,
        source: [32m'a#alink'[39m
      }
      ping:click {
        target: [32m'http://localhost:8000/test/it/click.test.html?wtr-session-id=Q2uAO35srd009CK6ytfGM#'[39m,
        source: [32m'a#alink'[39m
      }
      ping:click {
        target: [32m'http://localhost:8000/test/it/click.test.html?wtr-session-id=Q2uAO35srd009CK6ytfGM#'[39m,
        source: [32m'a#alink'[39m
      }
      ping:click {
        target: [32m'http://localhost:8000/test/it/click.test.html?wtr-session-id=Q2uAO35srd009CK6ytfGM#'[39m,
        source: [32m'a#alink'[39m
      }
      ping:click {
        target: [32m'http://localhost:8000/test/it/click.test.html?wtr-session-id=Q2uAO35srd009CK6ytfGM#'[39m,
        source: [32m'a#alink'[39m
      }
      ping:click {
        target: [32m'http://localhost:8000/test/it/click.test.html?wtr-session-id=Q2uAO35srd009CK6ytfGM#'[39m,
        source: [32m'a#alink'[39m
      }
      ping:click {
        target: [32m'http://localhost:8000/test/it/click.test.html?wtr-session-id=Q2uAO35srd009CK6ytfGM#'[39m,
        source: [32m'a#alink'[39m
      }
      ping:click {
        target: [32m'http://localhost:8000/test/it/click.test.html?wtr-session-id=Q2uAO35srd009CK6ytfGM#'[39m,
        source: [32m'a#alink'[39m
      }
      ping:click {
        target: [32m'http://localhost:8000/test/it/click.test.html?wtr-session-id=Q2uAO35srd009CK6ytfGM#'[39m,
        source: [32m'a#alink'[39m
      }
      ping:click {
        target: [32m'http://localhost:8000/test/it/click.test.html?wtr-session-id=Q2uAO35srd009CK6ytfGM#'[39m,
        source: [32m'a#alink'[39m
      }
      ping:click {
        target: [32m'http://localhost:8000/test/it/click.test.html?wtr-session-id=Q2uAO35srd009CK6ytfGM#'[39m,
        source: [32m'a#alink'[39m
      }
      ping:click {
        target: [32m'http://localhost:8000/test/it/click.test.html?wtr-session-id=Q2uAO35srd009CK6ytfGM#'[39m,
        source: [32m'a#alink'[39m
      }
      ping:click {
        target: [32m'http://localhost:8000/test/it/click.test.html?wtr-session-id=Q2uAO35srd009CK6ytfGM#'[39m,
        source: [32m'a#alink'[39m
      }
      ping:click {
        target: [32m'http://localhost:8000/test/it/click.test.html?wtr-session-id=Q2uAO35srd009CK6ytfGM#'[39m,
        source: [32m'a#alink'[39m
      }
      ping:click {
        target: [32m'http://localhost:8000/test/it/click.test.html?wtr-session-id=Q2uAO35srd009CK6ytfGM#'[39m,
        source: [32m'a#alink'[39m
      }
      ping:click {
        target: [32m'http://localhost:8000/test/it/click.test.html?wtr-session-id=Q2uAO35srd009CK6ytfGM#'[39m,
        source: [32m'a#alink'[39m
      }
      ping:click {
        target: [32m'http://localhost:8000/test/it/click.test.html?wtr-session-id=Q2uAO35srd009CK6ytfGM#'[39m,
        source: [32m'a#alink'[39m
      }
      ping:click {
        target: [32m'http://localhost:8000/test/it/click.test.html?wtr-session-id=Q2uAO35srd009CK6ytfGM#'[39m,
        source: [32m'a#alink'[39m
      }
      ping:click {
        target: [32m'http://localhost:8000/test/it/click.test.html?wtr-session-id=Q2uAO35srd009CK6ytfGM#'[39m,
        source: [32m'a#alink'[39m
      }
      ping:click {
        target: [32m'http://localhost:8000/test/it/click.test.html?wtr-session-id=Q2uAO35srd009CK6ytfGM#'[39m,
        source: [32m'a#alink'[39m
      }
      ping:click {
        target: [32m'http://localhost:8000/test/it/click.test.html?wtr-session-id=Q2uAO35srd009CK6ytfGM#'[39m,
        source: [32m'a#alink'[39m
      }
      ping:click {
        target: [32m'http://localhost:8000/test/it/click.test.html?wtr-session-id=Q2uAO35srd009CK6ytfGM#'[39m,
        source: [32m'a#alink'[39m
      }
      ping:click {
        target: [32m'http://localhost:8000/test/it/click.test.html?wtr-session-id=Q2uAO35srd009CK6ytfGM#'[39m,
        source: [32m'a#alink'[39m
      }
      ping:click {
        target: [32m'http://localhost:8000/test/it/click.test.html?wtr-session-id=Q2uAO35srd009CK6ytfGM#'[39m,
        source: [32m'a#alink'[39m
      }
      ping:click {
        target: [32m'http://localhost:8000/test/it/click.test.html?wtr-session-id=Q2uAO35srd009CK6ytfGM#'[39m,
        source: [32m'a#alink'[39m
      }
      ping:click {
        target: [32m'http://localhost:8000/test/it/click.test.html?wtr-session-id=Q2uAO35srd009CK6ytfGM#'[39m,
        source: [32m'a#alink'[39m
      }
      ping:click {
        target: [32m'http://localhost:8000/test/it/click.test.html?wtr-session-id=Q2uAO35srd009CK6ytfGM#'[39m,
        source: [32m'a#alink'[39m
      }
      ping:click {
        target: [32m'http://localhost:8000/test/it/click.test.html?wtr-session-id=Q2uAO35srd009CK6ytfGM#'[39m,
        source: [32m'a#alink'[39m
      }
      ping:click {
        target: [32m'http://localhost:8000/test/it/click.test.html?wtr-session-id=Q2uAO35srd009CK6ytfGM#'[39m,
        source: [32m'a#alink'[39m
      }
      ping:click {
        target: [32m'http://localhost:8000/test/it/click.test.html?wtr-session-id=Q2uAO35srd009CK6ytfGM#'[39m,
        source: [32m'a#alink'[39m
      }
      ping:click {
        target: [32m'http://localhost:8000/test/it/click.test.html?wtr-session-id=Q2uAO35srd009CK6ytfGM#'[39m,
        source: [32m'a#alink'[39m
      }
      ping:click {
        target: [32m'http://localhost:8000/test/it/click.test.html?wtr-session-id=Q2uAO35srd009CK6ytfGM#'[39m,
        source: [32m'a#alink'[39m
      }
      ping:click {
        target: [32m'http://localhost:8000/test/it/click.test.html?wtr-session-id=Q2uAO35srd009CK6ytfGM#'[39m,
        source: [32m'a#alink'[39m
      }
      ping:click {
        target: [32m'http://localhost:8000/test/it/click.test.html?wtr-session-id=Q2uAO35srd009CK6ytfGM#'[39m,
        source: [32m'a#alink'[39m
      }
      ping:click {
        target: [32m'http://localhost:8000/test/it/click.test.html?wtr-session-id=Q2uAO35srd009CK6ytfGM#'[39m,
        source: [32m'a#alink'[39m
      }
      ping:click {
        target: [32m'http://localhost:8000/test/it/click.test.html?wtr-session-id=Q2uAO35srd009CK6ytfGM#'[39m,
        source: [32m'a#alink'[39m
      }
      ping:click {
        target: [32m'http://localhost:8000/test/it/click.test.html?wtr-session-id=Q2uAO35srd009CK6ytfGM#'[39m,
        source: [32m'a#alink'[39m
      }
      ping:click {
        target: [32m'http://localhost:8000/test/it/click.test.html?wtr-session-id=Q2uAO35srd009CK6ytfGM#'[39m,
        source: [32m'a#alink'[39m
      }
      ping:click {
        target: [32m'http://localhost:8000/test/it/click.test.html?wtr-session-id=Q2uAO35srd009CK6ytfGM#'[39m,
        source: [32m'a#alink'[39m
      }
      ping:click {
        target: [32m'http://localhost:8000/test/it/click.test.html?wtr-session-id=Q2uAO35srd009CK6ytfGM#'[39m,
        source: [32m'a#alink'[39m
      }
      ping:click {
        target: [32m'http://localhost:8000/test/it/click.test.html?wtr-session-id=Q2uAO35srd009CK6ytfGM#'[39m,
        source: [32m'a#alink'[39m
      }
      ping:click {
        target: [32m'http://localhost:8000/test/it/click.test.html?wtr-session-id=Q2uAO35srd009CK6ytfGM#'[39m,
        source: [32m'a#alink'[39m
      }
      ping:click {
        target: [32m'http://localhost:8000/test/it/click.test.html?wtr-session-id=Q2uAO35srd009CK6ytfGM#'[39m,
        source: [32m'a#alink'[39m
      }
      ping:click {
        target: [32m'http://localhost:8000/test/it/click.test.html?wtr-session-id=Q2uAO35srd009CK6ytfGM#'[39m,
        source: [32m'a#alink'[39m
      }
      ping:click {
        target: [32m'http://localhost:8000/test/it/click.test.html?wtr-session-id=Q2uAO35srd009CK6ytfGM#'[39m,
        source: [32m'a#alink'[39m
      }
      ping:click {
        target: [32m'http://localhost:8000/test/it/click.test.html?wtr-session-id=Q2uAO35srd009CK6ytfGM#'[39m,
        source: [32m'a#alink'[39m
      }
      ping:click {
        target: [32m'http://localhost:8000/test/it/click.test.html?wtr-session-id=Q2uAO35srd009CK6ytfGM#'[39m,
        source: [32m'a#alink'[39m
      }
      ping:click {
        target: [32m'http://localhost:8000/test/it/click.test.html?wtr-session-id=Q2uAO35srd009CK6ytfGM#'[39m,
        source: [32m'a#alink'[39m
      }
      ping:click {
        target: [32m'http://localhost:8000/test/it/click.test.html?wtr-session-id=Q2uAO35srd009CK6ytfGM#'[39m,
        source: [32m'a#alink'[39m
      }
      ping:click {
        target: [32m'http://localhost:8000/test/it/click.test.html?wtr-session-id=Q2uAO35srd009CK6ytfGM#'[39m,
        source: [32m'a#alink'[39m
      }
      ping:click {
        target: [32m'http://localhost:8000/test/it/click.test.html?wtr-session-id=Q2uAO35srd009CK6ytfGM#'[39m,
        source: [32m'a#alink'[39m
      }
      ping:click {
        target: [32m'http://localhost:8000/test/it/click.test.html?wtr-session-id=Q2uAO35srd009CK6ytfGM#'[39m,
        source: [32m'a#alink'[39m
      }
      ping:click {
        target: [32m'http://localhost:8000/test/it/click.test.html?wtr-session-id=Q2uAO35srd009CK6ytfGM#'[39m,
        source: [32m'a#alink'[39m
      }
      ping:click {
        target: [32m'http://localhost:8000/test/it/click.test.html?wtr-session-id=Q2uAO35srd009CK6ytfGM#'[39m,
        source: [32m'a#alink'[39m
      }
      ping:click {
        target: [32m'http://localhost:8000/test/it/click.test.html?wtr-session-id=Q2uAO35srd009CK6ytfGM#'[39m,
        source: [32m'a#alink'[39m
      }
      ping:click {
        target: [32m'http://localhost:8000/test/it/click.test.html?wtr-session-id=Q2uAO35srd009CK6ytfGM#'[39m,
        source: [32m'a#alink'[39m
      }
      ping:click {
        target: [32m'http://localhost:8000/test/it/click.test.html?wtr-session-id=Q2uAO35srd009CK6ytfGM#'[39m,
        source: [32m'a#alink'[39m
      }
      ping:click {
        target: [32m'http://localhost:8000/test/it/click.test.html?wtr-session-id=Q2uAO35srd009CK6ytfGM#'[39m,
        source: [32m'a#alink'[39m
      }
      ping:click {
        target: [32m'http://localhost:8000/test/it/click.test.html?wtr-session-id=Q2uAO35srd009CK6ytfGM#'[39m,
        source: [32m'a#alink'[39m
      }
      ping:click {
        target: [32m'http://localhost:8000/test/it/click.test.html?wtr-session-id=Q2uAO35srd009CK6ytfGM#'[39m,
        source: [32m'a#alink'[39m
      }
      ping:click {
        target: [32m'http://localhost:8000/test/it/click.test.html?wtr-session-id=Q2uAO35srd009CK6ytfGM#'[39m,
        source: [32m'a#alink'[39m
      }
      ping:click {
        target: [32m'http://localhost:8000/test/it/click.test.html?wtr-session-id=Q2uAO35srd009CK6ytfGM#'[39m,
        source: [32m'a#alink'[39m
      }
      ping:click {
        target: [32m'http://localhost:8000/test/it/click.test.html?wtr-session-id=Q2uAO35srd009CK6ytfGM#'[39m,
        source: [32m'a#alink'[39m
      }
      ping:click {
        target: [32m'http://localhost:8000/test/it/click.test.html?wtr-session-id=Q2uAO35srd009CK6ytfGM#'[39m,
        source: [32m'a#alink'[39m
      }
      ping:click {
        target: [32m'http://localhost:8000/test/it/click.test.html?wtr-session-id=Q2uAO35srd009CK6ytfGM#'[39m,
        source: [32m'a#alink'[39m
      }
      ping:click {
        target: [32m'http://localhost:8000/test/it/click.test.html?wtr-session-id=Q2uAO35srd009CK6ytfGM#'[39m,
        source: [32m'a#alink'[39m
      }
      ping:click {
        target: [32m'http://localhost:8000/test/it/click.test.html?wtr-session-id=Q2uAO35srd009CK6ytfGM#'[39m,
        source: [32m'a#alink'[39m
      }
      ping:click {
        target: [32m'http://localhost:8000/test/it/click.test.html?wtr-session-id=Q2uAO35srd009CK6ytfGM#'[39m,
        source: [32m'a#alink'[39m
      }
      ping:click {
        target: [32m'http://localhost:8000/test/it/click.test.html?wtr-session-id=Q2uAO35srd009CK6ytfGM#'[39m,
        source: [32m'a#alink'[39m
      }
      ping:click {
        target: [32m'http://localhost:8000/test/it/click.test.html?wtr-session-id=Q2uAO35srd009CK6ytfGM#'[39m,
        source: [32m'a#alink'[39m
      }
      ping:click {
        target: [32m'http://localhost:8000/test/it/click.test.html?wtr-session-id=Q2uAO35srd009CK6ytfGM#'[39m,
        source: [32m'a#alink'[39m
      }
      ping:click {
        target: [32m'http://localhost:8000/test/it/click.test.html?wtr-session-id=Q2uAO35srd009CK6ytfGM#'[39m,
        source: [32m'a#alink'[39m
      }
      ping:click {
        target: [32m'http://localhost:8000/test/it/click.test.html?wtr-session-id=Q2uAO35srd009CK6ytfGM#'[39m,
        source: [32m'a#alink'[39m
      }
      ping:click {
        target: [32m'http://localhost:8000/test/it/click.test.html?wtr-session-id=Q2uAO35srd009CK6ytfGM#'[39m,
        source: [32m'a#alink'[39m
      }
      ping:click {
        target: [32m'http://localhost:8000/test/it/click.test.html?wtr-session-id=Q2uAO35srd009CK6ytfGM#'[39m,
        source: [32m'a#alink'[39m
      }
      ping:click {
        target: [32m'http://localhost:8000/test/it/click.test.html?wtr-session-id=Q2uAO35srd009CK6ytfGM#'[39m,
        source: [32m'a#alink'[39m
      }
      ping:click {
        target: [32m'http://localhost:8000/test/it/click.test.html?wtr-session-id=Q2uAO35srd009CK6ytfGM#'[39m,
        source: [32m'a#alink'[39m
      }
      ping:click {
        target: [32m'http://localhost:8000/test/it/click.test.html?wtr-session-id=Q2uAO35srd009CK6ytfGM#'[39m,
        source: [32m'a#alink'[39m
      }
      ping:click {
        target: [32m'http://localhost:8000/test/it/click.test.html?wtr-session-id=Q2uAO35srd009CK6ytfGM#'[39m,
        source: [32m'a#alink'[39m
      }
      ping:click {
        target: [32m'http://localhost:8000/test/it/click.test.html?wtr-session-id=Q2uAO35srd009CK6ytfGM#'[39m,
        source: [32m'a#alink'[39m
      }
      ping:click {
        target: [32m'http://localhost:8000/test/it/click.test.html?wtr-session-id=Q2uAO35srd009CK6ytfGM#'[39m,
        source: [32m'a#alink'[39m
      }
      ping:click {
        target: [32m'http://localhost:8000/test/it/click.test.html?wtr-session-id=Q2uAO35srd009CK6ytfGM#'[39m,
        source: [32m'a#alink'[39m
      }
      ping:click {
        target: [32m'http://localhost:8000/test/it/click.test.html?wtr-session-id=Q2uAO35srd009CK6ytfGM#'[39m,
        source: [32m'a#alink'[39m
      }
      ping:click {
        target: [32m'http://localhost:8000/test/it/click.test.html?wtr-session-id=Q2uAO35srd009CK6ytfGM#'[39m,
        source: [32m'a#alink'[39m
      }
      ping:click {
        target: [32m'http://localhost:8000/test/it/click.test.html?wtr-session-id=Q2uAO35srd009CK6ytfGM#'[39m,
        source: [32m'a#alink'[39m
      }
      ping:click {
        target: [32m'http://localhost:8000/test/it/click.test.html?wtr-session-id=Q2uAO35srd009CK6ytfGM#'[39m,
        source: [32m'a#alink'[39m
      }
      ping:click {
        target: [32m'http://localhost:8000/test/it/click.test.html?wtr-session-id=Q2uAO35srd009CK6ytfGM#'[39m,
        source: [32m'a#alink'[39m
      }
      ping:click {
        target: [32m'http://localhost:8000/test/it/click.test.html?wtr-session-id=Q2uAO35srd009CK6ytfGM#'[39m,
        source: [32m'a#alink'[39m
      }
      ping:click {
        target: [32m'http://localhost:8000/test/it/click.test.html?wtr-session-id=Q2uAO35srd009CK6ytfGM#'[39m,
        source: [32m'a#alink'[39m
      }
      ping:click {
        target: [32m'http://localhost:8000/test/it/click.test.html?wtr-session-id=Q2uAO35srd009CK6ytfGM#'[39m,
        source: [32m'a#alink'[39m
      }
      ping:click {
        target: [32m'http://localhost:8000/test/it/click.test.html?wtr-session-id=Q2uAO35srd009CK6ytfGM#'[39m,
        source: [32m'a#alink'[39m
      }
      ping:click {
        target: [32m'http://localhost:8000/test/it/click.test.html?wtr-session-id=Q2uAO35srd009CK6ytfGM#'[39m,
        source: [32m'a#alink'[39m
      }
      ping:click {
        target: [32m'http://localhost:8000/test/it/click.test.html?wtr-session-id=Q2uAO35srd009CK6ytfGM#'[39m,
        source: [32m'a#alink'[39m
      }
      ping:click {
        target: [32m'http://localhost:8000/test/it/click.test.html?wtr-session-id=Q2uAO35srd009CK6ytfGM#'[39m,
        source: [32m'a#alink'[39m
      }
      ping:click {
        target: [32m'http://localhost:8000/test/it/click.test.html?wtr-session-id=Q2uAO35srd009CK6ytfGM#'[39m,
        source: [32m'a#alink'[39m
      }
      ping:click {
        target: [32m'http://localhost:8000/test/it/click.test.html?wtr-session-id=Q2uAO35srd009CK6ytfGM#'[39m,
        source: [32m'a#alink'[39m
      }
      ping:click {
        target: [32m'http://localhost:8000/test/it/click.test.html?wtr-session-id=Q2uAO35srd009CK6ytfGM#'[39m,
        source: [32m'a#alink'[39m
      }
      ping:click {
        target: [32m'http://localhost:8000/test/it/click.test.html?wtr-session-id=Q2uAO35srd009CK6ytfGM#'[39m,
        source: [32m'a#alink'[39m
      }
      ping:click {
        target: [32m'http://localhost:8000/test/it/click.test.html?wtr-session-id=Q2uAO35srd009CK6ytfGM#'[39m,
        source: [32m'a#alink'[39m
      }
      ping:click {
        target: [32m'http://localhost:8000/test/it/click.test.html?wtr-session-id=Q2uAO35srd009CK6ytfGM#'[39m,
        source: [32m'a#alink'[39m
      }
      ping:click {
        target: [32m'http://localhost:8000/test/it/click.test.html?wtr-session-id=Q2uAO35srd009CK6ytfGM#'[39m,
        source: [32m'a#alink'[39m
      }
      ping:click {
        target: [32m'http://localhost:8000/test/it/click.test.html?wtr-session-id=Q2uAO35srd009CK6ytfGM#'[39m,
        source: [32m'a#alink'[39m
      }
      ping:click {
        target: [32m'http://localhost:8000/test/it/click.test.html?wtr-session-id=Q2uAO35srd009CK6ytfGM#'[39m,
        source: [32m'a#alink'[39m
      }
      ping:click {
        target: [32m'http://localhost:8000/test/it/click.test.html?wtr-session-id=Q2uAO35srd009CK6ytfGM#'[39m,
        source: [32m'a#alink'[39m
      }
      ping:click {
        target: [32m'http://localhost:8000/test/it/click.test.html?wtr-session-id=Q2uAO35srd009CK6ytfGM#'[39m,
        source: [32m'a#alink'[39m
      }
      ping:click {
        target: [32m'http://localhost:8000/test/it/click.test.html?wtr-session-id=Q2uAO35srd009CK6ytfGM#'[39m,
        source: [32m'a#alink'[39m
      }
      ping:click {
        target: [32m'http://localhost:8000/test/it/click.test.html?wtr-session-id=Q2uAO35srd009CK6ytfGM#'[39m,
        source: [32m'a#alink'[39m
      }
      ping:click {
        target: [32m'http://localhost:8000/test/it/click.test.html?wtr-session-id=Q2uAO35srd009CK6ytfGM#'[39m,
        source: [32m'a#alink'[39m
      }
      ping:click {
        target: [32m'http://localhost:8000/test/it/click.test.html?wtr-session-id=Q2uAO35srd009CK6ytfGM#'[39m,
        source: [32m'a#alink'[39m
      }
      ping:click {
        target: [32m'http://localhost:8000/test/it/click.test.html?wtr-session-id=Q2uAO35srd009CK6ytfGM#'[39m,
        source: [32m'a#alink'[39m
      }
      ping:click {
        target: [32m'http://localhost:8000/test/it/click.test.html?wtr-session-id=Q2uAO35srd009CK6ytfGM#'[39m,
        source: [32m'a#alink'[39m
      }
      ping:click {
        target: [32m'http://localhost:8000/test/it/click.test.html?wtr-session-id=Q2uAO35srd009CK6ytfGM#'[39m,
        source: [32m'a#alink'[39m
      }
      ping:click {
        target: [32m'http://localhost:8000/test/it/click.test.html?wtr-session-id=Q2uAO35srd009CK6ytfGM#'[39m,
        source: [32m'a#alink'[39m
      }
      ping:click {
        target: [32m'http://localhost:8000/test/it/click.test.html?wtr-session-id=Q2uAO35srd009CK6ytfGM#'[39m,
        source: [32m'a#alink'[39m
      }
      ping:click {
        target: [32m'http://localhost:8000/test/it/click.test.html?wtr-session-id=Q2uAO35srd009CK6ytfGM#'[39m,
        source: [32m'a#alink'[39m
      }
      ping:click {
        target: [32m'http://localhost:8000/test/it/click.test.html?wtr-session-id=Q2uAO35srd009CK6ytfGM#'[39m,
        source: [32m'a#alink'[39m
      }
      ping:click {
        target: [32m'http://localhost:8000/test/it/click.test.html?wtr-session-id=Q2uAO35srd009CK6ytfGM#'[39m,
        source: [32m'a#alink'[39m
      }
      ping:click {
        target: [32m'http://localhost:8000/test/it/click.test.html?wtr-session-id=Q2uAO35srd009CK6ytfGM#'[39m,
        source: [32m'a#alink'[39m
      }
      ping:click {
        target: [32m'http://localhost:8000/test/it/click.test.html?wtr-session-id=Q2uAO35srd009CK6ytfGM#'[39m,
        source: [32m'a#alink'[39m
      }
      ping:click {
        target: [32m'http://localhost:8000/test/it/click.test.html?wtr-session-id=Q2uAO35srd009CK6ytfGM#'[39m,
        source: [32m'a#alink'[39m
      }
      ping:click {
        target: [32m'http://localhost:8000/test/it/click.test.html?wtr-session-id=Q2uAO35srd009CK6ytfGM#'[39m,
        source: [32m'a#alink'[39m
      }
      ping:click {
        target: [32m'http://localhost:8000/test/it/click.test.html?wtr-session-id=Q2uAO35srd009CK6ytfGM#'[39m,
        source: [32m'a#alink'[39m
      }
      ping:click {
        target: [32m'http://localhost:8000/test/it/click.test.html?wtr-session-id=Q2uAO35srd009CK6ytfGM#'[39m,
        source: [32m'a#alink'[39m
      }
      ping:click {
        target: [32m'http://localhost:8000/test/it/click.test.html?wtr-session-id=Q2uAO35srd009CK6ytfGM#'[39m,
        source: [32m'a#alink'[39m
      }
      ping:click {
        target: [32m'http://localhost:8000/test/it/click.test.html?wtr-session-id=Q2uAO35srd009CK6ytfGM#'[39m,
        source: [32m'a#alink'[39m
      }
      ping:click {
        target: [32m'http://localhost:8000/test/it/click.test.html?wtr-session-id=Q2uAO35srd009CK6ytfGM#'[39m,
        source: [32m'a#alink'[39m
      }
      ping:click {
        target: [32m'http://localhost:8000/test/it/click.test.html?wtr-session-id=Q2uAO35srd009CK6ytfGM#'[39m,
        source: [32m'a#alink'[39m
      }
      ping:click {
        target: [32m'http://localhost:8000/test/it/click.test.html?wtr-session-id=Q2uAO35srd009CK6ytfGM#'[39m,
        source: [32m'a#alink'[39m
      }
      ping:click {
        target: [32m'http://localhost:8000/test/it/click.test.html?wtr-session-id=Q2uAO35srd009CK6ytfGM#'[39m,
        source: [32m'a#alink'[39m
      }
      ping:click {
        target: [32m'http://localhost:8000/test/it/click.test.html?wtr-session-id=Q2uAO35srd009CK6ytfGM#'[39m,
        source: [32m'a#alink'[39m
      }
      ping:click {
        target: [32m'http://localhost:8000/test/it/click.test.html?wtr-session-id=Q2uAO35srd009CK6ytfGM#'[39m,
        source: [32m'a#alink'[39m
      }
      ping:click {
        target: [32m'http://localhost:8000/test/it/click.test.html?wtr-session-id=Q2uAO35srd009CK6ytfGM#'[39m,
        source: [32m'a#alink'[39m
      }
      ping:click {
        target: [32m'http://localhost:8000/test/it/click.test.html?wtr-session-id=Q2uAO35srd009CK6ytfGM#'[39m,
        source: [32m'a#alink'[39m
      }
      ping:click {
        target: [32m'http://localhost:8000/test/it/click.test.html?wtr-session-id=Q2uAO35srd009CK6ytfGM#'[39m,
        source: [32m'a#alink'[39m
      }
      ping:click {
        target: [32m'http://localhost:8000/test/it/click.test.html?wtr-session-id=Q2uAO35srd009CK6ytfGM#'[39m,
        source: [32m'a#alink'[39m
      }
      ping:click {
        target: [32m'http://localhost:8000/test/it/click.test.html?wtr-session-id=Q2uAO35srd009CK6ytfGM#'[39m,
        source: [32m'a#alink'[39m
      }
      ping:click {
        target: [32m'http://localhost:8000/test/it/click.test.html?wtr-session-id=Q2uAO35srd009CK6ytfGM#'[39m,
        source: [32m'a#alink'[39m
      }
      ping:click {
        target: [32m'http://localhost:8000/test/it/click.test.html?wtr-session-id=Q2uAO35srd009CK6ytfGM#'[39m,
        source: [32m'a#alink'[39m
      }
      ping:click {
        target: [32m'http://localhost:8000/test/it/click.test.html?wtr-session-id=Q2uAO35srd009CK6ytfGM#'[39m,
        source: [32m'a#alink'[39m
      }
      ping:click {
        target: [32m'http://localhost:8000/test/it/click.test.html?wtr-session-id=Q2uAO35srd009CK6ytfGM#'[39m,
        source: [32m'a#alink'[39m
      }
      ping:click {
        target: [32m'http://localhost:8000/test/it/click.test.html?wtr-session-id=Q2uAO35srd009CK6ytfGM#'[39m,
        source: [32m'a#alink'[39m
      }
      ping:click {
        target: [32m'http://localhost:8000/test/it/click.test.html?wtr-session-id=Q2uAO35srd009CK6ytfGM#'[39m,
        source: [32m'a#alink'[39m
      }
      ping:click {
        target: [32m'http://localhost:8000/test/it/click.test.html?wtr-session-id=Q2uAO35srd009CK6ytfGM#'[39m,
        source: [32m'a#alink'[39m
      }
      ping:click {
        target: [32m'http://localhost:8000/test/it/click.test.html?wtr-session-id=Q2uAO35srd009CK6ytfGM#'[39m,
        source: [32m'a#alink'[39m
      }
      ping:click {
        target: [32m'http://localhost:8000/test/it/click.test.html?wtr-session-id=Q2uAO35srd009CK6ytfGM#'[39m,
        source: [32m'a#alink'[39m
      }
      ping:click {
        target: [32m'http://localhost:8000/test/it/click.test.html?wtr-session-id=Q2uAO35srd009CK6ytfGM#'[39m,
        source: [32m'a#alink'[39m
      }
      ping:click {
        target: [32m'http://localhost:8000/test/it/click.test.html?wtr-session-id=Q2uAO35srd009CK6ytfGM#'[39m,
        source: [32m'a#alink'[39m
      }
      ping:click {
        target: [32m'http://localhost:8000/test/it/click.test.html?wtr-session-id=Q2uAO35srd009CK6ytfGM#'[39m,
        source: [32m'a#alink'[39m
      }
      ping:click {
        target: [32m'http://localhost:8000/test/it/click.test.html?wtr-session-id=Q2uAO35srd009CK6ytfGM#'[39m,
        source: [32m'a#alink'[39m
      }
      ping:click {
        target: [32m'http://localhost:8000/test/it/click.test.html?wtr-session-id=Q2uAO35srd009CK6ytfGM#'[39m,
        source: [32m'a#alink'[39m
      }
      ping:click {
        target: [32m'http://localhost:8000/test/it/click.test.html?wtr-session-id=Q2uAO35srd009CK6ytfGM#'[39m,
        source: [32m'a#alink'[39m
      }
      ping:click {
        target: [32m'http://localhost:8000/test/it/click.test.html?wtr-session-id=Q2uAO35srd009CK6ytfGM#'[39m,
        source: [32m'a#alink'[39m
      }
      ping:click {
        target: [32m'http://localhost:8000/test/it/click.test.html?wtr-session-id=Q2uAO35srd009CK6ytfGM#'[39m,
        source: [32m'a#alink'[39m
      }
      ping:click {
        target: [32m'http://localhost:8000/test/it/click.test.html?wtr-session-id=Q2uAO35srd009CK6ytfGM#'[39m,
        source: [32m'a#alink'[39m
      }
      ping:click {
        target: [32m'http://localhost:8000/test/it/click.test.html?wtr-session-id=Q2uAO35srd009CK6ytfGM#'[39m,
        source: [32m'a#alink'[39m
      }
      ping:click {
        target: [32m'http://localhost:8000/test/it/click.test.html?wtr-session-id=Q2uAO35srd009CK6ytfGM#'[39m,
        source: [32m'a#alink'[39m
      }
      ping:click {
        target: [32m'http://localhost:8000/test/it/click.test.html?wtr-session-id=Q2uAO35srd009CK6ytfGM#'[39m,
        source: [32m'a#alink'[39m
      }
      ping:click {
        target: [32m'http://localhost:8000/test/it/click.test.html?wtr-session-id=Q2uAO35srd009CK6ytfGM#'[39m,
        source: [32m'a#alink'[39m
      }
      ping:click {
        target: [32m'http://localhost:8000/test/it/click.test.html?wtr-session-id=Q2uAO35srd009CK6ytfGM#'[39m,
        source: [32m'a#alink'[39m
      }
      ping:click {
        target: [32m'http://localhost:8000/test/it/click.test.html?wtr-session-id=Q2uAO35srd009CK6ytfGM#'[39m,
        source: [32m'a#alink'[39m
      }
      ping:click {
        target: [32m'http://localhost:8000/test/it/click.test.html?wtr-session-id=Q2uAO35srd009CK6ytfGM#'[39m,
        source: [32m'a#alink'[39m
      }
      ping:click {
        target: [32m'http://localhost:8000/test/it/click.test.html?wtr-session-id=Q2uAO35srd009CK6ytfGM#'[39m,
        source: [32m'a#alink'[39m
      }
      ping:click {
        target: [32m'http://localhost:8000/test/it/click.test.html?wtr-session-id=Q2uAO35srd009CK6ytfGM#'[39m,
        source: [32m'a#alink'[39m
      }
      ping:click {
        target: [32m'http://localhost:8000/test/it/click.test.html?wtr-session-id=Q2uAO35srd009CK6ytfGM#'[39m,
        source: [32m'a#alink'[39m
      }
      ping:click {
        target: [32m'http://localhost:8000/test/it/click.test.html?wtr-session-id=Q2uAO35srd009CK6ytfGM#'[39m,
        source: [32m'a#alink'[39m
      }
      ping:click {
        target: [32m'http://localhost:8000/test/it/click.test.html?wtr-session-id=Q2uAO35srd009CK6ytfGM#'[39m,
        source: [32m'a#alink'[39m
      }
      ping:click {
        target: [32m'http://localhost:8000/test/it/click.test.html?wtr-session-id=Q2uAO35srd009CK6ytfGM#'[39m,
        source: [32m'a#alink'[39m
      }
      ping:click {
        target: [32m'http://localhost:8000/test/it/click.test.html?wtr-session-id=Q2uAO35srd009CK6ytfGM#'[39m,
        source: [32m'a#alink'[39m
      }
      ping:click {
        target: [32m'http://localhost:8000/test/it/click.test.html?wtr-session-id=Q2uAO35srd009CK6ytfGM#'[39m,
        source: [32m'a#alink'[39m
      }
      ping:click {
        target: [32m'http://localhost:8000/test/it/click.test.html?wtr-session-id=Q2uAO35srd009CK6ytfGM#'[39m,
        source: [32m'a#alink'[39m
      }
      ping:click {
        target: [32m'http://localhost:8000/test/it/click.test.html?wtr-session-id=Q2uAO35srd009CK6ytfGM#'[39m,
        source: [32m'a#alink'[39m
      }
      ping:click {
        target: [32m'http://localhost:8000/test/it/click.test.html?wtr-session-id=Q2uAO35srd009CK6ytfGM#'[39m,
        source: [32m'a#alink'[39m
      }
      ping:click {
        target: [32m'http://localhost:8000/test/it/click.test.html?wtr-session-id=Q2uAO35srd009CK6ytfGM#'[39m,
        source: [32m'a#alink'[39m
      }
      ping:click {
        target: [32m'http://localhost:8000/test/it/click.test.html?wtr-session-id=Q2uAO35srd009CK6ytfGM#'[39m,
        source: [32m'a#alink'[39m
      }
      ping:click {
        target: [32m'http://localhost:8000/test/it/click.test.html?wtr-session-id=Q2uAO35srd009CK6ytfGM#'[39m,
        source: [32m'a#alink'[39m
      }
      ping:click {
        target: [32m'http://localhost:8000/test/it/click.test.html?wtr-session-id=Q2uAO35srd009CK6ytfGM#'[39m,
        source: [32m'a#alink'[39m
      }
      ping:click {
        target: [32m'http://localhost:8000/test/it/click.test.html?wtr-session-id=Q2uAO35srd009CK6ytfGM#'[39m,
        source: [32m'a#alink'[39m
      }
      ping:click {
        target: [32m'http://localhost:8000/test/it/click.test.html?wtr-session-id=Q2uAO35srd009CK6ytfGM#'[39m,
        source: [32m'a#alink'[39m
      }
      ping:click {
        target: [32m'http://localhost:8000/test/it/click.test.html?wtr-session-id=Q2uAO35srd009CK6ytfGM#'[39m,
        source: [32m'a#alink'[39m
      }
      ping:click {
        target: [32m'http://localhost:8000/test/it/click.test.html?wtr-session-id=Q2uAO35srd009CK6ytfGM#'[39m,
        source: [32m'a#alink'[39m
      }
      ping:click {
        target: [32m'http://localhost:8000/test/it/click.test.html?wtr-session-id=Q2uAO35srd009CK6ytfGM#'[39m,
        source: [32m'a#alink'[39m
      }
      ping:click {
        target: [32m'http://localhost:8000/test/it/click.test.html?wtr-session-id=Q2uAO35srd009CK6ytfGM#'[39m,
        source: [32m'a#alink'[39m
      }
      ping:click {
        target: [32m'http://localhost:8000/test/it/click.test.html?wtr-session-id=Q2uAO35srd009CK6ytfGM#'[39m,
        source: [32m'a#alink'[39m
      }
      ping:click {
        target: [32m'http://localhost:8000/test/it/click.test.html?wtr-session-id=Q2uAO35srd009CK6ytfGM#'[39m,
        source: [32m'a#alink'[39m
      }
      ping:click {
        target: [32m'http://localhost:8000/test/it/click.test.html?wtr-session-id=Q2uAO35srd009CK6ytfGM#'[39m,
        source: [32m'a#alink'[39m
      }
      ping:click {
        target: [32m'http://localhost:8000/test/it/click.test.html?wtr-session-id=Q2uAO35srd009CK6ytfGM#'[39m,
        source: [32m'a#alink'[39m
      }
      ping:click {
        target: [32m'http://localhost:8000/test/it/click.test.html?wtr-session-id=Q2uAO35srd009CK6ytfGM#'[39m,
        source: [32m'a#alink'[39m
      }
      ping:click {
        target: [32m'http://localhost:8000/test/it/click.test.html?wtr-session-id=Q2uAO35srd009CK6ytfGM#'[39m,
        source: [32m'a#alink'[39m
      }
      ping:click {
        target: [32m'http://localhost:8000/test/it/click.test.html?wtr-session-id=Q2uAO35srd009CK6ytfGM#'[39m,
        source: [32m'a#alink'[39m
      }
      ping:click {
        target: [32m'http://localhost:8000/test/it/click.test.html?wtr-session-id=Q2uAO35srd009CK6ytfGM#'[39m,
        source: [32m'a#alink'[39m
      }
      ping:click {
        target: [32m'http://localhost:8000/test/it/click.test.html?wtr-session-id=Q2uAO35srd009CK6ytfGM#'[39m,
        source: [32m'a#alink'[39m
      }
      ping:click {
        target: [32m'http://localhost:8000/test/it/click.test.html?wtr-session-id=Q2uAO35srd009CK6ytfGM#'[39m,
        source: [32m'a#alink'[39m
      }
      ping:click {
        target: [32m'http://localhost:8000/test/it/click.test.html?wtr-session-id=Q2uAO35srd009CK6ytfGM#'[39m,
        source: [32m'a#alink'[39m
      }
      ping:click {
        target: [32m'http://localhost:8000/test/it/click.test.html?wtr-session-id=Q2uAO35srd009CK6ytfGM#'[39m,
        source: [32m'a#alink'[39m
      }
      ping:click {
        target: [32m'http://localhost:8000/test/it/click.test.html?wtr-session-id=Q2uAO35srd009CK6ytfGM#'[39m,
        source: [32m'a#alink'[39m
      }
      ping:click {
        target: [32m'http://localhost:8000/test/it/click.test.html?wtr-session-id=Q2uAO35srd009CK6ytfGM#'[39m,
        source: [32m'a#alink'[39m
      }
      ping:click {
        target: [32m'http://localhost:8000/test/it/click.test.html?wtr-session-id=Q2uAO35srd009CK6ytfGM#'[39m,
        source: [32m'a#alink'[39m
      }
      ping:click {
        target: [32m'http://localhost:8000/test/it/click.test.html?wtr-session-id=Q2uAO35srd009CK6ytfGM#'[39m,
        source: [32m'a#alink'[39m
      }
      ping:click {
        target: [32m'http://localhost:8000/test/it/click.test.html?wtr-session-id=Q2uAO35srd009CK6ytfGM#'[39m,
        source: [32m'a#alink'[39m
      }
      ping:click {
        target: [32m'http://localhost:8000/test/it/click.test.html?wtr-session-id=Q2uAO35srd009CK6ytfGM#'[39m,
        source: [32m'a#alink'[39m
      }
      ping:click {
        target: [32m'http://localhost:8000/test/it/click.test.html?wtr-session-id=Q2uAO35srd009CK6ytfGM#'[39m,
        source: [32m'a#alink'[39m
      }
      ping:click {
        target: [32m'http://localhost:8000/test/it/click.test.html?wtr-session-id=Q2uAO35srd009CK6ytfGM#'[39m,
        source: [32m'a#alink'[39m
      }
      ping:click {
        target: [32m'http://localhost:8000/test/it/click.test.html?wtr-session-id=Q2uAO35srd009CK6ytfGM#'[39m,
        source: [32m'a#alink'[39m
      }
      ping:click {
        target: [32m'http://localhost:8000/test/it/click.test.html?wtr-session-id=Q2uAO35srd009CK6ytfGM#'[39m,
        source: [32m'a#alink'[39m
      }
      ping:click {
        target: [32m'http://localhost:8000/test/it/click.test.html?wtr-session-id=Q2uAO35srd009CK6ytfGM#'[39m,
        source: [32m'a#alink'[39m
      }
      ping:click {
        target: [32m'http://localhost:8000/test/it/click.test.html?wtr-session-id=Q2uAO35srd009CK6ytfGM#'[39m,
        source: [32m'a#alink'[39m
      }
      ping:click {
        target: [32m'http://localhost:8000/test/it/click.test.html?wtr-session-id=Q2uAO35srd009CK6ytfGM#'[39m,
        source: [32m'a#alink'[39m
      }
      ping:click {
        target: [32m'http://localhost:8000/test/it/click.test.html?wtr-session-id=Q2uAO35srd009CK6ytfGM#'[39m,
        source: [32m'a#alink'[39m
      }
      ping:click {
        target: [32m'http://localhost:8000/test/it/click.test.html?wtr-session-id=Q2uAO35srd009CK6ytfGM#'[39m,
        source: [32m'a#alink'[39m
      }
      ping:click {
        target: [32m'http://localhost:8000/test/it/click.test.html?wtr-session-id=Q2uAO35srd009CK6ytfGM#'[39m,
        source: [32m'a#alink'[39m
      }
      ping:click {
        target: [32m'http://localhost:8000/test/it/click.test.html?wtr-session-id=Q2uAO35srd009CK6ytfGM#'[39m,
        source: [32m'a#alink'[39m
      }
      ping:click {
        target: [32m'http://localhost:8000/test/it/click.test.html?wtr-session-id=Q2uAO35srd009CK6ytfGM#'[39m,
        source: [32m'a#alink'[39m
      }
      ping:click {
        target: [32m'http://localhost:8000/test/it/click.test.html?wtr-session-id=Q2uAO35srd009CK6ytfGM#'[39m,
        source: [32m'a#alink'[39m
      }
      ping:click {
        target: [32m'http://localhost:8000/test/it/click.test.html?wtr-session-id=Q2uAO35srd009CK6ytfGM#'[39m,
        source: [32m'a#alink'[39m
      }
      ping:click {
        target: [32m'http://localhost:8000/test/it/click.test.html?wtr-session-id=Q2uAO35srd009CK6ytfGM#'[39m,
        source: [32m'a#alink'[39m
      }
      ping:click {
        target: [32m'http://localhost:8000/test/it/click.test.html?wtr-session-id=Q2uAO35srd009CK6ytfGM#'[39m,
        source: [32m'a#alink'[39m
      }
      ping:click {
        target: [32m'http://localhost:8000/test/it/click.test.html?wtr-session-id=Q2uAO35srd009CK6ytfGM#'[39m,
        source: [32m'a#alink'[39m
      }
      ping:click {
        target: [32m'http://localhost:8000/test/it/click.test.html?wtr-session-id=Q2uAO35srd009CK6ytfGM#'[39m,
        source: [32m'a#alink'[39m
      }
      ping:click {
        target: [32m'http://localhost:8000/test/it/click.test.html?wtr-session-id=Q2uAO35srd009CK6ytfGM#'[39m,
        source: [32m'a#alink'[39m
      }
      ping:click {
        target: [32m'http://localhost:8000/test/it/click.test.html?wtr-session-id=Q2uAO35srd009CK6ytfGM#'[39m,
        source: [32m'a#alink'[39m
      }
      ping:click {
        target: [32m'http://localhost:8000/test/it/click.test.html?wtr-session-id=Q2uAO35srd009CK6ytfGM#'[39m,
        source: [32m'a#alink'[39m
      }
      ping:click {
        target: [32m'http://localhost:8000/test/it/click.test.html?wtr-session-id=Q2uAO35srd009CK6ytfGM#'[39m,
        source: [32m'a#alink'[39m
      }
      ping:click {
        target: [32m'http://localhost:8000/test/it/click.test.html?wtr-session-id=Q2uAO35srd009CK6ytfGM#'[39m,
        source: [32m'a#alink'[39m
      }
      ping:click {
        target: [32m'http://localhost:8000/test/it/click.test.html?wtr-session-id=Q2uAO35srd009CK6ytfGM#'[39m,
        source: [32m'a#alink'[39m
      }
      ping:click {
        target: [32m'http://localhost:8000/test/it/click.test.html?wtr-session-id=Q2uAO35srd009CK6ytfGM#'[39m,
        source: [32m'a#alink'[39m
      }
      ping:click {
        target: [32m'http://localhost:8000/test/it/click.test.html?wtr-session-id=Q2uAO35srd009CK6ytfGM#'[39m,
        source: [32m'a#alink'[39m
      }
      ping:click {
        target: [32m'http://localhost:8000/test/it/click.test.html?wtr-session-id=Q2uAO35srd009CK6ytfGM#'[39m,
        source: [32m'a#alink'[39m
      }
      ping:click {
        target: [32m'http://localhost:8000/test/it/click.test.html?wtr-session-id=Q2uAO35srd009CK6ytfGM#'[39m,
        source: [32m'a#alink'[39m
      }
      ping:click {
        target: [32m'http://localhost:8000/test/it/click.test.html?wtr-session-id=Q2uAO35srd009CK6ytfGM#'[39m,
        source: [32m'a#alink'[39m
      }
      ping:click {
        target: [32m'http://localhost:8000/test/it/click.test.html?wtr-session-id=Q2uAO35srd009CK6ytfGM#'[39m,
        source: [32m'a#alink'[39m
      }
      ping:click {
        target: [32m'http://localhost:8000/test/it/click.test.html?wtr-session-id=Q2uAO35srd009CK6ytfGM#'[39m,
        source: [32m'a#alink'[39m
      }
      ping:click {
        target: [32m'http://localhost:8000/test/it/click.test.html?wtr-session-id=Q2uAO35srd009CK6ytfGM#'[39m,
        source: [32m'a#alink'[39m
      }
      ping:click {
        target: [32m'http://localhost:8000/test/it/click.test.html?wtr-session-id=Q2uAO35srd009CK6ytfGM#'[39m,
        source: [32m'a#alink'[39m
      }
      ping:click {
        target: [32m'http://localhost:8000/test/it/click.test.html?wtr-session-id=Q2uAO35srd009CK6ytfGM#'[39m,
        source: [32m'a#alink'[39m
      }
      ping:click {
        target: [32m'http://localhost:8000/test/it/click.test.html?wtr-session-id=Q2uAO35srd009CK6ytfGM#'[39m,
        source: [32m'a#alink'[39m
      }
      ping:click {
        target: [32m'http://localhost:8000/test/it/click.test.html?wtr-session-id=Q2uAO35srd009CK6ytfGM#'[39m,
        source: [32m'a#alink'[39m
      }
      ping:click {
        target: [32m'http://localhost:8000/test/it/click.test.html?wtr-session-id=Q2uAO35srd009CK6ytfGM#'[39m,
        source: [32m'a#alink'[39m
      }
      ping:click {
        target: [32m'http://localhost:8000/test/it/click.test.html?wtr-session-id=Q2uAO35srd009CK6ytfGM#'[39m,
        source: [32m'a#alink'[39m
      }
      ping:click {
        target: [32m'http://localhost:8000/test/it/click.test.html?wtr-session-id=Q2uAO35srd009CK6ytfGM#'[39m,
        source: [32m'a#alink'[39m
      }
      ping:click {
        target: [32m'http://localhost:8000/test/it/click.test.html?wtr-session-id=Q2uAO35srd009CK6ytfGM#'[39m,
        source: [32m'a#alink'[39m
      }
      ping:click {
        target: [32m'http://localhost:8000/test/it/click.test.html?wtr-session-id=Q2uAO35srd009CK6ytfGM#'[39m,
        source: [32m'a#alink'[39m
      }
      ping:click {
        target: [32m'http://localhost:8000/test/it/click.test.html?wtr-session-id=Q2uAO35srd009CK6ytfGM#'[39m,
        source: [32m'a#alink'[39m
      }
      ping:click {
        target: [32m'http://localhost:8000/test/it/click.test.html?wtr-session-id=Q2uAO35srd009CK6ytfGM#'[39m,
        source: [32m'a#alink'[39m
      }
      ping:click {
        target: [32m'http://localhost:8000/test/it/click.test.html?wtr-session-id=Q2uAO35srd009CK6ytfGM#'[39m,
        source: [32m'a#alink'[39m
      }
      ping:click {
        target: [32m'http://localhost:8000/test/it/click.test.html?wtr-session-id=Q2uAO35srd009CK6ytfGM#'[39m,
        source: [32m'a#alink'[39m
      }
      ping:click {
        target: [32m'http://localhost:8000/test/it/click.test.html?wtr-session-id=Q2uAO35srd009CK6ytfGM#'[39m,
        source: [32m'a#alink'[39m
      }
      ping:click {
        target: [32m'http://localhost:8000/test/it/click.test.html?wtr-session-id=Q2uAO35srd009CK6ytfGM#'[39m,
        source: [32m'a#alink'[39m
      }
      ping:click {
        target: [32m'http://localhost:8000/test/it/click.test.html?wtr-session-id=Q2uAO35srd009CK6ytfGM#'[39m,
        source: [32m'a#alink'[39m
      }
      ping:click {
        target: [32m'http://localhost:8000/test/it/click.test.html?wtr-session-id=Q2uAO35srd009CK6ytfGM#'[39m,
        source: [32m'a#alink'[39m
      }
      ping:click {
        target: [32m'http://localhost:8000/test/it/click.test.html?wtr-session-id=Q2uAO35srd009CK6ytfGM#'[39m,
        source: [32m'a#alink'[39m
      }
      ping:click {
        target: [32m'http://localhost:8000/test/it/click.test.html?wtr-session-id=Q2uAO35srd009CK6ytfGM#'[39m,
        source: [32m'a#alink'[39m
      }
      ping:click {
        target: [32m'http://localhost:8000/test/it/click.test.html?wtr-session-id=Q2uAO35srd009CK6ytfGM#'[39m,
        source: [32m'a#alink'[39m
      }
      ping:click {
        target: [32m'http://localhost:8000/test/it/click.test.html?wtr-session-id=Q2uAO35srd009CK6ytfGM#'[39m,
        source: [32m'a#alink'[39m
      }
      ping:click {
        target: [32m'http://localhost:8000/test/it/click.test.html?wtr-session-id=Q2uAO35srd009CK6ytfGM#'[39m,
        source: [32m'a#alink'[39m
      }
      ping:click {
        target: [32m'http://localhost:8000/test/it/click.test.html?wtr-session-id=Q2uAO35srd009CK6ytfGM#'[39m,
        source: [32m'a#alink'[39m
      }
      ping:click {
        target: [32m'http://localhost:8000/test/it/click.test.html?wtr-session-id=Q2uAO35srd009CK6ytfGM#'[39m,
        source: [32m'a#alink'[39m
      }
      ping:click {
        target: [32m'http://localhost:8000/test/it/click.test.html?wtr-session-id=Q2uAO35srd009CK6ytfGM#'[39m,
        source: [32m'a#alink'[39m
      }
      ping:click {
        target: [32m'http://localhost:8000/test/it/click.test.html?wtr-session-id=Q2uAO35srd009CK6ytfGM#'[39m,
        source: [32m'a#alink'[39m
      }
      ping:click {
        target: [32m'http://localhost:8000/test/it/click.test.html?wtr-session-id=Q2uAO35srd009CK6ytfGM#'[39m,
        source: [32m'a#alink'[39m
      }
      ping:click {
        target: [32m'http://localhost:8000/test/it/click.test.html?wtr-session-id=Q2uAO35srd009CK6ytfGM#'[39m,
        source: [32m'a#alink'[39m
      }
      ping:click {
        target: [32m'http://localhost:8000/test/it/click.test.html?wtr-session-id=Q2uAO35srd009CK6ytfGM#'[39m,
        source: [32m'a#alink'[39m
      }
      ping:click {
        target: [32m'http://localhost:8000/test/it/click.test.html?wtr-session-id=Q2uAO35srd009CK6ytfGM#'[39m,
        source: [32m'a#alink'[39m
      }
      ping:click {
        target: [32m'http://localhost:8000/test/it/click.test.html?wtr-session-id=Q2uAO35srd009CK6ytfGM#'[39m,
        source: [32m'a#alink'[39m
      }
      ping:click {
        target: [32m'http://localhost:8000/test/it/click.test.html?wtr-session-id=Q2uAO35srd009CK6ytfGM#'[39m,
        source: [32m'a#alink'[39m
      }
      ping:click {
        target: [32m'http://localhost:8000/test/it/click.test.html?wtr-session-id=Q2uAO35srd009CK6ytfGM#'[39m,
        source: [32m'a#alink'[39m
      }
      ping:click {
        target: [32m'http://localhost:8000/test/it/click.test.html?wtr-session-id=Q2uAO35srd009CK6ytfGM#'[39m,
        source: [32m'a#alink'[39m
      }
      ping:click {
        target: [32m'http://localhost:8000/test/it/click.test.html?wtr-session-id=Q2uAO35srd009CK6ytfGM#'[39m,
        source: [32m'a#alink'[39m
      }
      ping:click {
        target: [32m'http://localhost:8000/test/it/click.test.html?wtr-session-id=Q2uAO35srd009CK6ytfGM#'[39m,
        source: [32m'a#alink'[39m
      }
      ping:click {
        target: [32m'http://localhost:8000/test/it/click.test.html?wtr-session-id=Q2uAO35srd009CK6ytfGM#'[39m,
        source: [32m'a#alink'[39m
      }
      ping:click {
        target: [32m'http://localhost:8000/test/it/click.test.html?wtr-session-id=Q2uAO35srd009CK6ytfGM#'[39m,
        source: [32m'a#alink'[39m
      }
      ping:click {
        target: [32m'http://localhost:8000/test/it/click.test.html?wtr-session-id=Q2uAO35srd009CK6ytfGM#'[39m,
        source: [32m'a#alink'[39m
      }
      ping:click {
        target: [32m'http://localhost:8000/test/it/click.test.html?wtr-session-id=Q2uAO35srd009CK6ytfGM#'[39m,
        source: [32m'a#alink'[39m
      }
      ping:click {
        target: [32m'http://localhost:8000/test/it/click.test.html?wtr-session-id=Q2uAO35srd009CK6ytfGM#'[39m,
        source: [32m'a#alink'[39m
      }
      ping:click {
        target: [32m'http://localhost:8000/test/it/click.test.html?wtr-session-id=Q2uAO35srd009CK6ytfGM#'[39m,
        source: [32m'a#alink'[39m
      }
      ping:click {
        target: [32m'http://localhost:8000/test/it/click.test.html?wtr-session-id=Q2uAO35srd009CK6ytfGM#'[39m,
        source: [32m'a#alink'[39m
      }
      ping:click {
        target: [32m'http://localhost:8000/test/it/click.test.html?wtr-session-id=Q2uAO35srd009CK6ytfGM#'[39m,
        source: [32m'a#alink'[39m
      }
      ping:click {
        target: [32m'http://localhost:8000/test/it/click.test.html?wtr-session-id=Q2uAO35srd009CK6ytfGM#'[39m,
        source: [32m'a#alink'[39m
      }
      ping:click {
        target: [32m'http://localhost:8000/test/it/click.test.html?wtr-session-id=Q2uAO35srd009CK6ytfGM#'[39m,
        source: [32m'a#alink'[39m
      }
      ping:click {
        target: [32m'http://localhost:8000/test/it/click.test.html?wtr-session-id=Q2uAO35srd009CK6ytfGM#'[39m,
        source: [32m'a#alink'[39m
      }
      ping:click {
        target: [32m'http://localhost:8000/test/it/click.test.html?wtr-session-id=Q2uAO35srd009CK6ytfGM#'[39m,
        source: [32m'a#alink'[39m
      }
      ping:click {
        target: [32m'http://localhost:8000/test/it/click.test.html?wtr-session-id=Q2uAO35srd009CK6ytfGM#'[39m,
        source: [32m'a#alink'[39m
      }
      ping:click {
        target: [32m'http://localhost:8000/test/it/click.test.html?wtr-session-id=Q2uAO35srd009CK6ytfGM#'[39m,
        source: [32m'a#alink'[39m
      }
      ping:click {
        target: [32m'http://localhost:8000/test/it/click.test.html?wtr-session-id=Q2uAO35srd009CK6ytfGM#'[39m,
        source: [32m'a#alink'[39m
      }
      ping:click {
        target: [32m'http://localhost:8000/test/it/click.test.html?wtr-session-id=Q2uAO35srd009CK6ytfGM#'[39m,
        source: [32m'a#alink'[39m
      }
      ping:click {
        target: [32m'http://localhost:8000/test/it/click.test.html?wtr-session-id=Q2uAO35srd009CK6ytfGM#'[39m,
        source: [32m'a#alink'[39m
      }
      ping:click {
        target: [32m'http://localhost:8000/test/it/click.test.html?wtr-session-id=Q2uAO35srd009CK6ytfGM#'[39m,
        source: [32m'a#alink'[39m
      }
      ping:click {
        target: [32m'http://localhost:8000/test/it/click.test.html?wtr-session-id=Q2uAO35srd009CK6ytfGM#'[39m,
        source: [32m'a#alink'[39m
      }
      ping:click {
        target: [32m'http://localhost:8000/test/it/click.test.html?wtr-session-id=Q2uAO35srd009CK6ytfGM#'[39m,
        source: [32m'a#alink'[39m
      }
      ping:click {
        target: [32m'http://localhost:8000/test/it/click.test.html?wtr-session-id=Q2uAO35srd009CK6ytfGM#'[39m,
        source: [32m'a#alink'[39m
      }
      ping:click {
        target: [32m'http://localhost:8000/test/it/click.test.html?wtr-session-id=Q2uAO35srd009CK6ytfGM#'[39m,
        source: [32m'a#alink'[39m
      }
      ping:click {
        target: [32m'http://localhost:8000/test/it/click.test.html?wtr-session-id=Q2uAO35srd009CK6ytfGM#'[39m,
        source: [32m'a#alink'[39m
      }
      ping:click {
        target: [32m'http://localhost:8000/test/it/click.test.html?wtr-session-id=Q2uAO35srd009CK6ytfGM#'[39m,
        source: [32m'a#alink'[39m
      }
      ping:click {
        target: [32m'http://localhost:8000/test/it/click.test.html?wtr-session-id=Q2uAO35srd009CK6ytfGM#'[39m,
        source: [32m'a#alink'[39m
      }
      ping:click {
        target: [32m'http://localhost:8000/test/it/click.test.html?wtr-session-id=Q2uAO35srd009CK6ytfGM#'[39m,
        source: [32m'a#alink'[39m
      }
      ping:click {
        target: [32m'http://localhost:8000/test/it/click.test.html?wtr-session-id=Q2uAO35srd009CK6ytfGM#'[39m,
        source: [32m'a#alink'[39m
      }
      ping:click {
        target: [32m'http://localhost:8000/test/it/click.test.html?wtr-session-id=Q2uAO35srd009CK6ytfGM#'[39m,
        source: [32m'a#alink'[39m
      }
      ping:click {
        target: [32m'http://localhost:8000/test/it/click.test.html?wtr-session-id=Q2uAO35srd009CK6ytfGM#'[39m,
        source: [32m'a#alink'[39m
      }
      ping:click {
        target: [32m'http://localhost:8000/test/it/click.test.html?wtr-session-id=Q2uAO35srd009CK6ytfGM#'[39m,
        source: [32m'a#alink'[39m
      }
      ping:click {
        target: [32m'http://localhost:8000/test/it/click.test.html?wtr-session-id=Q2uAO35srd009CK6ytfGM#'[39m,
        source: [32m'a#alink'[39m
      }
      ping:click {
        target: [32m'http://localhost:8000/test/it/click.test.html?wtr-session-id=Q2uAO35srd009CK6ytfGM#'[39m,
        source: [32m'a#alink'[39m
      }
      ping:click {
        target: [32m'http://localhost:8000/test/it/click.test.html?wtr-session-id=Q2uAO35srd009CK6ytfGM#'[39m,
        source: [32m'a#alink'[39m
      }
      ping:click {
        target: [32m'http://localhost:8000/test/it/click.test.html?wtr-session-id=Q2uAO35srd009CK6ytfGM#'[39m,
        source: [32m'a#alink'[39m
      }
      ping:click {
        target: [32m'http://localhost:8000/test/it/click.test.html?wtr-session-id=Q2uAO35srd009CK6ytfGM#'[39m,
        source: [32m'a#alink'[39m
      }
      ping:click {
        target: [32m'http://localhost:8000/test/it/click.test.html?wtr-session-id=Q2uAO35srd009CK6ytfGM#'[39m,
        source: [32m'a#alink'[39m
      }
      ping:click {
        target: [32m'http://localhost:8000/test/it/click.test.html?wtr-session-id=Q2uAO35srd009CK6ytfGM#'[39m,
        source: [32m'a#alink'[39m
      }
      ping:click {
        target: [32m'http://localhost:8000/test/it/click.test.html?wtr-session-id=Q2uAO35srd009CK6ytfGM#'[39m,
        source: [32m'a#alink'[39m
      }
      ping:click {
        target: [32m'http://localhost:8000/test/it/click.test.html?wtr-session-id=Q2uAO35srd009CK6ytfGM#'[39m,
        source: [32m'a#alink'[39m
      }
      ping:click {
        target: [32m'http://localhost:8000/test/it/click.test.html?wtr-session-id=Q2uAO35srd009CK6ytfGM#'[39m,
        source: [32m'a#alink'[39m
      }
      ping:click {
        target: [32m'http://localhost:8000/test/it/click.test.html?wtr-session-id=Q2uAO35srd009CK6ytfGM#'[39m,
        source: [32m'a#alink'[39m
      }
      ping:click {
        target: [32m'http://localhost:8000/test/it/click.test.html?wtr-session-id=Q2uAO35srd009CK6ytfGM#'[39m,
        source: [32m'a#alink'[39m
      }
      ping:click {
        target: [32m'http://localhost:8000/test/it/click.test.html?wtr-session-id=Q2uAO35srd009CK6ytfGM#'[39m,
        source: [32m'a#alink'[39m
      }
      ping:click {
        target: [32m'http://localhost:8000/test/it/click.test.html?wtr-session-id=Q2uAO35srd009CK6ytfGM#'[39m,
        source: [32m'a#alink'[39m
      }
      ping:click {
        target: [32m'http://localhost:8000/test/it/click.test.html?wtr-session-id=Q2uAO35srd009CK6ytfGM#'[39m,
        source: [32m'a#alink'[39m
      }
      ping:click {
        target: [32m'http://localhost:8000/test/it/click.test.html?wtr-session-id=Q2uAO35srd009CK6ytfGM#'[39m,
        source: [32m'a#alink'[39m
      }
      ping:click {
        target: [32m'http://localhost:8000/test/it/click.test.html?wtr-session-id=Q2uAO35srd009CK6ytfGM#'[39m,
        source: [32m'a#alink'[39m
      }
      ping:click {
        target: [32m'http://localhost:8000/test/it/click.test.html?wtr-session-id=Q2uAO35srd009CK6ytfGM#'[39m,
        source: [32m'a#alink'[39m
      }
      ping:click {
        target: [32m'http://localhost:8000/test/it/click.test.html?wtr-session-id=Q2uAO35srd009CK6ytfGM#'[39m,
        source: [32m'a#alink'[39m
      }
      ping:click {
        target: [32m'http://localhost:8000/test/it/click.test.html?wtr-session-id=Q2uAO35srd009CK6ytfGM#'[39m,
        source: [32m'a#alink'[39m
      }
      ping:click {
        target: [32m'http://localhost:8000/test/it/click.test.html?wtr-session-id=Q2uAO35srd009CK6ytfGM#'[39m,
        source: [32m'a#alink'[39m
      }
      ping:click {
        target: [32m'http://localhost:8000/test/it/click.test.html?wtr-session-id=Q2uAO35srd009CK6ytfGM#'[39m,
        source: [32m'a#alink'[39m
      }
      ping:click {
        target: [32m'http://localhost:8000/test/it/click.test.html?wtr-session-id=Q2uAO35srd009CK6ytfGM#'[39m,
        source: [32m'a#alink'[39m
      }
      ping:click {
        target: [32m'http://localhost:8000/test/it/click.test.html?wtr-session-id=Q2uAO35srd009CK6ytfGM#'[39m,
        source: [32m'a#alink'[39m
      }
      ping:click {
        target: [32m'http://localhost:8000/test/it/click.test.html?wtr-session-id=Q2uAO35srd009CK6ytfGM#'[39m,
        source: [32m'a#alink'[39m
      }
      ping:click {
        target: [32m'http://localhost:8000/test/it/click.test.html?wtr-session-id=Q2uAO35srd009CK6ytfGM#'[39m,
        source: [32m'a#alink'[39m
      }
      ping:click {
        target: [32m'http://localhost:8000/test/it/click.test.html?wtr-session-id=Q2uAO35srd009CK6ytfGM#'[39m,
        source: [32m'a#alink'[39m
      }
      ping:click {
        target: [32m'http://localhost:8000/test/it/click.test.html?wtr-session-id=Q2uAO35srd009CK6ytfGM#'[39m,
        source: [32m'a#alink'[39m
      }
      ping:click {
        target: [32m'http://localhost:8000/test/it/click.test.html?wtr-session-id=Q2uAO35srd009CK6ytfGM#'[39m,
        source: [32m'a#alink'[39m
      }
      ping:click {
        target: [32m'http://localhost:8000/test/it/click.test.html?wtr-session-id=Q2uAO35srd009CK6ytfGM#'[39m,
        source: [32m'a#alink'[39m
      }
      ping:click {
        target: [32m'http://localhost:8000/test/it/click.test.html?wtr-session-id=Q2uAO35srd009CK6ytfGM#'[39m,
        source: [32m'a#alink'[39m
      }
      ping:click {
        target: [32m'http://localhost:8000/test/it/click.test.html?wtr-session-id=Q2uAO35srd009CK6ytfGM#'[39m,
        source: [32m'a#alink'[39m
      }
      ping:click {
        target: [32m'http://localhost:8000/test/it/click.test.html?wtr-session-id=Q2uAO35srd009CK6ytfGM#'[39m,
        source: [32m'a#alink'[39m
      }
      ping:click {
        target: [32m'http://localhost:8000/test/it/click.test.html?wtr-session-id=Q2uAO35srd009CK6ytfGM#'[39m,
        source: [32m'a#alink'[39m
      }
      ping:click {
        target: [32m'http://localhost:8000/test/it/click.test.html?wtr-session-id=Q2uAO35srd009CK6ytfGM#'[39m,
        source: [32m'a#alink'[39m
      }
      ping:click {
        target: [32m'http://localhost:8000/test/it/click.test.html?wtr-session-id=Q2uAO35srd009CK6ytfGM#'[39m,
        source: [32m'a#alink'[39m
      }
      ping:click {
        target: [32m'http://localhost:8000/test/it/click.test.html?wtr-session-id=Q2uAO35srd009CK6ytfGM#'[39m,
        source: [32m'a#alink'[39m
      }
      ping:click {
        target: [32m'http://localhost:8000/test/it/click.test.html?wtr-session-id=Q2uAO35srd009CK6ytfGM#'[39m,
        source: [32m'a#alink'[39m
      }
      ping:click {
        target: [32m'http://localhost:8000/test/it/click.test.html?wtr-session-id=Q2uAO35srd009CK6ytfGM#'[39m,
        source: [32m'a#alink'[39m
      }
      ping:click {
        target: [32m'http://localhost:8000/test/it/click.test.html?wtr-session-id=Q2uAO35srd009CK6ytfGM#'[39m,
        source: [32m'a#alink'[39m
      }
      ping:click {
        target: [32m'http://localhost:8000/test/it/click.test.html?wtr-session-id=Q2uAO35srd009CK6ytfGM#'[39m,
        source: [32m'a#alink'[39m
      }
      ping:click {
        target: [32m'http://localhost:8000/test/it/click.test.html?wtr-session-id=Q2uAO35srd009CK6ytfGM#'[39m,
        source: [32m'a#alink'[39m
      }
      ping:click {
        target: [32m'http://localhost:8000/test/it/click.test.html?wtr-session-id=Q2uAO35srd009CK6ytfGM#'[39m,
        source: [32m'a#alink'[39m
      }
      ping:click {
        target: [32m'http://localhost:8000/test/it/click.test.html?wtr-session-id=Q2uAO35srd009CK6ytfGM#'[39m,
        source: [32m'a#alink'[39m
      }
      ping:click {
        target: [32m'http://localhost:8000/test/it/click.test.html?wtr-session-id=Q2uAO35srd009CK6ytfGM#'[39m,
        source: [32m'a#alink'[39m
      }
      ping:click {
        target: [32m'http://localhost:8000/test/it/click.test.html?wtr-session-id=Q2uAO35srd009CK6ytfGM#'[39m,
        source: [32m'a#alink'[39m
      }
      ping:click {
        target: [32m'http://localhost:8000/test/it/click.test.html?wtr-session-id=Q2uAO35srd009CK6ytfGM#'[39m,
        source: [32m'a#alink'[39m
      }
      ping:click {
        target: [32m'http://localhost:8000/test/it/click.test.html?wtr-session-id=Q2uAO35srd009CK6ytfGM#'[39m,
        source: [32m'a#alink'[39m
      }
      ping:click {
        target: [32m'http://localhost:8000/test/it/click.test.html?wtr-session-id=Q2uAO35srd009CK6ytfGM#'[39m,
        source: [32m'a#alink'[39m
      }
      ping:click {
        target: [32m'http://localhost:8000/test/it/click.test.html?wtr-session-id=Q2uAO35srd009CK6ytfGM#'[39m,
        source: [32m'a#alink'[39m
      }
      ping:click {
        target: [32m'http://localhost:8000/test/it/click.test.html?wtr-session-id=Q2uAO35srd009CK6ytfGM#'[39m,
        source: [32m'a#alink'[39m
      }
      ping:click {
        target: [32m'http://localhost:8000/test/it/click.test.html?wtr-session-id=Q2uAO35srd009CK6ytfGM#'[39m,
        source: [32m'a#alink'[39m
      }
      ping:click {
        target: [32m'http://localhost:8000/test/it/click.test.html?wtr-session-id=Q2uAO35srd009CK6ytfGM#'[39m,
        source: [32m'a#alink'[39m
      }
      ping:click {
        target: [32m'http://localhost:8000/test/it/click.test.html?wtr-session-id=Q2uAO35srd009CK6ytfGM#'[39m,
        source: [32m'a#alink'[39m
      }
      ping:click {
        target: [32m'http://localhost:8000/test/it/click.test.html?wtr-session-id=Q2uAO35srd009CK6ytfGM#'[39m,
        source: [32m'a#alink'[39m
      }
      ping:click {
        target: [32m'http://localhost:8000/test/it/click.test.html?wtr-session-id=Q2uAO35srd009CK6ytfGM#'[39m,
        source: [32m'a#alink'[39m
      }
      ping:click {
        target: [32m'http://localhost:8000/test/it/click.test.html?wtr-session-id=Q2uAO35srd009CK6ytfGM#'[39m,
        source: [32m'a#alink'[39m
      }
      ping:click {
        target: [32m'http://localhost:8000/test/it/click.test.html?wtr-session-id=Q2uAO35srd009CK6ytfGM#'[39m,
        source: [32m'a#alink'[39m
      }
      ping:click {
        target: [32m'http://localhost:8000/test/it/click.test.html?wtr-session-id=Q2uAO35srd009CK6ytfGM#'[39m,
        source: [32m'a#alink'[39m
      }
      ping:click {
        target: [32m'http://localhost:8000/test/it/click.test.html?wtr-session-id=Q2uAO35srd009CK6ytfGM#'[39m,
        source: [32m'a#alink'[39m
      }
      ping:click {
        target: [32m'http://localhost:8000/test/it/click.test.html?wtr-session-id=Q2uAO35srd009CK6ytfGM#'[39m,
        source: [32m'a#alink'[39m
      }
      ping:click {
        target: [32m'http://localhost:8000/test/it/click.test.html?wtr-session-id=Q2uAO35srd009CK6ytfGM#'[39m,
        source: [32m'a#alink'[39m
      }
      ping:click {
        target: [32m'http://localhost:8000/test/it/click.test.html?wtr-session-id=Q2uAO35srd009CK6ytfGM#'[39m,
        source: [32m'a#alink'[39m
      }
      ping:click {
        target: [32m'http://localhost:8000/test/it/click.test.html?wtr-session-id=Q2uAO35srd009CK6ytfGM#'[39m,
        source: [32m'a#alink'[39m
      }
      ping:click {
        target: [32m'http://localhost:8000/test/it/click.test.html?wtr-session-id=Q2uAO35srd009CK6ytfGM#'[39m,
        source: [32m'a#alink'[39m
      }
      ping:click {
        target: [32m'http://localhost:8000/test/it/click.test.html?wtr-session-id=Q2uAO35srd009CK6ytfGM#'[39m,
        source: [32m'a#alink'[39m
      }
      ping:click {
        target: [32m'http://localhost:8000/test/it/click.test.html?wtr-session-id=Q2uAO35srd009CK6ytfGM#'[39m,
        source: [32m'a#alink'[39m
      }
      ping:click {
        target: [32m'http://localhost:8000/test/it/click.test.html?wtr-session-id=Q2uAO35srd009CK6ytfGM#'[39m,
        source: [32m'a#alink'[39m
      }
      ping:click {
        target: [32m'http://localhost:8000/test/it/click.test.html?wtr-session-id=Q2uAO35srd009CK6ytfGM#'[39m,
        source: [32m'a#alink'[39m
      }
      ping:click {
        target: [32m'http://localhost:8000/test/it/click.test.html?wtr-session-id=Q2uAO35srd009CK6ytfGM#'[39m,
        source: [32m'a#alink'[39m
      }
      ping:click {
        target: [32m'http://localhost:8000/test/it/click.test.html?wtr-session-id=Q2uAO35srd009CK6ytfGM#'[39m,
        source: [32m'a#alink'[39m
      }
      ping:click {
        target: [32m'http://localhost:8000/test/it/click.test.html?wtr-session-id=Q2uAO35srd009CK6ytfGM#'[39m,
        source: [32m'a#alink'[39m
      }
      ping:click {
        target: [32m'http://localhost:8000/test/it/click.test.html?wtr-session-id=Q2uAO35srd009CK6ytfGM#'[39m,
        source: [32m'a#alink'[39m
      }
      ping:click {
        target: [32m'http://localhost:8000/test/it/click.test.html?wtr-session-id=Q2uAO35srd009CK6ytfGM#'[39m,
        source: [32m'a#alink'[39m
      }
      ping:click {
        target: [32m'http://localhost:8000/test/it/click.test.html?wtr-session-id=Q2uAO35srd009CK6ytfGM#'[39m,
        source: [32m'a#alink'[39m
      }
      ping:click {
        target: [32m'http://localhost:8000/test/it/click.test.html?wtr-session-id=Q2uAO35srd009CK6ytfGM#'[39m,
        source: [32m'a#alink'[39m
      }
      ping:click {
        target: [32m'http://localhost:8000/test/it/click.test.html?wtr-session-id=Q2uAO35srd009CK6ytfGM#'[39m,
        source: [32m'a#alink'[39m
      }
      ping:click {
        target: [32m'http://localhost:8000/test/it/click.test.html?wtr-session-id=Q2uAO35srd009CK6ytfGM#'[39m,
        source: [32m'a#alink'[39m
      }
      ping:click {
        target: [32m'http://localhost:8000/test/it/click.test.html?wtr-session-id=Q2uAO35srd009CK6ytfGM#'[39m,
        source: [32m'a#alink'[39m
      }
      ping:click {
        target: [32m'http://localhost:8000/test/it/click.test.html?wtr-session-id=Q2uAO35srd009CK6ytfGM#'[39m,
        source: [32m'a#alink'[39m
      }
      ping:click {
        target: [32m'http://localhost:8000/test/it/click.test.html?wtr-session-id=Q2uAO35srd009CK6ytfGM#'[39m,
        source: [32m'a#alink'[39m
      }
      ping:click {
        target: [32m'http://localhost:8000/test/it/click.test.html?wtr-session-id=Q2uAO35srd009CK6ytfGM#'[39m,
        source: [32m'a#alink'[39m
      }
      ping:click {
        target: [32m'http://localhost:8000/test/it/click.test.html?wtr-session-id=Q2uAO35srd009CK6ytfGM#'[39m,
        source: [32m'a#alink'[39m
      }
      ping:click {
        target: [32m'http://localhost:8000/test/it/click.test.html?wtr-session-id=Q2uAO35srd009CK6ytfGM#'[39m,
        source: [32m'a#alink'[39m
      }
      ping:click {
        target: [32m'http://localhost:8000/test/it/click.test.html?wtr-session-id=Q2uAO35srd009CK6ytfGM#'[39m,
        source: [32m'a#alink'[39m
      }
      ping:click {
        target: [32m'http://localhost:8000/test/it/click.test.html?wtr-session-id=Q2uAO35srd009CK6ytfGM#'[39m,
        source: [32m'a#alink'[39m
      }
      ping:click {
        target: [32m'http://localhost:8000/test/it/click.test.html?wtr-session-id=Q2uAO35srd009CK6ytfGM#'[39m,
        source: [32m'a#alink'[39m
      }
      ping:click {
        target: [32m'http://localhost:8000/test/it/click.test.html?wtr-session-id=Q2uAO35srd009CK6ytfGM#'[39m,
        source: [32m'a#alink'[39m
      }
      ping:click {
        target: [32m'http://localhost:8000/test/it/click.test.html?wtr-session-id=Q2uAO35srd009CK6ytfGM#'[39m,
        source: [32m'a#alink'[39m
      }
      ping:click {
        target: [32m'http://localhost:8000/test/it/click.test.html?wtr-session-id=Q2uAO35srd009CK6ytfGM#'[39m,
        source: [32m'a#alink'[39m
      }
      ping:click {
        target: [32m'http://localhost:8000/test/it/click.test.html?wtr-session-id=Q2uAO35srd009CK6ytfGM#'[39m,
        source: [32m'a#alink'[39m
      }
      ping:click {
        target: [32m'http://localhost:8000/test/it/click.test.html?wtr-session-id=Q2uAO35srd009CK6ytfGM#'[39m,
        source: [32m'a#alink'[39m
      }
      ping:click {
        target: [32m'http://localhost:8000/test/it/click.test.html?wtr-session-id=Q2uAO35srd009CK6ytfGM#'[39m,
        source: [32m'a#alink'[39m
      }
      ping:click {
        target: [32m'http://localhost:8000/test/it/click.test.html?wtr-session-id=Q2uAO35srd009CK6ytfGM#'[39m,
        source: [32m'a#alink'[39m
      }
      ping:click {
        target: [32m'http://localhost:8000/test/it/click.test.html?wtr-session-id=Q2uAO35srd009CK6ytfGM#'[39m,
        source: [32m'a#alink'[39m
      }
      ping:click {
        target: [32m'http://localhost:8000/test/it/click.test.html?wtr-session-id=Q2uAO35srd009CK6ytfGM#'[39m,
        source: [32m'a#alink'[39m
      }
      ping:click {
        target: [32m'http://localhost:8000/test/it/click.test.html?wtr-session-id=Q2uAO35srd009CK6ytfGM#'[39m,
        source: [32m'a#alink'[39m
      }
      ping:click {
        target: [32m'http://localhost:8000/test/it/click.test.html?wtr-session-id=Q2uAO35srd009CK6ytfGM#'[39m,
        source: [32m'a#alink'[39m
      }
      ping:click {
        target: [32m'http://localhost:8000/test/it/click.test.html?wtr-session-id=Q2uAO35srd009CK6ytfGM#'[39m,
        source: [32m'a#alink'[39m
      }
      ping:click {
        target: [32m'http://localhost:8000/test/it/click.test.html?wtr-session-id=Q2uAO35srd009CK6ytfGM#'[39m,
        source: [32m'a#alink'[39m
      }
      ping:click {
        target: [32m'http://localhost:8000/test/it/click.test.html?wtr-session-id=Q2uAO35srd009CK6ytfGM#'[39m,
        source: [32m'a#alink'[39m
      }
      ping:click {
        target: [32m'http://localhost:8000/test/it/click.test.html?wtr-session-id=Q2uAO35srd009CK6ytfGM#'[39m,
        source: [32m'a#alink'[39m
      }
      ping:click {
        target: [32m'http://localhost:8000/test/it/click.test.html?wtr-session-id=Q2uAO35srd009CK6ytfGM#'[39m,
        source: [32m'a#alink'[39m
      }
      ping:click {
        target: [32m'http://localhost:8000/test/it/click.test.html?wtr-session-id=Q2uAO35srd009CK6ytfGM#'[39m,
        source: [32m'a#alink'[39m
      }
      ping:click {
        target: [32m'http://localhost:8000/test/it/click.test.html?wtr-session-id=Q2uAO35srd009CK6ytfGM#'[39m,
        source: [32m'a#alink'[39m
      }
      ping:click {
        target: [32m'http://localhost:8000/test/it/click.test.html?wtr-session-id=Q2uAO35srd009CK6ytfGM#'[39m,
        source: [32m'a#alink'[39m
      }
      ping:click {
        target: [32m'http://localhost:8000/test/it/click.test.html?wtr-session-id=Q2uAO35srd009CK6ytfGM#'[39m,
        source: [32m'a#alink'[39m
      }
      ping:click {
        target: [32m'http://localhost:8000/test/it/click.test.html?wtr-session-id=Q2uAO35srd009CK6ytfGM#'[39m,
        source: [32m'a#alink'[39m
      }
      ping:click {
        target: [32m'http://localhost:8000/test/it/click.test.html?wtr-session-id=Q2uAO35srd009CK6ytfGM#'[39m,
        source: [32m'a#alink'[39m
      }
      ping:click {
        target: [32m'http://localhost:8000/test/it/click.test.html?wtr-session-id=Q2uAO35srd009CK6ytfGM#'[39m,
        source: [32m'a#alink'[39m
      }
      ping:click {
        target: [32m'http://localhost:8000/test/it/click.test.html?wtr-session-id=Q2uAO35srd009CK6ytfGM#'[39m,
        source: [32m'a#alink'[39m
      }
      ping:click {
        target: [32m'http://localhost:8000/test/it/click.test.html?wtr-session-id=Q2uAO35srd009CK6ytfGM#'[39m,
        source: [32m'a#alink'[39m
      }
      ping:click {
        target: [32m'http://localhost:8000/test/it/click.test.html?wtr-session-id=Q2uAO35srd009CK6ytfGM#'[39m,
        source: [32m'a#alink'[39m
      }
      ping:click {
        target: [32m'http://localhost:8000/test/it/click.test.html?wtr-session-id=Q2uAO35srd009CK6ytfGM#'[39m,
        source: [32m'a#alink'[39m
      }
      ping:click {
        target: [32m'http://localhost:8000/test/it/click.test.html?wtr-session-id=Q2uAO35srd009CK6ytfGM#'[39m,
        source: [32m'a#alink'[39m
      }
      ping:click {
        target: [32m'http://localhost:8000/test/it/click.test.html?wtr-session-id=Q2uAO35srd009CK6ytfGM#'[39m,
        source: [32m'a#alink'[39m
      }
      ping:click {
        target: [32m'http://localhost:8000/test/it/click.test.html?wtr-session-id=Q2uAO35srd009CK6ytfGM#'[39m,
        source: [32m'a#alink'[39m
      }
      ping:click {
        target: [32m'http://localhost:8000/test/it/click.test.html?wtr-session-id=Q2uAO35srd009CK6ytfGM#'[39m,
        source: [32m'a#alink'[39m
      }
      ping:click {
        target: [32m'http://localhost:8000/test/it/click.test.html?wtr-session-id=Q2uAO35srd009CK6ytfGM#'[39m,
        source: [32m'a#alink'[39m
      }
      ping:click {
        target: [32m'http://localhost:8000/test/it/click.test.html?wtr-session-id=Q2uAO35srd009CK6ytfGM#'[39m,
        source: [32m'a#alink'[39m
      }
      ping:click {
        target: [32m'http://localhost:8000/test/it/click.test.html?wtr-session-id=Q2uAO35srd009CK6ytfGM#'[39m,
        source: [32m'a#alink'[39m
      }
      ping:click {
        target: [32m'http://localhost:8000/test/it/click.test.html?wtr-session-id=Q2uAO35srd009CK6ytfGM#'[39m,
        source: [32m'a#alink'[39m
      }
      ping:click {
        target: [32m'http://localhost:8000/test/it/click.test.html?wtr-session-id=Q2uAO35srd009CK6ytfGM#'[39m,
        source: [32m'a#alink'[39m
      }
      ping:click {
        target: [32m'http://localhost:8000/test/it/click.test.html?wtr-session-id=Q2uAO35srd009CK6ytfGM#'[39m,
        source: [32m'a#alink'[39m
      }
      ping:click {
        target: [32m'http://localhost:8000/test/it/click.test.html?wtr-session-id=Q2uAO35srd009CK6ytfGM#'[39m,
        source: [32m'a#alink'[39m
      }
      ping:click {
        target: [32m'http://localhost:8000/test/it/click.test.html?wtr-session-id=Q2uAO35srd009CK6ytfGM#'[39m,
        source: [32m'a#alink'[39m
      }
      ping:click {
        target: [32m'http://localhost:8000/test/it/click.test.html?wtr-session-id=Q2uAO35srd009CK6ytfGM#'[39m,
        source: [32m'a#alink'[39m
      }
      ping:click {
        target: [32m'http://localhost:8000/test/it/click.test.html?wtr-session-id=Q2uAO35srd009CK6ytfGM#'[39m,
        source: [32m'a#alink'[39m
      }
      ping:click {
        target: [32m'http://localhost:8000/test/it/click.test.html?wtr-session-id=Q2uAO35srd009CK6ytfGM#'[39m,
        source: [32m'a#alink'[39m
      }
      ping:click {
        target: [32m'http://localhost:8000/test/it/click.test.html?wtr-session-id=Q2uAO35srd009CK6ytfGM#'[39m,
        source: [32m'a#alink'[39m
      }
      ping:click {
        target: [32m'http://localhost:8000/test/it/click.test.html?wtr-session-id=Q2uAO35srd009CK6ytfGM#'[39m,
        source: [32m'a#alink'[39m
      }
      ping:click {
        target: [32m'http://localhost:8000/test/it/click.test.html?wtr-session-id=Q2uAO35srd009CK6ytfGM#'[39m,
        source: [32m'a#alink'[39m
      }
      ping:click {
        target: [32m'http://localhost:8000/test/it/click.test.html?wtr-session-id=Q2uAO35srd009CK6ytfGM#'[39m,
        source: [32m'a#alink'[39m
      }
      ping:click {
        target: [32m'http://localhost:8000/test/it/click.test.html?wtr-session-id=Q2uAO35srd009CK6ytfGM#'[39m,
        source: [32m'a#alink'[39m
      }
      ping:click {
        target: [32m'http://localhost:8000/test/it/click.test.html?wtr-session-id=Q2uAO35srd009CK6ytfGM#'[39m,
        source: [32m'a#alink'[39m
      }
      ping:click {
        target: [32m'http://localhost:8000/test/it/click.test.html?wtr-session-id=Q2uAO35srd009CK6ytfGM#'[39m,
        source: [32m'a#alink'[39m
      }
      ping:click {
        target: [32m'http://localhost:8000/test/it/click.test.html?wtr-session-id=Q2uAO35srd009CK6ytfGM#'[39m,
        source: [32m'a#alink'[39m
      }
      ping:click {
        target: [32m'http://localhost:8000/test/it/click.test.html?wtr-session-id=Q2uAO35srd009CK6ytfGM#'[39m,
        source: [32m'a#alink'[39m
      }
      ping:click {
        target: [32m'http://localhost:8000/test/it/click.test.html?wtr-session-id=Q2uAO35srd009CK6ytfGM#'[39m,
        source: [32m'a#alink'[39m
      }
      ping:click {
        target: [32m'http://localhost:8000/test/it/click.test.html?wtr-session-id=Q2uAO35srd009CK6ytfGM#'[39m,
        source: [32m'a#alink'[39m
      }
      ping:click {
        target: [32m'http://localhost:8000/test/it/click.test.html?wtr-session-id=Q2uAO35srd009CK6ytfGM#'[39m,
        source: [32m'a#alink'[39m
      }
      ping:click {
        target: [32m'http://localhost:8000/test/it/click.test.html?wtr-session-id=Q2uAO35srd009CK6ytfGM#'[39m,
        source: [32m'a#alink'[39m
      }
      ping:click {
        target: [32m'http://localhost:8000/test/it/click.test.html?wtr-session-id=Q2uAO35srd009CK6ytfGM#'[39m,
        source: [32m'a#alink'[39m
      }
      ping:click {
        target: [32m'http://localhost:8000/test/it/click.test.html?wtr-session-id=Q2uAO35srd009CK6ytfGM#'[39m,
        source: [32m'a#alink'[39m
      }
      ping:click {
        target: [32m'http://localhost:8000/test/it/click.test.html?wtr-session-id=Q2uAO35srd009CK6ytfGM#'[39m,
        source: [32m'a#alink'[39m
      }
      ping:click {
        target: [32m'http://localhost:8000/test/it/click.test.html?wtr-session-id=Q2uAO35srd009CK6ytfGM#'[39m,
        source: [32m'a#alink'[39m
      }
      ping:click {
        target: [32m'http://localhost:8000/test/it/click.test.html?wtr-session-id=Q2uAO35srd009CK6ytfGM#'[39m,
        source: [32m'a#alink'[39m
      }
      ping:click {
        target: [32m'http://localhost:8000/test/it/click.test.html?wtr-session-id=Q2uAO35srd009CK6ytfGM#'[39m,
        source: [32m'a#alink'[39m
      }
      ping:click {
        target: [32m'http://localhost:8000/test/it/click.test.html?wtr-session-id=Q2uAO35srd009CK6ytfGM#'[39m,
        source: [32m'a#alink'[39m
      }
      ping:click {
        target: [32m'http://localhost:8000/test/it/click.test.html?wtr-session-id=Q2uAO35srd009CK6ytfGM#'[39m,
        source: [32m'a#alink'[39m
      }
      ping:click {
        target: [32m'http://localhost:8000/test/it/click.test.html?wtr-session-id=Q2uAO35srd009CK6ytfGM#'[39m,
        source: [32m'a#alink'[39m
      }
      ping:click {
        target: [32m'http://localhost:8000/test/it/click.test.html?wtr-session-id=Q2uAO35srd009CK6ytfGM#'[39m,
        source: [32m'a#alink'[39m
      }
      ping:click {
        target: [32m'http://localhost:8000/test/it/click.test.html?wtr-session-id=Q2uAO35srd009CK6ytfGM#'[39m,
        source: [32m'a#alink'[39m
      }
      ping:click {
        target: [32m'http://localhost:8000/test/it/click.test.html?wtr-session-id=Q2uAO35srd009CK6ytfGM#'[39m,
        source: [32m'a#alink'[39m
      }

Chromium: |██████████████████████████████| 52/52 test files | 114 passed, 0 failed
Firefox:  |███████████████████████████▋  | 47/52 test files | 84 passed, 0 failed, 1 skipped
Webkit:   |██████▉                       | 12/52 test files | 12 passed, 0 failed

Running tests...


[2K[1A[2K[Gtest/it/doublevitals.test.html:

 🚧 Browser logs:
      ping:top {}
      ping:enter { source: [32m''[39m, target: [32m'visible'[39m }
      ping:viewblock { source: [32m'.block'[39m, target: [90mundefined[39m }
      ping:viewmedia {
        target: [32m'http://localhost:8000/test/fixtures/fire.jpg'[39m,
        source: [32m'img'[39m
      }
      ping:click { source: [32m'.block'[39m, target: [90mundefined[39m }
      ping:click { source: [32m'.block'[39m, target: [90mundefined[39m }
 🚧 Browser logs on Chromium:
      ping:language { source: [32m''[39m, target: [32m'en-US@posix'[39m }
 🚧 Browser logs on Firefox:
      ping:language { source: [32m''[39m, target: [32m'en-US'[39m }
      ping:missingresource { source: [32m'http://localhost:8000/favicon.ico'[39m, target: [33m404[39m }
 🚧 Browser logs on Webkit:
      ping:language { source: [32m''[39m, target: [32m'en-US'[39m }


[2K[1A[2K[Gtest/it/fill.test.html:

 🚧 Browser logs:
      ping:top {}
      ping:enter { source: [32m''[39m, target: [32m'visible'[39m }
      ping:viewblock { source: [32m'.block'[39m, target: [90mundefined[39m }
      ping:viewmedia {
        target: [32m'http://localhost:8000/test/fixtures/fire.jpg'[39m,
        source: [32m'img'[39m
      }
      ping:viewblock { target: [32m'javascript:false;'[39m, source: [32m'form.form-class'[39m }
      ping:click { source: [32m"form.form-class input[type='number']"[39m }
      ping:fill { source: [32m"form.form-class input[type='number']"[39m }
      ping:click { target: [90mundefined[39m, source: [90mundefined[39m }
      ping:click { source: [32m"form.form-class input[type='text']"[39m }
      ping:fill { source: [32m"form.form-class input[type='text']"[39m }
      ping:click { target: [90mundefined[39m, source: [90mundefined[39m }
      ping:click { source: [32m"form.form-class input[type='number']"[39m }
      ping:fill { source: [32m"form.form-class input[type='number']"[39m }
      ping:click { target: [90mundefined[39m, source: [90mundefined[39m }
 🚧 Browser logs on Chromium:
      ping:language { source: [32m''[39m, target: [32m'en-US@posix'[39m }
      ping:cwv {
        cwv: { LCP: [33m112[39m },
        target: [32m'javascript:false;'[39m,
        source: [32m'form.form-class'[39m
      }
      ping:cwv {
        cwv: { LCP: [33m328[39m },
        target: [32m'http://localhost:8000/test/fixtures/fire.jpg'[39m,
        source: [32m'img'[39m
      }
      ping:cwv { cwv: { TTFB: [33m65.70000004768372[39m } }
      ping:cwv { cwv: { CLS: [33m0[39m } }
      ping:a11y { source: [32m'off'[39m, target: [32m'off:low:medium:high'[39m }
 🚧 Browser logs on Firefox:
      ping:language { source: [32m''[39m, target: [32m'en-US'[39m }
      ping:missingresource { source: [32m'http://localhost:8000/favicon.ico'[39m, target: [33m404[39m }
      ping:cwv { cwv: { TTFB: [33m30[39m } }
      ping:cwv {
        cwv: { LCP: [33m130[39m },
        source: [32m'form.form-class #editable-element-inside-form'[39m,
        target: [90mundefined[39m
      }
      ping:cwv {
        cwv: { LCP: [33m184[39m },
        target: [32m'http://localhost:8000/test/fixtures/fire.jpg'[39m,
        source: [32m'img'[39m
      }
      ping:a11y { source: [32m'low'[39m, target: [32m'off:low:medium:high'[39m }
 🚧 Browser logs on Webkit:
      ping:language { source: [32m''[39m, target: [32m'en-US'[39m }
      ping:cwv { cwv: { TTFB: [33m25[39m } }
      ping:a11y { source: [32m'off'[39m, target: [32m'off:low:medium:high'[39m }


[2K[1A[2K[Gtest/it/focus.test.html:

 🚧 Browser logs:
      ping:top {}
      ping:enter { source: [32m''[39m, target: [32m'visible'[39m }
      ping:viewmedia {
        target: [32m'http://localhost:8000/test/fixtures/fire.jpg'[39m,
        source: [32m'img'[39m
      }
      ping:viewblock { source: [32m'.block'[39m, target: [90mundefined[39m }
      ping:viewblock { target: [32m'javascript:false;'[39m, source: [32m'form'[39m }
      ping:click { source: [32m"form input[type='text']"[39m }
      ping:click { source: [32m'form #editable-element-inside-form'[39m }
      ping:click { source: [32m"form input[type='text']"[39m }
      ping:click { source: [32m"form input[type='text']"[39m, target: [90mundefined[39m }
 🚧 Browser logs on Chromium:
      ping:language { source: [32m''[39m, target: [32m'en-US@posix'[39m }
      ping:cwv {
        cwv: { LCP: [33m100[39m },
        source: [32m'form #focusable-element-inside-form'[39m,
        target: [90mundefined[39m
      }
      ping:cwv {
        cwv: { LCP: [33m244[39m },
        target: [32m'http://localhost:8000/test/fixtures/fire.jpg'[39m,
        source: [32m'img'[39m
      }
      ping:cwv { cwv: { TTFB: [33m49.799999952316284[39m } }
      ping:cwv { cwv: { CLS: [33m0[39m } }
      ping:click { source: [32m"form button[type='submit']"[39m }
      ping:click { source: [32m"form button[type='submit']"[39m, target: [90mundefined[39m }
      ping:formsubmit { target: [32m'javascript:false;'[39m, source: [32m'form'[39m }
 🚧 Browser logs on Firefox:
      ping:language { source: [32m''[39m, target: [32m'en-US'[39m }
      ping:missingresource { source: [32m'http://localhost:8000/favicon.ico'[39m, target: [33m404[39m }
      ping:cwv { cwv: { TTFB: [33m21[39m } }
      ping:cwv {
        cwv: { LCP: [33m99[39m },
        source: [32m'#editable-element-outside-form'[39m,
        target: [90mundefined[39m
      }
      ping:cwv {
        cwv: { LCP: [33m164[39m },
        target: [32m'http://localhost:8000/test/fixtures/fire.jpg'[39m,
        source: [32m'img'[39m
      }
      ping:click { source: [32m"form button[type='submit']"[39m }
      ping:click { source: [32m"form button[type='submit']"[39m, target: [90mundefined[39m }
      ping:formsubmit { target: [32m'javascript:false;'[39m, source: [32m'form'[39m }
 🚧 Browser logs on Webkit:
      ping:language { source: [32m''[39m, target: [32m'en-US'[39m }
      ping:cwv { cwv: { TTFB: [33m50[39m } }

Chromium: |██████████████████████████████| 52/52 test files | 114 passed, 0 failed
Firefox:  |██████████████████████████████| 52/52 test files | 113 passed, 0 failed, 1 skipped
Webkit:   |████████▋                     | 15/52 test files | 22 passed, 0 failed, 1 skipped

Running tests...


[2K[1A[2K[Gtest/it/formsubmit.test.html:

 🚧 Browser logs:
      ping:top {}
      ping:enter { source: [32m''[39m, target: [32m'visible'[39m }
      ping:viewmedia {
        target: [32m'http://localhost:8000/test/fixtures/fire.jpg'[39m,
        source: [32m'img'[39m
      }
      ping:viewblock { source: [32m'.block'[39m, target: [90mundefined[39m }
      ping:viewblock { source: [32m'.block'[39m, target: [90mundefined[39m }
      ping:viewblock { target: [32m'javascript:false;'[39m, source: [32m'form'[39m }
      ping:click { source: [32m"form input[type='submit']"[39m, target: [90mundefined[39m }
      ping:formsubmit { target: [32m'javascript:false;'[39m, source: [32m'form'[39m }
 🚧 Browser logs on Chromium:
      ping:language { source: [32m''[39m, target: [32m'en-US@posix'[39m }
      ping:cwv { cwv: { LCP: [33m64[39m }, source: [32m'.block'[39m, target: [90mundefined[39m }
      ping:cwv {
        cwv: { LCP: [33m148[39m },
        target: [32m'http://localhost:8000/test/fixtures/fire.jpg'[39m,
        source: [32m'img'[39m
      }
      ping:cwv { cwv: { TTFB: [33m22.100000023841858[39m } }
      ping:cwv { cwv: { CLS: [33m0[39m } }
 🚧 Browser logs on Firefox:
      ping:language { source: [32m''[39m, target: [32m'en-US'[39m }
      ping:missingresource { source: [32m'http://localhost:8000/favicon.ico'[39m, target: [33m404[39m }
      ping:cwv { cwv: { TTFB: [33m25[39m } }
      ping:cwv {
        cwv: { LCP: [33m128[39m },
        source: [32m"form input[type='submit']"[39m,
        target: [90mundefined[39m
      }
      ping:cwv {
        cwv: { LCP: [33m234[39m },
        target: [32m'http://localhost:8000/test/fixtures/fire.jpg'[39m,
        source: [32m'img'[39m
      }
 🚧 Browser logs on Webkit:
      ping:language { source: [32m''[39m, target: [32m'en-US'[39m }
      ping:cwv { cwv: { TTFB: [33m13.000000000000002[39m } }


[2K[1A[2K[Gtest/it/formview.test.html:

 🚧 Browser logs:
      ping:top {}
      fakeSendBeacon  top
      ping:enter { source: [32m''[39m, target: [32m'visible'[39m }
      fakeSendBeacon  language
      fakeSendBeacon  enter
      fakeSendBeacon  viewblock
      fakeSendBeacon  viewblock
      fakeSendBeacon  viewblock
      testing
 🚧 Browser logs on Chromium:
      ping:language { source: [32m''[39m, target: [32m'en-US@posix'[39m }
      ping:viewblock {
        target: [32m'http://localhost:8000/test/it/formview.test.html?wtr-session-id=dAAZZgycH0NsevDmbAYpd'[39m,
        source: [32m'form#basic-form'[39m
      }
      ping:viewblock {
        target: [32m'http://localhost:8000/test/it/formview.test.html?wtr-session-id=dAAZZgycH0NsevDmbAYpd'[39m,
        source: [32m'nav form#form-in-header'[39m
      }
      ping:viewblock {
        target: [32m'http://localhost:8000/test/it/formview.test.html?wtr-session-id=dAAZZgycH0NsevDmbAYpd'[39m,
        source: [32m'footer form#form-in-footer'[39m
      }
 🚧 Browser logs on Firefox:
      ping:language { source: [32m''[39m, target: [32m'en-US'[39m }
      ping:viewblock {
        target: [32m'http://localhost:8000/test/it/formview.test.html?wtr-session-id=81TvaUNnGFmUkfqEHTMFE'[39m,
        source: [32m'nav form#form-in-header'[39m
      }
      ping:viewblock {
        target: [32m'http://localhost:8000/test/it/formview.test.html?wtr-session-id=81TvaUNnGFmUkfqEHTMFE'[39m,
        source: [32m'form#basic-form'[39m
      }
      ping:viewblock {
        target: [32m'http://localhost:8000/test/it/formview.test.html?wtr-session-id=81TvaUNnGFmUkfqEHTMFE'[39m,
        source: [32m'footer form#form-in-footer'[39m
      }
      ping:missingresource { source: [32m'http://localhost:8000/favicon.ico'[39m, target: [33m404[39m }
      fakeSendBeacon  missingresource
      ping:cwv { cwv: { TTFB: [33m40[39m } }
      ping:cwv {
        cwv: { LCP: [33m113[39m },
        source: [32m"form#basic-form input[type='submit']"[39m,
        target: [90mundefined[39m
      }
      fakeSendBeacon  cwv
      fakeSendBeacon  cwv
 🚧 Browser logs on Webkit:
      ping:language { source: [32m''[39m, target: [32m'en-US'[39m }
      ping:viewblock {
        target: [32m'http://localhost:8000/test/it/formview.test.html?wtr-session-id=uzSfn9dUmemKO3dnV8k3o'[39m,
        source: [32m'nav form#form-in-header'[39m
      }
      ping:viewblock {
        target: [32m'http://localhost:8000/test/it/formview.test.html?wtr-session-id=uzSfn9dUmemKO3dnV8k3o'[39m,
        source: [32m'form#basic-form'[39m
      }
      ping:viewblock {
        target: [32m'http://localhost:8000/test/it/formview.test.html?wtr-session-id=uzSfn9dUmemKO3dnV8k3o'[39m,
        source: [32m'footer form#form-in-footer'[39m
      }


[2K[1A[2K[Gtest/it/fromredirect.test.html:

 🚧 Browser logs:
      ping:top {}
      ping:enter { source: [32m''[39m, target: [32m'visible'[39m }
      ping:redirect { source: [32m'https://www.example.com'[39m, target: [33m1[39m }
      ping:viewmedia {
        target: [32m'http://localhost:8000/test/it/img.test.html'[39m,
        source: [32m'img'[39m
      }
      ping:click {
        target: [32m'http://localhost:8000/test/it/img.test.html'[39m,
        source: [32m'img'[39m
      }
 🚧 Browser logs on Chromium:
      ping:language { source: [32m''[39m, target: [32m'en-US@posix'[39m }
      ping:cwv { cwv: { TTFB: [33m23.299999952316284[39m } }
      ping:cwv { cwv: { CLS: [33m0[39m } }
 🚧 Browser logs on Firefox:
      ping:language { source: [32m''[39m, target: [32m'en-US'[39m }
      ping:missingresource { source: [32m'http://localhost:8000/favicon.ico'[39m, target: [33m404[39m }
      ping:click { target: [90mundefined[39m, source: [90mundefined[39m }
      ping:cwv { cwv: { TTFB: [33m43[39m } }
 🚧 Browser logs on Webkit:
      ping:language { source: [32m''[39m, target: [32m'en-US'[39m }
      ping:cwv { cwv: { TTFB: [33m17[39m } }

Chromium: |██████████████████████████████| 52/52 test files | 114 passed, 0 failed
Firefox:  |██████████████████████████████| 52/52 test files | 113 passed, 0 failed, 1 skipped
Webkit:   |██████████▍                   | 18/52 test files | 25 passed, 0 failed, 1 skipped

Running tests...


[2K[1A[2K[Gtest/it/fromrum.test.html:

 🚧 Browser logs:
      ping:top {}
      ping:enter { source: [32m''[39m, target: [32m'visible'[39m }
      ping:viewmedia {
        target: [32m'http://localhost:8000/test/it/img.test.html'[39m,
        source: [32m'img'[39m
      }
      ping:utm { source: [32m'utm_medium'[39m, target: [32m'test'[39m }
      ping:click {
        target: [32m'http://localhost:8000/test/it/img.test.html'[39m,
        source: [32m'img'[39m
      }
 🚧 Browser logs on Chromium:
      ping:language { source: [32m''[39m, target: [32m'en-US@posix'[39m }
      ping:cwv { cwv: { TTFB: [33m38.300000071525574[39m } }
      ping:cwv { cwv: { CLS: [33m0[39m } }
 🚧 Browser logs on Firefox:
      ping:language { source: [32m''[39m, target: [32m'en-US'[39m }
      ping:missingresource { source: [32m'http://localhost:8000/favicon.ico'[39m, target: [33m404[39m }
      ping:cwv { cwv: { TTFB: [33m22[39m } }
 🚧 Browser logs on Webkit:
      ping:language { source: [32m''[39m, target: [32m'en-US'[39m }
      ping:cwv { cwv: { TTFB: [33m16[39m } }


[2K[1A[2K[Gtest/it/missingresource.test.html:

 🚧 Browser logs:
      ping:top {}
      ping:enter { source: [32m''[39m, target: [32m'visible'[39m }
      ping:viewblock { source: [32m'.block'[39m, target: [90mundefined[39m }
      ping:viewmedia {
        target: [32m'http://localhost:8000/test/fixtures/fire.jpg'[39m,
        source: [32m'img'[39m
      }
 🚧 Browser logs on Chromium:
      ping:language { source: [32m''[39m, target: [32m'en-US@posix'[39m }
      ping:missingresource {
        source: [32m'http://localhost:8000/test/fixtures/placeholders.json'[39m,
        target: [33m404[39m
      }
 🚧 Browser logs on Firefox:
      ping:language { source: [32m''[39m, target: [32m'en-US'[39m }
 🚧 Browser logs on Webkit:
      ping:language { source: [32m''[39m, target: [32m'en-US'[39m }

 🚧 404 network requests on Chromium:
    - test/fixtures/placeholders.json


[2K[1A[2K[Gtest/it/navigation.enter.test.html:

 🚧 Browser logs:
      ping:top {}
      ping:enter { source: [32m''[39m, target: [32m'visible'[39m }
      ping:viewblock { source: [32m'.block'[39m, target: [90mundefined[39m }
 🚧 Browser logs on Chromium:
      ping:language { source: [32m''[39m, target: [32m'en-US@posix'[39m }
      ping:cwv { cwv: { LCP: [33m60[39m }, source: [32m'.block'[39m, target: [90mundefined[39m }
      ping:cwv { cwv: { TTFB: [33m34.200000047683716[39m } }
      ping:cwv { cwv: { CLS: [33m0[39m } }
      window.called [
        {
          weight: [33m1[39m,
          id: [32m'6881f6f26'[39m,
          referer: [32m'http://localhost:8000/test/it/navigation.enter.test.html'[39m,
          checkpoint: [32m'enter'[39m,
          t: [33m95.89999997615814[39m,
          source: [32m''[39m,
          target: [32m'visible'[39m
        }
      ]
 🚧 Browser logs on Firefox:
      ping:language { source: [32m''[39m, target: [32m'en-US'[39m }
      ping:missingresource { source: [32m'http://localhost:8000/favicon.ico'[39m, target: [33m404[39m }
      ping:cwv { cwv: { TTFB: [33m34[39m } }
      ping:cwv { cwv: { LCP: [33m82[39m }, source: [32m'.block'[39m, target: [90mundefined[39m }
      window.called [
        {
          weight: [33m1[39m,
          id: [32m'df7784d62'[39m,
          referer: [32m'http://localhost:8000/test/it/navigation.enter.test.html'[39m,
          checkpoint: [32m'enter'[39m,
          t: [33m166[39m,
          source: [32m''[39m,
          target: [32m'visible'[39m
        }
      ]
 🚧 Browser logs on Webkit:
      ping:language { source: [32m''[39m, target: [32m'en-US'[39m }
      ping:cwv { cwv: { TTFB: [33m18.000000000000004[39m } }
      window.called [
        {
          weight: [33m1[39m,
          id: [32m'48ed25d1c'[39m,
          referer: [32m'http://localhost:8000/test/it/navigation.enter.test.html'[39m,
          checkpoint: [32m'enter'[39m,
          t: [33m143.00000000000003[39m,
          source: [32m''[39m,
          target: [32m'visible'[39m
        }
      ]

Chromium: |██████████████████████████████| 52/52 test files | 114 passed, 0 failed
Firefox:  |██████████████████████████████| 52/52 test files | 113 passed, 0 failed, 1 skipped
Webkit:   |█████████████▊                | 24/52 test files | 30 passed, 0 failed, 2 skipped

Running tests...


[2K[1A[2K[Gtest/it/onetrust-accepted.test.html:

 🚧 Browser logs:
      ping:top {}
      ping:enter { source: [32m''[39m, target: [32m'visible'[39m }
 🚧 Browser logs on Chromium:
      ping:language { source: [32m''[39m, target: [32m'en-US@posix'[39m }
      ping:consent { source: [32m'onetrust'[39m, target: [32m'hidden'[39m }
      ping:click { target: [90mundefined[39m, source: [90mundefined[39m }
      ping:cwv { cwv: { TTFB: [33m20.100000023841858[39m } }
      ping:click { target: [90mundefined[39m, source: [90mundefined[39m }
 🚧 Browser logs on Firefox:
      ping:language { source: [32m''[39m, target: [32m'en-US'[39m }
      ping:consent { source: [32m'onetrust'[39m, target: [32m'hidden'[39m }
      ping:missingresource { source: [32m'http://localhost:8000/favicon.ico'[39m, target: [33m404[39m }
      ping:click { target: [90mundefined[39m, source: [90mundefined[39m }
      ping:cwv { cwv: { TTFB: [33m33[39m } }
      ping:click { target: [90mundefined[39m, source: [90mundefined[39m }
 🚧 Browser logs on Webkit:
      ping:language { source: [32m''[39m, target: [32m'en-US'[39m }


[2K[1A[2K[Gtest/it/onetrust-deferred.test.html:

 🚧 Browser logs:
      ping:top {}
      ping:enter { source: [32m''[39m, target: [32m'visible'[39m }
      ping:click { target: [90mundefined[39m, source: [90mundefined[39m }
      ping:viewmedia {
        target: [32m'https://cdn.cookielaw.org/logos/test.png'[39m,
        source: [32m'dialog img.ot-bnr-logo'[39m
      }
      ping:viewmedia {
        target: [32m'https://cdn.cookielaw.org/logos/Example-Logo-Color-RGB.png'[39m,
        source: [32m'dialog img'[39m
      }
      ping:consent { source: [32m'onetrust'[39m, target: [32m'show'[39m }
      ping:click {
        target: [32m'https://cdn.cookielaw.org/logos/test.png'[39m,
        source: [32m'dialog img.ot-bnr-logo'[39m
      }
 🚧 Browser logs on Chromium:
      ping:language { source: [32m''[39m, target: [32m'en-US@posix'[39m }
      ping:viewmedia {
        target: [32m'http://localhost:8000/test/it/img.test.html'[39m,
        source: [32m'img'[39m
      }
      ping:cwv { cwv: { TTFB: [33m28.40000009536743[39m } }
      ping:cwv { cwv: { CLS: [33m0.0209475[39m } }
 🚧 Browser logs on Firefox:
      ping:language { source: [32m''[39m, target: [32m'en-US'[39m }
      ping:viewmedia {
        target: [32m'http://localhost:8000/test/it/img.test.html'[39m,
        source: [32m'img'[39m
      }
      ping:missingresource { source: [32m'http://localhost:8000/favicon.ico'[39m, target: [33m404[39m }
      ping:cwv { cwv: { TTFB: [33m22[39m } }
 🚧 Browser logs on Webkit:
      ping:language { source: [32m''[39m, target: [32m'en-US'[39m }
      ping:cwv { cwv: { TTFB: [33m20[39m } }


[2K[1A[2K[Gtest/it/onetrust-suppressed.test.html:

 🚧 Browser logs:
      ping:top {}
      ping:enter { source: [32m''[39m, target: [32m'visible'[39m }
      ping:viewmedia {
        target: [32m'http://localhost:8000/test/it/img.test.html'[39m,
        source: [32m'img'[39m
      }
      ping:click { target: [90mundefined[39m, source: [90mundefined[39m }
      ping:consent { source: [32m'onetrust'[39m, target: [32m'suppressed'[39m }
      ping:click { target: [90mundefined[39m, source: [90mundefined[39m }
      ping:click { target: [90mundefined[39m, source: [90mundefined[39m }
      ping:click { target: [90mundefined[39m, source: [90mundefined[39m }
 🚧 Browser logs on Chromium:
      ping:language { source: [32m''[39m, target: [32m'en-US@posix'[39m }
      ping:cwv { cwv: { TTFB: [33m38.799999952316284[39m } }
      ping:cwv { cwv: { CLS: [33m0[39m } }
 🚧 Browser logs on Firefox:
      ping:language { source: [32m''[39m, target: [32m'en-US'[39m }
      ping:missingresource { source: [32m'http://localhost:8000/favicon.ico'[39m, target: [33m404[39m }
      ping:cwv { cwv: { TTFB: [33m42[39m } }
 🚧 Browser logs on Webkit:
      ping:language { source: [32m''[39m, target: [32m'en-US'[39m }
      ping:cwv { cwv: { TTFB: [33m29[39m } }

Chromium: |██████████████████████████████| 52/52 test files | 114 passed, 0 failed
Firefox:  |██████████████████████████████| 52/52 test files | 113 passed, 0 failed, 1 skipped
Webkit:   |████████████████▏             | 28/52 test files | 34 passed, 0 failed, 3 skipped

Running tests...


[2K[1A[2K[Gtest/it/onetrust.test.html:

 🚧 Browser logs:
      ping:top {}
      ping:enter { source: [32m''[39m, target: [32m'visible'[39m }
      ping:click { target: [90mundefined[39m, source: [90mundefined[39m }
      ping:viewmedia {
        target: [32m'https://cdn.cookielaw.org/logos/test.png'[39m,
        source: [32m'dialog img.ot-bnr-logo'[39m
      }
      ping:viewmedia {
        target: [32m'https://cdn.cookielaw.org/logos/Example-Logo-Color-RGB.png'[39m,
        source: [32m'dialog img'[39m
      }
      ping:consent { source: [32m'onetrust'[39m, target: [32m'show'[39m }
      ping:click {
        target: [32m'https://cdn.cookielaw.org/logos/test.png'[39m,
        source: [32m'dialog img.ot-bnr-logo'[39m
      }
      ping:click { target: [90mundefined[39m, source: [90mundefined[39m }
      ping:viewmedia {
        target: [32m'https://cdn.cookielaw.org/logos/Example-Logo-Color-RGB.png'[39m,
        source: [32m'dialog img'[39m
      }
      ping:click { source: [32m'dialog button#close-pc-btn-handler'[39m, target: [90mundefined[39m }
 🚧 Browser logs on Chromium:
      ping:language { source: [32m''[39m, target: [32m'en-US@posix'[39m }
      ping:viewmedia {
        target: [32m'http://localhost:8000/test/it/img.test.html'[39m,
        source: [32m'img'[39m
      }
      ping:cwv { cwv: { TTFB: [33m19.200000047683716[39m } }
      ping:cwv { cwv: { CLS: [33m0[39m } }
 🚧 Browser logs on Firefox:
      ping:language { source: [32m''[39m, target: [32m'en-US'[39m }
      ping:viewmedia {
        target: [32m'http://localhost:8000/test/it/img.test.html'[39m,
        source: [32m'img'[39m
      }
      ping:missingresource { source: [32m'http://localhost:8000/favicon.ico'[39m, target: [33m404[39m }
      ping:cwv { cwv: { TTFB: [33m22[39m } }
 🚧 Browser logs on Webkit:
      ping:language { source: [32m''[39m, target: [32m'en-US'[39m }
      ping:cwv { cwv: { TTFB: [33m16[39m } }


[2K[1A[2K[Gtest/it/rum-params.test.html:

 🚧 Browser logs:
      ping:top {}
      ping:enter { source: [32m''[39m, target: [32m'visible'[39m }
      ping:viewmedia {
        target: [32m'http://localhost:8000/test/fixtures/fire.jpg'[39m,
        source: [32m'img'[39m
      }
      ping:viewblock { source: [32m'.block'[39m, target: [90mundefined[39m }
      ping:click { source: [32m'.block'[39m, target: [90mundefined[39m }
      ping:click { source: [32m'.block'[39m, target: [90mundefined[39m }
 🚧 Browser logs on Chromium:
      ping:language { source: [32m''[39m, target: [32m'en-US@posix'[39m }
 🚧 Browser logs on Firefox:
      ping:language { source: [32m''[39m, target: [32m'en-US'[39m }
      ping:missingresource { source: [32m'http://localhost:8000/favicon.ico'[39m, target: [33m404[39m }
 🚧 Browser logs on Webkit:
      ping:language { source: [32m''[39m, target: [32m'en-US'[39m }


[2K[1A[2K[Gtest/it/submittype.test.html:

 🚧 Browser logs:
      ping:top {}
      ping:enter { source: [32m''[39m, target: [32m'visible'[39m }
      ping:viewblock { source: [32m'.block'[39m, target: [90mundefined[39m }
      ping:viewblock { target: [32m'javascript:false;'[39m, source: [32m'form#signup-form-simple'[39m }
      ping:viewblock { target: [32m'javascript:false;'[39m, source: [32m'form#login-form-simple'[39m }
      ping:viewblock { target: [32m'javascript:false;'[39m, source: [32m'form#login-form-complex'[39m }
      ping:viewblock { target: [32m'javascript:false;'[39m, source: [32m'form#search-form-input'[39m }
      ping:viewblock { target: [32m'javascript:false;'[39m, source: [32m'form#search-form-role'[39m }
      ping:viewblock { target: [32m'javascript:false;'[39m, source: [32m'form#basic-form'[39m }
      ping:viewblock { target: [32m'javascript:false;'[39m, source: [32m'form#signup-form-complex'[39m }
      ping:viewblock { target: [32m'javascript:false;'[39m, source: [32m'form#search-form-searchbox'[39m }
      ping:click { source: [32m"form#basic-form input[type='submit']"[39m, target: [90mundefined[39m }
      ping:formsubmit { target: [32m'javascript:false;'[39m, source: [32m'form#basic-form'[39m }
      ping:click {
        source: [32m"form#search-form-role input[type='submit']"[39m,
        target: [90mundefined[39m
      }
      ping:search { target: [32m'javascript:false;'[39m, source: [32m'form#search-form-role'[39m }
      ping:click {
        source: [32m"form#search-form-input input[type='submit']"[39m,
        target: [90mundefined[39m
      }
      ping:search { target: [32m'javascript:false;'[39m, source: [32m'form#search-form-input'[39m }
      ping:click {
        source: [32m"form#search-form-searchbox input[type='submit']"[39m,
        target: [90mundefined[39m
      }
      ping:search { target: [32m'javascript:false;'[39m, source: [32m'form#search-form-searchbox'[39m }
      ping:click {
        source: [32m"form#login-form-simple input[type='submit']"[39m,
        target: [90mundefined[39m
      }
      ping:login { target: [32m'javascript:false;'[39m, source: [32m'form#login-form-simple'[39m }
      ping:click {
        source: [32m"form#login-form-complex input[type='submit']"[39m,
        target: [90mundefined[39m
      }
      ping:login { target: [32m'javascript:false;'[39m, source: [32m'form#login-form-complex'[39m }
      ping:click {
        source: [32m"form#signup-form-simple input[type='submit']"[39m,
        target: [90mundefined[39m
      }
      ping:signup { target: [32m'javascript:false;'[39m, source: [32m'form#signup-form-simple'[39m }
      ping:click {
        source: [32m"form#signup-form-complex input[type='submit']"[39m,
        target: [90mundefined[39m
      }
      ping:signup { target: [32m'javascript:false;'[39m, source: [32m'form#signup-form-complex'[39m }
 🚧 Browser logs on Chromium:
      ping:language { source: [32m''[39m, target: [32m'en-US@posix'[39m }
      ping:cwv {
        cwv: { LCP: [33m100[39m },
        target: [32m'javascript:false;'[39m,
        source: [32m'form#signup-form-complex'[39m
      }
      ping:cwv { cwv: { TTFB: [33m34.199999928474426[39m } }
      ping:cwv { cwv: { CLS: [33m0[39m } }
      ping:a11y { source: [32m'off'[39m, target: [32m'off:low:medium:high'[39m }
 🚧 Browser logs on Firefox:
      ping:language { source: [32m''[39m, target: [32m'en-US'[39m }
      ping:missingresource { source: [32m'http://localhost:8000/favicon.ico'[39m, target: [33m404[39m }
      ping:cwv { cwv: { TTFB: [33m21[39m } }
      ping:cwv {
        cwv: { LCP: [33m118[39m },
        source: [32m"form#search-form-input input[type='submit']"[39m,
        target: [90mundefined[39m
      }
      ping:a11y { source: [32m'low'[39m, target: [32m'off:low:medium:high'[39m }
 🚧 Browser logs on Webkit:
      ping:language { source: [32m''[39m, target: [32m'en-US'[39m }
      ping:cwv { cwv: { TTFB: [33m23[39m } }
      ping:a11y { source: [32m'off'[39m, target: [32m'off:low:medium:high'[39m }

Chromium: |██████████████████████████████| 52/52 test files | 114 passed, 0 failed
Firefox:  |██████████████████████████████| 52/52 test files | 113 passed, 0 failed, 1 skipped
Webkit:   |██████████████████▍           | 32/52 test files | 46 passed, 0 failed, 3 skipped

Running tests...


[2K[1A[2K[Gtest/it/trustarc-hidden.test.html:

 🚧 Browser logs:
      ping:top {}
      ping:enter { source: [32m''[39m, target: [32m'visible'[39m }
 🚧 Browser logs on Chromium:
      ping:language { source: [32m''[39m, target: [32m'en-US@posix'[39m }
      ping:viewmedia {
        target: [32m'http://localhost:8000/test/it/img.test.html'[39m,
        source: [32m'img'[39m
      }
      ping:loadresource {
        source: [32m'http://localhost:8000/test/fixtures/block.plain.html'[39m,
        target: [33m8[39m
      }
      ping:consent { source: [32m'trustarc'[39m, target: [32m'hidden'[39m }
      ping:viewmedia { target: [32m'http://localhost:8000/test/it/fire.jpg'[39m, source: [32m'img'[39m }
      ping:missingresource { source: [32m'http://localhost:8000/test/it/fire.jpg'[39m, target: [33m404[39m }
      ping:cwv { cwv: { LCP: [33m192[39m }, source: [32m`"\n  \n  I'm "`[39m, target: [90mundefined[39m }
      ping:cwv { cwv: { TTFB: [33m21.299999952316284[39m } }
      ping:cwv { cwv: { CLS: [33m0[39m } }
 🚧 Browser logs on Firefox:
      ping:language { source: [32m''[39m, target: [32m'en-US'[39m }
      ping:viewmedia {
        target: [32m'http://localhost:8000/test/it/img.test.html'[39m,
        source: [32m'img'[39m
      }
      ping:missingresource { source: [32m'http://localhost:8000/favicon.ico'[39m, target: [33m404[39m }
      ping:loadresource {
        source: [32m'http://localhost:8000/test/fixtures/block.plain.html'[39m,
        target: [33m47[39m
      }
      ping:consent { source: [32m'trustarc'[39m, target: [32m'hidden'[39m }
      ping:viewmedia { target: [32m'http://localhost:8000/test/it/fire.jpg'[39m, source: [32m'img'[39m }
      ping:missingresource { source: [32m'http://localhost:8000/test/it/fire.jpg'[39m, target: [33m404[39m }
      ping:cwv { cwv: { TTFB: [33m19[39m } }
      ping:cwv { cwv: { LCP: [33m264[39m }, source: [32m`"\n  \n  I'm "`[39m, target: [90mundefined[39m }
 🚧 Browser logs on Webkit:
      ping:language { source: [32m''[39m, target: [32m'en-US'[39m }

 🚧 404 network requests on Chromium:
    - test/it/fire.jpg
 🚧 404 network requests on Firefox:
    - test/it/fire.jpg


[2K[1A[2K[Gtest/it/trustarc-show.test.html:

 🚧 Browser logs:
      ping:top {}
      ping:enter { source: [32m''[39m, target: [32m'visible'[39m }
      ping:consent { source: [32m'trustarc'[39m, target: [32m'show'[39m }
 🚧 Browser logs on Chromium:
      ping:language { source: [32m''[39m, target: [32m'en-US@posix'[39m }
      ping:viewmedia {
        target: [32m'http://localhost:8000/test/it/img.test.html'[39m,
        source: [32m'img'[39m
      }
      ping:utm { source: [32m'utm_medium'[39m, target: [32m'test'[39m }
      ping:cwv { cwv: { LCP: [33m268[39m }, source: [32m'dialog'[39m, target: [90mundefined[39m }
      ping:cwv { cwv: { TTFB: [33m33.60000002384186[39m } }
      ping:cwv { cwv: { CLS: [33m0[39m } }
 🚧 Browser logs on Firefox:
      ping:language { source: [32m''[39m, target: [32m'en-US'[39m }
      ping:viewmedia {
        target: [32m'http://localhost:8000/test/it/img.test.html'[39m,
        source: [32m'img'[39m
      }
      ping:missingresource { source: [32m'http://localhost:8000/favicon.ico'[39m, target: [33m404[39m }
      ping:cwv { cwv: { TTFB: [33m22[39m } }
      ping:cwv {
        cwv: { LCP: [33m223[39m },
        source: [32m'dialog button#truste-show-consent'[39m,
        target: [90mundefined[39m
      }
 🚧 Browser logs on Webkit:
      ping:language { source: [32m''[39m, target: [32m'en-US'[39m }
      ping:cwv { cwv: { TTFB: [33m40[39m } }


[2K[1A[2K[Gtest/it/trustarc-suppressed.test.html:

 🚧 Browser logs:
      ping:top {}
      ping:enter { source: [32m''[39m, target: [32m'visible'[39m }
      ping:consent { source: [32m'trustarc'[39m, target: [32m'suppressed'[39m }
 🚧 Browser logs on Chromium:
      ping:language { source: [32m''[39m, target: [32m'en-US@posix'[39m }
      ping:viewmedia {
        target: [32m'http://localhost:8000/test/it/img.test.html'[39m,
        source: [32m'img'[39m
      }
      ping:cwv { cwv: { TTFB: [33m23[39m } }
      ping:cwv { cwv: { CLS: [33m0[39m } }
 🚧 Browser logs on Firefox:
      ping:language { source: [32m''[39m, target: [32m'en-US'[39m }
      ping:viewmedia {
        target: [32m'http://localhost:8000/test/it/img.test.html'[39m,
        source: [32m'img'[39m
      }
      ping:missingresource { source: [32m'http://localhost:8000/favicon.ico'[39m, target: [33m404[39m }
      ping:cwv { cwv: { TTFB: [33m21[39m } }
 🚧 Browser logs on Webkit:
      ping:language { source: [32m''[39m, target: [32m'en-US'[39m }
      ping:cwv { cwv: { TTFB: [33m20[39m } }

Chromium: |██████████████████████████████| 52/52 test files | 114 passed, 0 failed
Firefox:  |██████████████████████████████| 52/52 test files | 113 passed, 0 failed, 1 skipped
Webkit:   |████████████████████▏         | 35/52 test files | 51 passed, 0 failed, 4 skipped

Running tests...


[2K[1A[2K[Gtest/it/usercentrics-hidden.test.html:

 🚧 Browser logs:
      ping:top {}
      ping:enter { source: [32m''[39m, target: [32m'visible'[39m }
      ping:viewmedia {
        target: [32m'http://localhost:8000/test/it/img.test.html'[39m,
        source: [32m'img'[39m
      }
      ping:consent { source: [32m'usercentrics'[39m, target: [32m'hidden'[39m }
 🚧 Browser logs on Chromium:
      ping:language { source: [32m''[39m, target: [32m'en-US@posix'[39m }
      ping:cwv { cwv: { TTFB: [33m20.300000071525574[39m } }
      ping:cwv { cwv: { CLS: [33m0[39m } }
 🚧 Browser logs on Firefox:
      ping:language { source: [32m''[39m, target: [32m'en-US'[39m }
      ping:missingresource { source: [32m'http://localhost:8000/favicon.ico'[39m, target: [33m404[39m }
      ping:cwv { cwv: { TTFB: [33m55[39m } }
 🚧 Browser logs on Webkit:
      ping:language { source: [32m''[39m, target: [32m'en-US'[39m }
      ping:cwv { cwv: { TTFB: [33m51.00000000000001[39m } }


[2K[1A[2K[Gtest/it/usercentrics-show.test.html:

 🚧 Browser logs:
      ping:top {}
      ping:enter { source: [32m''[39m, target: [32m'visible'[39m }
      ping:viewmedia {
        target: [32m'http://localhost:8000/test/it/img.test.html'[39m,
        source: [32m'img'[39m
      }
      ping:consent { source: [32m'usercentrics'[39m, target: [32m'show'[39m }
      ping:click { source: [32m'#usercentrics-root'[39m, target: [90mundefined[39m }
      ping:click { source: [32m'#usercentrics-root'[39m, target: [90mundefined[39m }
 🚧 Browser logs on Chromium:
      ping:language { source: [32m''[39m, target: [32m'en-US@posix'[39m }
      ping:cwv { cwv: { LCP: [33m192[39m }, source: [1mnull[22m, target: [90mundefined[39m }
      ping:cwv { cwv: { TTFB: [33m16.799999952316284[39m } }
      ping:cwv { cwv: { CLS: [33m0[39m } }
 🚧 Browser logs on Firefox:
      ping:language { source: [32m''[39m, target: [32m'en-US'[39m }
      ping:missingresource { source: [32m'http://localhost:8000/favicon.ico'[39m, target: [33m404[39m }
      ping:cwv { cwv: { TTFB: [33m43[39m } }
      ping:cwv { cwv: { LCP: [33m315[39m }, source: [1mnull[22m, target: [90mundefined[39m }
 🚧 Browser logs on Webkit:
      ping:language { source: [32m''[39m, target: [32m'en-US'[39m }
      ping:cwv { cwv: { TTFB: [33m34[39m } }

Chromium: |██████████████████████████████| 52/52 test files | 114 passed, 0 failed
Firefox:  |██████████████████████████████| 52/52 test files | 113 passed, 0 failed, 1 skipped
Webkit:   |█████████████████████▎        | 37/52 test files | 54 passed, 0 failed, 4 skipped

Running tests...


[2K[1A[2K[Gtest/it/usercentrics-suppressed.test.html:

 🚧 Browser logs:
      ping:top {}
      ping:enter { source: [32m''[39m, target: [32m'visible'[39m }
      ping:viewmedia {
        target: [32m'http://localhost:8000/test/it/img.test.html'[39m,
        source: [32m'img'[39m
      }
      ping:consent { source: [32m'usercentrics'[39m, target: [32m'suppressed'[39m }
 🚧 Browser logs on Chromium:
      ping:language { source: [32m''[39m, target: [32m'en-US@posix'[39m }
      ping:cwv { cwv: { TTFB: [33m17.90000009536743[39m } }
      ping:cwv { cwv: { CLS: [33m0[39m } }
 🚧 Browser logs on Firefox:
      ping:language { source: [32m''[39m, target: [32m'en-US'[39m }
      ping:missingresource { source: [32m'http://localhost:8000/favicon.ico'[39m, target: [33m404[39m }
      ping:cwv { cwv: { TTFB: [33m55[39m } }
 🚧 Browser logs on Webkit:
      ping:language { source: [32m''[39m, target: [32m'en-US'[39m }
      ping:cwv { cwv: { TTFB: [33m48[39m } }


[2K[1A[2K[Gtest/it/viewblock.delayed.test.html:

 🚧 Browser logs:
      ping:top {}
      ping:enter { source: [32m''[39m, target: [32m'visible'[39m }
      ping:viewblock { source: [32m'.block1'[39m, target: [90mundefined[39m }
      ping:viewmedia { target: [32m'http://localhost:8000/test/it/fire.jpg'[39m, source: [32m'img'[39m }
 🚧 Browser logs on Chromium:
      ping:language { source: [32m''[39m, target: [32m'en-US@posix'[39m }
      ping:loadresource {
        source: [32m'http://localhost:8000/test/fixtures/block.plain.html'[39m,
        target: [33m5[39m
      }
      ping:missingresource { source: [32m'http://localhost:8000/test/it/fire.jpg'[39m, target: [33m404[39m }
 🚧 Browser logs on Firefox:
      ping:language { source: [32m''[39m, target: [32m'en-US'[39m }
      ping:missingresource { source: [32m'http://localhost:8000/favicon.ico'[39m, target: [33m404[39m }
      ping:loadresource {
        source: [32m'http://localhost:8000/test/fixtures/block.plain.html'[39m,
        target: [33m12[39m
      }
      ping:missingresource { source: [32m'http://localhost:8000/test/it/fire.jpg'[39m, target: [33m404[39m }
 🚧 Browser logs on Webkit:
      ping:language { source: [32m''[39m, target: [32m'en-US'[39m }
      ping:loadresource {
        source: [32m'http://localhost:8000/test/fixtures/block.plain.html'[39m,
        target: [33m4[39m
      }

 🚧 404 network requests:
    - test/it/fire.jpg


[2K[1A[2K[Gtest/it/viewblock.test.html:

 🚧 Browser logs:
      ping:top {}
      ping:enter { source: [32m''[39m, target: [32m'visible'[39m }
      ping:viewmedia {
        target: [32m'http://localhost:8000/test/fixtures/fire.jpg'[39m,
        source: [32m'img'[39m
      }
      ping:viewblock { source: [32m'.block1'[39m, target: [90mundefined[39m }
 🚧 Browser logs on Chromium:
      ping:language { source: [32m''[39m, target: [32m'en-US@posix'[39m }
 🚧 Browser logs on Firefox:
      ping:language { source: [32m''[39m, target: [32m'en-US'[39m }
      ping:missingresource { source: [32m'http://localhost:8000/favicon.ico'[39m, target: [33m404[39m }
 🚧 Browser logs on Webkit:
      ping:language { source: [32m''[39m, target: [32m'en-US'[39m }

Chromium: |██████████████████████████████| 52/52 test files | 114 passed, 0 failed
Firefox:  |██████████████████████████████| 52/52 test files | 113 passed, 0 failed, 1 skipped
Webkit:   |████████████████████████▏     | 42/52 test files | 61 passed, 0 failed, 4 skipped

Running tests...


[2K[1A[2K[Gtest/it/viewmedia.test.html:

 🚧 Browser logs:
      ping:top {}
      ping:enter { source: [32m''[39m, target: [32m'visible'[39m }
      ping:viewblock { source: [32m'.block'[39m, target: [90mundefined[39m }
      ping:viewblock { source: [32m'.block'[39m, target: [90mundefined[39m }
      ping:viewmedia {
        target: [32m'http://localhost:8000/test/fixtures/fire.jpg'[39m,
        source: [32m'img'[39m
      }
      ping:viewblock { target: [32m'javascript:false;'[39m, source: [32m'form'[39m }
      ping:viewmedia { target: [32m'http://localhost:8000/test/it/fire.jpg'[39m, source: [32m'img'[39m }
 🚧 Browser logs on Chromium:
      ping:language { source: [32m''[39m, target: [32m'en-US@posix'[39m }
      ping:loadresource {
        source: [32m'http://localhost:8000/test/fixtures/block.plain.html'[39m,
        target: [33m14[39m
      }
      ping:missingresource { source: [32m'http://localhost:8000/test/it/fire.jpg'[39m, target: [33m404[39m }
 🚧 Browser logs on Firefox:
      ping:language { source: [32m''[39m, target: [32m'en-US'[39m }
      ping:missingresource { source: [32m'http://localhost:8000/favicon.ico'[39m, target: [33m404[39m }
      ping:loadresource {
        source: [32m'http://localhost:8000/test/fixtures/block.plain.html'[39m,
        target: [33m14[39m
      }
      ping:missingresource { source: [32m'http://localhost:8000/test/it/fire.jpg'[39m, target: [33m404[39m }
 🚧 Browser logs on Webkit:
      ping:language { source: [32m''[39m, target: [32m'en-US'[39m }
      ping:loadresource {
        source: [32m'http://localhost:8000/test/fixtures/block.plain.html'[39m,
        target: [33m3[39m
      }

 🚧 404 network requests:
    - test/it/fire.jpg


[2K[1A[2K[GChromium: |██████████████████████████████| 52/52 test files | 114 passed, 0 failed
Firefox:  |██████████████████████████████| 52/52 test files | 113 passed, 0 failed, 1 skipped
Webkit:   |██████████████████████████████| 52/52 test files | 110 passed, 0 failed, 4 skipped

Code coverage: 99.65 %
View full coverage report at coverage/lcov-report/index.html

Finished running tests in 281.9s, all tests passed! 🎉


